[2026-10-02 12:29:24.420] Iniciando comunicación con Atlan A350 XL (8E1)...
[2026-10-02 12:29:24.424] Enviado: Q | HEX: 1B 51 36 43 0D
[2026-10-02 12:29:24.466] Recibido ASCII: <SOH>Q52<CR>
[2026-10-02 12:29:24.466] Recibido HEX: 01 51 35 32 0D
[2026-10-02 12:29:24.467] Enviado: R | HEX: 1B 52 36 44 0D
[2026-10-02 12:29:24.570] Recibido ASCII: <SOH>R5555'A3XX'02.11:0<ESC>R6D<CR>
[2026-10-02 12:29:24.570] Recibido HEX: 01 52 35 35 35 35 27 41 33 58 58 27 30 32 2E 31 31 3A 30 1B 52 36 44 0D
[2026-10-02 12:29:24.570] Enviado: S | HEX: 1B 53 36 45 0D
[2026-10-02 12:29:24.591] Recibido ASCII: 6.00B9<CR>
[2026-10-02 12:29:24.592] Recibido HEX: 36 2E 30 30 42 39 0D
[2026-10-02 12:29:24.592] Enviado:  | HEX: 01 15 31 36 0D
[2026-10-02 12:29:24.675] Recibido ASCII: <SOH>S00   20000-  21  121FFF01   20000- 1<ESC>R6D<CR>
[2026-10-02 12:29:24.675] Recibido HEX: 01 53 30 30 20 20 20 32 30 30 30 30 2D 20 20 32 31 20 20 31 32 31 46 46 46 30 31 20 20 20 32 30 30 30 30 2D 20 31 1B 52 36 44 0D
[2026-10-02 12:29:24.678] Enviado: T0001 | HEX: 1B 54 30 30 30 31 33 30 0D
[2026-10-02 12:29:24.785] Recibido ASCII: 81  181FFF05   20000    0  100FFF06   20000    0  120FFF07   20000    0   20FFF08   20000    0  100FFF0A   20000    0   20FFF2A   20000    0   20FFFF3<CR>
[2026-10-02 12:29:24.786] Recibido HEX: 38 31 20 20 31 38 31 46 46 46 30 35 20 20 20 32 30 30 30 30 20 20 20 20 30 20 20 31 30 30 46 46 46 30 36 20 20 20 32 30 30 30 30 20 20 20 20 30 20 20 31 32 30 46 46 46 30 37 20 20 20 32 30 30 30 30 20 20 20 20 30 20 20 20 32 30 46 46 46 30 38 20 20 20 32 30 30 30 30 20 20 20 20 30 20 20 31 30 30 46 46 46 30 41 20 20 20 32 30 30 30 30 20 20 20 20 30 20 20 20 32 30 46 46 46 32 41 20 20 20 32 30 30 30 30 20 20 20 20 30 20 20 20 32 30 46 46 46 46 33 0D
[2026-10-02 12:29:24.786] Enviado:  | HEX: 01 15 31 36 0D
[2026-10-02 12:29:24.787] Recibido ASCII: <SOH>T55<CR>
[2026-10-02 12:29:24.788] Recibido HEX: 01 54 35 35 0D
[2026-10-02 12:29:24.853] Datos recibidos (5 bytes): 1B 52 36 44 0D
[2026-10-02 12:29:24.854] [Bytes recibidos]: 27
[2026-10-02 12:29:24.855] [Bytes recibidos]: 82
[2026-10-02 12:29:24.855] [Bytes recibidos]: 54
[2026-10-02 12:29:24.855] [Bytes recibidos]: 68
[2026-10-02 12:29:24.855] [Bytes recibidos]: 13
[2026-10-02 12:29:24.856] [Data Recibida]: 19.88351648351648
[2026-10-02 12:29:28.554] Datos recibidos (5 bytes): 1B 51 36 43 0D
[2026-10-02 12:29:28.554] [Bytes recibidos]: 27
[2026-10-02 12:29:28.554] [Bytes recibidos]: 81
[2026-10-02 12:29:28.555] [Bytes recibidos]: 54
[2026-10-02 12:29:28.555] [Bytes recibidos]: 67
[2026-10-02 12:29:28.555] [Bytes recibidos]: 13
[2026-10-02 12:29:28.555] [Data Recibida]: 17.664224664224662
[2026-10-02 12:29:32.171] Datos recibidos (5 bytes): 1B 51 36 43 0D
[2026-10-02 12:29:32.172] [Bytes recibidos]: 27
[2026-10-02 12:29:32.172] [Bytes recibidos]: 81
[2026-10-02 12:29:32.172] [Bytes recibidos]: 54
[2026-10-02 12:29:32.173] [Bytes recibidos]: 67
[2026-10-02 12:29:32.173] [Bytes recibidos]: 13
[2026-10-02 12:29:32.173] [Data Recibida]: 17.664224664224662
[2026-10-02 12:29:35.745] Datos recibidos (2 bytes): 1B 51
[2026-10-02 12:29:35.746] [Bytes recibidos]: 27
[2026-10-02 12:29:35.746] [Bytes recibidos]: 81
[2026-10-02 12:29:35.746] [Data Recibida]: 17.664224664224662
[2026-10-02 12:29:37.747] Datos recibidos (3 bytes): 36 43 0D
[2026-10-02 12:29:37.747] [Bytes recibidos]: 54
[2026-10-02 12:29:37.747] [Bytes recibidos]: 67
[2026-10-02 12:29:37.748] [Bytes recibidos]: 13
[2026-10-02 12:29:37.748] [Data Recibida]: -12.46959706959707
[2026-10-02 12:29:39.749] Datos recibidos (5 bytes): 1B 51 36 43 0D
[2026-10-02 12:29:39.749] [Bytes recibidos]: 27
[2026-10-02 12:29:39.749] [Bytes recibidos]: 81
[2026-10-02 12:29:39.749] [Bytes recibidos]: 54
[2026-10-02 12:29:39.750] [Bytes recibidos]: 67
[2026-10-02 12:29:39.750] [Bytes recibidos]: 13
[2026-10-02 12:29:39.750] [Data Recibida]: 17.664224664224662
[2026-10-02 12:29:42.960] Datos recibidos (5 bytes): 1B 51 36 43 0D
[2026-10-02 12:29:42.960] [Bytes recibidos]: 27
[2026-10-02 12:29:42.961] [Bytes recibidos]: 81
[2026-10-02 12:29:42.961] [Bytes recibidos]: 54
[2026-10-02 12:29:42.961] [Bytes recibidos]: 67
[2026-10-02 12:29:42.961] [Bytes recibidos]: 13
[2026-10-02 12:29:42.962] [Data Recibida]: 17.664224664224662
[2026-10-02 12:29:46.553] Datos recibidos (2 bytes): 1B 51
[2026-10-02 12:29:46.554] [Bytes recibidos]: 27
[2026-10-02 12:29:46.554] [Bytes recibidos]: 81
[2026-10-02 12:29:46.554] [Data Recibida]: 17.664224664224662
[2026-10-02 12:29:48.555] Datos recibidos (3 bytes): 36 43 0D
[2026-10-02 12:29:48.555] [Bytes recibidos]: 54
[2026-10-02 12:29:48.556] [Bytes recibidos]: 67
[2026-10-02 12:29:48.556] [Bytes recibidos]: 13
[2026-10-02 12:29:48.556] [Data Recibida]: -12.46959706959707
[2026-10-02 12:29:50.557] Datos recibidos (5 bytes): 1B 51 36 43 0D
[2026-10-02 12:29:50.558] [Bytes recibidos]: 27
[2026-10-02 12:29:50.558] [Bytes recibidos]: 81
[2026-10-02 12:29:50.558] [Bytes recibidos]: 54
[2026-10-02 12:29:50.559] [Bytes recibidos]: 67
[2026-10-02 12:29:50.559] [Bytes recibidos]: 13
[2026-10-02 12:29:50.559] [Data Recibida]: 17.664224664224662
[2026-10-02 12:29:53.775] Datos recibidos (5 bytes): 1B 51 36 43 0D
[2026-10-02 12:29:53.775] [Bytes recibidos]: 27
[2026-10-02 12:29:53.776] [Bytes recibidos]: 81
[2026-10-02 12:29:53.776] [Bytes recibidos]: 54
[2026-10-02 12:29:53.776] [Bytes recibidos]: 67
[2026-10-02 12:29:53.776] [Bytes recibidos]: 13
[2026-10-02 12:29:53.776] [Data Recibida]: 17.664224664224662
[2026-10-02 12:29:57.362] Datos recibidos (2 bytes): 1B 51
[2026-10-02 12:29:57.363] [Bytes recibidos]: 27
[2026-10-02 12:29:57.363] [Bytes recibidos]: 81
[2026-10-02 12:29:57.363] [Data Recibida]: 17.664224664224662
[2026-10-02 12:29:59.364] Datos recibidos (3 bytes): 36 43 0D
[2026-10-02 12:29:59.365] [Bytes recibidos]: 54
[2026-10-02 12:29:59.365] [Bytes recibidos]: 67
[2026-10-02 12:29:59.365] [Bytes recibidos]: 13
[2026-10-02 12:29:59.365] [Data Recibida]: -12.46959706959707
[2026-10-02 12:30:01.366] Datos recibidos (5 bytes): 1B 51 36 43 0D
[2026-10-02 12:30:01.367] [Bytes recibidos]: 27
[2026-10-02 12:30:01.367] [Bytes recibidos]: 81
[2026-10-02 12:30:01.367] [Bytes recibidos]: 54
[2026-10-02 12:30:01.367] [Bytes recibidos]: 67
[2026-10-02 12:30:01.367] [Bytes recibidos]: 13
[2026-10-02 12:30:01.368] [Data Recibida]: 17.664224664224662
[2026-10-02 12:30:04.565] Datos recibidos (5 bytes): 1B 51 36 43 0D
[2026-10-02 12:30:04.565] [Bytes recibidos]: 27
[2026-10-02 12:30:04.566] [Bytes recibidos]: 81
[2026-10-02 12:30:04.566] [Bytes recibidos]: 54
[2026-10-02 12:30:04.566] [Bytes recibidos]: 67
[2026-10-02 12:30:04.566] [Bytes recibidos]: 13
[2026-10-02 12:30:04.567] [Data Recibida]: 17.664224664224662
[2026-10-02 12:30:08.160] Datos recibidos (2 bytes): 1B 51
[2026-10-02 12:30:08.160] [Bytes recibidos]: 27
[2026-10-02 12:30:08.160] [Bytes recibidos]: 81
[2026-10-02 12:30:08.160] [Data Recibida]: 17.664224664224662
[2026-10-02 12:30:10.161] Datos recibidos (3 bytes): 36 43 0D
[2026-10-02 12:30:10.161] [Bytes recibidos]: 54
[2026-10-02 12:30:10.161] [Bytes recibidos]: 67
[2026-10-02 12:30:10.161] [Bytes recibidos]: 13
[2026-10-02 12:30:10.161] [Data Recibida]: -12.46959706959707
[2026-10-02 12:30:12.162] Datos recibidos (5 bytes): 1B 51 36 43 0D
[2026-10-02 12:30:12.162] [Bytes recibidos]: 27
[2026-10-02 12:30:12.162] [Bytes recibidos]: 81
[2026-10-02 12:30:12.162] [Bytes recibidos]: 54
[2026-10-02 12:30:12.163] [Bytes recibidos]: 67
[2026-10-02 12:30:12.163] [Bytes recibidos]: 13
[2026-10-02 12:30:12.163] [Data Recibida]: 17.664224664224662
[2026-10-02 12:30:15.375] Datos recibidos (5 bytes): 1B 51 36 43 0D
[2026-10-02 12:30:15.376] [Bytes recibidos]: 27
[2026-10-02 12:30:15.376] [Bytes recibidos]: 81
[2026-10-02 12:30:15.376] [Bytes recibidos]: 54
[2026-10-02 12:30:15.378] [Bytes recibidos]: 67
[2026-10-02 12:30:15.378] [Bytes recibidos]: 13
[2026-10-02 12:30:15.378] [Data Recibida]: 17.664224664224662
[2026-10-02 12:30:18.950] Datos recibidos (1 bytes): 1B
[2026-10-02 12:30:18.950] [Bytes recibidos]: 27
[2026-10-02 12:30:20.951] Datos recibidos (4 bytes): 51 36 43 0D
[2026-10-02 12:30:20.951] [Bytes recibidos]: 81
[2026-10-02 12:30:20.952] [Bytes recibidos]: 54
[2026-10-02 12:30:20.952] [Bytes recibidos]: 67
[2026-10-02 12:30:20.953] [Bytes recibidos]: 13
[2026-10-02 12:30:20.953] [Data Recibida]: 99.43125763125764
[2026-10-02 12:30:22.954] Datos recibidos (5 bytes): 1B 51 36 43 0D
[2026-10-02 12:30:22.954] [Bytes recibidos]: 27
[2026-10-02 12:30:22.954] [Bytes recibidos]: 81
[2026-10-02 12:30:22.954] [Bytes recibidos]: 54
[2026-10-02 12:30:22.954] [Bytes recibidos]: 67
[2026-10-02 12:30:22.955] [Bytes recibidos]: 13
[2026-10-02 12:30:22.955] [Data Recibida]: 17.664224664224662
[2026-10-02 12:30:26.163] Datos recibidos (5 bytes): 1B 51 36 43 0D
[2026-10-02 12:30:26.163] [Bytes recibidos]: 27
[2026-10-02 12:30:26.165] [Bytes recibidos]: 81
[2026-10-02 12:30:26.165] [Bytes recibidos]: 54
[2026-10-02 12:30:26.165] [Bytes recibidos]: 67
[2026-10-02 12:30:26.165] [Bytes recibidos]: 13
[2026-10-02 12:30:26.165] [Data Recibida]: 17.664224664224662
[2026-10-02 12:30:29.759] Datos recibidos (1 bytes): 1B
[2026-10-02 12:30:29.759] [Bytes recibidos]: 27
[2026-10-02 12:30:31.760] Datos recibidos (4 bytes): 51 36 43 0D
[2026-10-02 12:30:31.760] [Bytes recibidos]: 81
[2026-10-02 12:30:31.762] [Bytes recibidos]: 54
[2026-10-02 12:30:31.762] [Bytes recibidos]: 67
[2026-10-02 12:30:31.762] [Bytes recibidos]: 13
[2026-10-02 12:30:31.762] [Data Recibida]: 99.43125763125764
[2026-10-02 12:30:33.763] Datos recibidos (5 bytes): 1B 51 36 43 0D
[2026-10-02 12:30:33.763] [Bytes recibidos]: 27
[2026-10-02 12:30:33.763] [Bytes recibidos]: 81
[2026-10-02 12:30:33.764] [Bytes recibidos]: 54
[2026-10-02 12:30:33.764] [Bytes recibidos]: 67
[2026-10-02 12:30:33.764] [Bytes recibidos]: 13
[2026-10-02 12:30:33.764] [Data Recibida]: 17.664224664224662
[2026-10-02 12:30:36.975] Datos recibidos (5 bytes): 1B 51 36 43 0D
[2026-10-02 12:30:36.975] [Bytes recibidos]: 27
[2026-10-02 12:30:36.976] [Bytes recibidos]: 81
[2026-10-02 12:30:36.977] [Bytes recibidos]: 54
[2026-10-02 12:30:36.977] [Bytes recibidos]: 67
[2026-10-02 12:30:36.977] [Bytes recibidos]: 13
[2026-10-02 12:30:36.977] [Data Recibida]: 17.664224664224662
[2026-10-02 12:30:40.552] Datos recibidos (1 bytes): 1B
[2026-10-02 12:30:40.552] [Bytes recibidos]: 27
[2026-10-02 12:30:42.553] Datos recibidos (4 bytes): 51 36 43 0D
[2026-10-02 12:30:42.553] [Bytes recibidos]: 81
[2026-10-02 12:30:42.553] [Bytes recibidos]: 54
[2026-10-02 12:30:42.553] [Bytes recibidos]: 67
[2026-10-02 12:30:42.554] [Bytes recibidos]: 13
[2026-10-02 12:30:42.554] [Data Recibida]: 99.43125763125764
[2026-10-02 12:30:44.555] Datos recibidos (5 bytes): 1B 51 36 43 0D
[2026-10-02 12:30:44.555] [Bytes recibidos]: 27
[2026-10-02 12:30:44.555] [Bytes recibidos]: 81
[2026-10-02 12:30:44.555] [Bytes recibidos]: 54
[2026-10-02 12:30:44.555] [Bytes recibidos]: 67
[2026-10-02 12:30:44.556] [Bytes recibidos]: 13
[2026-10-02 12:30:44.556] [Data Recibida]: 17.664224664224662
[2026-10-02 12:30:47.766] Datos recibidos (5 bytes): 1B 51 36 43 0D
[2026-10-02 12:30:47.766] [Bytes recibidos]: 27
[2026-10-02 12:30:47.767] [Bytes recibidos]: 81
[2026-10-02 12:30:47.768] [Bytes recibidos]: 54
[2026-10-02 12:30:47.768] [Bytes recibidos]: 67
[2026-10-02 12:30:47.768] [Bytes recibidos]: 13
[2026-10-02 12:30:47.768] [Data Recibida]: 17.664224664224662
[2026-10-02 12:30:51.362] Datos recibidos (2 bytes): 1B 51
[2026-10-02 12:30:51.362] [Bytes recibidos]: 27
[2026-10-02 12:30:51.362] [Bytes recibidos]: 81
[2026-10-02 12:30:51.362] [Data Recibida]: 17.664224664224662
[2026-10-02 12:30:53.362] Datos recibidos (3 bytes): 36 43 0D
[2026-10-02 12:30:53.363] [Bytes recibidos]: 54
[2026-10-02 12:30:53.363] [Bytes recibidos]: 67
[2026-10-02 12:30:53.363] [Bytes recibidos]: 13
[2026-10-02 12:30:53.363] [Data Recibida]: -12.46959706959707
[2026-10-02 12:30:55.363] Datos recibidos (5 bytes): 1B 51 36 43 0D
[2026-10-02 12:30:55.364] [Bytes recibidos]: 27
[2026-10-02 12:30:55.364] [Bytes recibidos]: 81
[2026-10-02 12:30:55.364] [Bytes recibidos]: 54
[2026-10-02 12:30:55.364] [Bytes recibidos]: 67
[2026-10-02 12:30:55.365] [Bytes recibidos]: 13
[2026-10-02 12:30:55.365] [Data Recibida]: 17.664224664224662
[2026-10-02 12:30:58.578] Datos recibidos (5 bytes): 1B 51 36 43 0D
[2026-10-02 12:30:58.578] [Bytes recibidos]: 27
[2026-10-02 12:30:58.579] [Bytes recibidos]: 81
[2026-10-02 12:30:58.579] [Bytes recibidos]: 54
[2026-10-02 12:30:58.580] [Bytes recibidos]: 67
[2026-10-02 12:30:58.580] [Bytes recibidos]: 13
[2026-10-02 12:30:58.580] [Data Recibida]: 17.664224664224662
[2026-10-02 12:31:02.155] Datos recibidos (1 bytes): 1B
[2026-10-02 12:31:02.155] [Bytes recibidos]: 27
[2026-10-02 12:31:04.156] Datos recibidos (4 bytes): 51 36 43 0D
[2026-10-02 12:31:04.156] [Bytes recibidos]: 81
[2026-10-02 12:31:04.156] [Bytes recibidos]: 54
[2026-10-02 12:31:04.157] [Bytes recibidos]: 67
[2026-10-02 12:31:04.157] [Bytes recibidos]: 13
[2026-10-02 12:31:04.157] [Data Recibida]: 99.43125763125764
[2026-10-02 12:31:06.157] Datos recibidos (5 bytes): 1B 51 36 43 0D
[2026-10-02 12:31:06.158] [Bytes recibidos]: 27
[2026-10-02 12:31:06.158] [Bytes recibidos]: 81
[2026-10-02 12:31:06.158] [Bytes recibidos]: 54
[2026-10-02 12:31:06.158] [Bytes recibidos]: 67
[2026-10-02 12:31:06.158] [Bytes recibidos]: 13
[2026-10-02 12:31:06.159] [Data Recibida]: 17.664224664224662
[2026-10-02 12:31:09.369] Datos recibidos (5 bytes): 1B 51 36 43 0D
[2026-10-02 12:31:09.369] [Bytes recibidos]: 27
[2026-10-02 12:31:09.370] [Bytes recibidos]: 81
[2026-10-02 12:31:09.370] [Bytes recibidos]: 54
[2026-10-02 12:31:09.370] [Bytes recibidos]: 67
[2026-10-02 12:31:09.370] [Bytes recibidos]: 13
[2026-10-02 12:31:09.370] [Data Recibida]: 17.664224664224662
[2026-10-02 12:31:12.964] Datos recibidos (1 bytes): 1B
[2026-10-02 12:31:12.964] [Bytes recibidos]: 27
[2026-10-02 12:31:14.965] Datos recibidos (4 bytes): 51 36 43 0D
[2026-10-02 12:31:14.965] [Bytes recibidos]: 81
[2026-10-02 12:31:14.965] [Bytes recibidos]: 54
[2026-10-02 12:31:14.966] [Bytes recibidos]: 67
[2026-10-02 12:31:14.966] [Bytes recibidos]: 13
[2026-10-02 12:31:14.966] [Data Recibida]: 99.43125763125764
[2026-10-02 12:31:16.966] Datos recibidos (5 bytes): 1B 51 36 43 0D
[2026-10-02 12:31:16.967] [Bytes recibidos]: 27
[2026-10-02 12:31:16.967] [Bytes recibidos]: 81
[2026-10-02 12:31:16.967] [Bytes recibidos]: 54
[2026-10-02 12:31:16.967] [Bytes recibidos]: 67
[2026-10-02 12:31:16.968] [Bytes recibidos]: 13
[2026-10-02 12:31:16.968] [Data Recibida]: 17.664224664224662
[2026-10-02 12:31:20.179] Datos recibidos (5 bytes): 1B 51 36 43 0D
[2026-10-02 12:31:20.179] [Bytes recibidos]: 27
[2026-10-02 12:31:20.181] [Bytes recibidos]: 81
[2026-10-02 12:31:20.181] [Bytes recibidos]: 54
[2026-10-02 12:31:20.181] [Bytes recibidos]: 67
[2026-10-02 12:31:20.181] [Bytes recibidos]: 13
[2026-10-02 12:31:20.181] [Data Recibida]: 17.664224664224662
[2026-10-02 12:31:23.755] Datos recibidos (1 bytes): 1B
[2026-10-02 12:31:23.755] [Bytes recibidos]: 27
[2026-10-02 12:31:25.756] Datos recibidos (4 bytes): 51 36 43 0D
[2026-10-02 12:31:25.756] [Bytes recibidos]: 81
[2026-10-02 12:31:25.756] [Bytes recibidos]: 54
[2026-10-02 12:31:25.756] [Bytes recibidos]: 67
[2026-10-02 12:31:25.756] [Bytes recibidos]: 13
[2026-10-02 12:31:25.756] [Data Recibida]: 99.43125763125764
[2026-10-02 12:31:27.758] Datos recibidos (5 bytes): 1B 51 36 43 0D
[2026-10-02 12:31:27.758] [Bytes recibidos]: 27
[2026-10-02 12:31:27.758] [Bytes recibidos]: 81
[2026-10-02 12:31:27.758] [Bytes recibidos]: 54
[2026-10-02 12:31:27.759] [Bytes recibidos]: 67
[2026-10-02 12:31:27.759] [Bytes recibidos]: 13
[2026-10-02 12:31:27.759] [Data Recibida]: 17.664224664224662
[2026-10-02 12:31:30.970] Datos recibidos (5 bytes): 1B 51 36 43 0D
[2026-10-02 12:31:30.970] [Bytes recibidos]: 27
[2026-10-02 12:31:30.970] [Bytes recibidos]: 81
[2026-10-02 12:31:30.970] [Bytes recibidos]: 54
[2026-10-02 12:31:30.970] [Bytes recibidos]: 67
[2026-10-02 12:31:30.970] [Bytes recibidos]: 13
[2026-10-02 12:31:30.971] [Data Recibida]: 17.664224664224662
[2026-10-02 12:31:34.565] Datos recibidos (1 bytes): 1B
[2026-10-02 12:31:34.565] [Bytes recibidos]: 27
[2026-10-02 12:31:36.566] Datos recibidos (4 bytes): 51 36 43 0D
[2026-10-02 12:31:36.566] [Bytes recibidos]: 81
[2026-10-02 12:31:36.567] [Bytes recibidos]: 54
[2026-10-02 12:31:36.567] [Bytes recibidos]: 67
[2026-10-02 12:31:36.567] [Bytes recibidos]: 13
[2026-10-02 12:31:36.568] [Data Recibida]: 99.43125763125764
[2026-10-02 12:31:38.568] Datos recibidos (5 bytes): 1B 51 36 43 0D
[2026-10-02 12:31:38.568] [Bytes recibidos]: 27
[2026-10-02 12:31:38.568] [Bytes recibidos]: 81
[2026-10-02 12:31:38.569] [Bytes recibidos]: 54
[2026-10-02 12:31:38.569] [Bytes recibidos]: 67
[2026-10-02 12:31:38.569] [Bytes recibidos]: 13
[2026-10-02 12:31:38.569] [Data Recibida]: 17.664224664224662
[2026-10-02 12:31:41.779] Datos recibidos (5 bytes): 1B 51 36 43 0D
[2026-10-02 12:31:41.779] [Bytes recibidos]: 27
[2026-10-02 12:31:41.779] [Bytes recibidos]: 81
[2026-10-02 12:31:41.779] [Bytes recibidos]: 54
[2026-10-02 12:31:41.780] [Bytes recibidos]: 67
[2026-10-02 12:31:41.781] [Bytes recibidos]: 13
[2026-10-02 12:31:41.781] [Data Recibida]: 17.664224664224662
[2026-10-02 12:31:45.354] Datos recibidos (1 bytes): 1B
[2026-10-02 12:31:45.354] [Bytes recibidos]: 27
[2026-10-02 12:31:47.354] Datos recibidos (4 bytes): 51 36 43 0D
[2026-10-02 12:31:47.355] [Bytes recibidos]: 81
[2026-10-02 12:31:47.355] [Bytes recibidos]: 54
[2026-10-02 12:31:47.355] [Bytes recibidos]: 67
[2026-10-02 12:31:47.355] [Bytes recibidos]: 13
[2026-10-02 12:31:47.355] [Data Recibida]: 99.43125763125764
[2026-10-02 12:31:49.356] Datos recibidos (5 bytes): 1B 51 36 43 0D
[2026-10-02 12:31:49.356] [Bytes recibidos]: 27
[2026-10-02 12:31:49.356] [Bytes recibidos]: 81
[2026-10-02 12:31:49.357] [Bytes recibidos]: 54
[2026-10-02 12:31:49.357] [Bytes recibidos]: 67
[2026-10-02 12:31:49.357] [Bytes recibidos]: 13
[2026-10-02 12:31:49.357] [Data Recibida]: 17.664224664224662
[2026-10-02 12:31:52.567] Datos recibidos (5 bytes): 1B 51 36 43 0D
[2026-10-02 12:31:52.567] [Bytes recibidos]: 27
[2026-10-02 12:31:52.567] [Bytes recibidos]: 81
[2026-10-02 12:31:52.567] [Bytes recibidos]: 54
[2026-10-02 12:31:52.569] [Bytes recibidos]: 67
[2026-10-02 12:31:52.569] [Bytes recibidos]: 13
[2026-10-02 12:31:52.569] [Data Recibida]: 17.664224664224662
[2026-10-02 12:31:56.163] Datos recibidos (1 bytes): 1B
[2026-10-02 12:31:56.163] [Bytes recibidos]: 27
[2026-10-02 12:31:58.164] Datos recibidos (4 bytes): 51 36 43 0D
[2026-10-02 12:31:58.164] [Bytes recibidos]: 81
[2026-10-02 12:31:58.164] [Bytes recibidos]: 54
[2026-10-02 12:31:58.164] [Bytes recibidos]: 67
[2026-10-02 12:31:58.165] [Bytes recibidos]: 13
[2026-10-02 12:31:58.165] [Data Recibida]: 99.43125763125764
[2026-10-02 12:32:00.165] Datos recibidos (5 bytes): 1B 51 36 43 0D
[2026-10-02 12:32:00.165] [Bytes recibidos]: 27
[2026-10-02 12:32:00.166] [Bytes recibidos]: 81
[2026-10-02 12:32:00.166] [Bytes recibidos]: 54
[2026-10-02 12:32:00.166] [Bytes recibidos]: 67
[2026-10-02 12:32:00.166] [Bytes recibidos]: 13
[2026-10-02 12:32:00.166] [Data Recibida]: 17.664224664224662
[2026-10-02 12:32:03.376] Datos recibidos (5 bytes): 1B 51 36 43 0D
[2026-10-02 12:32:03.377] [Bytes recibidos]: 27
[2026-10-02 12:32:03.378] [Bytes recibidos]: 81
[2026-10-02 12:32:03.378] [Bytes recibidos]: 54
[2026-10-02 12:32:03.378] [Bytes recibidos]: 67
[2026-10-02 12:32:03.378] [Bytes recibidos]: 13
[2026-10-02 12:32:03.378] [Data Recibida]: 17.664224664224662
[2026-10-02 12:32:06.972] Datos recibidos (5 bytes): 1B 51 36 43 0D
[2026-10-02 12:32:06.973] [Bytes recibidos]: 27
[2026-10-02 12:32:06.973] [Bytes recibidos]: 81
[2026-10-02 12:32:06.973] [Bytes recibidos]: 54
[2026-10-02 12:32:06.973] [Bytes recibidos]: 67
[2026-10-02 12:32:06.973] [Bytes recibidos]: 13
[2026-10-02 12:32:06.973] [Data Recibida]: 17.664224664224662
[2026-10-02 12:32:10.568] Datos recibidos (5 bytes): 1B 51 36 43 0D
[2026-10-02 12:32:10.568] [Bytes recibidos]: 27
[2026-10-02 12:32:10.568] [Bytes recibidos]: 81
[2026-10-02 12:32:10.568] [Bytes recibidos]: 54
[2026-10-02 12:32:10.569] [Bytes recibidos]: 67
[2026-10-02 12:32:10.569] [Bytes recibidos]: 13
[2026-10-02 12:32:10.569] [Data Recibida]: 17.664224664224662
[2026-10-02 12:32:14.181] Datos recibidos (5 bytes): 1B 51 36 43 0D
[2026-10-02 12:32:14.181] [Bytes recibidos]: 27
[2026-10-02 12:32:14.181] [Bytes recibidos]: 81
[2026-10-02 12:32:14.182] [Bytes recibidos]: 54
[2026-10-02 12:32:14.182] [Bytes recibidos]: 67
[2026-10-02 12:32:14.182] [Bytes recibidos]: 13
[2026-10-02 12:32:14.182] [Data Recibida]: 17.664224664224662
[2026-10-02 12:32:17.755] Datos recibidos (1 bytes): 1B
[2026-10-02 12:32:17.755] [Bytes recibidos]: 27
[2026-10-02 12:32:19.756] Datos recibidos (4 bytes): 51 36 43 0D
[2026-10-02 12:32:19.756] [Bytes recibidos]: 81
[2026-10-02 12:32:19.756] [Bytes recibidos]: 54
[2026-10-02 12:32:19.756] [Bytes recibidos]: 67
[2026-10-02 12:32:19.756] [Bytes recibidos]: 13
[2026-10-02 12:32:19.757] [Data Recibida]: 99.43125763125764
[2026-10-02 12:32:21.757] Datos recibidos (5 bytes): 1B 51 36 43 0D
[2026-10-02 12:32:21.758] [Bytes recibidos]: 27
[2026-10-02 12:32:21.758] [Bytes recibidos]: 81
[2026-10-02 12:32:21.758] [Bytes recibidos]: 54
[2026-10-02 12:32:21.758] [Bytes recibidos]: 67
[2026-10-02 12:32:21.758] [Bytes recibidos]: 13
[2026-10-02 12:32:21.759] [Data Recibida]: 17.664224664224662
[2026-10-02 12:32:24.969] Datos recibidos (5 bytes): 1B 51 36 43 0D
[2026-10-02 12:32:24.970] [Bytes recibidos]: 27
[2026-10-02 12:32:24.970] [Bytes recibidos]: 81
[2026-10-02 12:32:24.970] [Bytes recibidos]: 54
[2026-10-02 12:32:24.970] [Bytes recibidos]: 67
[2026-10-02 12:32:24.970] [Bytes recibidos]: 13
[2026-10-02 12:32:24.970] [Data Recibida]: 17.664224664224662
[2026-10-02 12:32:28.563] Datos recibidos (1 bytes): 1B
[2026-10-02 12:32:28.563] [Bytes recibidos]: 27
[2026-10-02 12:32:30.564] Datos recibidos (4 bytes): 51 36 43 0D
[2026-10-02 12:32:30.564] [Bytes recibidos]: 81
[2026-10-02 12:32:30.564] [Bytes recibidos]: 54
[2026-10-02 12:32:30.564] [Bytes recibidos]: 67
[2026-10-02 12:32:30.564] [Bytes recibidos]: 13
[2026-10-02 12:32:30.564] [Data Recibida]: 99.43125763125764
[2026-10-02 12:32:32.565] Datos recibidos (5 bytes): 1B 51 36 43 0D
[2026-10-02 12:32:32.565] [Bytes recibidos]: 27
[2026-10-02 12:32:32.565] [Bytes recibidos]: 81
[2026-10-02 12:32:32.565] [Bytes recibidos]: 54
[2026-10-02 12:32:32.566] [Bytes recibidos]: 67
[2026-10-02 12:32:32.566] [Bytes recibidos]: 13
[2026-10-02 12:32:32.566] [Data Recibida]: 17.664224664224662
[2026-10-02 12:32:35.774] Datos recibidos (5 bytes): 1B 51 36 43 0D
[2026-10-02 12:32:35.774] [Bytes recibidos]: 27
[2026-10-02 12:32:35.776] [Bytes recibidos]: 81
[2026-10-02 12:32:35.776] [Bytes recibidos]: 54
[2026-10-02 12:32:35.776] [Bytes recibidos]: 67
[2026-10-02 12:32:35.776] [Bytes recibidos]: 13
[2026-10-02 12:32:35.776] [Data Recibida]: 17.664224664224662
