[2026-10-02 12:54:54.812] Iniciando comunicación con Atlan A350 XL (8E1)...
[2026-10-02 12:54:54.816] Enviado: Q | HEX: 1B 51 36 43 0D
[2026-10-02 12:54:54.817] Recibido ASCII: <CR>
[2026-10-02 12:54:54.817] Recibido HEX: 0D
[2026-10-02 12:54:54.818] Enviado: R | HEX: 1B 52 36 44 0D
[2026-10-02 12:54:54.921] Recibido ASCII: <SOH>Q52<CR>
[2026-10-02 12:54:54.921] Recibido HEX: 01 51 35 32 0D
[2026-10-02 12:54:54.922] Enviado: S | HEX: 1B 53 36 45 0D
[2026-10-02 12:54:54.944] Recibido ASCII: <SOH>R5555'A3XX'02.11:0<ESC>R6D<CR>
[2026-10-02 12:54:54.945] Recibido HEX: 01 52 35 35 35 35 27 41 33 58 58 27 30 32 2E 31 31 3A 30 1B 52 36 44 0D
[2026-10-02 12:54:54.947] Sin registros de realtime configuration, se omite el paso <54H>
[2026-10-02 12:54:54.949] Datos recibidos (3 bytes): 36 2E 30
[2026-10-02 12:54:54.951] [Bytes recibidos]: 54
[2026-10-02 12:54:54.951] [Bytes recibidos]: 46
[2026-10-02 12:54:54.951] [Bytes recibidos]: 48
[2026-10-02 12:54:56.953] Enviado: S | HEX: 1B 53 36 45 0D
[2026-10-02 12:54:56.953] Recibido ASCII: 0B9<CR>
[2026-10-02 12:54:56.954] Recibido HEX: 30 42 39 0D
[2026-10-02 12:54:56.954] Enviado:  | HEX: 01 15 31 36 0D
[2026-10-02 12:54:56.959] Recibido ASCII: <SOH>S00   20000-  21  121FFF01   20000- 181  181FFF05   20000    0  100FFF06   20000    0  120FFF07   20000    0   20FFF08   20000    0  100FFF0A   20000    0   20FFF2A   20000    0   20FFFF3<CR>
[2026-10-02 12:54:56.959] Recibido HEX: 01 53 30 30 20 20 20 32 30 30 30 30 2D 20 20 32 31 20 20 31 32 31 46 46 46 30 31 20 20 20 32 30 30 30 30 2D 20 31 38 31 20 20 31 38 31 46 46 46 30 35 20 20 20 32 30 30 30 30 20 20 20 20 30 20 20 31 30 30 46 46 46 30 36 20 20 20 32 30 30 30 30 20 20 20 20 30 20 20 31 32 30 46 46 46 30 37 20 20 20 32 30 30 30 30 20 20 20 20 30 20 20 20 32 30 46 46 46 30 38 20 20 20 32 30 30 30 30 20 20 20 20 30 20 20 31 30 30 46 46 46 30 41 20 20 20 32 30 30 30 30 20 20 20 20 30 20 20 20 32 30 46 46 46 32 41 20 20 20 32 30 30 30 30 20 20 20 20 30 20 20 20 32 30 46 46 46 46 33 0D
[2026-10-02 12:54:56.965] Enviado: T0001010105010601070108010A012A01 | HEX: 1B 54 30 30 30 31 30 31 30 31 30 35 30 31 30 36 30 31 30 37 30 31 30 38 30 31 30 41 30 31 32 41 30 31 42 36 0D
[2026-10-02 12:54:57.068] Recibido ASCII: <SOH>S00   20000-  21  121FFF01   20000- 1<ESC>R6D<CR>
[2026-10-02 12:54:57.069] Recibido HEX: 01 53 30 30 20 20 20 32 30 30 30 30 2D 20 20 32 31 20 20 31 32 31 46 46 46 30 31 20 20 20 32 30 30 30 30 2D 20 31 1B 52 36 44 0D
[2026-10-02 12:54:57.071] Datos recibidos (41 bytes): 38 31 20 20 31 38 31 46 46 46 30 35 20 20 20 32 30 30 30 30 20 20 20 20 30 20 20 31 30 30 46 46 46 30 36 20 20 20 32 30 30
[2026-10-02 12:54:57.071] [Bytes recibidos]: 56
[2026-10-02 12:54:57.071] [Bytes recibidos]: 49
[2026-10-02 12:54:57.072] [Bytes recibidos]: 32
[2026-10-02 12:54:57.072] [Bytes recibidos]: 32
[2026-10-02 12:54:57.072] [Bytes recibidos]: 49
[2026-10-02 12:54:57.072] [Bytes recibidos]: 56
[2026-10-02 12:54:57.072] [Bytes recibidos]: 49
[2026-10-02 12:54:57.072] [Bytes recibidos]: 70
[2026-10-02 12:54:57.073] [Bytes recibidos]: 70
[2026-10-02 12:54:57.073] [Bytes recibidos]: 70
[2026-10-02 12:54:57.073] [Bytes recibidos]: 48
[2026-10-02 12:54:57.073] [Bytes recibidos]: 53
[2026-10-02 12:54:57.073] [Bytes recibidos]: 32
[2026-10-02 12:54:57.073] [Bytes recibidos]: 32
[2026-10-02 12:54:57.074] [Bytes recibidos]: 32
[2026-10-02 12:54:57.074] [Bytes recibidos]: 50
[2026-10-02 12:54:57.074] [Bytes recibidos]: 48
[2026-10-02 12:54:57.074] [Bytes recibidos]: 48
[2026-10-02 12:54:57.074] [Bytes recibidos]: 48
[2026-10-02 12:54:57.074] [Bytes recibidos]: 48
[2026-10-02 12:54:57.075] [Bytes recibidos]: 32
[2026-10-02 12:54:57.075] [Bytes recibidos]: 32
[2026-10-02 12:54:57.075] [Bytes recibidos]: 32
[2026-10-02 12:54:57.075] [Bytes recibidos]: 32
[2026-10-02 12:54:57.075] [Bytes recibidos]: 48
[2026-10-02 12:54:57.075] [Bytes recibidos]: 32
[2026-10-02 12:54:57.075] [Bytes recibidos]: 32
[2026-10-02 12:54:57.075] [Bytes recibidos]: 49
[2026-10-02 12:54:57.076] [Bytes recibidos]: 48
[2026-10-02 12:54:57.076] [Bytes recibidos]: 48
[2026-10-02 12:54:57.076] [Bytes recibidos]: 70
[2026-10-02 12:54:57.076] [Bytes recibidos]: 70
[2026-10-02 12:54:57.076] [Bytes recibidos]: 70
[2026-10-02 12:54:57.077] [Bytes recibidos]: 48
[2026-10-02 12:54:57.077] [Bytes recibidos]: 54
[2026-10-02 12:54:57.077] [Bytes recibidos]: 32
[2026-10-02 12:54:57.077] [Bytes recibidos]: 32
[2026-10-02 12:54:57.077] [Bytes recibidos]: 32
[2026-10-02 12:54:57.077] [Bytes recibidos]: 50
[2026-10-02 12:54:57.077] [Bytes recibidos]: 48
[2026-10-02 12:54:57.078] [Bytes recibidos]: 48
[2026-10-02 12:54:57.080] [Data Recibida]: 89.68717948717949
[2026-10-02 12:54:57.080] [Data Recibida]: 2.8730158730158735
[2026-10-02 12:54:57.081] [Data Recibida]: 88.71794871794872
[2026-10-02 12:54:57.081] [Data Recibida]: 12.688644688644688
[2026-10-02 12:54:57.081] [Data Recibida]: 1.9047619047619047
[2026-10-02 12:54:57.081] [Data Recibida]: 84.004884004884
[2026-10-02 12:54:57.081] [Data Recibida]: 10.158730158730158
[2026-10-02 12:54:57.081] [Data Recibida]: 15.785103785103786
[2026-10-02 12:54:59.084] Datos recibidos (115 bytes): 30 30 20 20 20 20 30 20 20 31 32 30 46 46 46 30 37 20 20 20 32 30 30 30 30 20 20 20 20 30 20 20 20 32 30 46 46 46 30 38 20 20 20 32 30 30 30 30 20 20 20 20 30 20 20 31 30 30 46 46 46 30 41 20 20 20 32 30 30 30 30 20 20 20 20 30 20 20 20 32 30 46 46 46 32 41 20 20 20 32 30 30 30 30 20 20 20 20 30 20 20 20 32 30 46 46 46 46 33 0D 01 54 35 35 0D
[2026-10-02 12:54:59.084] [Bytes recibidos]: 48
[2026-10-02 12:54:59.085] [Bytes recibidos]: 48
[2026-10-02 12:54:59.085] [Bytes recibidos]: 32
[2026-10-02 12:54:59.085] [Bytes recibidos]: 32
[2026-10-02 12:54:59.085] [Bytes recibidos]: 32
[2026-10-02 12:54:59.086] [Bytes recibidos]: 32
[2026-10-02 12:54:59.086] [Bytes recibidos]: 48
[2026-10-02 12:54:59.086] [Bytes recibidos]: 32
[2026-10-02 12:54:59.086] [Bytes recibidos]: 32
[2026-10-02 12:54:59.086] [Bytes recibidos]: 49
[2026-10-02 12:54:59.086] [Bytes recibidos]: 50
[2026-10-02 12:54:59.086] [Bytes recibidos]: 48
[2026-10-02 12:54:59.086] [Bytes recibidos]: 70
[2026-10-02 12:54:59.087] [Bytes recibidos]: 70
[2026-10-02 12:54:59.087] [Bytes recibidos]: 70
[2026-10-02 12:54:59.087] [Bytes recibidos]: 48
[2026-10-02 12:54:59.087] [Bytes recibidos]: 55
[2026-10-02 12:54:59.087] [Bytes recibidos]: 32
[2026-10-02 12:54:59.087] [Bytes recibidos]: 32
[2026-10-02 12:54:59.087] [Bytes recibidos]: 32
[2026-10-02 12:54:59.088] [Bytes recibidos]: 50
[2026-10-02 12:54:59.088] [Bytes recibidos]: 48
[2026-10-02 12:54:59.088] [Bytes recibidos]: 48
[2026-10-02 12:54:59.088] [Bytes recibidos]: 48
[2026-10-02 12:54:59.088] [Bytes recibidos]: 48
[2026-10-02 12:54:59.088] [Bytes recibidos]: 32
[2026-10-02 12:54:59.088] [Bytes recibidos]: 32
[2026-10-02 12:54:59.089] [Bytes recibidos]: 32
[2026-10-02 12:54:59.089] [Bytes recibidos]: 32
[2026-10-02 12:54:59.089] [Bytes recibidos]: 48
[2026-10-02 12:54:59.089] [Bytes recibidos]: 32
[2026-10-02 12:54:59.089] [Bytes recibidos]: 32
[2026-10-02 12:54:59.089] [Bytes recibidos]: 32
[2026-10-02 12:54:59.089] [Bytes recibidos]: 50
[2026-10-02 12:54:59.089] [Bytes recibidos]: 48
[2026-10-02 12:54:59.090] [Bytes recibidos]: 70
[2026-10-02 12:54:59.090] [Bytes recibidos]: 70
[2026-10-02 12:54:59.090] [Bytes recibidos]: 70
[2026-10-02 12:54:59.090] [Bytes recibidos]: 48
[2026-10-02 12:54:59.090] [Bytes recibidos]: 56
[2026-10-02 12:54:59.090] [Bytes recibidos]: 32
[2026-10-02 12:54:59.090] [Bytes recibidos]: 32
[2026-10-02 12:54:59.090] [Bytes recibidos]: 32
[2026-10-02 12:54:59.091] [Bytes recibidos]: 50
[2026-10-02 12:54:59.091] [Bytes recibidos]: 48
[2026-10-02 12:54:59.091] [Bytes recibidos]: 48
[2026-10-02 12:54:59.091] [Bytes recibidos]: 48
[2026-10-02 12:54:59.091] [Bytes recibidos]: 48
[2026-10-02 12:54:59.091] [Bytes recibidos]: 32
[2026-10-02 12:54:59.091] [Bytes recibidos]: 32
[2026-10-02 12:54:59.091] [Bytes recibidos]: 32
[2026-10-02 12:54:59.092] [Bytes recibidos]: 32
[2026-10-02 12:54:59.092] [Bytes recibidos]: 48
[2026-10-02 12:54:59.092] [Bytes recibidos]: 32
[2026-10-02 12:54:59.092] [Bytes recibidos]: 32
[2026-10-02 12:54:59.092] [Bytes recibidos]: 49
[2026-10-02 12:54:59.092] [Bytes recibidos]: 48
[2026-10-02 12:54:59.093] [Bytes recibidos]: 48
[2026-10-02 12:54:59.093] [Bytes recibidos]: 70
[2026-10-02 12:54:59.093] [Bytes recibidos]: 70
[2026-10-02 12:54:59.093] [Bytes recibidos]: 70
[2026-10-02 12:54:59.093] [Bytes recibidos]: 48
[2026-10-02 12:54:59.093] [Bytes recibidos]: 65
[2026-10-02 12:54:59.093] [Bytes recibidos]: 32
[2026-10-02 12:54:59.094] [Bytes recibidos]: 32
[2026-10-02 12:54:59.094] [Bytes recibidos]: 32
[2026-10-02 12:54:59.094] [Bytes recibidos]: 50
[2026-10-02 12:54:59.094] [Bytes recibidos]: 48
[2026-10-02 12:54:59.094] [Bytes recibidos]: 48
[2026-10-02 12:54:59.094] [Bytes recibidos]: 48
[2026-10-02 12:54:59.094] [Bytes recibidos]: 48
[2026-10-02 12:54:59.094] [Bytes recibidos]: 32
[2026-10-02 12:54:59.094] [Bytes recibidos]: 32
[2026-10-02 12:54:59.095] [Bytes recibidos]: 32
[2026-10-02 12:54:59.095] [Bytes recibidos]: 32
[2026-10-02 12:54:59.095] [Bytes recibidos]: 48
[2026-10-02 12:54:59.095] [Bytes recibidos]: 32
[2026-10-02 12:54:59.095] [Bytes recibidos]: 32
[2026-10-02 12:54:59.095] [Bytes recibidos]: 32
[2026-10-02 12:54:59.095] [Bytes recibidos]: 50
[2026-10-02 12:54:59.095] [Bytes recibidos]: 48
[2026-10-02 12:54:59.095] [Bytes recibidos]: 70
[2026-10-02 12:54:59.095] [Bytes recibidos]: 70
[2026-10-02 12:54:59.096] [Bytes recibidos]: 70
[2026-10-02 12:54:59.096] [Bytes recibidos]: 50
[2026-10-02 12:54:59.096] [Bytes recibidos]: 65
[2026-10-02 12:54:59.096] [Bytes recibidos]: 32
[2026-10-02 12:54:59.096] [Bytes recibidos]: 32
[2026-10-02 12:54:59.096] [Bytes recibidos]: 32
[2026-10-02 12:54:59.096] [Bytes recibidos]: 50
[2026-10-02 12:54:59.096] [Bytes recibidos]: 48
[2026-10-02 12:54:59.097] [Bytes recibidos]: 48
[2026-10-02 12:54:59.097] [Bytes recibidos]: 48
[2026-10-02 12:54:59.097] [Bytes recibidos]: 48
[2026-10-02 12:54:59.097] [Bytes recibidos]: 32
[2026-10-02 12:54:59.097] [Bytes recibidos]: 32
[2026-10-02 12:54:59.097] [Bytes recibidos]: 32
[2026-10-02 12:54:59.097] [Bytes recibidos]: 32
[2026-10-02 12:54:59.098] [Bytes recibidos]: 48
[2026-10-02 12:54:59.098] [Bytes recibidos]: 32
[2026-10-02 12:54:59.098] [Bytes recibidos]: 32
[2026-10-02 12:54:59.098] [Bytes recibidos]: 32
[2026-10-02 12:54:59.098] [Bytes recibidos]: 50
[2026-10-02 12:54:59.098] [Bytes recibidos]: 48
[2026-10-02 12:54:59.098] [Bytes recibidos]: 70
[2026-10-02 12:54:59.098] [Bytes recibidos]: 70
[2026-10-02 12:54:59.098] [Bytes recibidos]: 70
[2026-10-02 12:54:59.098] [Bytes recibidos]: 70
[2026-10-02 12:54:59.099] [Bytes recibidos]: 51
[2026-10-02 12:54:59.099] [Bytes recibidos]: 13
[2026-10-02 12:54:59.099] [Bytes recibidos]: 1
[2026-10-02 12:54:59.099] [Bytes recibidos]: 84
[2026-10-02 12:54:59.099] [Bytes recibidos]: 53
[2026-10-02 12:54:59.099] [Bytes recibidos]: 53
[2026-10-02 12:54:59.099] [Bytes recibidos]: 13
[2026-10-02 12:54:59.100] [Data Recibida]: 87.19047619047619
[2026-10-02 12:54:59.100] [Data Recibida]: 2.8730158730158735
[2026-10-02 12:54:59.100] [Data Recibida]: 50.79365079365079
[2026-10-02 12:54:59.100] [Data Recibida]: 61.42124542124542
[2026-10-02 12:54:59.100] [Data Recibida]: 15.472527472527473
[2026-10-02 12:54:59.100] [Data Recibida]: 76.23931623931624
[2026-10-02 12:54:59.100] [Data Recibida]: 1.9047619047619047
[2026-10-02 12:54:59.100] [Data Recibida]: 15.032967032967033
[2026-10-02 12:55:01.102] Datos recibidos (5 bytes): 1B 51 36 43 0D
[2026-10-02 12:55:01.102] [Bytes recibidos]: 27
[2026-10-02 12:55:01.102] [Bytes recibidos]: 81
[2026-10-02 12:55:01.102] [Bytes recibidos]: 54
[2026-10-02 12:55:01.102] [Bytes recibidos]: 67
[2026-10-02 12:55:01.103] [Bytes recibidos]: 13
[2026-10-02 12:55:04.649] Datos recibidos (5 bytes): 1B 51 36 43 0D
[2026-10-02 12:55:04.649] [Bytes recibidos]: 27
[2026-10-02 12:55:04.649] [Bytes recibidos]: 81
[2026-10-02 12:55:04.649] [Bytes recibidos]: 54
[2026-10-02 12:55:04.651] [Bytes recibidos]: 67
[2026-10-02 12:55:04.651] [Bytes recibidos]: 13
[2026-10-02 12:55:08.240] Datos recibidos (5 bytes): 1B 51 36 43 0D
[2026-10-02 12:55:08.241] [Bytes recibidos]: 27
[2026-10-02 12:55:08.241] [Bytes recibidos]: 81
[2026-10-02 12:55:08.241] [Bytes recibidos]: 54
[2026-10-02 12:55:08.241] [Bytes recibidos]: 67
[2026-10-02 12:55:08.241] [Bytes recibidos]: 13
