[2026-10-02 13:04:40.918] Iniciando comunicación con Atlan A350 XL (8E1)...
[2026-10-02 13:04:40.922] Enviado: Q | HEX: 1B 51 36 43 0D
[2026-10-02 13:04:40.964] Recibido ASCII: <SOH>Q52<CR>
[2026-10-02 13:04:40.964] Recibido HEX: 01 51 35 32 0D
[2026-10-02 13:04:40.966] Enviado: R | HEX: 1B 52 36 44 0D
[2026-10-02 13:04:41.089] Recibido ASCII: <SOH>R5555'A3XX'02.11:0<ESC>R6D<CR>
[2026-10-02 13:04:41.089] Recibido HEX: 01 52 35 35 35 35 27 41 33 58 58 27 30 32 2E 31 31 3A 30 1B 52 36 44 0D
[2026-10-02 13:04:41.090] Enviado: S | HEX: 1B 53 36 45 0D
[2026-10-02 13:04:41.090] Recibido ASCII: 6.00B9<CR>
[2026-10-02 13:04:41.091] Recibido HEX: 36 2E 30 30 42 39 0D
[2026-10-02 13:04:41.091] Enviado:  | HEX: 01 15 31 36 0D
[2026-10-02 13:04:41.194] Recibido ASCII: <SOH>S00   20000-  21  121FFF01   20000- 1<ESC>R6D<CR>
[2026-10-02 13:04:41.194] Recibido HEX: 01 53 30 30 20 20 20 32 30 30 30 30 2D 20 20 32 31 20 20 31 32 31 46 46 46 30 31 20 20 20 32 30 30 30 30 2D 20 31 1B 52 36 44 0D
[2026-10-02 13:04:41.196] Enviado: T0001 | HEX: 1B 54 30 30 30 31 33 30 0D
[2026-10-02 13:04:41.282] Recibido ASCII: 81  181FFF05   20000    0  100FFF06   20000    0  120FFF07   20000    0   20FFF08   20000    0  100FFF0A   20000    0   20FFF2A   20000    0   20FFFF3<CR>
[2026-10-02 13:04:41.282] Recibido HEX: 38 31 20 20 31 38 31 46 46 46 30 35 20 20 20 32 30 30 30 30 20 20 20 20 30 20 20 31 30 30 46 46 46 30 36 20 20 20 32 30 30 30 30 20 20 20 20 30 20 20 31 32 30 46 46 46 30 37 20 20 20 32 30 30 30 30 20 20 20 20 30 20 20 20 32 30 46 46 46 30 38 20 20 20 32 30 30 30 30 20 20 20 20 30 20 20 31 30 30 46 46 46 30 41 20 20 20 32 30 30 30 30 20 20 20 20 30 20 20 20 32 30 46 46 46 32 41 20 20 20 32 30 30 30 30 20 20 20 20 30 20 20 20 32 30 46 46 46 46 33 0D
[2026-10-02 13:04:41.282] Enviado:  | HEX: 01 15 31 36 0D
[2026-10-02 13:04:41.283] Recibido ASCII: <SOH>T55<CR>
[2026-10-02 13:04:41.283] Recibido HEX: 01 54 35 35 0D
[2026-10-02 13:04:41.367] Datos recibidos (5 bytes): 1B 52 36 44 0D
[2026-10-02 13:04:41.367] [Bytes recibidos]: 27
[2026-10-02 13:04:41.368] [Bytes recibidos]: 82
[2026-10-02 13:04:41.368] [Bytes recibidos]: 54
[2026-10-02 13:04:41.368] [Bytes recibidos]: 68
[2026-10-02 13:04:41.368] [Bytes recibidos]: 13
[2026-10-02 13:04:41.370] [Data Recibida]: 19.88351648351648
[2026-10-02 13:04:44.862] Datos recibidos (5 bytes): 1B 51 36 43 0D
[2026-10-02 13:04:44.862] [Bytes recibidos]: 27
[2026-10-02 13:04:44.862] [Bytes recibidos]: 81
[2026-10-02 13:04:44.863] [Bytes recibidos]: 54
[2026-10-02 13:04:44.863] [Bytes recibidos]: 67
[2026-10-02 13:04:44.863] [Bytes recibidos]: 13
[2026-10-02 13:04:44.863] [Data Recibida]: 17.664224664224662
