[2026-10-02 11:32:34.064] Iniciando comunicación con Atlan A350 XL (8E1)...
[2026-10-02 11:32:34.069] Enviado: Q | HEX: 1B 51 36 43 0D
[2026-10-02 11:32:34.112] Recibido ASCII: <SOH>Q52<CR>
[2026-10-02 11:32:34.112] Recibido HEX: 01 51 35 32 0D
[2026-10-02 11:32:34.113] Enviado: S | HEX: 1B 53 36 45 0D
[2026-10-02 11:32:34.217] Recibido ASCII: <SOH>S00   20<ESC>R6D<CR>
[2026-10-02 11:32:34.217] Recibido HEX: 01 53 30 30 20 20 20 32 30 1B 52 36 44 0D
[2026-10-02 11:32:34.218] Sin registros de realtime configuration, se omite el paso <54H>
[2026-10-02 11:32:34.221] Datos recibidos (20 bytes): 30 30 30 2D 20 20 32 31 20 20 31 32 31 46 46 46 30 31 20 20
[2026-10-02 11:32:36.223] Enviado: S | HEX: 1B 53 36 45 0D
[2026-10-02 11:32:36.227] Recibido ASCII:  20000- 181  181FFF05   20000    0  100FFF06   20000    0  120FFF07   20000    0   20FFF08   20000    0  100FFF0A   20000    0   20FFF2A   20000    0   20FFFF3<CR>
[2026-10-02 11:32:36.227] Recibido HEX: 20 32 30 30 30 30 2D 20 31 38 31 20 20 31 38 31 46 46 46 30 35 20 20 20 32 30 30 30 30 20 20 20 20 30 20 20 31 30 30 46 46 46 30 36 20 20 20 32 30 30 30 30 20 20 20 20 30 20 20 31 32 30 46 46 46 30 37 20 20 20 32 30 30 30 30 20 20 20 20 30 20 20 20 32 30 46 46 46 30 38 20 20 20 32 30 30 30 30 20 20 20 20 30 20 20 31 30 30 46 46 46 30 41 20 20 20 32 30 30 30 30 20 20 20 20 30 20 20 20 32 30 46 46 46 32 41 20 20 20 32 30 30 30 30 20 20 20 20 30 20 20 20 32 30 46 46 46 46 33 0D
[2026-10-02 11:32:36.228] Enviado:  | HEX: 01 15 31 36 0D
[2026-10-02 11:32:36.332] Recibido ASCII: <SOH>S00   20000-  21 <ESC>R6D<CR>
[2026-10-02 11:32:36.332] Recibido HEX: 01 53 30 30 20 20 20 32 30 30 30 30 2D 20 20 32 31 20 1B 52 36 44 0D
[2026-10-02 11:32:36.332] Sin registros de realtime configuration, se omite el paso <54H>
[2026-10-02 11:32:36.333] Datos recibidos (10 bytes): 20 31 32 31 46 46 46 30 31 20
[2026-10-02 11:32:38.334] Enviado: S | HEX: 1B 53 36 45 0D
[2026-10-02 11:32:38.338] Recibido ASCII:   20000- 181  181FFF05   20000    0  100FFF06   20000    0  120FFF07   20000    0   20FFF08   20000    0  100FFF0A   20000    0   20FFF2A   20000    0   20FFFF3<CR>
[2026-10-02 11:32:38.338] Recibido HEX: 20 20 32 30 30 30 30 2D 20 31 38 31 20 20 31 38 31 46 46 46 30 35 20 20 20 32 30 30 30 30 20 20 20 20 30 20 20 31 30 30 46 46 46 30 36 20 20 20 32 30 30 30 30 20 20 20 20 30 20 20 31 32 30 46 46 46 30 37 20 20 20 32 30 30 30 30 20 20 20 20 30 20 20 20 32 30 46 46 46 30 38 20 20 20 32 30 30 30 30 20 20 20 20 30 20 20 31 30 30 46 46 46 30 41 20 20 20 32 30 30 30 30 20 20 20 20 30 20 20 20 32 30 46 46 46 32 41 20 20 20 32 30 30 30 30 20 20 20 20 30 20 20 20 32 30 46 46 46 46 33 0D
[2026-10-02 11:32:38.339] Enviado:  | HEX: 01 15 31 36 0D
[2026-10-02 11:32:38.421] Recibido ASCII: <SOH>S00   20000-  21 <ESC>R6D<CR>
[2026-10-02 11:32:38.421] Recibido HEX: 01 53 30 30 20 20 20 32 30 30 30 30 2D 20 20 32 31 20 1B 52 36 44 0D
[2026-10-02 11:32:38.422] Sin registros de realtime configuration, se omite el paso <54H>
[2026-10-02 11:32:38.422] Datos recibidos (9 bytes): 20 31 32 31 46 46 46 30 31
[2026-10-02 11:32:40.423] Enviado: S | HEX: 1B 53 36 45 0D
[2026-10-02 11:32:40.426] Recibido ASCII:    20000- 181  181FFF05   20000    0  100FFF06   20000    0  120FFF07   20000    0   20FFF08   20000    0  100FFF0A   20000    0   20FFF2A   20000    0   20FFFF3<CR>
[2026-10-02 11:32:40.426] Recibido HEX: 20 20 20 32 30 30 30 30 2D 20 31 38 31 20 20 31 38 31 46 46 46 30 35 20 20 20 32 30 30 30 30 20 20 20 20 30 20 20 31 30 30 46 46 46 30 36 20 20 20 32 30 30 30 30 20 20 20 20 30 20 20 31 32 30 46 46 46 30 37 20 20 20 32 30 30 30 30 20 20 20 20 30 20 20 20 32 30 46 46 46 30 38 20 20 20 32 30 30 30 30 20 20 20 20 30 20 20 31 30 30 46 46 46 30 41 20 20 20 32 30 30 30 30 20 20 20 20 30 20 20 20 32 30 46 46 46 32 41 20 20 20 32 30 30 30 30 20 20 20 20 30 20 20 20 32 30 46 46 46 46 33 0D
[2026-10-02 11:32:40.426] Enviado:  | HEX: 01 15 31 36 0D
[2026-10-02 11:32:40.529] Recibido ASCII: <SOH>S00   20000-  21 <ESC>Q6C<CR>
[2026-10-02 11:32:40.530] Recibido HEX: 01 53 30 30 20 20 20 32 30 30 30 30 2D 20 20 32 31 20 1B 51 36 43 0D
[2026-10-02 11:32:40.530] Sin registros de realtime configuration, se omite el paso <54H>
[2026-10-02 11:32:43.543] Sin datos recibidos en 3000 ms
[2026-10-02 11:32:45.544] Enviado: S | HEX: 1B 53 36 45 0D
[2026-10-02 11:32:45.545] Recibido ASCII: <ESC>Q6C<CR>
[2026-10-02 11:32:45.546] Recibido HEX: 1B 51 36 43 0D
[2026-10-02 11:32:45.546] Sin registros de realtime configuration, se omite el paso <54H>
[2026-10-02 11:32:45.608] Datos recibidos (5 bytes): 01 15 31 36 0D
