[2026-10-02 11:29:33.431] Iniciando comunicación con Atlan A350 XL (8E1)...
[2026-10-02 11:29:33.435] Enviado: Q | HEX: 1B 51 36 43 0D
[2026-10-02 11:29:33.477] Recibido ASCII: <SOH>Q52<CR>
[2026-10-02 11:29:33.478] Recibido HEX: 01 51 35 32 0D
[2026-10-02 11:29:33.479] Enviado: S | HEX: 1B 53 36 45 0D
[2026-10-02 11:29:33.601] Recibido ASCII: <SOH>S00   20<ESC>R6D<CR>
[2026-10-02 11:29:33.601] Recibido HEX: 01 53 30 30 20 20 20 32 30 1B 52 36 44 0D
[2026-10-02 11:29:33.602] Sin registros de realtime configuration, se omite el paso <54H>
[2026-10-02 11:29:33.604] Datos recibidos (1 bytes): 30
[2026-10-02 11:29:35.605] Enviado: S | HEX: 1B 53 36 45 0D
[2026-10-02 11:29:35.610] Recibido ASCII: 00-  21  121FFF01   20000- 181  181FFF05   20000    0  100FFF06   20000    0  120FFF07   20000    0   20FFF08   20000    0  100FFF0A   20000    0   20FFF2A   20000    0   20FFFF3<CR>
[2026-10-02 11:29:35.610] Recibido HEX: 30 30 2D 20 20 32 31 20 20 31 32 31 46 46 46 30 31 20 20 20 32 30 30 30 30 2D 20 31 38 31 20 20 31 38 31 46 46 46 30 35 20 20 20 32 30 30 30 30 20 20 20 20 30 20 20 31 30 30 46 46 46 30 36 20 20 20 32 30 30 30 30 20 20 20 20 30 20 20 31 32 30 46 46 46 30 37 20 20 20 32 30 30 30 30 20 20 20 20 30 20 20 20 32 30 46 46 46 30 38 20 20 20 32 30 30 30 30 20 20 20 20 30 20 20 31 30 30 46 46 46 30 41 20 20 20 32 30 30 30 30 20 20 20 20 30 20 20 20 32 30 46 46 46 32 41 20 20 20 32 30 30 30 30 20 20 20 20 30 20 20 20 32 30 46 46 46 46 33 0D
[2026-10-02 11:29:35.611] Enviado:  | HEX: 01 15 31 36 0D
[2026-10-02 11:29:35.714] Recibido ASCII: <SOH>S00   20000-  21 <ESC>R6D<CR>
[2026-10-02 11:29:35.714] Recibido HEX: 01 53 30 30 20 20 20 32 30 30 30 30 2D 20 20 32 31 20 1B 52 36 44 0D
[2026-10-02 11:29:35.715] Sin registros de realtime configuration, se omite el paso <54H>
[2026-10-02 11:29:35.715] Datos recibidos (5 bytes): 20 31 32 31 46
[2026-10-02 11:29:37.717] Enviado: S | HEX: 1B 53 36 45 0D
[2026-10-02 11:29:37.721] Recibido ASCII: FF01   20000- 181  181FFF05   20000    0  100FFF06   20000    0  120FFF07   20000    0   20FFF08   20000    0  100FFF0A   20000    0   20FFF2A   20000    0   20FFFF3<CR>
[2026-10-02 11:29:37.721] Recibido HEX: 46 46 30 31 20 20 20 32 30 30 30 30 2D 20 31 38 31 20 20 31 38 31 46 46 46 30 35 20 20 20 32 30 30 30 30 20 20 20 20 30 20 20 31 30 30 46 46 46 30 36 20 20 20 32 30 30 30 30 20 20 20 20 30 20 20 31 32 30 46 46 46 30 37 20 20 20 32 30 30 30 30 20 20 20 20 30 20 20 20 32 30 46 46 46 30 38 20 20 20 32 30 30 30 30 20 20 20 20 30 20 20 31 30 30 46 46 46 30 41 20 20 20 32 30 30 30 30 20 20 20 20 30 20 20 20 32 30 46 46 46 32 41 20 20 20 32 30 30 30 30 20 20 20 20 30 20 20 20 32 30 46 46 46 46 33 0D
[2026-10-02 11:29:37.722] Enviado:  | HEX: 01 15 31 36 0D
[2026-10-02 11:29:37.804] Recibido ASCII: <SOH>S00   20000-  21 <ESC>R6D<CR>
[2026-10-02 11:29:37.805] Recibido HEX: 01 53 30 30 20 20 20 32 30 30 30 30 2D 20 20 32 31 20 1B 52 36 44 0D
[2026-10-02 11:29:37.805] Sin registros de realtime configuration, se omite el paso <54H>
[2026-10-02 11:29:37.805] Datos recibidos (4 bytes): 20 31 32 31
[2026-10-02 11:29:39.807] Enviado: S | HEX: 1B 53 36 45 0D
[2026-10-02 11:29:39.811] Recibido ASCII: FFF01   20000- 181  181FFF05   20000    0  100FFF06   20000    0  120FFF07   20000    0   20FFF08   20000    0  100FFF0A   20000    0   20FFF2A   20000    0   20FFFF3<CR>
[2026-10-02 11:29:39.811] Recibido HEX: 46 46 46 30 31 20 20 20 32 30 30 30 30 2D 20 31 38 31 20 20 31 38 31 46 46 46 30 35 20 20 20 32 30 30 30 30 20 20 20 20 30 20 20 31 30 30 46 46 46 30 36 20 20 20 32 30 30 30 30 20 20 20 20 30 20 20 31 32 30 46 46 46 30 37 20 20 20 32 30 30 30 30 20 20 20 20 30 20 20 20 32 30 46 46 46 30 38 20 20 20 32 30 30 30 30 20 20 20 20 30 20 20 31 30 30 46 46 46 30 41 20 20 20 32 30 30 30 30 20 20 20 20 30 20 20 20 32 30 46 46 46 32 41 20 20 20 32 30 30 30 30 20 20 20 20 30 20 20 20 32 30 46 46 46 46 33 0D
[2026-10-02 11:29:39.812] Enviado:  | HEX: 01 15 31 36 0D
[2026-10-02 11:29:39.915] Recibido ASCII: <SOH>S00   20000-  21 <ESC>Q6C<CR>
[2026-10-02 11:29:39.916] Recibido HEX: 01 53 30 30 20 20 20 32 30 30 30 30 2D 20 20 32 31 20 1B 51 36 43 0D
[2026-10-02 11:29:39.916] Sin registros de realtime configuration, se omite el paso <54H>
[2026-10-02 11:29:42.933] Sin datos recibidos en 3000 ms
[2026-10-02 11:29:44.934] Enviado: S | HEX: 1B 53 36 45 0D
[2026-10-02 11:29:44.935] Recibido ASCII: <ESC>Q6C<CR>
[2026-10-02 11:29:44.935] Recibido HEX: 1B 51 36 43 0D
[2026-10-02 11:29:44.936] Sin registros de realtime configuration, se omite el paso <54H>
[2026-10-02 11:29:44.997] Datos recibidos (5 bytes): 01 15 31 36 0D
[2026-10-02 11:29:46.999] Enviado: S | HEX: 1B 53 36 45 0D
[2026-10-02 11:29:47.081] Recibido ASCII: <SOH>16<CR>
[2026-10-02 11:29:47.082] Recibido HEX: 01 15 31 36 0D
[2026-10-02 11:29:47.082] Sin registros de realtime configuration, se omite el paso <54H>
[2026-10-02 11:29:50.094] Sin datos recibidos en 3000 ms
[2026-10-02 11:29:52.095] Enviado: S | HEX: 1B 53 36 45 0D
[2026-10-02 11:29:52.096] Recibido ASCII: <ESC>Q6C<CR>
[2026-10-02 11:29:52.096] Recibido HEX: 1B 51 36 43 0D
[2026-10-02 11:29:52.096] Sin registros de realtime configuration, se omite el paso <54H>
[2026-10-02 11:29:52.178] Datos recibidos (4 bytes): 01 15 31 36
