[2026-10-02 14:21:36.296] Iniciando comunicación con Atlan A350 XL (8E1)...
[2026-10-02 14:21:36.307] Enviado: Q | HEX: 1B 51 36 43 0D
[2026-10-02 14:21:36.392] Recibido ASCII: <SOH>Q52<CR>
[2026-10-02 14:21:36.392] Recibido HEX: 01 51 35 32 0D
[2026-10-02 14:21:36.398] Enviado: S | HEX: 1B 53 36 45 0D
[2026-10-02 14:21:36.503] Recibido ASCII: <SOH>S00   20000-  21  121FFF01   20000- 1<ESC>R6D<CR>
[2026-10-02 14:21:36.504] Recibido HEX: 01 53 30 30 20 20 20 32 30 30 30 30 2D 20 20 32 31 20 20 31 32 31 46 46 46 30 31 20 20 20 32 30 30 30 30 2D 20 31 1B 52 36 44 0D
[2026-10-02 14:21:36.509] Enviado: T0001 | HEX: 1B 54 30 30 30 31 33 30 0D
[2026-10-02 14:21:36.540] Recibido ASCII: 81  181FFF05   20000    0  100FFF06   20000    0  120FFF07   20000    0   20FFF08   20000    0  100FFF0A   20000    0   20FFF2A   20000    0   20FFFF3<CR>
[2026-10-02 14:21:36.541] Recibido HEX: 38 31 20 20 31 38 31 46 46 46 30 35 20 20 20 32 30 30 30 30 20 20 20 20 30 20 20 31 30 30 46 46 46 30 36 20 20 20 32 30 30 30 30 20 20 20 20 30 20 20 31 32 30 46 46 46 30 37 20 20 20 32 30 30 30 30 20 20 20 20 30 20 20 20 32 30 46 46 46 30 38 20 20 20 32 30 30 30 30 20 20 20 20 30 20 20 31 30 30 46 46 46 30 41 20 20 20 32 30 30 30 30 20 20 20 20 30 20 20 20 32 30 46 46 46 32 41 20 20 20 32 30 30 30 30 20 20 20 20 30 20 20 20 32 30 46 46 46 46 33 0D
[2026-10-02 14:21:36.542] Enviado:  | HEX: 01 15 31 36 0D
[2026-10-02 14:21:36.584] Recibido ASCII: <SOH>T55<CR>
[2026-10-02 14:21:36.585] Recibido HEX: 01 54 35 35 0D
[2026-10-02 14:21:36.592] Datos recibidos (5 bytes): 1B 52 36 44 0D
[2026-10-02 14:21:36.594] [Bytes recibidos]: 27
[2026-10-02 14:21:36.595] [Bytes recibidos]: 82
[2026-10-02 14:21:36.595] [Bytes recibidos]: 54
[2026-10-02 14:21:36.595] [Bytes recibidos]: 68
[2026-10-02 14:21:36.596] [Bytes recibidos]: 13
[2026-10-02 14:21:36.600] [Data Recibida]: 19.88351648351648
[2026-10-02 14:21:36.601] [MIN]: -21
[2026-10-02 14:21:36.602] [MAX]: 121
[2026-10-02 14:21:36.602] [MAXBIN]: 4095
[2026-10-02 14:21:40.279] Datos recibidos (5 bytes): 1B 51 36 43 0D
[2026-10-02 14:21:40.280] [Bytes recibidos]: 27
[2026-10-02 14:21:40.280] [Bytes recibidos]: 81
[2026-10-02 14:21:40.280] [Bytes recibidos]: 54
[2026-10-02 14:21:40.281] [Bytes recibidos]: 67
[2026-10-02 14:21:40.281] [Bytes recibidos]: 13
[2026-10-02 14:21:40.282] [Data Recibida]: 17.664224664224662
[2026-10-02 14:21:40.282] [MIN]: -21
[2026-10-02 14:21:40.283] [MAX]: 121
[2026-10-02 14:21:40.283] [MAXBIN]: 4095
[2026-10-02 14:21:43.901] Datos recibidos (5 bytes): 1B 51 36 43 0D
[2026-10-02 14:21:43.902] [Bytes recibidos]: 27
[2026-10-02 14:21:43.902] [Bytes recibidos]: 81
[2026-10-02 14:21:43.902] [Bytes recibidos]: 54
[2026-10-02 14:21:43.903] [Bytes recibidos]: 67
[2026-10-02 14:21:43.903] [Bytes recibidos]: 13
[2026-10-02 14:21:43.904] [Data Recibida]: 17.664224664224662
[2026-10-02 14:21:43.904] [MIN]: -21
[2026-10-02 14:21:43.905] [MAX]: 121
[2026-10-02 14:21:43.905] [MAXBIN]: 4095
[2026-10-02 14:21:47.481] Datos recibidos (5 bytes): 1B 51 36 43 0D
[2026-10-02 14:21:47.482] [Bytes recibidos]: 27
[2026-10-02 14:21:47.482] [Bytes recibidos]: 81
[2026-10-02 14:21:47.483] [Bytes recibidos]: 54
[2026-10-02 14:21:47.483] [Bytes recibidos]: 67
[2026-10-02 14:21:47.483] [Bytes recibidos]: 13
[2026-10-02 14:21:47.484] [Data Recibida]: 17.664224664224662
[2026-10-02 14:21:47.484] [MIN]: -21
[2026-10-02 14:21:47.485] [MAX]: 121
[2026-10-02 14:21:47.485] [MAXBIN]: 4095
[2026-10-02 14:21:51.082] Datos recibidos (5 bytes): 1B 51 36 43 0D
[2026-10-02 14:21:51.083] [Bytes recibidos]: 27
[2026-10-02 14:21:51.083] [Bytes recibidos]: 81
[2026-10-02 14:21:51.083] [Bytes recibidos]: 54
[2026-10-02 14:21:51.084] [Bytes recibidos]: 67
[2026-10-02 14:21:51.084] [Bytes recibidos]: 13
[2026-10-02 14:21:51.085] [Data Recibida]: 17.664224664224662
[2026-10-02 14:21:51.085] [MIN]: -21
[2026-10-02 14:21:51.086] [MAX]: 121
[2026-10-02 14:21:51.086] [MAXBIN]: 4095
[2026-10-02 14:21:54.702] Datos recibidos (5 bytes): 1B 51 36 43 0D
[2026-10-02 14:21:54.703] [Bytes recibidos]: 27
[2026-10-02 14:21:54.704] [Bytes recibidos]: 81
[2026-10-02 14:21:54.704] [Bytes recibidos]: 54
[2026-10-02 14:21:54.705] [Bytes recibidos]: 67
[2026-10-02 14:21:54.705] [Bytes recibidos]: 13
[2026-10-02 14:21:54.706] [Data Recibida]: 17.664224664224662
[2026-10-02 14:21:54.706] [MIN]: -21
[2026-10-02 14:21:54.707] [MAX]: 121
[2026-10-02 14:21:54.707] [MAXBIN]: 4095
[2026-10-02 14:21:58.285] Datos recibidos (5 bytes): 1B 51 36 43 0D
[2026-10-02 14:21:58.285] [Bytes recibidos]: 27
[2026-10-02 14:21:58.285] [Bytes recibidos]: 81
[2026-10-02 14:21:58.286] [Bytes recibidos]: 54
[2026-10-02 14:21:58.286] [Bytes recibidos]: 67
[2026-10-02 14:21:58.286] [Bytes recibidos]: 13
[2026-10-02 14:21:58.287] [Data Recibida]: 17.664224664224662
[2026-10-02 14:21:58.287] [MIN]: -21
[2026-10-02 14:21:58.288] [MAX]: 121
[2026-10-02 14:21:58.288] [MAXBIN]: 4095
[2026-10-02 14:22:01.883] Datos recibidos (5 bytes): 1B 51 36 43 0D
[2026-10-02 14:22:01.883] [Bytes recibidos]: 27
[2026-10-02 14:22:01.884] [Bytes recibidos]: 81
[2026-10-02 14:22:01.884] [Bytes recibidos]: 54
[2026-10-02 14:22:01.884] [Bytes recibidos]: 67
[2026-10-02 14:22:01.885] [Bytes recibidos]: 13
[2026-10-02 14:22:01.885] [Data Recibida]: 17.664224664224662
[2026-10-02 14:22:01.885] [MIN]: -21
[2026-10-02 14:22:01.886] [MAX]: 121
[2026-10-02 14:22:01.886] [MAXBIN]: 4095
[2026-10-02 14:22:05.501] Datos recibidos (5 bytes): 1B 51 36 43 0D
[2026-10-02 14:22:05.501] [Bytes recibidos]: 27
[2026-10-02 14:22:05.502] [Bytes recibidos]: 81
[2026-10-02 14:22:05.502] [Bytes recibidos]: 54
[2026-10-02 14:22:05.502] [Bytes recibidos]: 67
[2026-10-02 14:22:05.503] [Bytes recibidos]: 13
[2026-10-02 14:22:05.503] [Data Recibida]: 17.664224664224662
[2026-10-02 14:22:05.503] [MIN]: -21
[2026-10-02 14:22:05.504] [MAX]: 121
[2026-10-02 14:22:05.504] [MAXBIN]: 4095
[2026-10-02 14:22:09.079] Datos recibidos (5 bytes): 1B 51 36 43 0D
[2026-10-02 14:22:09.080] [Bytes recibidos]: 27
[2026-10-02 14:22:09.080] [Bytes recibidos]: 81
[2026-10-02 14:22:09.080] [Bytes recibidos]: 54
[2026-10-02 14:22:09.081] [Bytes recibidos]: 67
[2026-10-02 14:22:09.081] [Bytes recibidos]: 13
[2026-10-02 14:22:09.081] [Data Recibida]: 17.664224664224662
[2026-10-02 14:22:09.082] [MIN]: -21
[2026-10-02 14:22:09.082] [MAX]: 121
[2026-10-02 14:22:09.082] [MAXBIN]: 4095
[2026-10-02 14:22:12.698] Datos recibidos (5 bytes): 1B 51 36 43 0D
[2026-10-02 14:22:12.699] [Bytes recibidos]: 27
[2026-10-02 14:22:12.699] [Bytes recibidos]: 81
[2026-10-02 14:22:12.699] [Bytes recibidos]: 54
[2026-10-02 14:22:12.699] [Bytes recibidos]: 67
[2026-10-02 14:22:12.700] [Bytes recibidos]: 13
[2026-10-02 14:22:12.700] [Data Recibida]: 17.664224664224662
[2026-10-02 14:22:12.700] [MIN]: -21
[2026-10-02 14:22:12.701] [MAX]: 121
[2026-10-02 14:22:12.701] [MAXBIN]: 4095
[2026-10-02 14:22:16.295] Datos recibidos (5 bytes): 1B 51 36 43 0D
[2026-10-02 14:22:16.296] [Bytes recibidos]: 27
[2026-10-02 14:22:16.296] [Bytes recibidos]: 81
[2026-10-02 14:22:16.296] [Bytes recibidos]: 54
[2026-10-02 14:22:16.297] [Bytes recibidos]: 67
[2026-10-02 14:22:16.297] [Bytes recibidos]: 13
[2026-10-02 14:22:16.297] [Data Recibida]: 17.664224664224662
[2026-10-02 14:22:16.298] [MIN]: -21
[2026-10-02 14:22:16.298] [MAX]: 121
[2026-10-02 14:22:16.298] [MAXBIN]: 4095
[2026-10-02 14:22:19.893] Datos recibidos (5 bytes): 1B 51 36 43 0D
[2026-10-02 14:22:19.894] [Bytes recibidos]: 27
[2026-10-02 14:22:19.894] [Bytes recibidos]: 81
[2026-10-02 14:22:19.894] [Bytes recibidos]: 54
[2026-10-02 14:22:19.895] [Bytes recibidos]: 67
[2026-10-02 14:22:19.895] [Bytes recibidos]: 13
[2026-10-02 14:22:19.895] [Data Recibida]: 17.664224664224662
[2026-10-02 14:22:19.895] [MIN]: -21
[2026-10-02 14:22:19.896] [MAX]: 121
[2026-10-02 14:22:19.896] [MAXBIN]: 4095
[2026-10-02 14:22:23.489] Datos recibidos (5 bytes): 1B 51 36 43 0D
[2026-10-02 14:22:23.490] [Bytes recibidos]: 27
[2026-10-02 14:22:23.490] [Bytes recibidos]: 81
[2026-10-02 14:22:23.490] [Bytes recibidos]: 54
[2026-10-02 14:22:23.491] [Bytes recibidos]: 67
[2026-10-02 14:22:23.491] [Bytes recibidos]: 13
[2026-10-02 14:22:23.491] [Data Recibida]: 17.664224664224662
[2026-10-02 14:22:23.492] [MIN]: -21
[2026-10-02 14:22:23.492] [MAX]: 121
[2026-10-02 14:22:23.492] [MAXBIN]: 4095
[2026-10-02 14:22:27.088] Datos recibidos (5 bytes): 1B 51 36 43 0D
[2026-10-02 14:22:27.089] [Bytes recibidos]: 27
[2026-10-02 14:22:27.089] [Bytes recibidos]: 81
[2026-10-02 14:22:27.089] [Bytes recibidos]: 54
[2026-10-02 14:22:27.089] [Bytes recibidos]: 67
[2026-10-02 14:22:27.090] [Bytes recibidos]: 13
[2026-10-02 14:22:27.090] [Data Recibida]: 17.664224664224662
[2026-10-02 14:22:27.090] [MIN]: -21
[2026-10-02 14:22:27.091] [MAX]: 121
[2026-10-02 14:22:27.091] [MAXBIN]: 4095
[2026-10-02 14:22:30.686] Datos recibidos (5 bytes): 1B 51 36 43 0D
[2026-10-02 14:22:30.686] [Bytes recibidos]: 27
[2026-10-02 14:22:30.686] [Bytes recibidos]: 81
[2026-10-02 14:22:30.687] [Bytes recibidos]: 54
[2026-10-02 14:22:30.687] [Bytes recibidos]: 67
[2026-10-02 14:22:30.687] [Bytes recibidos]: 13
[2026-10-02 14:22:30.688] [Data Recibida]: 17.664224664224662
[2026-10-02 14:22:30.688] [MIN]: -21
[2026-10-02 14:22:30.688] [MAX]: 121
[2026-10-02 14:22:30.688] [MAXBIN]: 4095
[2026-10-02 14:22:34.285] Datos recibidos (5 bytes): 1B 51 36 43 0D
[2026-10-02 14:22:34.285] [Bytes recibidos]: 27
[2026-10-02 14:22:34.285] [Bytes recibidos]: 81
[2026-10-02 14:22:34.286] [Bytes recibidos]: 54
[2026-10-02 14:22:34.286] [Bytes recibidos]: 67
[2026-10-02 14:22:34.286] [Bytes recibidos]: 13
[2026-10-02 14:22:34.287] [Data Recibida]: 17.664224664224662
[2026-10-02 14:22:34.287] [MIN]: -21
[2026-10-02 14:22:34.287] [MAX]: 121
[2026-10-02 14:22:34.287] [MAXBIN]: 4095
[2026-10-02 14:22:37.903] Datos recibidos (5 bytes): 1B 51 36 43 0D
[2026-10-02 14:22:37.903] [Bytes recibidos]: 27
[2026-10-02 14:22:37.904] [Bytes recibidos]: 81
[2026-10-02 14:22:37.904] [Bytes recibidos]: 54
[2026-10-02 14:22:37.904] [Bytes recibidos]: 67
[2026-10-02 14:22:37.905] [Bytes recibidos]: 13
[2026-10-02 14:22:37.905] [Data Recibida]: 17.664224664224662
[2026-10-02 14:22:37.905] [MIN]: -21
[2026-10-02 14:22:37.906] [MAX]: 121
[2026-10-02 14:22:37.906] [MAXBIN]: 4095
[2026-10-02 14:22:41.482] Datos recibidos (5 bytes): 1B 51 36 43 0D
[2026-10-02 14:22:41.482] [Bytes recibidos]: 27
[2026-10-02 14:22:41.482] [Bytes recibidos]: 81
[2026-10-02 14:22:41.482] [Bytes recibidos]: 54
[2026-10-02 14:22:41.483] [Bytes recibidos]: 67
[2026-10-02 14:22:41.483] [Bytes recibidos]: 13
[2026-10-02 14:22:41.483] [Data Recibida]: 17.664224664224662
[2026-10-02 14:22:41.484] [MIN]: -21
[2026-10-02 14:22:41.484] [MAX]: 121
[2026-10-02 14:22:41.484] [MAXBIN]: 4095
[2026-10-02 14:22:45.082] Datos recibidos (5 bytes): 1B 51 36 43 0D
[2026-10-02 14:22:45.082] [Bytes recibidos]: 27
[2026-10-02 14:22:45.082] [Bytes recibidos]: 81
[2026-10-02 14:22:45.083] [Bytes recibidos]: 54
[2026-10-02 14:22:45.083] [Bytes recibidos]: 67
[2026-10-02 14:22:45.083] [Bytes recibidos]: 13
[2026-10-02 14:22:45.083] [Data Recibida]: 17.664224664224662
[2026-10-02 14:22:45.083] [MIN]: -21
[2026-10-02 14:22:45.084] [MAX]: 121
[2026-10-02 14:22:45.084] [MAXBIN]: 4095
[2026-10-02 14:22:48.699] Datos recibidos (5 bytes): 1B 51 36 43 0D
[2026-10-02 14:22:48.700] [Bytes recibidos]: 27
[2026-10-02 14:22:48.700] [Bytes recibidos]: 81
[2026-10-02 14:22:48.700] [Bytes recibidos]: 54
[2026-10-02 14:22:48.700] [Bytes recibidos]: 67
[2026-10-02 14:22:48.701] [Bytes recibidos]: 13
[2026-10-02 14:22:48.701] [Data Recibida]: 17.664224664224662
[2026-10-02 14:22:48.701] [MIN]: -21
[2026-10-02 14:22:48.701] [MAX]: 121
[2026-10-02 14:22:48.702] [MAXBIN]: 4095
[2026-10-02 14:22:52.280] Datos recibidos (5 bytes): 1B 51 36 43 0D
[2026-10-02 14:22:52.280] [Bytes recibidos]: 27
[2026-10-02 14:22:52.280] [Bytes recibidos]: 81
[2026-10-02 14:22:52.280] [Bytes recibidos]: 54
[2026-10-02 14:22:52.281] [Bytes recibidos]: 67
[2026-10-02 14:22:52.281] [Bytes recibidos]: 13
[2026-10-02 14:22:52.281] [Data Recibida]: 17.664224664224662
[2026-10-02 14:22:52.281] [MIN]: -21
[2026-10-02 14:22:52.281] [MAX]: 121
[2026-10-02 14:22:52.282] [MAXBIN]: 4095
[2026-10-02 14:22:55.898] Datos recibidos (5 bytes): 1B 51 36 43 0D
[2026-10-02 14:22:55.898] [Bytes recibidos]: 27
[2026-10-02 14:22:55.899] [Bytes recibidos]: 81
[2026-10-02 14:22:55.899] [Bytes recibidos]: 54
[2026-10-02 14:22:55.899] [Bytes recibidos]: 67
[2026-10-02 14:22:55.899] [Bytes recibidos]: 13
[2026-10-02 14:22:55.899] [Data Recibida]: 17.664224664224662
[2026-10-02 14:22:55.900] [MIN]: -21
[2026-10-02 14:22:55.900] [MAX]: 121
[2026-10-02 14:22:55.900] [MAXBIN]: 4095
[2026-10-02 14:22:59.496] Datos recibidos (5 bytes): 1B 51 36 43 0D
[2026-10-02 14:22:59.496] [Bytes recibidos]: 27
[2026-10-02 14:22:59.497] [Bytes recibidos]: 81
[2026-10-02 14:22:59.497] [Bytes recibidos]: 54
[2026-10-02 14:22:59.497] [Bytes recibidos]: 67
[2026-10-02 14:22:59.497] [Bytes recibidos]: 13
[2026-10-02 14:22:59.498] [Data Recibida]: 17.664224664224662
[2026-10-02 14:22:59.498] [MIN]: -21
[2026-10-02 14:22:59.498] [MAX]: 121
[2026-10-02 14:22:59.498] [MAXBIN]: 4095
[2026-10-02 14:23:03.076] Datos recibidos (5 bytes): 1B 51 36 43 0D
[2026-10-02 14:23:03.077] [Bytes recibidos]: 27
[2026-10-02 14:23:03.077] [Bytes recibidos]: 81
[2026-10-02 14:23:03.078] [Bytes recibidos]: 54
[2026-10-02 14:23:03.078] [Bytes recibidos]: 67
[2026-10-02 14:23:03.078] [Bytes recibidos]: 13
[2026-10-02 14:23:03.078] [Data Recibida]: 17.664224664224662
[2026-10-02 14:23:03.078] [MIN]: -21
[2026-10-02 14:23:03.079] [MAX]: 121
[2026-10-02 14:23:03.079] [MAXBIN]: 4095
[2026-10-02 14:23:06.696] Datos recibidos (5 bytes): 1B 51 36 43 0D
[2026-10-02 14:23:06.696] [Bytes recibidos]: 27
[2026-10-02 14:23:06.696] [Bytes recibidos]: 81
[2026-10-02 14:23:06.697] [Bytes recibidos]: 54
[2026-10-02 14:23:06.697] [Bytes recibidos]: 67
[2026-10-02 14:23:06.697] [Bytes recibidos]: 13
[2026-10-02 14:23:06.698] [Data Recibida]: 17.664224664224662
[2026-10-02 14:23:06.698] [MIN]: -21
[2026-10-02 14:23:06.698] [MAX]: 121
[2026-10-02 14:23:06.698] [MAXBIN]: 4095
[2026-10-02 14:23:10.294] Datos recibidos (5 bytes): 1B 51 36 43 0D
[2026-10-02 14:23:10.295] [Bytes recibidos]: 27
[2026-10-02 14:23:10.295] [Bytes recibidos]: 81
[2026-10-02 14:23:10.295] [Bytes recibidos]: 54
[2026-10-02 14:23:10.295] [Bytes recibidos]: 67
[2026-10-02 14:23:10.295] [Bytes recibidos]: 13
[2026-10-02 14:23:10.296] [Data Recibida]: 17.664224664224662
[2026-10-02 14:23:10.296] [MIN]: -21
[2026-10-02 14:23:10.296] [MAX]: 121
[2026-10-02 14:23:10.296] [MAXBIN]: 4095
[2026-10-02 14:23:13.893] Datos recibidos (5 bytes): 1B 51 36 43 0D
[2026-10-02 14:23:13.893] [Bytes recibidos]: 27
[2026-10-02 14:23:13.893] [Bytes recibidos]: 81
[2026-10-02 14:23:13.894] [Bytes recibidos]: 54
[2026-10-02 14:23:13.894] [Bytes recibidos]: 67
[2026-10-02 14:23:13.894] [Bytes recibidos]: 13
[2026-10-02 14:23:13.894] [Data Recibida]: 17.664224664224662
[2026-10-02 14:23:13.894] [MIN]: -21
[2026-10-02 14:23:13.895] [MAX]: 121
[2026-10-02 14:23:13.895] [MAXBIN]: 4095
[2026-10-02 14:23:17.493] Datos recibidos (5 bytes): 1B 51 36 43 0D
[2026-10-02 14:23:17.493] [Bytes recibidos]: 27
[2026-10-02 14:23:17.493] [Bytes recibidos]: 81
[2026-10-02 14:23:17.494] [Bytes recibidos]: 54
[2026-10-02 14:23:17.494] [Bytes recibidos]: 67
[2026-10-02 14:23:17.494] [Bytes recibidos]: 13
[2026-10-02 14:23:17.494] [Data Recibida]: 17.664224664224662
[2026-10-02 14:23:17.495] [MIN]: -21
[2026-10-02 14:23:17.495] [MAX]: 121
[2026-10-02 14:23:17.495] [MAXBIN]: 4095
[2026-10-02 14:23:21.091] Datos recibidos (5 bytes): 1B 51 36 43 0D
[2026-10-02 14:23:21.091] [Bytes recibidos]: 27
[2026-10-02 14:23:21.092] [Bytes recibidos]: 81
[2026-10-02 14:23:21.092] [Bytes recibidos]: 54
[2026-10-02 14:23:21.092] [Bytes recibidos]: 67
[2026-10-02 14:23:21.092] [Bytes recibidos]: 13
[2026-10-02 14:23:21.093] [Data Recibida]: 17.664224664224662
[2026-10-02 14:23:21.093] [MIN]: -21
[2026-10-02 14:23:21.093] [MAX]: 121
[2026-10-02 14:23:21.093] [MAXBIN]: 4095
[2026-10-02 14:23:24.689] Datos recibidos (5 bytes): 1B 51 36 43 0D
[2026-10-02 14:23:24.690] [Bytes recibidos]: 27
[2026-10-02 14:23:24.690] [Bytes recibidos]: 81
[2026-10-02 14:23:24.690] [Bytes recibidos]: 54
[2026-10-02 14:23:24.690] [Bytes recibidos]: 67
[2026-10-02 14:23:24.690] [Bytes recibidos]: 13
[2026-10-02 14:23:24.691] [Data Recibida]: 17.664224664224662
[2026-10-02 14:23:24.691] [MIN]: -21
[2026-10-02 14:23:24.691] [MAX]: 121
[2026-10-02 14:23:24.691] [MAXBIN]: 4095
[2026-10-02 14:23:28.288] Datos recibidos (5 bytes): 1B 51 36 43 0D
[2026-10-02 14:23:28.289] [Bytes recibidos]: 27
[2026-10-02 14:23:28.289] [Bytes recibidos]: 81
[2026-10-02 14:23:28.289] [Bytes recibidos]: 54
[2026-10-02 14:23:28.289] [Bytes recibidos]: 67
[2026-10-02 14:23:28.289] [Bytes recibidos]: 13
[2026-10-02 14:23:28.289] [Data Recibida]: 17.664224664224662
[2026-10-02 14:23:28.290] [MIN]: -21
[2026-10-02 14:23:28.290] [MAX]: 121
[2026-10-02 14:23:28.290] [MAXBIN]: 4095
[2026-10-02 14:23:31.905] Datos recibidos (5 bytes): 1B 51 36 43 0D
[2026-10-02 14:23:31.905] [Bytes recibidos]: 27
[2026-10-02 14:23:31.906] [Bytes recibidos]: 81
[2026-10-02 14:23:31.906] [Bytes recibidos]: 54
[2026-10-02 14:23:31.906] [Bytes recibidos]: 67
[2026-10-02 14:23:31.906] [Bytes recibidos]: 13
[2026-10-02 14:23:31.906] [Data Recibida]: 17.664224664224662
[2026-10-02 14:23:31.907] [MIN]: -21
[2026-10-02 14:23:31.907] [MAX]: 121
[2026-10-02 14:23:31.907] [MAXBIN]: 4095
[2026-10-02 14:23:35.481] Datos recibidos (5 bytes): 1B 51 36 43 0D
[2026-10-02 14:23:35.481] [Bytes recibidos]: 27
[2026-10-02 14:23:35.482] [Bytes recibidos]: 81
[2026-10-02 14:23:35.482] [Bytes recibidos]: 54
[2026-10-02 14:23:35.482] [Bytes recibidos]: 67
[2026-10-02 14:23:35.482] [Bytes recibidos]: 13
[2026-10-02 14:23:35.482] [Data Recibida]: 17.664224664224662
[2026-10-02 14:23:35.483] [MIN]: -21
[2026-10-02 14:23:35.483] [MAX]: 121
[2026-10-02 14:23:35.483] [MAXBIN]: 4095
[2026-10-02 14:23:39.099] Datos recibidos (5 bytes): 1B 51 36 43 0D
[2026-10-02 14:23:39.099] [Bytes recibidos]: 27
[2026-10-02 14:23:39.099] [Bytes recibidos]: 81
[2026-10-02 14:23:39.099] [Bytes recibidos]: 54
[2026-10-02 14:23:39.099] [Bytes recibidos]: 67
[2026-10-02 14:23:39.100] [Bytes recibidos]: 13
[2026-10-02 14:23:39.100] [Data Recibida]: 17.664224664224662
[2026-10-02 14:23:39.100] [MIN]: -21
[2026-10-02 14:23:39.100] [MAX]: 121
[2026-10-02 14:23:39.100] [MAXBIN]: 4095
[2026-10-02 14:23:42.696] Datos recibidos (5 bytes): 1B 51 36 43 0D
[2026-10-02 14:23:42.696] [Bytes recibidos]: 27
[2026-10-02 14:23:42.696] [Bytes recibidos]: 81
[2026-10-02 14:23:42.696] [Bytes recibidos]: 54
[2026-10-02 14:23:42.696] [Bytes recibidos]: 67
[2026-10-02 14:23:42.696] [Bytes recibidos]: 13
[2026-10-02 14:23:42.697] [Data Recibida]: 17.664224664224662
[2026-10-02 14:23:42.697] [MIN]: -21
[2026-10-02 14:23:42.697] [MAX]: 121
[2026-10-02 14:23:42.697] [MAXBIN]: 4095
[2026-10-02 14:23:46.292] Datos recibidos (5 bytes): 1B 51 36 43 0D
[2026-10-02 14:23:46.292] [Bytes recibidos]: 27
[2026-10-02 14:23:46.292] [Bytes recibidos]: 81
[2026-10-02 14:23:46.293] [Bytes recibidos]: 54
[2026-10-02 14:23:46.293] [Bytes recibidos]: 67
[2026-10-02 14:23:46.293] [Bytes recibidos]: 13
[2026-10-02 14:23:46.293] [Data Recibida]: 17.664224664224662
[2026-10-02 14:23:46.293] [MIN]: -21
[2026-10-02 14:23:46.293] [MAX]: 121
[2026-10-02 14:23:46.294] [MAXBIN]: 4095
[2026-10-02 14:23:49.891] Datos recibidos (5 bytes): 1B 51 36 43 0D
[2026-10-02 14:23:49.891] [Bytes recibidos]: 27
[2026-10-02 14:23:49.891] [Bytes recibidos]: 81
[2026-10-02 14:23:49.891] [Bytes recibidos]: 54
[2026-10-02 14:23:49.891] [Bytes recibidos]: 67
[2026-10-02 14:23:49.892] [Bytes recibidos]: 13
[2026-10-02 14:23:49.892] [Data Recibida]: 17.664224664224662
[2026-10-02 14:23:49.892] [MIN]: -21
[2026-10-02 14:23:49.892] [MAX]: 121
[2026-10-02 14:23:49.892] [MAXBIN]: 4095
[2026-10-02 14:23:53.509] Datos recibidos (5 bytes): 1B 51 36 43 0D
[2026-10-02 14:23:53.510] [Bytes recibidos]: 27
[2026-10-02 14:23:53.510] [Bytes recibidos]: 81
[2026-10-02 14:23:53.510] [Bytes recibidos]: 54
[2026-10-02 14:23:53.510] [Bytes recibidos]: 67
[2026-10-02 14:23:53.510] [Bytes recibidos]: 13
[2026-10-02 14:23:53.511] [Data Recibida]: 17.664224664224662
[2026-10-02 14:23:53.511] [MIN]: -21
[2026-10-02 14:23:53.511] [MAX]: 121
[2026-10-02 14:23:53.511] [MAXBIN]: 4095
[2026-10-02 14:23:57.087] Datos recibidos (5 bytes): 1B 51 36 43 0D
[2026-10-02 14:23:57.087] [Bytes recibidos]: 27
[2026-10-02 14:23:57.087] [Bytes recibidos]: 81
[2026-10-02 14:23:57.087] [Bytes recibidos]: 54
[2026-10-02 14:23:57.087] [Bytes recibidos]: 67
[2026-10-02 14:23:57.088] [Bytes recibidos]: 13
[2026-10-02 14:23:57.088] [Data Recibida]: 17.664224664224662
[2026-10-02 14:23:57.088] [MIN]: -21
[2026-10-02 14:23:57.088] [MAX]: 121
[2026-10-02 14:23:57.088] [MAXBIN]: 4095
[2026-10-02 14:24:00.704] Datos recibidos (5 bytes): 1B 51 36 43 0D
[2026-10-02 14:24:00.704] [Bytes recibidos]: 27
[2026-10-02 14:24:00.704] [Bytes recibidos]: 81
[2026-10-02 14:24:00.704] [Bytes recibidos]: 54
[2026-10-02 14:24:00.705] [Bytes recibidos]: 67
[2026-10-02 14:24:00.705] [Bytes recibidos]: 13
[2026-10-02 14:24:00.705] [Data Recibida]: 17.664224664224662
[2026-10-02 14:24:00.705] [MIN]: -21
[2026-10-02 14:24:00.705] [MAX]: 121
[2026-10-02 14:24:00.705] [MAXBIN]: 4095
[2026-10-02 14:24:04.301] Datos recibidos (5 bytes): 1B 51 36 43 0D
[2026-10-02 14:24:04.301] [Bytes recibidos]: 27
[2026-10-02 14:24:04.302] [Bytes recibidos]: 81
[2026-10-02 14:24:04.302] [Bytes recibidos]: 54
[2026-10-02 14:24:04.303] [Bytes recibidos]: 67
[2026-10-02 14:24:04.303] [Bytes recibidos]: 13
[2026-10-02 14:24:04.303] [Data Recibida]: 17.664224664224662
[2026-10-02 14:24:04.303] [MIN]: -21
[2026-10-02 14:24:04.303] [MAX]: 121
[2026-10-02 14:24:04.304] [MAXBIN]: 4095
[2026-10-02 14:24:07.879] Datos recibidos (5 bytes): 1B 51 36 43 0D
[2026-10-02 14:24:07.880] [Bytes recibidos]: 27
[2026-10-02 14:24:07.880] [Bytes recibidos]: 81
[2026-10-02 14:24:07.880] [Bytes recibidos]: 54
[2026-10-02 14:24:07.880] [Bytes recibidos]: 67
[2026-10-02 14:24:07.880] [Bytes recibidos]: 13
[2026-10-02 14:24:07.880] [Data Recibida]: 17.664224664224662
[2026-10-02 14:24:07.881] [MIN]: -21
[2026-10-02 14:24:07.881] [MAX]: 121
[2026-10-02 14:24:07.881] [MAXBIN]: 4095
[2026-10-02 14:24:11.496] Datos recibidos (5 bytes): 1B 51 36 43 0D
[2026-10-02 14:24:11.496] [Bytes recibidos]: 27
[2026-10-02 14:24:11.497] [Bytes recibidos]: 81
[2026-10-02 14:24:11.497] [Bytes recibidos]: 54
[2026-10-02 14:24:11.497] [Bytes recibidos]: 67
[2026-10-02 14:24:11.497] [Bytes recibidos]: 13
[2026-10-02 14:24:11.497] [Data Recibida]: 17.664224664224662
[2026-10-02 14:24:11.497] [MIN]: -21
[2026-10-02 14:24:11.498] [MAX]: 121
[2026-10-02 14:24:11.498] [MAXBIN]: 4095
[2026-10-02 14:24:15.093] Datos recibidos (5 bytes): 1B 51 36 43 0D
[2026-10-02 14:24:15.093] [Bytes recibidos]: 27
[2026-10-02 14:24:15.093] [Bytes recibidos]: 81
[2026-10-02 14:24:15.094] [Bytes recibidos]: 54
[2026-10-02 14:24:15.094] [Bytes recibidos]: 67
[2026-10-02 14:24:15.094] [Bytes recibidos]: 13
[2026-10-02 14:24:15.094] [Data Recibida]: 17.664224664224662
[2026-10-02 14:24:15.094] [MIN]: -21
[2026-10-02 14:24:15.094] [MAX]: 121
[2026-10-02 14:24:15.094] [MAXBIN]: 4095
[2026-10-02 14:24:18.690] Datos recibidos (5 bytes): 1B 51 36 43 0D
[2026-10-02 14:24:18.691] [Bytes recibidos]: 27
[2026-10-02 14:24:18.691] [Bytes recibidos]: 81
[2026-10-02 14:24:18.691] [Bytes recibidos]: 54
[2026-10-02 14:24:18.691] [Bytes recibidos]: 67
[2026-10-02 14:24:18.691] [Bytes recibidos]: 13
[2026-10-02 14:24:18.691] [Data Recibida]: 17.664224664224662
[2026-10-02 14:24:18.691] [MIN]: -21
[2026-10-02 14:24:18.691] [MAX]: 121
[2026-10-02 14:24:18.692] [MAXBIN]: 4095
[2026-10-02 14:24:22.290] Datos recibidos (5 bytes): 1B 51 36 43 0D
[2026-10-02 14:24:22.290] [Bytes recibidos]: 27
[2026-10-02 14:24:22.290] [Bytes recibidos]: 81
[2026-10-02 14:24:22.290] [Bytes recibidos]: 54
[2026-10-02 14:24:22.290] [Bytes recibidos]: 67
[2026-10-02 14:24:22.290] [Bytes recibidos]: 13
[2026-10-02 14:24:22.290] [Data Recibida]: 17.664224664224662
[2026-10-02 14:24:22.291] [MIN]: -21
[2026-10-02 14:24:22.291] [MAX]: 121
[2026-10-02 14:24:22.291] [MAXBIN]: 4095
[2026-10-02 14:24:25.907] Datos recibidos (5 bytes): 1B 51 36 43 0D
[2026-10-02 14:24:25.907] [Bytes recibidos]: 27
[2026-10-02 14:24:25.907] [Bytes recibidos]: 81
[2026-10-02 14:24:25.907] [Bytes recibidos]: 54
[2026-10-02 14:24:25.907] [Bytes recibidos]: 67
[2026-10-02 14:24:25.908] [Bytes recibidos]: 13
[2026-10-02 14:24:25.908] [Data Recibida]: 17.664224664224662
[2026-10-02 14:24:25.908] [MIN]: -21
[2026-10-02 14:24:25.908] [MAX]: 121
[2026-10-02 14:24:25.908] [MAXBIN]: 4095
[2026-10-02 14:24:29.485] Datos recibidos (5 bytes): 1B 51 36 43 0D
[2026-10-02 14:24:29.485] [Bytes recibidos]: 27
[2026-10-02 14:24:29.485] [Bytes recibidos]: 81
[2026-10-02 14:24:29.485] [Bytes recibidos]: 54
[2026-10-02 14:24:29.485] [Bytes recibidos]: 67
[2026-10-02 14:24:29.485] [Bytes recibidos]: 13
[2026-10-02 14:24:29.485] [Data Recibida]: 17.664224664224662
[2026-10-02 14:24:29.486] [MIN]: -21
[2026-10-02 14:24:29.486] [MAX]: 121
[2026-10-02 14:24:29.486] [MAXBIN]: 4095
[2026-10-02 14:24:33.103] Datos recibidos (5 bytes): 1B 51 36 43 0D
[2026-10-02 14:24:33.103] [Bytes recibidos]: 27
[2026-10-02 14:24:33.103] [Bytes recibidos]: 81
[2026-10-02 14:24:33.103] [Bytes recibidos]: 54
[2026-10-02 14:24:33.103] [Bytes recibidos]: 67
[2026-10-02 14:24:33.103] [Bytes recibidos]: 13
[2026-10-02 14:24:33.104] [Data Recibida]: 17.664224664224662
[2026-10-02 14:24:33.104] [MIN]: -21
[2026-10-02 14:24:33.104] [MAX]: 121
[2026-10-02 14:24:33.104] [MAXBIN]: 4095
[2026-10-02 14:24:36.700] Datos recibidos (5 bytes): 1B 51 36 43 0D
[2026-10-02 14:24:36.700] [Bytes recibidos]: 27
[2026-10-02 14:24:36.701] [Bytes recibidos]: 81
[2026-10-02 14:24:36.701] [Bytes recibidos]: 54
[2026-10-02 14:24:36.702] [Bytes recibidos]: 67
[2026-10-02 14:24:36.702] [Bytes recibidos]: 13
[2026-10-02 14:24:36.702] [Data Recibida]: 17.664224664224662
[2026-10-02 14:24:36.702] [MIN]: -21
[2026-10-02 14:24:36.702] [MAX]: 121
[2026-10-02 14:24:36.702] [MAXBIN]: 4095
[2026-10-02 14:24:40.299] Datos recibidos (5 bytes): 1B 51 36 43 0D
[2026-10-02 14:24:40.299] [Bytes recibidos]: 27
[2026-10-02 14:24:40.300] [Bytes recibidos]: 81
[2026-10-02 14:24:40.300] [Bytes recibidos]: 54
[2026-10-02 14:24:40.300] [Bytes recibidos]: 67
[2026-10-02 14:24:40.300] [Bytes recibidos]: 13
[2026-10-02 14:24:40.300] [Data Recibida]: 17.664224664224662
[2026-10-02 14:24:40.300] [MIN]: -21
[2026-10-02 14:24:40.300] [MAX]: 121
[2026-10-02 14:24:40.301] [MAXBIN]: 4095
[2026-10-02 14:24:43.897] Datos recibidos (5 bytes): 1B 51 36 43 0D
[2026-10-02 14:24:43.897] [Bytes recibidos]: 27
[2026-10-02 14:24:43.897] [Bytes recibidos]: 81
[2026-10-02 14:24:43.898] [Bytes recibidos]: 54
[2026-10-02 14:24:43.898] [Bytes recibidos]: 67
[2026-10-02 14:24:43.898] [Bytes recibidos]: 13
[2026-10-02 14:24:43.898] [Data Recibida]: 17.664224664224662
[2026-10-02 14:24:43.898] [MIN]: -21
[2026-10-02 14:24:43.898] [MAX]: 121
[2026-10-02 14:24:43.898] [MAXBIN]: 4095
[2026-10-02 14:24:47.494] Datos recibidos (5 bytes): 1B 51 36 43 0D
[2026-10-02 14:24:47.494] [Bytes recibidos]: 27
[2026-10-02 14:24:47.494] [Bytes recibidos]: 81
[2026-10-02 14:24:47.494] [Bytes recibidos]: 54
[2026-10-02 14:24:47.494] [Bytes recibidos]: 67
[2026-10-02 14:24:47.495] [Bytes recibidos]: 13
[2026-10-02 14:24:47.495] [Data Recibida]: 17.664224664224662
[2026-10-02 14:24:47.495] [MIN]: -21
[2026-10-02 14:24:47.495] [MAX]: 121
[2026-10-02 14:24:47.495] [MAXBIN]: 4095
[2026-10-02 14:24:51.091] Datos recibidos (5 bytes): 1B 51 36 43 0D
[2026-10-02 14:24:51.092] [Bytes recibidos]: 27
[2026-10-02 14:24:51.092] [Bytes recibidos]: 81
[2026-10-02 14:24:51.092] [Bytes recibidos]: 54
[2026-10-02 14:24:51.092] [Bytes recibidos]: 67
[2026-10-02 14:24:51.092] [Bytes recibidos]: 13
[2026-10-02 14:24:51.092] [Data Recibida]: 17.664224664224662
[2026-10-02 14:24:51.092] [MIN]: -21
[2026-10-02 14:24:51.092] [MAX]: 121
[2026-10-02 14:24:51.093] [MAXBIN]: 4095
[2026-10-02 14:24:54.691] Datos recibidos (5 bytes): 1B 51 36 43 0D
[2026-10-02 14:24:54.691] [Bytes recibidos]: 27
[2026-10-02 14:24:54.691] [Bytes recibidos]: 81
[2026-10-02 14:24:54.691] [Bytes recibidos]: 54
[2026-10-02 14:24:54.691] [Bytes recibidos]: 67
[2026-10-02 14:24:54.691] [Bytes recibidos]: 13
[2026-10-02 14:24:54.692] [Data Recibida]: 17.664224664224662
[2026-10-02 14:24:54.692] [MIN]: -21
[2026-10-02 14:24:54.692] [MAX]: 121
[2026-10-02 14:24:54.692] [MAXBIN]: 4095
[2026-10-02 14:24:58.308] Datos recibidos (5 bytes): 1B 51 36 43 0D
[2026-10-02 14:24:58.308] [Bytes recibidos]: 27
[2026-10-02 14:24:58.309] [Bytes recibidos]: 81
[2026-10-02 14:24:58.309] [Bytes recibidos]: 54
[2026-10-02 14:24:58.309] [Bytes recibidos]: 67
[2026-10-02 14:24:58.309] [Bytes recibidos]: 13
[2026-10-02 14:24:58.309] [Data Recibida]: 17.664224664224662
[2026-10-02 14:24:58.309] [MIN]: -21
[2026-10-02 14:24:58.310] [MAX]: 121
[2026-10-02 14:24:58.310] [MAXBIN]: 4095
[2026-10-02 14:25:01.885] Datos recibidos (4 bytes): 1B 51 36 43
[2026-10-02 14:25:01.885] [Bytes recibidos]: 27
[2026-10-02 14:25:01.885] [Bytes recibidos]: 81
[2026-10-02 14:25:01.885] [Bytes recibidos]: 54
[2026-10-02 14:25:01.885] [Bytes recibidos]: 67
[2026-10-02 14:25:01.886] [Data Recibida]: 17.664224664224662
[2026-10-02 14:25:01.886] [MIN]: -21
[2026-10-02 14:25:01.886] [MAX]: 121
[2026-10-02 14:25:01.886] [MAXBIN]: 4095
[2026-10-02 14:25:03.887] Datos recibidos (1 bytes): 0D
[2026-10-02 14:25:03.887] [Bytes recibidos]: 13
[2026-10-02 14:25:05.888] Datos recibidos (5 bytes): 1B 51 36 43 0D
[2026-10-02 14:25:05.888] [Bytes recibidos]: 27
[2026-10-02 14:25:05.888] [Bytes recibidos]: 81
[2026-10-02 14:25:05.888] [Bytes recibidos]: 54
[2026-10-02 14:25:05.888] [Bytes recibidos]: 67
[2026-10-02 14:25:05.888] [Bytes recibidos]: 13
[2026-10-02 14:25:05.888] [Data Recibida]: 17.664224664224662
[2026-10-02 14:25:05.888] [MIN]: -21
[2026-10-02 14:25:05.889] [MAX]: 121
[2026-10-02 14:25:05.889] [MAXBIN]: 4095
[2026-10-02 14:25:09.103] Datos recibidos (5 bytes): 1B 51 36 43 0D
[2026-10-02 14:25:09.103] [Bytes recibidos]: 27
[2026-10-02 14:25:09.104] [Bytes recibidos]: 81
[2026-10-02 14:25:09.104] [Bytes recibidos]: 54
[2026-10-02 14:25:09.105] [Bytes recibidos]: 67
[2026-10-02 14:25:09.105] [Bytes recibidos]: 13
[2026-10-02 14:25:09.105] [Data Recibida]: 17.664224664224662
[2026-10-02 14:25:09.105] [MIN]: -21
[2026-10-02 14:25:09.105] [MAX]: 121
[2026-10-02 14:25:09.105] [MAXBIN]: 4095
[2026-10-02 14:25:12.701] Datos recibidos (5 bytes): 1B 51 36 43 0D
[2026-10-02 14:25:12.701] [Bytes recibidos]: 27
[2026-10-02 14:25:12.701] [Bytes recibidos]: 81
[2026-10-02 14:25:12.701] [Bytes recibidos]: 54
[2026-10-02 14:25:12.701] [Bytes recibidos]: 67
[2026-10-02 14:25:12.702] [Bytes recibidos]: 13
[2026-10-02 14:25:12.702] [Data Recibida]: 17.664224664224662
[2026-10-02 14:25:12.702] [MIN]: -21
[2026-10-02 14:25:12.702] [MAX]: 121
[2026-10-02 14:25:12.702] [MAXBIN]: 4095
[2026-10-02 14:25:16.298] Datos recibidos (5 bytes): 1B 51 36 43 0D
[2026-10-02 14:25:16.298] [Bytes recibidos]: 27
[2026-10-02 14:25:16.298] [Bytes recibidos]: 81
[2026-10-02 14:25:16.298] [Bytes recibidos]: 54
[2026-10-02 14:25:16.298] [Bytes recibidos]: 67
[2026-10-02 14:25:16.298] [Bytes recibidos]: 13
[2026-10-02 14:25:16.299] [Data Recibida]: 17.664224664224662
[2026-10-02 14:25:16.299] [MIN]: -21
[2026-10-02 14:25:16.299] [MAX]: 121
[2026-10-02 14:25:16.299] [MAXBIN]: 4095
[2026-10-02 14:25:19.896] Datos recibidos (5 bytes): 1B 51 36 43 0D
[2026-10-02 14:25:19.896] [Bytes recibidos]: 27
[2026-10-02 14:25:19.896] [Bytes recibidos]: 81
[2026-10-02 14:25:19.896] [Bytes recibidos]: 54
[2026-10-02 14:25:19.897] [Bytes recibidos]: 67
[2026-10-02 14:25:19.897] [Bytes recibidos]: 13
[2026-10-02 14:25:19.897] [Data Recibida]: 17.664224664224662
[2026-10-02 14:25:19.897] [MIN]: -21
[2026-10-02 14:25:19.897] [MAX]: 121
[2026-10-02 14:25:19.897] [MAXBIN]: 4095
[2026-10-02 14:25:23.493] Datos recibidos (3 bytes): 1B 51 36
[2026-10-02 14:25:23.494] [Bytes recibidos]: 27
[2026-10-02 14:25:23.494] [Bytes recibidos]: 81
[2026-10-02 14:25:23.494] [Bytes recibidos]: 54
[2026-10-02 14:25:23.494] [Data Recibida]: 17.664224664224662
[2026-10-02 14:25:23.494] [MIN]: -21
[2026-10-02 14:25:23.494] [MAX]: 121
[2026-10-02 14:25:23.494] [MAXBIN]: 4095
[2026-10-02 14:25:25.495] Datos recibidos (2 bytes): 43 0D
[2026-10-02 14:25:25.495] [Bytes recibidos]: 67
[2026-10-02 14:25:25.495] [Bytes recibidos]: 13
[2026-10-02 14:25:25.495] [Data Recibida]: 7.954822954822955
[2026-10-02 14:25:25.495] [MIN]: -21
[2026-10-02 14:25:25.496] [MAX]: 121
[2026-10-02 14:25:25.496] [MAXBIN]: 4095
[2026-10-02 14:25:27.496] Datos recibidos (5 bytes): 1B 51 36 43 0D
[2026-10-02 14:25:27.497] [Bytes recibidos]: 27
[2026-10-02 14:25:27.497] [Bytes recibidos]: 81
[2026-10-02 14:25:27.497] [Bytes recibidos]: 54
[2026-10-02 14:25:27.497] [Bytes recibidos]: 67
[2026-10-02 14:25:27.497] [Bytes recibidos]: 13
[2026-10-02 14:25:27.497] [Data Recibida]: 17.664224664224662
[2026-10-02 14:25:27.497] [MIN]: -21
[2026-10-02 14:25:27.497] [MAX]: 121
[2026-10-02 14:25:27.497] [MAXBIN]: 4095
[2026-10-02 14:25:30.709] Datos recibidos (5 bytes): 1B 51 36 43 0D
[2026-10-02 14:25:30.709] [Bytes recibidos]: 27
[2026-10-02 14:25:30.709] [Bytes recibidos]: 81
[2026-10-02 14:25:30.709] [Bytes recibidos]: 54
[2026-10-02 14:25:30.709] [Bytes recibidos]: 67
[2026-10-02 14:25:30.710] [Bytes recibidos]: 13
[2026-10-02 14:25:30.710] [Data Recibida]: 17.664224664224662
[2026-10-02 14:25:30.710] [MIN]: -21
[2026-10-02 14:25:30.710] [MAX]: 121
[2026-10-02 14:25:30.710] [MAXBIN]: 4095
[2026-10-02 14:25:34.288] Datos recibidos (3 bytes): 1B 51 36
[2026-10-02 14:25:34.288] [Bytes recibidos]: 27
[2026-10-02 14:25:34.288] [Bytes recibidos]: 81
[2026-10-02 14:25:34.288] [Bytes recibidos]: 54
[2026-10-02 14:25:34.289] [Data Recibida]: 17.664224664224662
[2026-10-02 14:25:34.289] [MIN]: -21
[2026-10-02 14:25:34.289] [MAX]: 121
[2026-10-02 14:25:34.289] [MAXBIN]: 4095
[2026-10-02 14:25:36.290] Datos recibidos (2 bytes): 43 0D
[2026-10-02 14:25:36.290] [Bytes recibidos]: 67
[2026-10-02 14:25:36.290] [Bytes recibidos]: 13
[2026-10-02 14:25:36.290] [Data Recibida]: 7.954822954822955
[2026-10-02 14:25:36.290] [MIN]: -21
[2026-10-02 14:25:36.290] [MAX]: 121
[2026-10-02 14:25:36.290] [MAXBIN]: 4095
[2026-10-02 14:25:38.291] Datos recibidos (5 bytes): 1B 51 36 43 0D
[2026-10-02 14:25:38.291] [Bytes recibidos]: 27
[2026-10-02 14:25:38.291] [Bytes recibidos]: 81
[2026-10-02 14:25:38.292] [Bytes recibidos]: 54
[2026-10-02 14:25:38.292] [Bytes recibidos]: 67
[2026-10-02 14:25:38.292] [Bytes recibidos]: 13
[2026-10-02 14:25:38.292] [Data Recibida]: 17.664224664224662
[2026-10-02 14:25:38.292] [MIN]: -21
[2026-10-02 14:25:38.292] [MAX]: 121
[2026-10-02 14:25:38.292] [MAXBIN]: 4095
[2026-10-02 14:25:41.505] Datos recibidos (5 bytes): 1B 51 36 43 0D
[2026-10-02 14:25:41.505] [Bytes recibidos]: 27
[2026-10-02 14:25:41.507] [Bytes recibidos]: 81
[2026-10-02 14:25:41.507] [Bytes recibidos]: 54
[2026-10-02 14:25:41.507] [Bytes recibidos]: 67
[2026-10-02 14:25:41.507] [Bytes recibidos]: 13
[2026-10-02 14:25:41.507] [Data Recibida]: 17.664224664224662
[2026-10-02 14:25:41.507] [MIN]: -21
[2026-10-02 14:25:41.507] [MAX]: 121
[2026-10-02 14:25:41.508] [MAXBIN]: 4095
[2026-10-02 14:25:45.085] Datos recibidos (4 bytes): 1B 51 36 43
[2026-10-02 14:25:45.086] [Bytes recibidos]: 27
[2026-10-02 14:25:45.086] [Bytes recibidos]: 81
[2026-10-02 14:25:45.086] [Bytes recibidos]: 54
[2026-10-02 14:25:45.086] [Bytes recibidos]: 67
[2026-10-02 14:25:45.086] [Data Recibida]: 17.664224664224662
[2026-10-02 14:25:45.086] [MIN]: -21
[2026-10-02 14:25:45.086] [MAX]: 121
[2026-10-02 14:25:45.086] [MAXBIN]: 4095
[2026-10-02 14:25:47.087] Datos recibidos (1 bytes): 0D
[2026-10-02 14:25:47.087] [Bytes recibidos]: 13
[2026-10-02 14:25:49.088] Datos recibidos (5 bytes): 1B 51 36 43 0D
[2026-10-02 14:25:49.088] [Bytes recibidos]: 27
[2026-10-02 14:25:49.088] [Bytes recibidos]: 81
[2026-10-02 14:25:49.088] [Bytes recibidos]: 54
[2026-10-02 14:25:49.088] [Bytes recibidos]: 67
[2026-10-02 14:25:49.088] [Bytes recibidos]: 13
[2026-10-02 14:25:49.088] [Data Recibida]: 17.664224664224662
[2026-10-02 14:25:49.088] [MIN]: -21
[2026-10-02 14:25:49.089] [MAX]: 121
[2026-10-02 14:25:49.089] [MAXBIN]: 4095
[2026-10-02 14:25:52.301] Datos recibidos (5 bytes): 1B 51 36 43 0D
[2026-10-02 14:25:52.301] [Bytes recibidos]: 27
[2026-10-02 14:25:52.303] [Bytes recibidos]: 81
[2026-10-02 14:25:52.303] [Bytes recibidos]: 54
[2026-10-02 14:25:52.303] [Bytes recibidos]: 67
[2026-10-02 14:25:52.303] [Bytes recibidos]: 13
[2026-10-02 14:25:52.303] [Data Recibida]: 17.664224664224662
[2026-10-02 14:25:52.303] [MIN]: -21
[2026-10-02 14:25:52.303] [MAX]: 121
[2026-10-02 14:25:52.303] [MAXBIN]: 4095
[2026-10-02 14:25:55.898] Datos recibidos (4 bytes): 1B 51 36 43
[2026-10-02 14:25:55.898] [Bytes recibidos]: 27
[2026-10-02 14:25:55.898] [Bytes recibidos]: 81
[2026-10-02 14:25:55.898] [Bytes recibidos]: 54
[2026-10-02 14:25:55.898] [Bytes recibidos]: 67
[2026-10-02 14:25:55.899] [Data Recibida]: 17.664224664224662
[2026-10-02 14:25:55.899] [MIN]: -21
[2026-10-02 14:25:55.899] [MAX]: 121
[2026-10-02 14:25:55.899] [MAXBIN]: 4095
[2026-10-02 14:25:57.900] Datos recibidos (1 bytes): 0D
[2026-10-02 14:25:57.900] [Bytes recibidos]: 13
[2026-10-02 14:25:59.901] Datos recibidos (5 bytes): 1B 51 36 43 0D
[2026-10-02 14:25:59.901] [Bytes recibidos]: 27
[2026-10-02 14:25:59.901] [Bytes recibidos]: 81
[2026-10-02 14:25:59.901] [Bytes recibidos]: 54
[2026-10-02 14:25:59.901] [Bytes recibidos]: 67
[2026-10-02 14:25:59.901] [Bytes recibidos]: 13
[2026-10-02 14:25:59.901] [Data Recibida]: 17.664224664224662
[2026-10-02 14:25:59.901] [MIN]: -21
[2026-10-02 14:25:59.901] [MAX]: 121
[2026-10-02 14:25:59.901] [MAXBIN]: 4095
[2026-10-02 14:26:03.114] Datos recibidos (5 bytes): 1B 51 36 43 0D
[2026-10-02 14:26:03.115] [Bytes recibidos]: 27
[2026-10-02 14:26:03.116] [Bytes recibidos]: 81
[2026-10-02 14:26:03.116] [Bytes recibidos]: 54
[2026-10-02 14:26:03.116] [Bytes recibidos]: 67
[2026-10-02 14:26:03.116] [Bytes recibidos]: 13
[2026-10-02 14:26:03.116] [Data Recibida]: 17.664224664224662
[2026-10-02 14:26:03.117] [MIN]: -21
[2026-10-02 14:26:03.117] [MAX]: 121
[2026-10-02 14:26:03.117] [MAXBIN]: 4095
[2026-10-02 14:26:06.693] Datos recibidos (4 bytes): 1B 51 36 43
[2026-10-02 14:26:06.693] [Bytes recibidos]: 27
[2026-10-02 14:26:06.694] [Bytes recibidos]: 81
[2026-10-02 14:26:06.694] [Bytes recibidos]: 54
[2026-10-02 14:26:06.694] [Bytes recibidos]: 67
[2026-10-02 14:26:06.694] [Data Recibida]: 17.664224664224662
[2026-10-02 14:26:06.694] [MIN]: -21
[2026-10-02 14:26:06.694] [MAX]: 121
[2026-10-02 14:26:06.694] [MAXBIN]: 4095
[2026-10-02 14:26:08.695] Datos recibidos (1 bytes): 0D
[2026-10-02 14:26:08.695] [Bytes recibidos]: 13
[2026-10-02 14:26:10.697] Datos recibidos (5 bytes): 1B 51 36 43 0D
[2026-10-02 14:26:10.697] [Bytes recibidos]: 27
[2026-10-02 14:26:10.697] [Bytes recibidos]: 81
[2026-10-02 14:26:10.697] [Bytes recibidos]: 54
[2026-10-02 14:26:10.697] [Bytes recibidos]: 67
[2026-10-02 14:26:10.697] [Bytes recibidos]: 13
[2026-10-02 14:26:10.697] [Data Recibida]: 17.664224664224662
[2026-10-02 14:26:10.697] [MIN]: -21
[2026-10-02 14:26:10.697] [MAX]: 121
[2026-10-02 14:26:10.698] [MAXBIN]: 4095
[2026-10-02 14:26:13.912] Datos recibidos (5 bytes): 1B 51 36 43 0D
[2026-10-02 14:26:13.912] [Bytes recibidos]: 27
[2026-10-02 14:26:13.913] [Bytes recibidos]: 81
[2026-10-02 14:26:13.913] [Bytes recibidos]: 54
[2026-10-02 14:26:13.913] [Bytes recibidos]: 67
[2026-10-02 14:26:13.913] [Bytes recibidos]: 13
[2026-10-02 14:26:13.914] [Data Recibida]: 17.664224664224662
[2026-10-02 14:26:13.914] [MIN]: -21
[2026-10-02 14:26:13.914] [MAX]: 121
[2026-10-02 14:26:13.914] [MAXBIN]: 4095
[2026-10-02 14:26:17.488] Datos recibidos (4 bytes): 1B 51 36 43
[2026-10-02 14:26:17.489] [Bytes recibidos]: 27
[2026-10-02 14:26:17.489] [Bytes recibidos]: 81
[2026-10-02 14:26:17.489] [Bytes recibidos]: 54
[2026-10-02 14:26:17.489] [Bytes recibidos]: 67
[2026-10-02 14:26:17.489] [Data Recibida]: 17.664224664224662
[2026-10-02 14:26:17.489] [MIN]: -21
[2026-10-02 14:26:17.489] [MAX]: 121
[2026-10-02 14:26:17.489] [MAXBIN]: 4095
[2026-10-02 14:26:19.490] Datos recibidos (1 bytes): 0D
[2026-10-02 14:26:19.490] [Bytes recibidos]: 13
[2026-10-02 14:26:21.490] Datos recibidos (5 bytes): 1B 51 36 43 0D
[2026-10-02 14:26:21.490] [Bytes recibidos]: 27
[2026-10-02 14:26:21.491] [Bytes recibidos]: 81
[2026-10-02 14:26:21.491] [Bytes recibidos]: 54
[2026-10-02 14:26:21.491] [Bytes recibidos]: 67
[2026-10-02 14:26:21.491] [Bytes recibidos]: 13
[2026-10-02 14:26:21.491] [Data Recibida]: 17.664224664224662
[2026-10-02 14:26:21.491] [MIN]: -21
[2026-10-02 14:26:21.491] [MAX]: 121
[2026-10-02 14:26:21.491] [MAXBIN]: 4095
[2026-10-02 14:26:24.704] Datos recibidos (5 bytes): 1B 51 36 43 0D
[2026-10-02 14:26:24.704] [Bytes recibidos]: 27
[2026-10-02 14:26:24.704] [Bytes recibidos]: 81
[2026-10-02 14:26:24.705] [Bytes recibidos]: 54
[2026-10-02 14:26:24.705] [Bytes recibidos]: 67
[2026-10-02 14:26:24.705] [Bytes recibidos]: 13
[2026-10-02 14:26:24.705] [Data Recibida]: 17.664224664224662
[2026-10-02 14:26:24.706] [MIN]: -21
[2026-10-02 14:26:24.706] [MAX]: 121
[2026-10-02 14:26:24.706] [MAXBIN]: 4095
[2026-10-02 14:26:28.303] Datos recibidos (5 bytes): 1B 51 36 43 0D
[2026-10-02 14:26:28.303] [Bytes recibidos]: 27
[2026-10-02 14:26:28.304] [Bytes recibidos]: 81
[2026-10-02 14:26:28.304] [Bytes recibidos]: 54
[2026-10-02 14:26:28.304] [Bytes recibidos]: 67
[2026-10-02 14:26:28.304] [Bytes recibidos]: 13
[2026-10-02 14:26:28.304] [Data Recibida]: 17.664224664224662
[2026-10-02 14:26:28.304] [MIN]: -21
[2026-10-02 14:26:28.304] [MAX]: 121
[2026-10-02 14:26:28.304] [MAXBIN]: 4095
[2026-10-02 14:26:31.900] Datos recibidos (5 bytes): 1B 51 36 43 0D
[2026-10-02 14:26:31.900] [Bytes recibidos]: 27
[2026-10-02 14:26:31.901] [Bytes recibidos]: 81
[2026-10-02 14:26:31.901] [Bytes recibidos]: 54
[2026-10-02 14:26:31.901] [Bytes recibidos]: 67
[2026-10-02 14:26:31.901] [Bytes recibidos]: 13
[2026-10-02 14:26:31.901] [Data Recibida]: 17.664224664224662
[2026-10-02 14:26:31.901] [MIN]: -21
[2026-10-02 14:26:31.901] [MAX]: 121
[2026-10-02 14:26:31.901] [MAXBIN]: 4095
[2026-10-02 14:26:35.498] Datos recibidos (5 bytes): 1B 51 36 43 0D
[2026-10-02 14:26:35.498] [Bytes recibidos]: 27
[2026-10-02 14:26:35.498] [Bytes recibidos]: 81
[2026-10-02 14:26:35.498] [Bytes recibidos]: 54
[2026-10-02 14:26:35.498] [Bytes recibidos]: 67
[2026-10-02 14:26:35.498] [Bytes recibidos]: 13
[2026-10-02 14:26:35.498] [Data Recibida]: 17.664224664224662
[2026-10-02 14:26:35.499] [MIN]: -21
[2026-10-02 14:26:35.499] [MAX]: 121
[2026-10-02 14:26:35.499] [MAXBIN]: 4095
[2026-10-02 14:26:39.093] Datos recibidos (3 bytes): 1B 51 36
[2026-10-02 14:26:39.093] [Bytes recibidos]: 27
[2026-10-02 14:26:39.093] [Bytes recibidos]: 81
[2026-10-02 14:26:39.093] [Bytes recibidos]: 54
[2026-10-02 14:26:39.093] [Data Recibida]: 17.664224664224662
[2026-10-02 14:26:39.093] [MIN]: -21
[2026-10-02 14:26:39.093] [MAX]: 121
[2026-10-02 14:26:39.093] [MAXBIN]: 4095
