[2026-10-02 11:57:52.802] Iniciando comunicación con Atlan A350 XL (8E1)...
[2026-10-02 11:57:52.807] Enviado: Q | HEX: 1B 51 36 43 0D
[2026-10-02 11:57:52.869] Recibido ASCII: <SOH>Q52<CR>
[2026-10-02 11:57:52.870] Recibido HEX: 01 51 35 32 0D
[2026-10-02 11:57:52.871] Enviado: R | HEX: 1B 52 36 44 0D
[2026-10-02 11:57:52.994] Recibido ASCII: <SOH>R5555'A3XX'02.11:0<ESC>R6D<CR>
[2026-10-02 11:57:52.994] Recibido HEX: 01 52 35 35 35 35 27 41 33 58 58 27 30 32 2E 31 31 3A 30 1B 52 36 44 0D
[2026-10-02 11:57:52.995] Enviado: S | HEX: 1B 53 36 45 0D
[2026-10-02 11:57:52.996] Recibido ASCII: 6.00B9<CR>
[2026-10-02 11:57:52.996] Recibido HEX: 36 2E 30 30 42 39 0D
[2026-10-02 11:57:52.996] Enviado:  | HEX: 01 15 31 36 0D
[2026-10-02 11:57:53.100] Recibido ASCII: <SOH>S00   20000-  21  121FFF01   20000- 1<ESC>R6D<CR>
[2026-10-02 11:57:53.100] Recibido HEX: 01 53 30 30 20 20 20 32 30 30 30 30 2D 20 20 32 31 20 20 31 32 31 46 46 46 30 31 20 20 20 32 30 30 30 30 2D 20 31 1B 52 36 44 0D
[2026-10-02 11:57:53.103] Enviado: T0001 | HEX: 1B 54 30 30 30 31 33 30 0D
[2026-10-02 11:57:53.188] Recibido ASCII: 81  181FFF05   20000    0  100FFF06   20000    0  120FFF07   20000    0   20FFF08   20000    0  100FFF0A   20000    0   20FFF2A   20000    0   20FFFF3<CR>
[2026-10-02 11:57:53.188] Recibido HEX: 38 31 20 20 31 38 31 46 46 46 30 35 20 20 20 32 30 30 30 30 20 20 20 20 30 20 20 31 30 30 46 46 46 30 36 20 20 20 32 30 30 30 30 20 20 20 20 30 20 20 31 32 30 46 46 46 30 37 20 20 20 32 30 30 30 30 20 20 20 20 30 20 20 20 32 30 46 46 46 30 38 20 20 20 32 30 30 30 30 20 20 20 20 30 20 20 31 30 30 46 46 46 30 41 20 20 20 32 30 30 30 30 20 20 20 20 30 20 20 20 32 30 46 46 46 32 41 20 20 20 32 30 30 30 30 20 20 20 20 30 20 20 20 32 30 46 46 46 46 33 0D
[2026-10-02 11:57:53.189] Enviado:  | HEX: 01 15 31 36 0D
[2026-10-02 11:57:53.189] Recibido ASCII: <SOH>T55<CR>
[2026-10-02 11:57:53.189] Recibido HEX: 01 54 35 35 0D
[2026-10-02 11:57:53.190] Error en el ciclo de polling: java.lang.NumberFormatException: For input string: "Ð" under radix 16
[2026-10-02 11:57:55.191] Enviado: S | HEX: 1B 53 36 45 0D
[2026-10-02 11:57:55.192] Recibido ASCII: <ESC>R6D<CR>
[2026-10-02 11:57:55.192] Recibido HEX: 1B 52 36 44 0D
[2026-10-02 11:57:55.192] Sin registros de realtime configuration, se omite el paso <54H>
[2026-10-02 11:57:55.278] Datos recibidos (22 bytes): 01 53 30 30 20 20 20 32 30 30 30 30 2D 20 20 32 31 20 20 31 32 31
[2026-10-02 11:57:57.279] Enviado: S | HEX: 1B 53 36 45 0D
[2026-10-02 11:57:57.283] Recibido ASCII: FFF01   20000- 181  181FFF05   20000    0  100FFF06   20000    0  120FFF07   20000    0   20FFF08   20000    0  100FFF0A   20000    0   20FFF2A   20000    0   20FFFF3<CR>
[2026-10-02 11:57:57.283] Recibido HEX: 46 46 46 30 31 20 20 20 32 30 30 30 30 2D 20 31 38 31 20 20 31 38 31 46 46 46 30 35 20 20 20 32 30 30 30 30 20 20 20 20 30 20 20 31 30 30 46 46 46 30 36 20 20 20 32 30 30 30 30 20 20 20 20 30 20 20 31 32 30 46 46 46 30 37 20 20 20 32 30 30 30 30 20 20 20 20 30 20 20 20 32 30 46 46 46 30 38 20 20 20 32 30 30 30 30 20 20 20 20 30 20 20 31 30 30 46 46 46 30 41 20 20 20 32 30 30 30 30 20 20 20 20 30 20 20 20 32 30 46 46 46 32 41 20 20 20 32 30 30 30 30 20 20 20 20 30 20 20 20 32 30 46 46 46 46 33 0D
[2026-10-02 11:57:57.284] Enviado:  | HEX: 01 15 31 36 0D
[2026-10-02 11:57:57.388] Recibido ASCII: <SOH>S00   20000-  21  121FFF01   20000- 1<ESC>Q6C<CR>
[2026-10-02 11:57:57.388] Recibido HEX: 01 53 30 30 20 20 20 32 30 30 30 30 2D 20 20 32 31 20 20 31 32 31 46 46 46 30 31 20 20 20 32 30 30 30 30 2D 20 31 1B 51 36 43 0D
[2026-10-02 11:57:57.388] Enviado: T0001 | HEX: 1B 54 30 30 30 31 33 30 0D
[2026-10-02 11:57:57.471] Recibido ASCII: <SOH>16<CR>
[2026-10-02 11:57:57.471] Recibido HEX: 01 15 31 36 0D
[2026-10-02 11:57:57.472] Error en el ciclo de polling: java.lang.NumberFormatException: For input string: "Ð" under radix 16
[2026-10-02 11:57:59.473] Enviado: S | HEX: 1B 53 36 45 0D
[2026-10-02 11:57:59.575] Recibido ASCII: <SOH>16<CR>
[2026-10-02 11:57:59.576] Recibido HEX: 01 15 31 36 0D
[2026-10-02 11:57:59.576] Sin registros de realtime configuration, se omite el paso <54H>
[2026-10-02 11:58:02.585] Sin datos recibidos en 3000 ms
