[2026-10-02 12:35:51.483] Iniciando comunicación con Atlan A350 XL (8E1)...
[2026-10-02 12:35:51.487] Enviado: Q | HEX: 1B 51 36 43 0D
[2026-10-02 12:35:51.589] Recibido ASCII: <SOH>Q52<CR>
[2026-10-02 12:35:51.590] Recibido HEX: 01 51 35 32 0D
[2026-10-02 12:35:51.591] Enviado: R | HEX: 1B 52 36 44 0D
[2026-10-02 12:35:51.693] Recibido ASCII: <SOH>R5555'A3XX'02.11:0<ESC>R6D<CR>
[2026-10-02 12:35:51.693] Recibido HEX: 01 52 35 35 35 35 27 41 33 58 58 27 30 32 2E 31 31 3A 30 1B 52 36 44 0D
[2026-10-02 12:35:51.694] Enviado: S | HEX: 1B 53 36 45 0D
[2026-10-02 12:35:51.694] Recibido ASCII: 6.00B9<CR>
[2026-10-02 12:35:51.694] Recibido HEX: 36 2E 30 30 42 39 0D
[2026-10-02 12:35:51.695] Enviado:  | HEX: 01 15 31 36 0D
[2026-10-02 12:35:51.818] Recibido ASCII: <SOH>S00   20000-  21  121FFF01   20000- 1<ESC>R6D<CR>
[2026-10-02 12:35:51.818] Recibido HEX: 01 53 30 30 20 20 20 32 30 30 30 30 2D 20 20 32 31 20 20 31 32 31 46 46 46 30 31 20 20 20 32 30 30 30 30 2D 20 31 1B 52 36 44 0D
[2026-10-02 12:35:51.820] Enviado: T0001 | HEX: 1B 54 30 30 30 31 33 30 0D
[2026-10-02 12:35:51.886] Recibido ASCII: 81  181FFF05   20000    0  100FFF06   20000    0  120FFF07   20000    0   20FFF08   20000    0  100FFF0A   20000    0   20FFF2A   20000    0   20FFFF3<CR>
[2026-10-02 12:35:51.886] Recibido HEX: 38 31 20 20 31 38 31 46 46 46 30 35 20 20 20 32 30 30 30 30 20 20 20 20 30 20 20 31 30 30 46 46 46 30 36 20 20 20 32 30 30 30 30 20 20 20 20 30 20 20 31 32 30 46 46 46 30 37 20 20 20 32 30 30 30 30 20 20 20 20 30 20 20 20 32 30 46 46 46 30 38 20 20 20 32 30 30 30 30 20 20 20 20 30 20 20 31 30 30 46 46 46 30 41 20 20 20 32 30 30 30 30 20 20 20 20 30 20 20 20 32 30 46 46 46 32 41 20 20 20 32 30 30 30 30 20 20 20 20 30 20 20 20 32 30 46 46 46 46 33 0D
[2026-10-02 12:35:51.886] Enviado:  | HEX: 01 15 31 36 0D
[2026-10-02 12:35:51.887] Recibido ASCII: <SOH>T55<CR>
[2026-10-02 12:35:51.887] Recibido HEX: 01 54 35 35 0D
[2026-10-02 12:35:51.991] Datos recibidos (5 bytes): 1B 52 36 44 0D
[2026-10-02 12:35:51.992] [Bytes recibidos]: 27
[2026-10-02 12:35:51.993] [Bytes recibidos]: 82
[2026-10-02 12:35:51.993] [Bytes recibidos]: 54
[2026-10-02 12:35:51.993] [Bytes recibidos]: 68
[2026-10-02 12:35:51.993] [Bytes recibidos]: 13
[2026-10-02 12:35:51.994] [Data Recibida]: 19.88351648351648
[2026-10-02 12:35:55.567] Datos recibidos (5 bytes): 1B 51 36 43 0D
[2026-10-02 12:35:55.567] [Bytes recibidos]: 27
[2026-10-02 12:35:55.567] [Bytes recibidos]: 81
[2026-10-02 12:35:55.568] [Bytes recibidos]: 54
[2026-10-02 12:35:55.568] [Bytes recibidos]: 67
[2026-10-02 12:35:55.569] [Bytes recibidos]: 13
[2026-10-02 12:35:55.569] [Data Recibida]: 17.664224664224662
[2026-10-02 12:35:59.185] Datos recibidos (5 bytes): 1B 51 36 43 0D
[2026-10-02 12:35:59.186] [Bytes recibidos]: 27
[2026-10-02 12:35:59.186] [Bytes recibidos]: 81
[2026-10-02 12:35:59.186] [Bytes recibidos]: 54
[2026-10-02 12:35:59.186] [Bytes recibidos]: 67
[2026-10-02 12:35:59.186] [Bytes recibidos]: 13
[2026-10-02 12:35:59.186] [Data Recibida]: 17.664224664224662
[2026-10-02 12:36:02.789] Datos recibidos (5 bytes): 1B 51 36 43 0D
[2026-10-02 12:36:02.790] [Bytes recibidos]: 27
[2026-10-02 12:36:02.790] [Bytes recibidos]: 81
[2026-10-02 12:36:02.791] [Bytes recibidos]: 54
[2026-10-02 12:36:02.791] [Bytes recibidos]: 67
[2026-10-02 12:36:02.791] [Bytes recibidos]: 13
[2026-10-02 12:36:02.792] [Data Recibida]: 17.664224664224662
[2026-10-02 12:36:06.379] Datos recibidos (5 bytes): 1B 51 36 43 0D
[2026-10-02 12:36:06.380] [Bytes recibidos]: 27
[2026-10-02 12:36:06.380] [Bytes recibidos]: 81
[2026-10-02 12:36:06.380] [Bytes recibidos]: 54
[2026-10-02 12:36:06.380] [Bytes recibidos]: 67
[2026-10-02 12:36:06.380] [Bytes recibidos]: 13
[2026-10-02 12:36:06.381] [Data Recibida]: 17.664224664224662
