[2026-10-02 16:26:57.482] Iniciando comunicación con Atlan A350 XL (8E1)...
[2026-10-02 16:26:57.492] Enviado: Q | HEX: 1B 51 36 43 0D
[2026-10-02 16:26:57.515] Recibido ASCII: <SOH>Q52<CR>
[2026-10-02 16:26:57.515] Recibido HEX: 01 51 35 32 0D
[2026-10-02 16:26:57.517] Enviado: R | HEX: 1B 52 36 44 0D
[2026-10-02 16:26:57.621] Recibido ASCII: <SOH>R5555'A3XX'02.11:06.00B9<CR>
[2026-10-02 16:26:57.622] Recibido HEX: 01 52 35 35 35 35 27 41 33 58 58 27 30 32 2E 31 31 3A 30 36 2E 30 30 42 39 0D
[2026-10-02 16:26:57.626] Enviado: S | HEX: 1B 53 36 45 0D
[2026-10-02 16:26:57.627] Recibido ASCII: <ESC>R6D<CR>
[2026-10-02 16:26:57.627] Recibido HEX: 1B 52 36 44 0D
[2026-10-02 16:26:58.629] Sin registros de realtime configuration, se omite el paso <54H>
[2026-10-02 16:26:58.645] Datos recibidos (189 bytes): 01 53 30 30 20 20 20 32 30 30 30 30 2D 20 20 32 31 20 20 31 32 31 46 46 46 30 31 20 20 20 32 30 30 30 30 2D 20 31 38 31 20 20 31 38 31 46 46 46 30 35 20 20 20 32 30 30 30 30 20 20 20 20 30 20 20 31 30 30 46 46 46 30 36 20 20 20 32 30 30 30 30 20 20 20 20 30 20 20 31 32 30 46 46 46 30 37 20 20 20 32 30 30 30 30 20 20 20 20 30 20 20 20 32 30 46 46 46 30 38 20 20 20 32 30 30 30 30 20 20 20 20 30 20 20 31 30 30 46 46 46 30 41 20 20 20 32 30 30 30 30 20 20 20 20 30 20 20 20 32 30 46 46 46 32 41 20 20 20 32 30 30 30 30 20 20 20 20 30 20 20 20 32 30 46 46 46 46 33 0D
[2026-10-02 16:26:58.647] [Bytes recibidos]: 1
[2026-10-02 16:26:58.647] [Bytes recibidos]: 83
[2026-10-02 16:26:58.647] [Bytes recibidos]: 48
[2026-10-02 16:26:58.648] [Bytes recibidos]: 48
[2026-10-02 16:26:58.648] [Bytes recibidos]: 32
[2026-10-02 16:26:58.649] [Bytes recibidos]: 32
[2026-10-02 16:26:58.649] [Bytes recibidos]: 32
[2026-10-02 16:26:58.650] [Bytes recibidos]: 50
[2026-10-02 16:26:58.650] [Bytes recibidos]: 48
[2026-10-02 16:26:58.650] [Bytes recibidos]: 48
[2026-10-02 16:26:58.651] [Bytes recibidos]: 48
[2026-10-02 16:26:58.651] [Bytes recibidos]: 48
[2026-10-02 16:26:58.652] [Bytes recibidos]: 45
[2026-10-02 16:26:58.652] [Bytes recibidos]: 32
[2026-10-02 16:26:58.653] [Bytes recibidos]: 32
[2026-10-02 16:26:58.653] [Bytes recibidos]: 50
[2026-10-02 16:26:58.653] [Bytes recibidos]: 49
[2026-10-02 16:26:58.654] [Bytes recibidos]: 32
[2026-10-02 16:26:58.654] [Bytes recibidos]: 32
[2026-10-02 16:26:58.655] [Bytes recibidos]: 49
[2026-10-02 16:26:58.655] [Bytes recibidos]: 50
[2026-10-02 16:26:58.655] [Bytes recibidos]: 49
[2026-10-02 16:26:58.656] [Bytes recibidos]: 70
[2026-10-02 16:26:58.656] [Bytes recibidos]: 70
[2026-10-02 16:26:58.657] [Bytes recibidos]: 70
[2026-10-02 16:26:58.657] [Bytes recibidos]: 48
[2026-10-02 16:26:58.657] [Bytes recibidos]: 49
[2026-10-02 16:26:58.658] [Bytes recibidos]: 32
[2026-10-02 16:26:58.658] [Bytes recibidos]: 32
[2026-10-02 16:26:58.659] [Bytes recibidos]: 32
[2026-10-02 16:26:58.659] [Bytes recibidos]: 50
[2026-10-02 16:26:58.660] [Bytes recibidos]: 48
[2026-10-02 16:26:58.660] [Bytes recibidos]: 48
[2026-10-02 16:26:58.660] [Bytes recibidos]: 48
[2026-10-02 16:26:58.661] [Bytes recibidos]: 48
[2026-10-02 16:26:58.661] [Bytes recibidos]: 45
[2026-10-02 16:26:58.661] [Bytes recibidos]: 32
[2026-10-02 16:26:58.662] [Bytes recibidos]: 49
[2026-10-02 16:26:58.662] [Bytes recibidos]: 56
[2026-10-02 16:26:58.663] [Bytes recibidos]: 49
[2026-10-02 16:26:58.663] [Bytes recibidos]: 32
[2026-10-02 16:26:58.663] [Bytes recibidos]: 32
[2026-10-02 16:26:58.664] [Bytes recibidos]: 49
[2026-10-02 16:26:58.664] [Bytes recibidos]: 56
[2026-10-02 16:26:58.664] [Bytes recibidos]: 49
[2026-10-02 16:26:58.665] [Bytes recibidos]: 70
[2026-10-02 16:26:58.665] [Bytes recibidos]: 70
[2026-10-02 16:26:58.665] [Bytes recibidos]: 70
[2026-10-02 16:26:58.666] [Bytes recibidos]: 48
[2026-10-02 16:26:58.666] [Bytes recibidos]: 53
[2026-10-02 16:26:58.667] [Bytes recibidos]: 32
[2026-10-02 16:26:58.667] [Bytes recibidos]: 32
[2026-10-02 16:26:58.667] [Bytes recibidos]: 32
[2026-10-02 16:26:58.668] [Bytes recibidos]: 50
[2026-10-02 16:26:58.668] [Bytes recibidos]: 48
[2026-10-02 16:26:58.668] [Bytes recibidos]: 48
[2026-10-02 16:26:58.669] [Bytes recibidos]: 48
[2026-10-02 16:26:58.669] [Bytes recibidos]: 48
[2026-10-02 16:26:58.670] [Bytes recibidos]: 32
[2026-10-02 16:26:58.670] [Bytes recibidos]: 32
[2026-10-02 16:26:58.670] [Bytes recibidos]: 32
[2026-10-02 16:26:58.671] [Bytes recibidos]: 32
[2026-10-02 16:26:58.671] [Bytes recibidos]: 48
[2026-10-02 16:26:58.671] [Bytes recibidos]: 32
[2026-10-02 16:26:58.672] [Bytes recibidos]: 32
[2026-10-02 16:26:58.672] [Bytes recibidos]: 49
[2026-10-02 16:26:58.672] [Bytes recibidos]: 48
[2026-10-02 16:26:58.673] [Bytes recibidos]: 48
[2026-10-02 16:26:58.673] [Bytes recibidos]: 70
[2026-10-02 16:26:58.674] [Bytes recibidos]: 70
[2026-10-02 16:26:58.674] [Bytes recibidos]: 70
[2026-10-02 16:26:58.674] [Bytes recibidos]: 48
[2026-10-02 16:26:58.675] [Bytes recibidos]: 54
[2026-10-02 16:26:58.675] [Bytes recibidos]: 32
[2026-10-02 16:26:58.676] [Bytes recibidos]: 32
[2026-10-02 16:26:58.676] [Bytes recibidos]: 32
[2026-10-02 16:26:58.676] [Bytes recibidos]: 50
[2026-10-02 16:26:58.677] [Bytes recibidos]: 48
[2026-10-02 16:26:58.677] [Bytes recibidos]: 48
[2026-10-02 16:26:58.677] [Bytes recibidos]: 48
[2026-10-02 16:26:58.678] [Bytes recibidos]: 48
[2026-10-02 16:26:58.678] [Bytes recibidos]: 32
[2026-10-02 16:26:58.679] [Bytes recibidos]: 32
[2026-10-02 16:26:58.679] [Bytes recibidos]: 32
[2026-10-02 16:26:58.679] [Bytes recibidos]: 32
[2026-10-02 16:26:58.680] [Bytes recibidos]: 48
[2026-10-02 16:26:58.680] [Bytes recibidos]: 32
[2026-10-02 16:26:58.680] [Bytes recibidos]: 32
[2026-10-02 16:26:58.681] [Bytes recibidos]: 49
[2026-10-02 16:26:58.681] [Bytes recibidos]: 50
[2026-10-02 16:26:58.681] [Bytes recibidos]: 48
[2026-10-02 16:26:58.682] [Bytes recibidos]: 70
[2026-10-02 16:26:58.682] [Bytes recibidos]: 70
[2026-10-02 16:26:58.682] [Bytes recibidos]: 70
[2026-10-02 16:26:58.683] [Bytes recibidos]: 48
[2026-10-02 16:26:58.683] [Bytes recibidos]: 55
[2026-10-02 16:26:58.683] [Bytes recibidos]: 32
[2026-10-02 16:26:58.684] [Bytes recibidos]: 32
[2026-10-02 16:26:58.684] [Bytes recibidos]: 32
[2026-10-02 16:26:58.684] [Bytes recibidos]: 50
[2026-10-02 16:26:58.685] [Bytes recibidos]: 48
[2026-10-02 16:26:58.685] [Bytes recibidos]: 48
[2026-10-02 16:26:58.685] [Bytes recibidos]: 48
[2026-10-02 16:26:58.686] [Bytes recibidos]: 48
[2026-10-02 16:26:58.686] [Bytes recibidos]: 32
[2026-10-02 16:26:58.687] [Bytes recibidos]: 32
[2026-10-02 16:26:58.687] [Bytes recibidos]: 32
[2026-10-02 16:26:58.687] [Bytes recibidos]: 32
[2026-10-02 16:26:58.687] [Bytes recibidos]: 48
[2026-10-02 16:26:58.688] [Bytes recibidos]: 32
[2026-10-02 16:26:58.688] [Bytes recibidos]: 32
[2026-10-02 16:26:58.688] [Bytes recibidos]: 32
[2026-10-02 16:26:58.689] [Bytes recibidos]: 50
[2026-10-02 16:26:58.689] [Bytes recibidos]: 48
[2026-10-02 16:26:58.690] [Bytes recibidos]: 70
[2026-10-02 16:26:58.690] [Bytes recibidos]: 70
[2026-10-02 16:26:58.690] [Bytes recibidos]: 70
[2026-10-02 16:26:58.691] [Bytes recibidos]: 48
[2026-10-02 16:26:58.691] [Bytes recibidos]: 56
[2026-10-02 16:26:58.691] [Bytes recibidos]: 32
[2026-10-02 16:26:58.692] [Bytes recibidos]: 32
[2026-10-02 16:26:58.692] [Bytes recibidos]: 32
[2026-10-02 16:26:58.692] [Bytes recibidos]: 50
[2026-10-02 16:26:58.693] [Bytes recibidos]: 48
[2026-10-02 16:26:58.693] [Bytes recibidos]: 48
[2026-10-02 16:26:58.693] [Bytes recibidos]: 48
[2026-10-02 16:26:58.693] [Bytes recibidos]: 48
[2026-10-02 16:26:58.694] [Bytes recibidos]: 32
[2026-10-02 16:26:58.694] [Bytes recibidos]: 32
[2026-10-02 16:26:58.694] [Bytes recibidos]: 32
[2026-10-02 16:26:58.695] [Bytes recibidos]: 32
[2026-10-02 16:26:58.695] [Bytes recibidos]: 48
[2026-10-02 16:26:58.695] [Bytes recibidos]: 32
[2026-10-02 16:26:58.696] [Bytes recibidos]: 32
[2026-10-02 16:26:58.696] [Bytes recibidos]: 49
[2026-10-02 16:26:58.696] [Bytes recibidos]: 48
[2026-10-02 16:26:58.696] [Bytes recibidos]: 48
[2026-10-02 16:26:58.697] [Bytes recibidos]: 70
[2026-10-02 16:26:58.697] [Bytes recibidos]: 70
[2026-10-02 16:26:58.697] [Bytes recibidos]: 70
[2026-10-02 16:26:58.698] [Bytes recibidos]: 48
[2026-10-02 16:26:58.698] [Bytes recibidos]: 65
[2026-10-02 16:26:58.698] [Bytes recibidos]: 32
[2026-10-02 16:26:58.698] [Bytes recibidos]: 32
[2026-10-02 16:26:58.699] [Bytes recibidos]: 32
[2026-10-02 16:26:58.699] [Bytes recibidos]: 50
[2026-10-02 16:26:58.700] [Bytes recibidos]: 48
[2026-10-02 16:26:58.700] [Bytes recibidos]: 48
[2026-10-02 16:26:58.700] [Bytes recibidos]: 48
[2026-10-02 16:26:58.701] [Bytes recibidos]: 48
[2026-10-02 16:26:58.701] [Bytes recibidos]: 32
[2026-10-02 16:26:58.701] [Bytes recibidos]: 32
[2026-10-02 16:26:58.702] [Bytes recibidos]: 32
[2026-10-02 16:26:58.702] [Bytes recibidos]: 32
[2026-10-02 16:26:58.702] [Bytes recibidos]: 48
[2026-10-02 16:26:58.702] [Bytes recibidos]: 32
[2026-10-02 16:26:58.703] [Bytes recibidos]: 32
[2026-10-02 16:26:58.703] [Bytes recibidos]: 32
[2026-10-02 16:26:58.703] [Bytes recibidos]: 50
[2026-10-02 16:26:58.704] [Bytes recibidos]: 48
[2026-10-02 16:26:58.704] [Bytes recibidos]: 70
[2026-10-02 16:26:58.704] [Bytes recibidos]: 70
[2026-10-02 16:26:58.705] [Bytes recibidos]: 70
[2026-10-02 16:26:58.705] [Bytes recibidos]: 50
[2026-10-02 16:26:58.705] [Bytes recibidos]: 65
[2026-10-02 16:26:58.705] [Bytes recibidos]: 32
[2026-10-02 16:26:58.706] [Bytes recibidos]: 32
[2026-10-02 16:26:58.706] [Bytes recibidos]: 32
[2026-10-02 16:26:58.706] [Bytes recibidos]: 50
[2026-10-02 16:26:58.706] [Bytes recibidos]: 48
[2026-10-02 16:26:58.707] [Bytes recibidos]: 48
[2026-10-02 16:26:58.707] [Bytes recibidos]: 48
[2026-10-02 16:26:58.707] [Bytes recibidos]: 48
[2026-10-02 16:26:58.707] [Bytes recibidos]: 32
[2026-10-02 16:26:58.708] [Bytes recibidos]: 32
[2026-10-02 16:26:58.708] [Bytes recibidos]: 32
[2026-10-02 16:26:58.708] [Bytes recibidos]: 32
[2026-10-02 16:26:58.709] [Bytes recibidos]: 48
[2026-10-02 16:26:58.709] [Bytes recibidos]: 32
[2026-10-02 16:26:58.709] [Bytes recibidos]: 32
[2026-10-02 16:26:58.709] [Bytes recibidos]: 32
[2026-10-02 16:26:58.710] [Bytes recibidos]: 50
[2026-10-02 16:26:58.710] [Bytes recibidos]: 48
[2026-10-02 16:26:58.710] [Bytes recibidos]: 70
[2026-10-02 16:26:58.710] [Bytes recibidos]: 70
[2026-10-02 16:26:58.711] [Bytes recibidos]: 70
[2026-10-02 16:26:58.711] [Bytes recibidos]: 70
[2026-10-02 16:26:58.711] [Bytes recibidos]: 51
[2026-10-02 16:26:58.711] [Bytes recibidos]: 13
[2026-10-02 16:27:00.713] Enviado: S | HEX: 1B 53 36 45 0D
[2026-10-02 16:27:00.884] Recibido ASCII: <SOH>S00   20000-  21  121FFF01   20000- 181  181FFF05   20000    0  100FFF06   20000    0  120FFF07   20000    0   20FFF08   20000    0  100FFF0A   20000    0   20FFF2A   20000    0   20FFFF3<CR>
[2026-10-02 16:27:00.885] Recibido HEX: 01 53 30 30 20 20 20 32 30 30 30 30 2D 20 20 32 31 20 20 31 32 31 46 46 46 30 31 20 20 20 32 30 30 30 30 2D 20 31 38 31 20 20 31 38 31 46 46 46 30 35 20 20 20 32 30 30 30 30 20 20 20 20 30 20 20 31 30 30 46 46 46 30 36 20 20 20 32 30 30 30 30 20 20 20 20 30 20 20 31 32 30 46 46 46 30 37 20 20 20 32 30 30 30 30 20 20 20 20 30 20 20 20 32 30 46 46 46 30 38 20 20 20 32 30 30 30 30 20 20 20 20 30 20 20 31 30 30 46 46 46 30 41 20 20 20 32 30 30 30 30 20 20 20 20 30 20 20 20 32 30 46 46 46 32 41 20 20 20 32 30 30 30 30 20 20 20 20 30 20 20 20 32 30 46 46 46 46 33 0D
[2026-10-02 16:27:01.891] Enviado: T0001010105010601070108010A012A01 | HEX: 1B 54 30 30 30 31 30 31 30 31 30 35 30 31 30 36 30 31 30 37 30 31 30 38 30 31 30 41 30 31 32 41 30 31 42 36 0D
[2026-10-02 16:27:02.033] Recibido ASCII: <SOH>T55<CR>
[2026-10-02 16:27:02.033] Recibido HEX: 01 54 35 35 0D
[2026-10-02 16:27:06.317] Datos recibidos (5 bytes): 1B 51 36 43 0D
[2026-10-02 16:27:10.321] Respuesta ausente o incompleta, se reintenta en el siguiente ciclo
[2026-10-02 16:27:12.322] Respuesta ausente o incompleta, se reintenta en el siguiente ciclo
