[2026-10-02 15:11:46.234] Iniciando comunicación con Atlan A350 XL (8E1)...
[2026-10-02 15:11:46.250] Enviado: Q | HEX: 1B 51 36 43 0D
[2026-10-02 15:11:46.293] Recibido ASCII: <SOH>Q52<CR>
[2026-10-02 15:11:46.294] Recibido HEX: 01 51 35 32 0D
[2026-10-02 15:11:46.300] Enviado: S | HEX: 1B 53 36 45 0D
[2026-10-02 15:11:46.302] Recibido ASCII: <ESC>R6D<CR>
[2026-10-02 15:11:46.303] Recibido HEX: 1B 52 36 44 0D
[2026-10-02 15:11:46.304] Sin registros de realtime configuration, se omite el paso <54H>
[2026-10-02 15:11:46.391] Datos recibidos (8 bytes): 01 53 30 30 20 20 20 32
[2026-10-02 15:11:46.392] [Bytes recibidos]: 1
[2026-10-02 15:11:46.392] [Bytes recibidos]: 83
[2026-10-02 15:11:46.392] [Bytes recibidos]: 48
[2026-10-02 15:11:46.393] [Bytes recibidos]: 48
[2026-10-02 15:11:46.393] [Bytes recibidos]: 32
[2026-10-02 15:11:46.394] [Bytes recibidos]: 32
[2026-10-02 15:11:46.394] [Bytes recibidos]: 32
[2026-10-02 15:11:46.394] [Bytes recibidos]: 50
[2026-10-02 15:11:48.396] Enviado: S | HEX: 1B 53 36 45 0D
[2026-10-02 15:11:48.408] Recibido ASCII: 0000-  21  121FFF01   20000- 181  181FFF05   20000    0  100FFF06   20000    0  120FFF07   20000    0   20FFF08   20000    0  100FFF0A   20000    0   20FFF2A   20000    0   20FFFF3<CR>
[2026-10-02 15:11:48.409] Recibido HEX: 30 30 30 30 2D 20 20 32 31 20 20 31 32 31 46 46 46 30 31 20 20 20 32 30 30 30 30 2D 20 31 38 31 20 20 31 38 31 46 46 46 30 35 20 20 20 32 30 30 30 30 20 20 20 20 30 20 20 31 30 30 46 46 46 30 36 20 20 20 32 30 30 30 30 20 20 20 20 30 20 20 31 32 30 46 46 46 30 37 20 20 20 32 30 30 30 30 20 20 20 20 30 20 20 20 32 30 46 46 46 30 38 20 20 20 32 30 30 30 30 20 20 20 20 30 20 20 31 30 30 46 46 46 30 41 20 20 20 32 30 30 30 30 20 20 20 20 30 20 20 20 32 30 46 46 46 32 41 20 20 20 32 30 30 30 30 20 20 20 20 30 20 20 20 32 30 46 46 46 46 33 0D
[2026-10-02 15:11:48.410] Enviado:  | HEX: 01 15 31 36 0D
[2026-10-02 15:11:48.517] Recibido ASCII: <SOH>S00   20000-  21  121FFF01   20000- 181  181FFF05   20000    0  100FFF06   <ESC>R6D<CR>
[2026-10-02 15:11:48.517] Recibido HEX: 01 53 30 30 20 20 20 32 30 30 30 30 2D 20 20 32 31 20 20 31 32 31 46 46 46 30 31 20 20 20 32 30 30 30 30 2D 20 31 38 31 20 20 31 38 31 46 46 46 30 35 20 20 20 32 30 30 30 30 20 20 20 20 30 20 20 31 30 30 46 46 46 30 36 20 20 20 1B 52 36 44 0D
[2026-10-02 15:11:48.524] Enviado: T0001010105010601070108010A012A01 | HEX: 1B 54 30 30 30 31 30 31 30 31 30 35 30 31 30 36 30 31 30 37 30 31 30 38 30 31 30 41 30 31 32 41 30 31 42 36 0D
[2026-10-02 15:11:48.550] Recibido ASCII: 20000    0  120FFF07   20000    0   20FFF08   20000    0  100FFF0A   20000    0   20FFF2A   20000    0   20FFFF3<CR>
[2026-10-02 15:11:48.551] Recibido HEX: 32 30 30 30 30 20 20 20 20 30 20 20 31 32 30 46 46 46 30 37 20 20 20 32 30 30 30 30 20 20 20 20 30 20 20 20 32 30 46 46 46 30 38 20 20 20 32 30 30 30 30 20 20 20 20 30 20 20 31 30 30 46 46 46 30 41 20 20 20 32 30 30 30 30 20 20 20 20 30 20 20 20 32 30 46 46 46 32 41 20 20 20 32 30 30 30 30 20 20 20 20 30 20 20 20 32 30 46 46 46 46 33 0D
[2026-10-02 15:11:48.552] Enviado:  | HEX: 01 15 31 36 0D
[2026-10-02 15:11:48.594] Recibido ASCII: <SOH>T55<CR>
[2026-10-02 15:11:48.594] Recibido HEX: 01 54 35 35 0D
[2026-10-02 15:11:48.595] Datos recibidos (5 bytes): 1B 52 36 44 0D
[2026-10-02 15:11:48.596] [Bytes recibidos]: 27
[2026-10-02 15:11:48.597] [Bytes recibidos]: 82
[2026-10-02 15:11:48.597] [Bytes recibidos]: 54
[2026-10-02 15:11:48.598] [Bytes recibidos]: 68
[2026-10-02 15:11:48.598] [Bytes recibidos]: 13
[2026-10-02 15:11:52.287] Datos recibidos (5 bytes): 1B 51 36 43 0D
[2026-10-02 15:11:52.288] [Bytes recibidos]: 27
[2026-10-02 15:11:52.288] [Bytes recibidos]: 81
[2026-10-02 15:11:52.288] [Bytes recibidos]: 54
[2026-10-02 15:11:52.289] [Bytes recibidos]: 67
[2026-10-02 15:11:52.289] [Bytes recibidos]: 13
[2026-10-02 15:11:55.899] Datos recibidos (5 bytes): 1B 51 36 43 0D
[2026-10-02 15:11:55.900] [Bytes recibidos]: 27
[2026-10-02 15:11:55.900] [Bytes recibidos]: 81
[2026-10-02 15:11:55.901] [Bytes recibidos]: 54
[2026-10-02 15:11:55.901] [Bytes recibidos]: 67
[2026-10-02 15:11:55.902] [Bytes recibidos]: 13
[2026-10-02 15:11:59.513] Datos recibidos (5 bytes): 1B 51 36 43 0D
[2026-10-02 15:11:59.514] [Bytes recibidos]: 27
[2026-10-02 15:11:59.514] [Bytes recibidos]: 81
[2026-10-02 15:11:59.515] [Bytes recibidos]: 54
[2026-10-02 15:11:59.515] [Bytes recibidos]: 67
[2026-10-02 15:11:59.515] [Bytes recibidos]: 13
[2026-10-02 15:12:03.100] Datos recibidos (5 bytes): 1B 51 36 43 0D
[2026-10-02 15:12:03.100] [Bytes recibidos]: 27
[2026-10-02 15:12:03.101] [Bytes recibidos]: 81
[2026-10-02 15:12:03.101] [Bytes recibidos]: 54
[2026-10-02 15:12:03.101] [Bytes recibidos]: 67
[2026-10-02 15:12:03.102] [Bytes recibidos]: 13
[2026-10-02 15:12:06.703] Datos recibidos (5 bytes): 1B 51 36 43 0D
[2026-10-02 15:12:06.704] [Bytes recibidos]: 27
[2026-10-02 15:12:06.705] [Bytes recibidos]: 81
[2026-10-02 15:12:06.705] [Bytes recibidos]: 54
[2026-10-02 15:12:06.705] [Bytes recibidos]: 67
[2026-10-02 15:12:06.706] [Bytes recibidos]: 13
[2026-10-02 15:12:10.288] Datos recibidos (5 bytes): 1B 51 36 43 0D
[2026-10-02 15:12:10.288] [Bytes recibidos]: 27
[2026-10-02 15:12:10.289] [Bytes recibidos]: 81
[2026-10-02 15:12:10.289] [Bytes recibidos]: 54
[2026-10-02 15:12:10.289] [Bytes recibidos]: 67
[2026-10-02 15:12:10.290] [Bytes recibidos]: 13
[2026-10-02 15:12:13.888] Datos recibidos (5 bytes): 1B 51 36 43 0D
[2026-10-02 15:12:13.888] [Bytes recibidos]: 27
[2026-10-02 15:12:13.889] [Bytes recibidos]: 81
[2026-10-02 15:12:13.889] [Bytes recibidos]: 54
[2026-10-02 15:12:13.889] [Bytes recibidos]: 67
[2026-10-02 15:12:13.890] [Bytes recibidos]: 13
[2026-10-02 15:12:17.506] Datos recibidos (5 bytes): 1B 51 36 43 0D
[2026-10-02 15:12:17.506] [Bytes recibidos]: 27
[2026-10-02 15:12:17.507] [Bytes recibidos]: 81
[2026-10-02 15:12:17.507] [Bytes recibidos]: 54
[2026-10-02 15:12:17.507] [Bytes recibidos]: 67
[2026-10-02 15:12:17.508] [Bytes recibidos]: 13
[2026-10-02 15:12:21.105] Datos recibidos (5 bytes): 1B 51 36 43 0D
[2026-10-02 15:12:21.106] [Bytes recibidos]: 27
[2026-10-02 15:12:21.106] [Bytes recibidos]: 81
[2026-10-02 15:12:21.106] [Bytes recibidos]: 54
[2026-10-02 15:12:21.107] [Bytes recibidos]: 67
[2026-10-02 15:12:21.107] [Bytes recibidos]: 13
[2026-10-02 15:12:24.704] Datos recibidos (5 bytes): 1B 51 36 43 0D
[2026-10-02 15:12:24.704] [Bytes recibidos]: 27
[2026-10-02 15:12:24.705] [Bytes recibidos]: 81
[2026-10-02 15:12:24.705] [Bytes recibidos]: 54
[2026-10-02 15:12:24.705] [Bytes recibidos]: 67
[2026-10-02 15:12:24.706] [Bytes recibidos]: 13
[2026-10-02 15:12:28.306] Datos recibidos (5 bytes): 1B 51 36 43 0D
[2026-10-02 15:12:28.307] [Bytes recibidos]: 27
[2026-10-02 15:12:28.307] [Bytes recibidos]: 81
[2026-10-02 15:12:28.307] [Bytes recibidos]: 54
[2026-10-02 15:12:28.308] [Bytes recibidos]: 67
[2026-10-02 15:12:28.308] [Bytes recibidos]: 13
[2026-10-02 15:12:31.906] Datos recibidos (5 bytes): 1B 51 36 43 0D
[2026-10-02 15:12:31.906] [Bytes recibidos]: 27
[2026-10-02 15:12:31.907] [Bytes recibidos]: 81
[2026-10-02 15:12:31.907] [Bytes recibidos]: 54
[2026-10-02 15:12:31.907] [Bytes recibidos]: 67
[2026-10-02 15:12:31.908] [Bytes recibidos]: 13
[2026-10-02 15:12:35.504] Datos recibidos (5 bytes): 1B 51 36 43 0D
[2026-10-02 15:12:35.505] [Bytes recibidos]: 27
[2026-10-02 15:12:35.505] [Bytes recibidos]: 81
[2026-10-02 15:12:35.506] [Bytes recibidos]: 54
[2026-10-02 15:12:35.506] [Bytes recibidos]: 67
[2026-10-02 15:12:35.506] [Bytes recibidos]: 13
[2026-10-02 15:12:39.100] Datos recibidos (5 bytes): 1B 51 36 43 0D
[2026-10-02 15:12:39.101] [Bytes recibidos]: 27
[2026-10-02 15:12:39.101] [Bytes recibidos]: 81
[2026-10-02 15:12:39.101] [Bytes recibidos]: 54
[2026-10-02 15:12:39.102] [Bytes recibidos]: 67
[2026-10-02 15:12:39.102] [Bytes recibidos]: 13
