[2026-10-02 11:50:46.742] Iniciando comunicación con Atlan A350 XL (8E1)...
[2026-10-02 11:50:46.747] Enviado: Q | HEX: 1B 51 36 43 0D
[2026-10-02 11:50:46.870] Recibido ASCII: <SOH>Q52<CR>
[2026-10-02 11:50:46.871] Recibido HEX: 01 51 35 32 0D
[2026-10-02 11:50:46.872] Enviado: R | HEX: 1B 52 36 44 0D
[2026-10-02 11:50:46.954] Recibido ASCII: <SOH>R5555'A3XX'02.11:0<ESC>R6D<CR>
[2026-10-02 11:50:46.955] Recibido HEX: 01 52 35 35 35 35 27 41 33 58 58 27 30 32 2E 31 31 3A 30 1B 52 36 44 0D
[2026-10-02 11:50:46.955] Enviado: S | HEX: 1B 53 36 45 0D
[2026-10-02 11:50:46.976] Recibido ASCII: 6.00B9<CR>
[2026-10-02 11:50:46.977] Recibido HEX: 36 2E 30 30 42 39 0D
[2026-10-02 11:50:46.977] Enviado:  | HEX: 01 15 31 36 0D
[2026-10-02 11:50:47.061] Recibido ASCII: <SOH>S00   20000-  21  121FFF01   20000- 1<ESC>R6D<CR>
[2026-10-02 11:50:47.062] Recibido HEX: 01 53 30 30 20 20 20 32 30 30 30 30 2D 20 20 32 31 20 20 31 32 31 46 46 46 30 31 20 20 20 32 30 30 30 30 2D 20 31 1B 52 36 44 0D
[2026-10-02 11:50:47.064] Enviado: T0001 | HEX: 1B 54 30 30 30 31 33 30 0D
[2026-10-02 11:50:47.170] Recibido ASCII: 81  181FFF05   20000    0  100FFF06   20000    0  120FFF07   20000    0   20FFF08   20000    0  100FFF0A   20000    0   20FFF2A   20000    0   20FFFF3<CR>
[2026-10-02 11:50:47.170] Recibido HEX: 38 31 20 20 31 38 31 46 46 46 30 35 20 20 20 32 30 30 30 30 20 20 20 20 30 20 20 31 30 30 46 46 46 30 36 20 20 20 32 30 30 30 30 20 20 20 20 30 20 20 31 32 30 46 46 46 30 37 20 20 20 32 30 30 30 30 20 20 20 20 30 20 20 20 32 30 46 46 46 30 38 20 20 20 32 30 30 30 30 20 20 20 20 30 20 20 31 30 30 46 46 46 30 41 20 20 20 32 30 30 30 30 20 20 20 20 30 20 20 20 32 30 46 46 46 32 41 20 20 20 32 30 30 30 30 20 20 20 20 30 20 20 20 32 30 46 46 46 46 33 0D
[2026-10-02 11:50:47.171] Enviado:  | HEX: 01 15 31 36 0D
[2026-10-02 11:50:47.171] Recibido ASCII: <SOH>T55<CR>
[2026-10-02 11:50:47.171] Recibido HEX: 01 54 35 35 0D
[2026-10-02 11:50:47.172] Error en el ciclo de polling: java.lang.NumberFormatException: For input string: "ÐC" under radix 16
[2026-10-02 11:50:49.173] Enviado: S | HEX: 1B 53 36 45 0D
[2026-10-02 11:50:49.173] Recibido ASCII: <ESC>R6D<CR>
[2026-10-02 11:50:49.174] Recibido HEX: 1B 52 36 44 0D
[2026-10-02 11:50:49.174] Sin registros de realtime configuration, se omite el paso <54H>
[2026-10-02 11:50:49.259] Datos recibidos (37 bytes): 01 53 30 30 20 20 20 32 30 30 30 30 2D 20 20 32 31 20 20 31 32 31 46 46 46 30 31 20 20 20 32 30 30 30 30 2D 20
[2026-10-02 11:50:51.260] Enviado: S | HEX: 1B 53 36 45 0D
[2026-10-02 11:50:51.265] Recibido ASCII: 181  181FFF05   20000    0  100FFF06   20000    0  120FFF07   20000    0   20FFF08   20000    0  100FFF0A   20000    0   20FFF2A   20000    0   20FFFF3<CR>
[2026-10-02 11:50:51.265] Recibido HEX: 31 38 31 20 20 31 38 31 46 46 46 30 35 20 20 20 32 30 30 30 30 20 20 20 20 30 20 20 31 30 30 46 46 46 30 36 20 20 20 32 30 30 30 30 20 20 20 20 30 20 20 31 32 30 46 46 46 30 37 20 20 20 32 30 30 30 30 20 20 20 20 30 20 20 20 32 30 46 46 46 30 38 20 20 20 32 30 30 30 30 20 20 20 20 30 20 20 31 30 30 46 46 46 30 41 20 20 20 32 30 30 30 30 20 20 20 20 30 20 20 20 32 30 46 46 46 32 41 20 20 20 32 30 30 30 30 20 20 20 20 30 20 20 20 32 30 46 46 46 46 33 0D
[2026-10-02 11:50:51.266] Enviado:  | HEX: 01 15 31 36 0D
[2026-10-02 11:50:51.389] Recibido ASCII: <SOH>S00   20000-  21  121FFF01   20000- 1<ESC>Q6C<CR>
[2026-10-02 11:50:51.390] Recibido HEX: 01 53 30 30 20 20 20 32 30 30 30 30 2D 20 20 32 31 20 20 31 32 31 46 46 46 30 31 20 20 20 32 30 30 30 30 2D 20 31 1B 51 36 43 0D
[2026-10-02 11:50:51.391] Enviado: T0001 | HEX: 1B 54 30 30 30 31 33 30 0D
[2026-10-02 11:50:51.453] Recibido ASCII: <SOH>16<CR>
[2026-10-02 11:50:51.453] Recibido HEX: 01 15 31 36 0D
[2026-10-02 11:50:51.453] Error en el ciclo de polling: java.lang.NumberFormatException: For input string: "ÐC" under radix 16
[2026-10-02 11:50:53.454] Enviado: S | HEX: 1B 53 36 45 0D
[2026-10-02 11:50:53.556] Recibido ASCII: <SOH>16<CR>
[2026-10-02 11:50:53.556] Recibido HEX: 01 15 31 36 0D
[2026-10-02 11:50:53.556] Sin registros de realtime configuration, se omite el paso <54H>
[2026-10-02 11:50:56.574] Sin datos recibidos en 3000 ms
