[2026-10-02 15:48:25.528] Iniciando comunicación con Atlan A350 XL (8E1)...
[2026-10-02 15:48:25.539] Enviado: Q | HEX: 1B 51 36 43 0D
[2026-10-02 15:48:25.602] Recibido ASCII: <SOH>Q52<CR>
[2026-10-02 15:48:25.603] Recibido HEX: 01 51 35 32 0D
[2026-10-02 15:48:25.607] Enviado: S | HEX: 1B 53 36 45 0D
[2026-10-02 15:48:25.732] Recibido ASCII: <SOH>S00   20000-  21  121FFF01   20000- 1<ESC>R6D<CR>
[2026-10-02 15:48:25.733] Recibido HEX: 01 53 30 30 20 20 20 32 30 30 30 30 2D 20 20 32 31 20 20 31 32 31 46 46 46 30 31 20 20 20 32 30 30 30 30 2D 20 31 1B 52 36 44 0D
[2026-10-02 15:48:25.739] Enviado: T0001010105010601070108010A012A01 | HEX: 1B 54 30 30 30 31 30 31 30 31 30 35 30 31 30 36 30 31 30 37 30 31 30 38 30 31 30 41 30 31 32 41 30 31 42 36 0D
[2026-10-02 15:48:25.768] Recibido ASCII: 81  181FFF05   20000    0  100FFF06   20000    0  120FFF07   20000    0   20FFF08   20000    0  100FFF0A   20000    0   20FFF2A   20000    0   20FFFF3<CR>
[2026-10-02 15:48:25.769] Recibido HEX: 38 31 20 20 31 38 31 46 46 46 30 35 20 20 20 32 30 30 30 30 20 20 20 20 30 20 20 31 30 30 46 46 46 30 36 20 20 20 32 30 30 30 30 20 20 20 20 30 20 20 31 32 30 46 46 46 30 37 20 20 20 32 30 30 30 30 20 20 20 20 30 20 20 20 32 30 46 46 46 30 38 20 20 20 32 30 30 30 30 20 20 20 20 30 20 20 31 30 30 46 46 46 30 41 20 20 20 32 30 30 30 30 20 20 20 20 30 20 20 20 32 30 46 46 46 32 41 20 20 20 32 30 30 30 30 20 20 20 20 30 20 20 20 32 30 46 46 46 46 33 0D
[2026-10-02 15:48:25.771] Enviado:  | HEX: 01 15 31 36 0D
[2026-10-02 15:48:25.793] Recibido ASCII: <SOH>T55<CR>
[2026-10-02 15:48:25.793] Recibido HEX: 01 54 35 35 0D
[2026-10-02 15:48:25.799] Datos recibidos (3 bytes): 1B 52 36
[2026-10-02 15:48:25.821] Recibido ASCII: D<CR>
[2026-10-02 15:48:25.821] Recibido HEX: 44 0D
[2026-10-02 15:48:25.822] Enviado:  | HEX: 01 15 31 36 0D
[2026-10-02 15:48:25.924] Recibido ASCII: <ESC>R6D<CR>
[2026-10-02 15:48:25.925] Recibido HEX: 1B 52 36 44 0D
[2026-10-02 15:48:27.927] Enviado: 0161'OpenICE'02.10:06.00 | HEX: 01 30 31 36 31 27 4F 70 65 6E 49 43 45 27 30 32 2E 31 30 3A 30 36 2E 30 30 39 39 0D
[2026-10-02 15:48:28.009] Recibido ASCII: <ESC>Q6C<CR>
[2026-10-02 15:48:28.010] Recibido HEX: 1B 51 36 43 0D
[2026-10-02 15:48:31.022] Sin datos recibidos en 3000 ms
[2026-10-02 15:48:31.023] Error en el ciclo de polling: java.lang.ArrayIndexOutOfBoundsException: Index 0 out of bounds for length 0
[2026-10-02 15:48:33.025] Enviado: Q | HEX: 01 51 35 32 0D
[2026-10-02 15:48:33.026] Recibido ASCII: <ESC>Q6C<CR>
[2026-10-02 15:48:33.027] Recibido HEX: 1B 51 36 43 0D
[2026-10-02 15:48:33.028] Enviado: 0161'OpenICE'02.10:06.00 | HEX: 01 30 31 36 31 27 4F 70 65 6E 49 43 45 27 30 32 2E 31 30 3A 30 36 2E 30 30 39 39 0D
[2026-10-02 15:48:33.111] Recibido ASCII: <ESC>R6D<CR>
[2026-10-02 15:48:33.112] Recibido HEX: 1B 52 36 44 0D
[2026-10-02 15:48:33.113] Datos recibidos (5 bytes): 1B 52 36 44 0D
[2026-10-02 15:48:35.134] Enviado:  | HEX: 01 15 31 36 0D
[2026-10-02 15:48:35.196] Recibido ASCII: <ESC>R6D<CR>
[2026-10-02 15:48:35.196] Recibido HEX: 1B 52 36 44 0D
[2026-10-02 15:48:37.199] Enviado: 0161'OpenICE'02.10:06.00 | HEX: 01 30 31 36 31 27 4F 70 65 6E 49 43 45 27 30 32 2E 31 30 3A 30 36 2E 30 30 39 39 0D
[2026-10-02 15:48:37.321] Recibido ASCII: <ESC>Q6C<CR>
[2026-10-02 15:48:37.321] Recibido HEX: 1B 51 36 43 0D
[2026-10-02 15:48:40.332] Sin datos recibidos en 3000 ms
[2026-10-02 15:48:40.332] Error en el ciclo de polling: java.lang.ArrayIndexOutOfBoundsException: Index 0 out of bounds for length 0
[2026-10-02 15:48:42.334] Enviado: Q | HEX: 01 51 35 32 0D
[2026-10-02 15:48:42.334] Recibido ASCII: <ESC>Q6C<CR>
[2026-10-02 15:48:42.335] Recibido HEX: 1B 51 36 43 0D
[2026-10-02 15:48:42.336] Enviado: 0161'OpenICE'02.10:06.00 | HEX: 01 30 31 36 31 27 4F 70 65 6E 49 43 45 27 30 32 2E 31 30 3A 30 36 2E 30 30 39 39 0D
[2026-10-02 15:48:42.418] Recibido ASCII: <ESC>R6D<CR>
[2026-10-02 15:48:42.418] Recibido HEX: 1B 52 36 44 0D
[2026-10-02 15:48:42.419] Datos recibidos (5 bytes): 1B 52 36 44 0D
[2026-10-02 15:48:44.439] Enviado:  | HEX: 01 15 31 36 0D
[2026-10-02 15:48:44.500] Recibido ASCII: <ESC>R6D<CR>
[2026-10-02 15:48:44.501] Recibido HEX: 1B 52 36 44 0D
