[2026-10-02 12:06:41.173] Iniciando comunicación con Atlan A350 XL (8E1)...
[2026-10-02 12:06:41.178] Enviado: Q | HEX: 1B 51 36 43 0D
[2026-10-02 12:06:41.178] Recibido ASCII: <CR>
[2026-10-02 12:06:41.179] Recibido HEX: 0D
[2026-10-02 12:06:41.179] Enviado: R | HEX: 1B 52 36 44 0D
[2026-10-02 12:06:41.282] Recibido ASCII: <SOH>Q52<CR>
[2026-10-02 12:06:41.283] Recibido HEX: 01 51 35 32 0D
[2026-10-02 12:06:41.283] Enviado: S | HEX: 1B 53 36 45 0D
[2026-10-02 12:06:41.305] Recibido ASCII: <SOH>R5555'A3XX'02.11:0<ESC>R6D<CR>
[2026-10-02 12:06:41.306] Recibido HEX: 01 52 35 35 35 35 27 41 33 58 58 27 30 32 2E 31 31 3A 30 1B 52 36 44 0D
[2026-10-02 12:06:41.307] Sin registros de realtime configuration, se omite el paso <54H>
[2026-10-02 12:06:41.310] Datos recibidos (5 bytes): 36 2E 30 30 42
[2026-10-02 12:06:43.311] Enviado: S | HEX: 1B 53 36 45 0D
[2026-10-02 12:06:43.312] Recibido ASCII: 9<CR>
[2026-10-02 12:06:43.312] Recibido HEX: 39 0D
[2026-10-02 12:06:43.313] Enviado:  | HEX: 01 15 31 36 0D
[2026-10-02 12:06:43.317] Recibido ASCII: <SOH>S00   20000-  21  121FFF01   20000- 181  181FFF05   20000    0  100FFF06   20000    0  120FFF07   20000    0   20FFF08   20000    0  100FFF0A   20000    0   20FFF2A   20000    0   20FFFF3<CR>
[2026-10-02 12:06:43.317] Recibido HEX: 01 53 30 30 20 20 20 32 30 30 30 30 2D 20 20 32 31 20 20 31 32 31 46 46 46 30 31 20 20 20 32 30 30 30 30 2D 20 31 38 31 20 20 31 38 31 46 46 46 30 35 20 20 20 32 30 30 30 30 20 20 20 20 30 20 20 31 30 30 46 46 46 30 36 20 20 20 32 30 30 30 30 20 20 20 20 30 20 20 31 32 30 46 46 46 30 37 20 20 20 32 30 30 30 30 20 20 20 20 30 20 20 20 32 30 46 46 46 30 38 20 20 20 32 30 30 30 30 20 20 20 20 30 20 20 31 30 30 46 46 46 30 41 20 20 20 32 30 30 30 30 20 20 20 20 30 20 20 20 32 30 46 46 46 32 41 20 20 20 32 30 30 30 30 20 20 20 20 30 20 20 20 32 30 46 46 46 46 33 0D
[2026-10-02 12:06:43.320] Enviado: T0001010105010601070108010A012A01 | HEX: 1B 54 30 30 30 31 30 31 30 31 30 35 30 31 30 36 30 31 30 37 30 31 30 38 30 31 30 41 30 31 32 41 30 31 42 36 0D
[2026-10-02 12:06:43.424] Recibido ASCII: <SOH>S00   20000-  21  121FFF01   20000- 1<ESC>R6D<CR>
[2026-10-02 12:06:43.424] Recibido HEX: 01 53 30 30 20 20 20 32 30 30 30 30 2D 20 20 32 31 20 20 31 32 31 46 46 46 30 31 20 20 20 32 30 30 30 30 2D 20 31 1B 52 36 44 0D
[2026-10-02 12:06:43.424] Error en el ciclo de polling: java.lang.NumberFormatException: For input string: "ÐC1C2ÀÀ" under radix 16
[2026-10-02 12:06:45.426] Enviado: S | HEX: 1B 53 36 45 0D
[2026-10-02 12:06:45.428] Recibido ASCII: 81  181FFF05   20000    0  100FFF06   20000    0  120FFF07   20000    0   20FFF08   20000    0  100FFF0A   20000    0   20FFF2A   20000    0   20FFFF3<CR>
[2026-10-02 12:06:45.428] Recibido HEX: 38 31 20 20 31 38 31 46 46 46 30 35 20 20 20 32 30 30 30 30 20 20 20 20 30 20 20 31 30 30 46 46 46 30 36 20 20 20 32 30 30 30 30 20 20 20 20 30 20 20 31 32 30 46 46 46 30 37 20 20 20 32 30 30 30 30 20 20 20 20 30 20 20 20 32 30 46 46 46 30 38 20 20 20 32 30 30 30 30 20 20 20 20 30 20 20 31 30 30 46 46 46 30 41 20 20 20 32 30 30 30 30 20 20 20 20 30 20 20 20 32 30 46 46 46 32 41 20 20 20 32 30 30 30 30 20 20 20 20 30 20 20 20 32 30 46 46 46 46 33 0D
[2026-10-02 12:06:45.429] Enviado:  | HEX: 01 15 31 36 0D
[2026-10-02 12:06:45.429] Recibido ASCII: <SOH>T55<CR>
[2026-10-02 12:06:45.429] Recibido HEX: 01 54 35 35 0D
[2026-10-02 12:06:45.430] Sin registros de realtime configuration, se omite el paso <54H>
[2026-10-02 12:06:45.491] Datos recibidos (4 bytes): 01 53 30 30
[2026-10-02 12:06:47.492] Enviado: S | HEX: 1B 53 36 45 0D
[2026-10-02 12:06:47.494] Recibido ASCII:    20000-  21  121FFF01   20000- 1<ESC>R6D<CR>
[2026-10-02 12:06:47.494] Recibido HEX: 20 20 20 32 30 30 30 30 2D 20 20 32 31 20 20 31 32 31 46 46 46 30 31 20 20 20 32 30 30 30 30 2D 20 31 1B 52 36 44 0D
[2026-10-02 12:06:47.494] Enviado:  | HEX: 01 15 31 36 0D
[2026-10-02 12:06:47.496] Recibido ASCII: 81  181FFF05   20000    0  100FFF06   20000    0  120FFF07   20000    0   20FFF08   20000    0  100FFF0A   20000    0   20FFF2A   20000    0   20FFFF3<CR>
[2026-10-02 12:06:47.496] Recibido HEX: 38 31 20 20 31 38 31 46 46 46 30 35 20 20 20 32 30 30 30 30 20 20 20 20 30 20 20 31 30 30 46 46 46 30 36 20 20 20 32 30 30 30 30 20 20 20 20 30 20 20 31 32 30 46 46 46 30 37 20 20 20 32 30 30 30 30 20 20 20 20 30 20 20 20 32 30 46 46 46 30 38 20 20 20 32 30 30 30 30 20 20 20 20 30 20 20 31 30 30 46 46 46 30 41 20 20 20 32 30 30 30 30 20 20 20 20 30 20 20 20 32 30 46 46 46 32 41 20 20 20 32 30 30 30 30 20 20 20 20 30 20 20 20 32 30 46 46 46 46 33 0D
[2026-10-02 12:06:47.497] Enviado:  | HEX: 01 15 31 36 0D
[2026-10-02 12:06:47.619] Recibido ASCII: <SOH>S00   20000-  21  121FFF01   20000- 1<ESC>Q6C<CR>
[2026-10-02 12:06:47.619] Recibido HEX: 01 53 30 30 20 20 20 32 30 30 30 30 2D 20 20 32 31 20 20 31 32 31 46 46 46 30 31 20 20 20 32 30 30 30 30 2D 20 31 1B 51 36 43 0D
[2026-10-02 12:06:47.820] Enviado: T0001 | HEX: 1B 54 30 30 30 31 33 30 0D
[2026-10-02 12:06:47.821] Recibido ASCII: <ESC>Q6C<CR>
[2026-10-02 12:06:47.821] Recibido HEX: 1B 51 36 43 0D
[2026-10-02 12:06:47.821] Error en el ciclo de polling: java.lang.NumberFormatException: For input string: "ÐC1ÀÀ" under radix 16
