[2026-10-02 12:47:56.469] Iniciando comunicación con Atlan A350 XL (8E1)...
[2026-10-02 12:47:56.473] Enviado: Q | HEX: 1B 51 36 43 0D
[2026-10-02 12:47:56.515] Recibido ASCII: <SOH>Q52<CR>
[2026-10-02 12:47:56.515] Recibido HEX: 01 51 35 32 0D
[2026-10-02 12:47:56.517] Enviado: R | HEX: 1B 52 36 44 0D
[2026-10-02 12:47:56.640] Recibido ASCII: <SOH>R5555'A3XX'02.11:0<ESC>R6D<CR>
[2026-10-02 12:47:56.640] Recibido HEX: 01 52 35 35 35 35 27 41 33 58 58 27 30 32 2E 31 31 3A 30 1B 52 36 44 0D
[2026-10-02 12:47:56.641] Enviado: S | HEX: 1B 53 36 45 0D
[2026-10-02 12:47:56.641] Recibido ASCII: 6.00B9<CR>
[2026-10-02 12:47:56.641] Recibido HEX: 36 2E 30 30 42 39 0D
[2026-10-02 12:47:56.642] Enviado:  | HEX: 01 15 31 36 0D
[2026-10-02 12:47:56.745] Recibido ASCII: <SOH>S00   20000-  21  121FFF01   20000- 1<ESC>R6D<CR>
[2026-10-02 12:47:56.745] Recibido HEX: 01 53 30 30 20 20 20 32 30 30 30 30 2D 20 20 32 31 20 20 31 32 31 46 46 46 30 31 20 20 20 32 30 30 30 30 2D 20 31 1B 52 36 44 0D
[2026-10-02 12:47:56.748] Enviado: T0001 | HEX: 1B 54 30 30 30 31 33 30 0D
[2026-10-02 12:47:56.834] Recibido ASCII: 81  181FFF05   20000    0  100FFF06   20000    0  120FFF07   20000    0   20FFF08   20000    0  100FFF0A   20000    0   20FFF2A   20000    0   20FFFF3<CR>
[2026-10-02 12:47:56.834] Recibido HEX: 38 31 20 20 31 38 31 46 46 46 30 35 20 20 20 32 30 30 30 30 20 20 20 20 30 20 20 31 30 30 46 46 46 30 36 20 20 20 32 30 30 30 30 20 20 20 20 30 20 20 31 32 30 46 46 46 30 37 20 20 20 32 30 30 30 30 20 20 20 20 30 20 20 20 32 30 46 46 46 30 38 20 20 20 32 30 30 30 30 20 20 20 20 30 20 20 31 30 30 46 46 46 30 41 20 20 20 32 30 30 30 30 20 20 20 20 30 20 20 20 32 30 46 46 46 32 41 20 20 20 32 30 30 30 30 20 20 20 20 30 20 20 20 32 30 46 46 46 46 33 0D
[2026-10-02 12:47:56.837] Enviado:  | HEX: 01 15 31 36 0D
[2026-10-02 12:47:56.838] Recibido ASCII: <SOH>T55<CR>
[2026-10-02 12:47:56.838] Recibido HEX: 01 54 35 35 0D
[2026-10-02 12:47:56.921] Datos recibidos (5 bytes): 1B 52 36 44 0D
[2026-10-02 12:47:56.923] [Bytes recibidos]: 27
[2026-10-02 12:47:56.923] [Bytes recibidos]: 82
[2026-10-02 12:47:56.923] [Bytes recibidos]: 54
[2026-10-02 12:47:56.923] [Bytes recibidos]: 68
[2026-10-02 12:47:56.923] [Bytes recibidos]: 13
[2026-10-02 12:47:56.925] [Data Recibida]: NaN
[2026-10-02 12:48:00.425] Datos recibidos (5 bytes): 1B 51 36 43 0D
[2026-10-02 12:48:00.426] [Bytes recibidos]: 27
[2026-10-02 12:48:00.426] [Bytes recibidos]: 81
[2026-10-02 12:48:00.426] [Bytes recibidos]: 54
[2026-10-02 12:48:00.427] [Bytes recibidos]: 67
[2026-10-02 12:48:00.427] [Bytes recibidos]: 13
[2026-10-02 12:48:00.427] [Data Recibida]: NaN
[2026-10-02 12:48:04.025] Datos recibidos (5 bytes): 1B 51 36 43 0D
[2026-10-02 12:48:04.026] [Bytes recibidos]: 27
[2026-10-02 12:48:04.026] [Bytes recibidos]: 81
[2026-10-02 12:48:04.026] [Bytes recibidos]: 54
[2026-10-02 12:48:04.027] [Bytes recibidos]: 67
[2026-10-02 12:48:04.027] [Bytes recibidos]: 13
[2026-10-02 12:48:04.027] [Data Recibida]: NaN
[2026-10-02 12:48:07.608] Datos recibidos (5 bytes): 1B 51 36 43 0D
[2026-10-02 12:48:07.609] [Bytes recibidos]: 27
[2026-10-02 12:48:07.611] [Bytes recibidos]: 81
[2026-10-02 12:48:07.611] [Bytes recibidos]: 54
[2026-10-02 12:48:07.611] [Bytes recibidos]: 67
[2026-10-02 12:48:07.611] [Bytes recibidos]: 13
[2026-10-02 12:48:07.612] [Data Recibida]: NaN
