[2026-10-02 14:03:21.551] Iniciando comunicación con Atlan A350 XL (8E1)...
[2026-10-02 14:03:21.561] Enviado: Q | HEX: 1B 51 36 43 0D
[2026-10-02 14:03:21.644] Recibido ASCII: <SOH>Q52<CR>
[2026-10-02 14:03:21.645] Recibido HEX: 01 51 35 32 0D
[2026-10-02 14:03:21.647] Enviado: S | HEX: 1B 53 36 45 0D
[2026-10-02 14:03:21.648] Recibido ASCII: <ESC>R6D<CR>
[2026-10-02 14:03:21.648] Recibido HEX: 1B 52 36 44 0D
[2026-10-02 14:03:21.649] Sin registros de realtime configuration, se omite el paso <54H>
[2026-10-02 14:03:21.735] Datos recibidos (6 bytes): 01 53 30 30 20 20
[2026-10-02 14:03:21.738] [Bytes recibidos]: 1
[2026-10-02 14:03:21.738] [Bytes recibidos]: 83
[2026-10-02 14:03:21.739] [Bytes recibidos]: 48
[2026-10-02 14:03:21.739] [Bytes recibidos]: 48
[2026-10-02 14:03:21.739] [Bytes recibidos]: 32
[2026-10-02 14:03:21.740] [Bytes recibidos]: 32
[2026-10-02 14:03:23.741] Enviado: S | HEX: 1B 53 36 45 0D
[2026-10-02 14:03:23.752] Recibido ASCII:  20000-  21  121FFF01   20000- 181  181FFF05   20000    0  100FFF06   20000    0  120FFF07   20000    0   20FFF08   20000    0  100FFF0A   20000    0   20FFF2A   20000    0   20FFFF3<CR>
[2026-10-02 14:03:23.753] Recibido HEX: 20 32 30 30 30 30 2D 20 20 32 31 20 20 31 32 31 46 46 46 30 31 20 20 20 32 30 30 30 30 2D 20 31 38 31 20 20 31 38 31 46 46 46 30 35 20 20 20 32 30 30 30 30 20 20 20 20 30 20 20 31 30 30 46 46 46 30 36 20 20 20 32 30 30 30 30 20 20 20 20 30 20 20 31 32 30 46 46 46 30 37 20 20 20 32 30 30 30 30 20 20 20 20 30 20 20 20 32 30 46 46 46 30 38 20 20 20 32 30 30 30 30 20 20 20 20 30 20 20 31 30 30 46 46 46 30 41 20 20 20 32 30 30 30 30 20 20 20 20 30 20 20 20 32 30 46 46 46 32 41 20 20 20 32 30 30 30 30 20 20 20 20 30 20 20 20 32 30 46 46 46 46 33 0D
[2026-10-02 14:03:23.754] Enviado:  | HEX: 01 15 31 36 0D
[2026-10-02 14:03:23.858] Recibido ASCII: <SOH>S00   20000-  21  121FFF01   20000- 1<ESC>R6D<CR>
[2026-10-02 14:03:23.859] Recibido HEX: 01 53 30 30 20 20 20 32 30 30 30 30 2D 20 20 32 31 20 20 31 32 31 46 46 46 30 31 20 20 20 32 30 30 30 30 2D 20 31 1B 52 36 44 0D
[2026-10-02 14:03:23.863] Enviado: T0001 | HEX: 1B 54 30 30 30 31 33 30 0D
[2026-10-02 14:03:23.951] Recibido ASCII: 81  181FFF05   20000    0  100FFF06   20000    0  120FFF07   20000    0   20FFF08   20000    0  100FFF0A   20000    0   20FFF2A   20000    0   20FFFF3<CR>
[2026-10-02 14:03:23.951] Recibido HEX: 38 31 20 20 31 38 31 46 46 46 30 35 20 20 20 32 30 30 30 30 20 20 20 20 30 20 20 31 30 30 46 46 46 30 36 20 20 20 32 30 30 30 30 20 20 20 20 30 20 20 31 32 30 46 46 46 30 37 20 20 20 32 30 30 30 30 20 20 20 20 30 20 20 20 32 30 46 46 46 30 38 20 20 20 32 30 30 30 30 20 20 20 20 30 20 20 31 30 30 46 46 46 30 41 20 20 20 32 30 30 30 30 20 20 20 20 30 20 20 20 32 30 46 46 46 32 41 20 20 20 32 30 30 30 30 20 20 20 20 30 20 20 20 32 30 46 46 46 46 33 0D
[2026-10-02 14:03:23.952] Enviado:  | HEX: 01 15 31 36 0D
[2026-10-02 14:03:23.953] Recibido ASCII: <SOH>T55<CR>
[2026-10-02 14:03:23.953] Recibido HEX: 01 54 35 35 0D
[2026-10-02 14:03:24.036] Datos recibidos (5 bytes): 1B 52 36 44 0D
[2026-10-02 14:03:24.036] [Bytes recibidos]: 27
[2026-10-02 14:03:24.037] [Bytes recibidos]: 82
[2026-10-02 14:03:24.037] [Bytes recibidos]: 54
[2026-10-02 14:03:24.038] [Bytes recibidos]: 68
[2026-10-02 14:03:24.038] [Bytes recibidos]: 13
[2026-10-02 14:03:24.041] [Data Recibida]: 19.88351648351648
[2026-10-02 14:03:24.042] [MIN]: -21
[2026-10-02 14:03:24.043] [MAX]: 121
[2026-10-02 14:03:24.043] [MAXBIN]: 4095
[2026-10-02 14:03:27.622] Datos recibidos (1 bytes): 1B
[2026-10-02 14:03:27.623] [Bytes recibidos]: 27
[2026-10-02 14:03:29.624] Datos recibidos (4 bytes): 51 36 43 0D
[2026-10-02 14:03:29.625] [Bytes recibidos]: 81
[2026-10-02 14:03:29.625] [Bytes recibidos]: 54
[2026-10-02 14:03:29.626] [Bytes recibidos]: 67
[2026-10-02 14:03:29.626] [Bytes recibidos]: 13
[2026-10-02 14:03:29.627] [Data Recibida]: 99.43125763125764
[2026-10-02 14:03:29.627] [MIN]: -21
[2026-10-02 14:03:29.627] [MAX]: 121
[2026-10-02 14:03:29.628] [MAXBIN]: 4095
[2026-10-02 14:03:31.629] Datos recibidos (5 bytes): 1B 51 36 43 0D
[2026-10-02 14:03:31.629] [Bytes recibidos]: 27
[2026-10-02 14:03:31.630] [Bytes recibidos]: 81
[2026-10-02 14:03:31.630] [Bytes recibidos]: 54
[2026-10-02 14:03:31.630] [Bytes recibidos]: 67
[2026-10-02 14:03:31.631] [Bytes recibidos]: 13
[2026-10-02 14:03:31.631] [Data Recibida]: 17.664224664224662
[2026-10-02 14:03:31.631] [MIN]: -21
[2026-10-02 14:03:31.632] [MAX]: 121
[2026-10-02 14:03:31.632] [MAXBIN]: 4095
[2026-10-02 14:03:34.846] Datos recibidos (5 bytes): 1B 51 36 43 0D
[2026-10-02 14:03:34.847] [Bytes recibidos]: 27
[2026-10-02 14:03:34.848] [Bytes recibidos]: 81
[2026-10-02 14:03:34.848] [Bytes recibidos]: 54
[2026-10-02 14:03:34.849] [Bytes recibidos]: 67
[2026-10-02 14:03:34.849] [Bytes recibidos]: 13
[2026-10-02 14:03:34.850] [Data Recibida]: 17.664224664224662
[2026-10-02 14:03:34.850] [MIN]: -21
[2026-10-02 14:03:34.851] [MAX]: 121
[2026-10-02 14:03:34.851] [MAXBIN]: 4095
[2026-10-02 14:03:38.426] Datos recibidos (1 bytes): 1B
[2026-10-02 14:03:38.427] [Bytes recibidos]: 27
[2026-10-02 14:03:40.428] Datos recibidos (4 bytes): 51 36 43 0D
[2026-10-02 14:03:40.428] [Bytes recibidos]: 81
[2026-10-02 14:03:40.429] [Bytes recibidos]: 54
[2026-10-02 14:03:40.429] [Bytes recibidos]: 67
[2026-10-02 14:03:40.429] [Bytes recibidos]: 13
[2026-10-02 14:03:40.430] [Data Recibida]: 99.43125763125764
[2026-10-02 14:03:40.430] [MIN]: -21
[2026-10-02 14:03:40.430] [MAX]: 121
[2026-10-02 14:03:40.431] [MAXBIN]: 4095
[2026-10-02 14:03:42.432] Datos recibidos (5 bytes): 1B 51 36 43 0D
[2026-10-02 14:03:42.432] [Bytes recibidos]: 27
[2026-10-02 14:03:42.433] [Bytes recibidos]: 81
[2026-10-02 14:03:42.433] [Bytes recibidos]: 54
[2026-10-02 14:03:42.434] [Bytes recibidos]: 67
[2026-10-02 14:03:42.434] [Bytes recibidos]: 13
[2026-10-02 14:03:42.434] [Data Recibida]: 17.664224664224662
[2026-10-02 14:03:42.435] [MIN]: -21
[2026-10-02 14:03:42.435] [MAX]: 121
[2026-10-02 14:03:42.436] [MAXBIN]: 4095
[2026-10-02 14:03:45.647] Datos recibidos (5 bytes): 1B 51 36 43 0D
[2026-10-02 14:03:45.648] [Bytes recibidos]: 27
[2026-10-02 14:03:45.648] [Bytes recibidos]: 81
[2026-10-02 14:03:45.648] [Bytes recibidos]: 54
[2026-10-02 14:03:45.649] [Bytes recibidos]: 67
[2026-10-02 14:03:45.649] [Bytes recibidos]: 13
[2026-10-02 14:03:45.649] [Data Recibida]: 17.664224664224662
[2026-10-02 14:03:45.649] [MIN]: -21
[2026-10-02 14:03:45.650] [MAX]: 121
[2026-10-02 14:03:45.650] [MAXBIN]: 4095
[2026-10-02 14:03:49.246] Datos recibidos (5 bytes): 1B 51 36 43 0D
[2026-10-02 14:03:49.246] [Bytes recibidos]: 27
[2026-10-02 14:03:49.246] [Bytes recibidos]: 81
[2026-10-02 14:03:49.247] [Bytes recibidos]: 54
[2026-10-02 14:03:49.247] [Bytes recibidos]: 67
[2026-10-02 14:03:49.247] [Bytes recibidos]: 13
[2026-10-02 14:03:49.248] [Data Recibida]: 17.664224664224662
[2026-10-02 14:03:49.248] [MIN]: -21
[2026-10-02 14:03:49.248] [MAX]: 121
[2026-10-02 14:03:49.249] [MAXBIN]: 4095
[2026-10-02 14:03:52.843] Datos recibidos (5 bytes): 1B 51 36 43 0D
[2026-10-02 14:03:52.843] [Bytes recibidos]: 27
[2026-10-02 14:03:52.843] [Bytes recibidos]: 81
[2026-10-02 14:03:52.844] [Bytes recibidos]: 54
[2026-10-02 14:03:52.844] [Bytes recibidos]: 67
[2026-10-02 14:03:52.844] [Bytes recibidos]: 13
[2026-10-02 14:03:52.845] [Data Recibida]: 17.664224664224662
[2026-10-02 14:03:52.845] [MIN]: -21
[2026-10-02 14:03:52.845] [MAX]: 121
[2026-10-02 14:03:52.845] [MAXBIN]: 4095
[2026-10-02 14:03:56.440] Datos recibidos (5 bytes): 1B 51 36 43 0D
[2026-10-02 14:03:56.440] [Bytes recibidos]: 27
[2026-10-02 14:03:56.441] [Bytes recibidos]: 81
[2026-10-02 14:03:56.441] [Bytes recibidos]: 54
[2026-10-02 14:03:56.441] [Bytes recibidos]: 67
[2026-10-02 14:03:56.441] [Bytes recibidos]: 13
[2026-10-02 14:03:56.442] [Data Recibida]: 17.664224664224662
[2026-10-02 14:03:56.442] [MIN]: -21
[2026-10-02 14:03:56.443] [MAX]: 121
[2026-10-02 14:03:56.443] [MAXBIN]: 4095
[2026-10-02 14:04:00.036] Datos recibidos (5 bytes): 1B 51 36 43 0D
[2026-10-02 14:04:00.037] [Bytes recibidos]: 27
[2026-10-02 14:04:00.037] [Bytes recibidos]: 81
[2026-10-02 14:04:00.037] [Bytes recibidos]: 54
[2026-10-02 14:04:00.038] [Bytes recibidos]: 67
[2026-10-02 14:04:00.038] [Bytes recibidos]: 13
[2026-10-02 14:04:00.038] [Data Recibida]: 17.664224664224662
[2026-10-02 14:04:00.038] [MIN]: -21
[2026-10-02 14:04:00.039] [MAX]: 121
[2026-10-02 14:04:00.039] [MAXBIN]: 4095
[2026-10-02 14:04:03.633] Datos recibidos (5 bytes): 1B 51 36 43 0D
[2026-10-02 14:04:03.633] [Bytes recibidos]: 27
[2026-10-02 14:04:03.633] [Bytes recibidos]: 81
[2026-10-02 14:04:03.634] [Bytes recibidos]: 54
[2026-10-02 14:04:03.634] [Bytes recibidos]: 67
[2026-10-02 14:04:03.634] [Bytes recibidos]: 13
[2026-10-02 14:04:03.635] [Data Recibida]: 17.664224664224662
[2026-10-02 14:04:03.635] [MIN]: -21
[2026-10-02 14:04:03.635] [MAX]: 121
[2026-10-02 14:04:03.635] [MAXBIN]: 4095
[2026-10-02 14:04:07.249] Datos recibidos (5 bytes): 1B 51 36 43 0D
[2026-10-02 14:04:07.249] [Bytes recibidos]: 27
[2026-10-02 14:04:07.250] [Bytes recibidos]: 81
[2026-10-02 14:04:07.250] [Bytes recibidos]: 54
[2026-10-02 14:04:07.250] [Bytes recibidos]: 67
[2026-10-02 14:04:07.250] [Bytes recibidos]: 13
[2026-10-02 14:04:07.251] [Data Recibida]: 17.664224664224662
[2026-10-02 14:04:07.251] [MIN]: -21
[2026-10-02 14:04:07.251] [MAX]: 121
[2026-10-02 14:04:07.251] [MAXBIN]: 4095
[2026-10-02 14:04:10.845] Datos recibidos (5 bytes): 1B 51 36 43 0D
[2026-10-02 14:04:10.846] [Bytes recibidos]: 27
[2026-10-02 14:04:10.846] [Bytes recibidos]: 81
[2026-10-02 14:04:10.846] [Bytes recibidos]: 54
[2026-10-02 14:04:10.846] [Bytes recibidos]: 67
[2026-10-02 14:04:10.847] [Bytes recibidos]: 13
[2026-10-02 14:04:10.847] [Data Recibida]: 17.664224664224662
[2026-10-02 14:04:10.848] [MIN]: -21
[2026-10-02 14:04:10.848] [MAX]: 121
[2026-10-02 14:04:10.848] [MAXBIN]: 4095
[2026-10-02 14:04:14.442] Datos recibidos (5 bytes): 1B 51 36 43 0D
[2026-10-02 14:04:14.443] [Bytes recibidos]: 27
[2026-10-02 14:04:14.443] [Bytes recibidos]: 81
[2026-10-02 14:04:14.443] [Bytes recibidos]: 54
[2026-10-02 14:04:14.443] [Bytes recibidos]: 67
[2026-10-02 14:04:14.444] [Bytes recibidos]: 13
[2026-10-02 14:04:14.444] [Data Recibida]: 17.664224664224662
[2026-10-02 14:04:14.444] [MIN]: -21
[2026-10-02 14:04:14.445] [MAX]: 121
[2026-10-02 14:04:14.445] [MAXBIN]: 4095
[2026-10-02 14:04:18.038] Datos recibidos (5 bytes): 1B 51 36 43 0D
[2026-10-02 14:04:18.039] [Bytes recibidos]: 27
[2026-10-02 14:04:18.039] [Bytes recibidos]: 81
[2026-10-02 14:04:18.039] [Bytes recibidos]: 54
[2026-10-02 14:04:18.040] [Bytes recibidos]: 67
[2026-10-02 14:04:18.040] [Bytes recibidos]: 13
[2026-10-02 14:04:18.041] [Data Recibida]: 17.664224664224662
[2026-10-02 14:04:18.041] [MIN]: -21
[2026-10-02 14:04:18.041] [MAX]: 121
[2026-10-02 14:04:18.041] [MAXBIN]: 4095
[2026-10-02 14:04:21.655] Datos recibidos (5 bytes): 1B 51 36 43 0D
[2026-10-02 14:04:21.655] [Bytes recibidos]: 27
[2026-10-02 14:04:21.656] [Bytes recibidos]: 81
[2026-10-02 14:04:21.656] [Bytes recibidos]: 54
[2026-10-02 14:04:21.656] [Bytes recibidos]: 67
[2026-10-02 14:04:21.656] [Bytes recibidos]: 13
[2026-10-02 14:04:21.657] [Data Recibida]: 17.664224664224662
[2026-10-02 14:04:21.657] [MIN]: -21
[2026-10-02 14:04:21.657] [MAX]: 121
[2026-10-02 14:04:21.657] [MAXBIN]: 4095
