[2026-10-02 12:25:22.652] Iniciando comunicación con Atlan A350 XL (8E1)...
[2026-10-02 12:25:22.656] Enviado: Q | HEX: 1B 51 36 43 0D
[2026-10-02 12:25:22.760] Recibido ASCII: <SOH>Q52<CR>
[2026-10-02 12:25:22.760] Recibido HEX: 01 51 35 32 0D
[2026-10-02 12:25:22.761] Enviado: R | HEX: 1B 52 36 44 0D
[2026-10-02 12:25:22.865] Recibido ASCII: <SOH>R5555'A3XX'02.11:0<ESC>R6D<CR>
[2026-10-02 12:25:22.865] Recibido HEX: 01 52 35 35 35 35 27 41 33 58 58 27 30 32 2E 31 31 3A 30 1B 52 36 44 0D
[2026-10-02 12:25:22.865] Enviado: S | HEX: 1B 53 36 45 0D
[2026-10-02 12:25:22.866] Recibido ASCII: 6.00B9<CR>
[2026-10-02 12:25:22.866] Recibido HEX: 36 2E 30 30 42 39 0D
[2026-10-02 12:25:22.866] Enviado:  | HEX: 01 15 31 36 0D
[2026-10-02 12:25:22.969] Recibido ASCII: <SOH>S00   20000-  21  121FFF01   20000- 1<ESC>R6D<CR>
[2026-10-02 12:25:22.970] Recibido HEX: 01 53 30 30 20 20 20 32 30 30 30 30 2D 20 20 32 31 20 20 31 32 31 46 46 46 30 31 20 20 20 32 30 30 30 30 2D 20 31 1B 52 36 44 0D
[2026-10-02 12:25:22.973] Enviado: T0001 | HEX: 1B 54 30 30 30 31 33 30 0D
[2026-10-02 12:25:23.059] Recibido ASCII: 81  181FFF05   20000    0  100FFF06   20000    0  120FFF07   20000    0   20FFF08   20000    0  100FFF0A   20000    0   20FFF2A   20000    0   20FFFF3<CR>
[2026-10-02 12:25:23.059] Recibido HEX: 38 31 20 20 31 38 31 46 46 46 30 35 20 20 20 32 30 30 30 30 20 20 20 20 30 20 20 31 30 30 46 46 46 30 36 20 20 20 32 30 30 30 30 20 20 20 20 30 20 20 31 32 30 46 46 46 30 37 20 20 20 32 30 30 30 30 20 20 20 20 30 20 20 20 32 30 46 46 46 30 38 20 20 20 32 30 30 30 30 20 20 20 20 30 20 20 31 30 30 46 46 46 30 41 20 20 20 32 30 30 30 30 20 20 20 20 30 20 20 20 32 30 46 46 46 32 41 20 20 20 32 30 30 30 30 20 20 20 20 30 20 20 20 32 30 46 46 46 46 33 0D
[2026-10-02 12:25:23.061] Enviado:  | HEX: 01 15 31 36 0D
[2026-10-02 12:25:23.083] Recibido ASCII: <SOH>T55<CR>
[2026-10-02 12:25:23.083] Recibido HEX: 01 54 35 35 0D
[2026-10-02 12:25:23.148] Datos recibidos (5 bytes): 1B 52 36 44 0D
[2026-10-02 12:25:23.151] [Data Recibida]: 19.88351648351648
[2026-10-02 12:25:26.745] Datos recibidos (2 bytes): 1B 51
[2026-10-02 12:25:26.746] [Data Recibida]: 17.664224664224662
[2026-10-02 12:25:28.747] Datos recibidos (3 bytes): 36 43 0D
[2026-10-02 12:25:28.747] [Data Recibida]: -12.46959706959707
[2026-10-02 12:25:30.748] Datos recibidos (5 bytes): 1B 51 36 43 0D
[2026-10-02 12:25:30.748] [Data Recibida]: 17.664224664224662
[2026-10-02 12:25:33.959] Datos recibidos (5 bytes): 1B 51 36 43 0D
[2026-10-02 12:25:33.959] [Data Recibida]: 17.664224664224662
[2026-10-02 12:25:37.535] Datos recibidos (2 bytes): 1B 51
[2026-10-02 12:25:37.535] [Data Recibida]: 17.664224664224662
[2026-10-02 12:25:39.537] Datos recibidos (3 bytes): 36 43 0D
[2026-10-02 12:25:39.537] [Data Recibida]: -12.46959706959707
[2026-10-02 12:25:41.538] Datos recibidos (5 bytes): 1B 51 36 43 0D
[2026-10-02 12:25:41.539] [Data Recibida]: 17.664224664224662
[2026-10-02 12:25:44.751] Datos recibidos (5 bytes): 1B 51 36 43 0D
[2026-10-02 12:25:44.751] [Data Recibida]: 17.664224664224662
[2026-10-02 12:25:48.346] Datos recibidos (2 bytes): 1B 51
[2026-10-02 12:25:48.346] [Data Recibida]: 17.664224664224662
[2026-10-02 12:25:50.347] Datos recibidos (3 bytes): 36 43 0D
[2026-10-02 12:25:50.347] [Data Recibida]: -12.46959706959707
[2026-10-02 12:25:52.348] Datos recibidos (5 bytes): 1B 51 36 43 0D
[2026-10-02 12:25:52.349] [Data Recibida]: 17.664224664224662
[2026-10-02 12:25:55.561] Datos recibidos (5 bytes): 1B 51 36 43 0D
[2026-10-02 12:25:55.561] [Data Recibida]: 17.664224664224662
[2026-10-02 12:25:59.137] Datos recibidos (2 bytes): 1B 51
[2026-10-02 12:25:59.138] [Data Recibida]: 17.664224664224662
[2026-10-02 12:26:01.139] Datos recibidos (3 bytes): 36 43 0D
[2026-10-02 12:26:01.139] [Data Recibida]: -12.46959706959707
[2026-10-02 12:26:03.140] Datos recibidos (5 bytes): 1B 51 36 43 0D
[2026-10-02 12:26:03.140] [Data Recibida]: 17.664224664224662
[2026-10-02 12:26:06.353] Datos recibidos (5 bytes): 1B 51 36 43 0D
[2026-10-02 12:26:06.354] [Data Recibida]: 17.664224664224662
[2026-10-02 12:26:09.950] Datos recibidos (2 bytes): 1B 51
[2026-10-02 12:26:09.950] [Data Recibida]: 17.664224664224662
[2026-10-02 12:26:11.951] Datos recibidos (3 bytes): 36 43 0D
[2026-10-02 12:26:11.952] [Data Recibida]: -12.46959706959707
[2026-10-02 12:26:13.952] Datos recibidos (5 bytes): 1B 51 36 43 0D
[2026-10-02 12:26:13.953] [Data Recibida]: 17.664224664224662
[2026-10-02 12:26:17.162] Datos recibidos (5 bytes): 1B 51 36 43 0D
[2026-10-02 12:26:17.162] [Data Recibida]: 17.664224664224662
[2026-10-02 12:26:20.753] Datos recibidos (5 bytes): 1B 51 36 43 0D
[2026-10-02 12:26:20.753] [Data Recibida]: 17.664224664224662
[2026-10-02 12:26:24.347] Datos recibidos (5 bytes): 1B 51 36 43 0D
[2026-10-02 12:26:24.348] [Data Recibida]: 17.664224664224662
[2026-10-02 12:26:27.960] Datos recibidos (5 bytes): 1B 51 36 43 0D
[2026-10-02 12:26:27.960] [Data Recibida]: 17.664224664224662
[2026-10-02 12:26:31.537] Datos recibidos (2 bytes): 1B 51
[2026-10-02 12:26:31.537] [Data Recibida]: 17.664224664224662
[2026-10-02 12:26:33.538] Datos recibidos (3 bytes): 36 43 0D
[2026-10-02 12:26:33.538] [Data Recibida]: -12.46959706959707
[2026-10-02 12:26:35.540] Datos recibidos (5 bytes): 1B 51 36 43 0D
[2026-10-02 12:26:35.541] [Data Recibida]: 17.664224664224662
[2026-10-02 12:26:38.752] Datos recibidos (5 bytes): 1B 51 36 43 0D
[2026-10-02 12:26:38.752] [Data Recibida]: 17.664224664224662
[2026-10-02 12:26:42.350] Datos recibidos (2 bytes): 1B 51
[2026-10-02 12:26:42.350] [Data Recibida]: 17.664224664224662
[2026-10-02 12:26:44.351] Datos recibidos (3 bytes): 36 43 0D
[2026-10-02 12:26:44.351] [Data Recibida]: -12.46959706959707
[2026-10-02 12:26:46.352] Datos recibidos (5 bytes): 1B 51 36 43 0D
[2026-10-02 12:26:46.352] [Data Recibida]: 17.664224664224662
[2026-10-02 12:26:49.563] Datos recibidos (5 bytes): 1B 51 36 43 0D
[2026-10-02 12:26:49.563] [Data Recibida]: 17.664224664224662
[2026-10-02 12:26:53.140] Datos recibidos (2 bytes): 1B 51
[2026-10-02 12:26:53.140] [Data Recibida]: 17.664224664224662
[2026-10-02 12:26:55.141] Datos recibidos (3 bytes): 36 43 0D
[2026-10-02 12:26:55.142] [Data Recibida]: -12.46959706959707
[2026-10-02 12:26:57.142] Datos recibidos (5 bytes): 1B 51 36 43 0D
[2026-10-02 12:26:57.143] [Data Recibida]: 17.664224664224662
[2026-10-02 12:27:00.352] Datos recibidos (5 bytes): 1B 51 36 43 0D
[2026-10-02 12:27:00.352] [Data Recibida]: 17.664224664224662
[2026-10-02 12:27:03.944] Datos recibidos (2 bytes): 1B 51
[2026-10-02 12:27:03.945] [Data Recibida]: 17.664224664224662
[2026-10-02 12:27:05.946] Datos recibidos (3 bytes): 36 43 0D
[2026-10-02 12:27:05.946] [Data Recibida]: -12.46959706959707
[2026-10-02 12:27:07.948] Datos recibidos (5 bytes): 1B 51 36 43 0D
[2026-10-02 12:27:07.948] [Data Recibida]: 17.664224664224662
[2026-10-02 12:27:11.161] Datos recibidos (5 bytes): 1B 51 36 43 0D
[2026-10-02 12:27:11.161] [Data Recibida]: 17.664224664224662
[2026-10-02 12:27:14.757] Datos recibidos (5 bytes): 1B 51 36 43 0D
[2026-10-02 12:27:14.758] [Data Recibida]: 17.664224664224662
[2026-10-02 12:27:18.352] Datos recibidos (5 bytes): 1B 51 36 43 0D
[2026-10-02 12:27:18.352] [Data Recibida]: 17.664224664224662
[2026-10-02 12:27:21.967] Datos recibidos (5 bytes): 1B 51 36 43 0D
[2026-10-02 12:27:21.967] [Data Recibida]: 17.664224664224662
[2026-10-02 12:27:25.543] Datos recibidos (2 bytes): 1B 51
[2026-10-02 12:27:25.544] [Data Recibida]: 17.664224664224662
[2026-10-02 12:27:27.545] Datos recibidos (3 bytes): 36 43 0D
[2026-10-02 12:27:27.545] [Data Recibida]: -12.46959706959707
[2026-10-02 12:27:29.546] Datos recibidos (5 bytes): 1B 51 36 43 0D
[2026-10-02 12:27:29.546] [Data Recibida]: 17.664224664224662
[2026-10-02 12:27:32.757] Datos recibidos (5 bytes): 1B 51 36 43 0D
[2026-10-02 12:27:32.758] [Data Recibida]: 17.664224664224662
[2026-10-02 12:27:36.352] Datos recibidos (2 bytes): 1B 51
[2026-10-02 12:27:36.353] [Data Recibida]: 17.664224664224662
[2026-10-02 12:27:38.353] Datos recibidos (3 bytes): 36 43 0D
[2026-10-02 12:27:38.353] [Data Recibida]: -12.46959706959707
[2026-10-02 12:27:40.354] Datos recibidos (5 bytes): 1B 51 36 43 0D
[2026-10-02 12:27:40.354] [Data Recibida]: 17.664224664224662
[2026-10-02 12:27:43.566] Datos recibidos (5 bytes): 1B 51 36 43 0D
[2026-10-02 12:27:43.566] [Data Recibida]: 17.664224664224662
[2026-10-02 12:27:47.159] Datos recibidos (5 bytes): 1B 51 36 43 0D
[2026-10-02 12:27:47.160] [Data Recibida]: 17.664224664224662
[2026-10-02 12:27:50.750] Datos recibidos (5 bytes): 1B 51 36 43 0D
[2026-10-02 12:27:50.751] [Data Recibida]: 17.664224664224662
[2026-10-02 12:27:54.367] Datos recibidos (5 bytes): 1B 51 36 43 0D
[2026-10-02 12:27:54.367] [Data Recibida]: 17.664224664224662
[2026-10-02 12:27:57.942] Datos recibidos (2 bytes): 1B 51
[2026-10-02 12:27:57.942] [Data Recibida]: 17.664224664224662
[2026-10-02 12:27:59.943] Datos recibidos (3 bytes): 36 43 0D
[2026-10-02 12:27:59.943] [Data Recibida]: -12.46959706959707
[2026-10-02 12:28:01.944] Datos recibidos (5 bytes): 1B 51 36 43 0D
[2026-10-02 12:28:01.944] [Data Recibida]: 17.664224664224662
[2026-10-02 12:28:05.153] Datos recibidos (5 bytes): 1B 51 36 43 0D
[2026-10-02 12:28:05.153] [Data Recibida]: 17.664224664224662
[2026-10-02 12:28:08.744] Datos recibidos (2 bytes): 1B 51
[2026-10-02 12:28:08.744] [Data Recibida]: 17.664224664224662
[2026-10-02 12:28:10.745] Datos recibidos (3 bytes): 36 43 0D
[2026-10-02 12:28:10.745] [Data Recibida]: -12.46959706959707
[2026-10-02 12:28:12.746] Datos recibidos (5 bytes): 1B 51 36 43 0D
[2026-10-02 12:28:12.746] [Data Recibida]: 17.664224664224662
[2026-10-02 12:28:15.954] Datos recibidos (5 bytes): 1B 51 36 43 0D
[2026-10-02 12:28:15.954] [Data Recibida]: 17.664224664224662
[2026-10-02 12:28:19.543] Datos recibidos (2 bytes): 1B 51
[2026-10-02 12:28:19.544] [Data Recibida]: 17.664224664224662
[2026-10-02 12:28:21.544] Datos recibidos (3 bytes): 36 43 0D
[2026-10-02 12:28:21.544] [Data Recibida]: -12.46959706959707
[2026-10-02 12:28:23.545] Datos recibidos (5 bytes): 1B 51 36 43 0D
[2026-10-02 12:28:23.545] [Data Recibida]: 17.664224664224662
[2026-10-02 12:28:26.754] Datos recibidos (5 bytes): 1B 51 36 43 0D
[2026-10-02 12:28:26.754] [Data Recibida]: 17.664224664224662
[2026-10-02 12:28:30.346] Datos recibidos (2 bytes): 1B 51
[2026-10-02 12:28:30.346] [Data Recibida]: 17.664224664224662
[2026-10-02 12:28:32.347] Datos recibidos (3 bytes): 36 43 0D
[2026-10-02 12:28:32.347] [Data Recibida]: -12.46959706959707
[2026-10-02 12:28:34.348] Datos recibidos (5 bytes): 1B 51 36 43 0D
[2026-10-02 12:28:34.348] [Data Recibida]: 17.664224664224662
[2026-10-02 12:28:37.558] Datos recibidos (5 bytes): 1B 51 36 43 0D
[2026-10-02 12:28:37.559] [Data Recibida]: 17.664224664224662
[2026-10-02 12:28:41.148] Datos recibidos (1 bytes): 1B
[2026-10-02 12:28:43.149] Datos recibidos (4 bytes): 51 36 43 0D
[2026-10-02 12:28:43.149] [Data Recibida]: 99.43125763125764
[2026-10-02 12:28:45.150] Datos recibidos (5 bytes): 1B 51 36 43 0D
[2026-10-02 12:28:45.150] [Data Recibida]: 17.664224664224662
[2026-10-02 12:28:48.361] Datos recibidos (5 bytes): 1B 51 36 43 0D
[2026-10-02 12:28:48.361] [Data Recibida]: 17.664224664224662
[2026-10-02 12:28:51.955] Datos recibidos (1 bytes): 1B
[2026-10-02 12:28:53.956] Datos recibidos (4 bytes): 51 36 43 0D
[2026-10-02 12:28:53.956] [Data Recibida]: 99.43125763125764
[2026-10-02 12:28:55.957] Datos recibidos (5 bytes): 1B 51 36 43 0D
[2026-10-02 12:28:55.957] [Data Recibida]: 17.664224664224662
[2026-10-02 12:28:59.166] Datos recibidos (5 bytes): 1B 51 36 43 0D
[2026-10-02 12:28:59.166] [Data Recibida]: 17.664224664224662
[2026-10-02 12:29:02.758] Datos recibidos (1 bytes): 1B
[2026-10-02 12:29:04.758] Datos recibidos (4 bytes): 51 36 43 0D
[2026-10-02 12:29:04.759] [Data Recibida]: 99.43125763125764
[2026-10-02 12:29:06.759] Datos recibidos (5 bytes): 1B 51 36 43 0D
[2026-10-02 12:29:06.760] [Data Recibida]: 17.664224664224662
[2026-10-02 12:29:09.968] Datos recibidos (5 bytes): 1B 51 36 43 0D
[2026-10-02 12:29:09.968] [Data Recibida]: 17.664224664224662
[2026-10-02 12:29:13.558] Datos recibidos (1 bytes): 1B
[2026-10-02 12:29:15.559] Datos recibidos (4 bytes): 51 36 43 0D
[2026-10-02 12:29:15.559] [Data Recibida]: 99.43125763125764
[2026-10-02 12:29:17.560] Datos recibidos (5 bytes): 1B 51 36 43 0D
[2026-10-02 12:29:17.560] [Data Recibida]: 17.664224664224662
[2026-10-02 12:29:20.770] Datos recibidos (5 bytes): 1B 51 36 43 0D
[2026-10-02 12:29:20.771] [Data Recibida]: 17.664224664224662
