[2026-10-02 14:00:40.192] Iniciando comunicación con Atlan A350 XL (8E1)...
[2026-10-02 14:00:40.203] Enviado: Q | HEX: 1B 51 36 43 0D
[2026-10-02 14:00:40.205] Recibido ASCII: <CR>
[2026-10-02 14:00:40.206] Recibido HEX: 0D
[2026-10-02 14:00:40.208] Enviado:  | HEX: 01 15 31 36 0D
[2026-10-02 14:00:40.230] Recibido ASCII: <SOH>Q52<CR>
[2026-10-02 14:00:40.231] Recibido HEX: 01 51 35 32 0D
[2026-10-02 14:00:40.232] Enviado: S | HEX: 1B 53 36 45 0D
[2026-10-02 14:00:40.233] Recibido ASCII: <ESC>R6D<CR>
[2026-10-02 14:00:40.233] Recibido HEX: 1B 52 36 44 0D
[2026-10-02 14:00:40.235] Error en el ciclo de polling: java.lang.NumberFormatException: For input string: "1B"
[2026-10-02 14:00:42.236] Enviado: S | HEX: 1B 53 36 45 0D
[2026-10-02 14:00:42.237] Recibido ASCII: <ESC>R6D<CR>
[2026-10-02 14:00:42.238] Recibido HEX: 1B 52 36 44 0D
[2026-10-02 14:00:42.238] Error en el ciclo de polling: java.lang.NumberFormatException: For input string: "1B"
[2026-10-02 14:00:44.240] Enviado: S | HEX: 1B 53 36 45 0D
[2026-10-02 14:00:44.252] Recibido ASCII: <SOH>S00   20000-  21  121FFF01   20000- 181  181FFF05   20000    0  100FFF06   20000    0  120FFF07   20000    0   20FFF08   20000    0  100FFF0A   20000    0   20FFF2A   20000    0   20FFFF3<CR>
[2026-10-02 14:00:44.252] Recibido HEX: 01 53 30 30 20 20 20 32 30 30 30 30 2D 20 20 32 31 20 20 31 32 31 46 46 46 30 31 20 20 20 32 30 30 30 30 2D 20 31 38 31 20 20 31 38 31 46 46 46 30 35 20 20 20 32 30 30 30 30 20 20 20 20 30 20 20 31 30 30 46 46 46 30 36 20 20 20 32 30 30 30 30 20 20 20 20 30 20 20 31 32 30 46 46 46 30 37 20 20 20 32 30 30 30 30 20 20 20 20 30 20 20 20 32 30 46 46 46 30 38 20 20 20 32 30 30 30 30 20 20 20 20 30 20 20 31 30 30 46 46 46 30 41 20 20 20 32 30 30 30 30 20 20 20 20 30 20 20 20 32 30 46 46 46 32 41 20 20 20 32 30 30 30 30 20 20 20 20 30 20 20 20 32 30 46 46 46 46 33 0D
[2026-10-02 14:00:44.260] Enviado: T0001010105010601070108010A012A01 | HEX: 1B 54 30 30 30 31 30 31 30 31 30 35 30 31 30 36 30 31 30 37 30 31 30 38 30 31 30 41 30 31 32 41 30 31 42 36 0D
[2026-10-02 14:00:44.269] Recibido ASCII: <SOH>S00   20000-  21  121FFF01   20000- 181  181FFF05   20000    0  100FFF06   20000    0  120FFF07   20000    0   20FFF08   20000    0  100FFF0A   20000    0   20FFF2A   20000    0   20FFFF3<CR>
[2026-10-02 14:00:44.270] Recibido HEX: 01 53 30 30 20 20 20 32 30 30 30 30 2D 20 20 32 31 20 20 31 32 31 46 46 46 30 31 20 20 20 32 30 30 30 30 2D 20 31 38 31 20 20 31 38 31 46 46 46 30 35 20 20 20 32 30 30 30 30 20 20 20 20 30 20 20 31 30 30 46 46 46 30 36 20 20 20 32 30 30 30 30 20 20 20 20 30 20 20 31 32 30 46 46 46 30 37 20 20 20 32 30 30 30 30 20 20 20 20 30 20 20 20 32 30 46 46 46 30 38 20 20 20 32 30 30 30 30 20 20 20 20 30 20 20 31 30 30 46 46 46 30 41 20 20 20 32 30 30 30 30 20 20 20 20 30 20 20 20 32 30 46 46 46 32 41 20 20 20 32 30 30 30 30 20 20 20 20 30 20 20 20 32 30 46 46 46 46 33 0D
[2026-10-02 14:00:44.339] Datos recibidos (17 bytes): 01 53 30 30 20 20 20 32 30 30 30 30 2D 20 20 32 31
[2026-10-02 14:00:44.342] [Bytes recibidos]: 1
[2026-10-02 14:00:44.342] [Bytes recibidos]: 83
[2026-10-02 14:00:44.343] [Bytes recibidos]: 48
[2026-10-02 14:00:44.343] [Bytes recibidos]: 48
[2026-10-02 14:00:44.344] [Bytes recibidos]: 32
[2026-10-02 14:00:44.344] [Bytes recibidos]: 32
[2026-10-02 14:00:44.345] [Bytes recibidos]: 32
[2026-10-02 14:00:44.345] [Bytes recibidos]: 50
[2026-10-02 14:00:44.345] [Bytes recibidos]: 48
[2026-10-02 14:00:44.346] [Bytes recibidos]: 48
[2026-10-02 14:00:44.346] [Bytes recibidos]: 48
[2026-10-02 14:00:44.347] [Bytes recibidos]: 48
[2026-10-02 14:00:44.347] [Bytes recibidos]: 45
[2026-10-02 14:00:44.347] [Bytes recibidos]: 32
[2026-10-02 14:00:44.348] [Bytes recibidos]: 32
[2026-10-02 14:00:44.348] [Bytes recibidos]: 50
[2026-10-02 14:00:44.349] [Bytes recibidos]: 49
[2026-10-02 14:00:44.352] [Data Recibida]: 21.201221001221
[2026-10-02 14:00:44.353] [MIN]: -21
[2026-10-02 14:00:44.354] [MAX]: 121
[2026-10-02 14:00:44.354] [MAXBIN]: 4095
[2026-10-02 14:00:44.355] [Data Recibida]: 94.8095238095238
[2026-10-02 14:00:44.355] [MIN]: -181
[2026-10-02 14:00:44.355] [MAX]: 181
[2026-10-02 14:00:44.356] [MAXBIN]: 4095
[2026-10-02 14:00:44.356] [Data Recibida]: 50.79365079365079
[2026-10-02 14:00:44.357] [MIN]: 0
[2026-10-02 14:00:44.357] [MAX]: 100
[2026-10-02 14:00:44.357] [MAXBIN]: 4095
[2026-10-02 14:00:44.358] [Data Recibida]: 94.71062271062272
[2026-10-02 14:00:44.358] [MIN]: 0
[2026-10-02 14:00:44.359] [MAX]: 120
[2026-10-02 14:00:44.359] [MAXBIN]: 4095
[2026-10-02 14:00:44.360] [Data Recibida]: 15.238095238095237
[2026-10-02 14:00:44.360] [MIN]: 0
[2026-10-02 14:00:44.360] [MAX]: 20
[2026-10-02 14:00:44.361] [MAXBIN]: 4095
[2026-10-02 14:00:44.361] [Data Recibida]: 76.19047619047619
[2026-10-02 14:00:44.362] [MIN]: 0
[2026-10-02 14:00:44.362] [MAX]: 100
[2026-10-02 14:00:44.362] [MAXBIN]: 4095
[2026-10-02 14:00:44.363] [Data Recibida]: 10.222222222222221
[2026-10-02 14:00:44.363] [MIN]: 0
[2026-10-02 14:00:44.364] [MAX]: 20
[2026-10-02 14:00:44.364] [MAXBIN]: 4095
[2026-10-02 14:00:44.364] [Data Recibida]: 15.785103785103786
[2026-10-02 14:00:44.365] [MIN]: 0
[2026-10-02 14:00:44.365] [MAX]: 20
[2026-10-02 14:00:44.365] [MAXBIN]: 4095
[2026-10-02 14:00:46.368] Datos recibidos (26 bytes): 20 20 31 32 31 46 46 46 30 31 20 20 20 32 30 30 30 30 2D 20 31 01 54 35 35 0D
[2026-10-02 14:00:46.369] [Bytes recibidos]: 32
[2026-10-02 14:00:46.369] [Bytes recibidos]: 32
[2026-10-02 14:00:46.369] [Bytes recibidos]: 49
[2026-10-02 14:00:46.370] [Bytes recibidos]: 50
[2026-10-02 14:00:46.370] [Bytes recibidos]: 49
[2026-10-02 14:00:46.371] [Bytes recibidos]: 70
[2026-10-02 14:00:46.371] [Bytes recibidos]: 70
[2026-10-02 14:00:46.371] [Bytes recibidos]: 70
[2026-10-02 14:00:46.372] [Bytes recibidos]: 48
[2026-10-02 14:00:46.372] [Bytes recibidos]: 49
[2026-10-02 14:00:46.372] [Bytes recibidos]: 32
[2026-10-02 14:00:46.373] [Bytes recibidos]: 32
[2026-10-02 14:00:46.373] [Bytes recibidos]: 32
[2026-10-02 14:00:46.374] [Bytes recibidos]: 50
[2026-10-02 14:00:46.374] [Bytes recibidos]: 48
[2026-10-02 14:00:46.374] [Bytes recibidos]: 48
[2026-10-02 14:00:46.375] [Bytes recibidos]: 48
[2026-10-02 14:00:46.375] [Bytes recibidos]: 48
[2026-10-02 14:00:46.375] [Bytes recibidos]: 45
[2026-10-02 14:00:46.376] [Bytes recibidos]: 32
[2026-10-02 14:00:46.376] [Bytes recibidos]: 49
[2026-10-02 14:00:46.377] [Bytes recibidos]: 1
[2026-10-02 14:00:46.377] [Bytes recibidos]: 84
[2026-10-02 14:00:46.377] [Bytes recibidos]: 53
[2026-10-02 14:00:46.378] [Bytes recibidos]: 53
[2026-10-02 14:00:46.378] [Bytes recibidos]: 13
[2026-10-02 14:00:46.378] [Data Recibida]: 51.12698412698413
[2026-10-02 14:00:46.379] [MIN]: -21
[2026-10-02 14:00:46.379] [MAX]: 121
[2026-10-02 14:00:46.380] [MAXBIN]: 4095
[2026-10-02 14:00:46.380] [Data Recibida]: 106.21318681318684
[2026-10-02 14:00:46.380] [MIN]: -181
[2026-10-02 14:00:46.381] [MAX]: 181
[2026-10-02 14:00:46.381] [MAXBIN]: 4095
[2026-10-02 14:00:46.381] [Data Recibida]: 10.573870573870574
[2026-10-02 14:00:46.382] [MIN]: 0
[2026-10-02 14:00:46.382] [MAX]: 100
[2026-10-02 14:00:46.382] [MAXBIN]: 4095
[2026-10-02 14:00:46.383] [Data Recibida]: 11.428571428571429
[2026-10-02 14:00:46.383] [MIN]: 0
[2026-10-02 14:00:46.383] [MAX]: 120
[2026-10-02 14:00:46.384] [MAXBIN]: 4095
[2026-10-02 14:00:46.384] [Data Recibida]: 15.55067155067155
[2026-10-02 14:00:46.384] [MIN]: 0
[2026-10-02 14:00:46.385] [MAX]: 20
[2026-10-02 14:00:46.385] [MAXBIN]: 4095
[2026-10-02 14:00:46.385] [Data Recibida]: 50.79365079365079
[2026-10-02 14:00:46.386] [MIN]: 0
[2026-10-02 14:00:46.386] [MAX]: 100
[2026-10-02 14:00:46.386] [MAXBIN]: 4095
[2026-10-02 14:00:46.387] [Data Recibida]: 15.785103785103786
[2026-10-02 14:00:46.387] [MIN]: 0
[2026-10-02 14:00:46.387] [MAX]: 20
[2026-10-02 14:00:46.388] [MAXBIN]: 4095
[2026-10-02 14:00:46.388] [Data Recibida]: 15.238095238095237
[2026-10-02 14:00:46.389] [MIN]: 0
[2026-10-02 14:00:46.389] [MAX]: 20
[2026-10-02 14:00:46.389] [MAXBIN]: 4095
[2026-10-02 14:00:48.391] Datos recibidos (5 bytes): 1B 51 36 43 0D
[2026-10-02 14:00:48.391] [Bytes recibidos]: 27
[2026-10-02 14:00:48.391] [Bytes recibidos]: 81
[2026-10-02 14:00:48.392] [Bytes recibidos]: 54
[2026-10-02 14:00:48.392] [Bytes recibidos]: 67
[2026-10-02 14:00:48.392] [Bytes recibidos]: 13
[2026-10-02 14:00:51.624] Datos recibidos (1 bytes): 1B
[2026-10-02 14:00:51.624] [Bytes recibidos]: 27
[2026-10-02 14:00:53.625] Datos recibidos (4 bytes): 51 36 43 0D
[2026-10-02 14:00:53.626] [Bytes recibidos]: 81
[2026-10-02 14:00:53.626] [Bytes recibidos]: 54
[2026-10-02 14:00:53.627] [Bytes recibidos]: 67
[2026-10-02 14:00:53.627] [Bytes recibidos]: 13
[2026-10-02 14:00:55.629] Datos recibidos (5 bytes): 1B 51 36 43 0D
[2026-10-02 14:00:55.629] [Bytes recibidos]: 27
[2026-10-02 14:00:55.631] [Bytes recibidos]: 81
[2026-10-02 14:00:55.631] [Bytes recibidos]: 54
[2026-10-02 14:00:55.632] [Bytes recibidos]: 67
[2026-10-02 14:00:55.632] [Bytes recibidos]: 13
[2026-10-02 14:00:58.831] Datos recibidos (5 bytes): 1B 51 36 43 0D
[2026-10-02 14:00:58.831] [Bytes recibidos]: 27
[2026-10-02 14:00:58.832] [Bytes recibidos]: 81
[2026-10-02 14:00:58.832] [Bytes recibidos]: 54
[2026-10-02 14:00:58.832] [Bytes recibidos]: 67
[2026-10-02 14:00:58.833] [Bytes recibidos]: 13
[2026-10-02 14:01:02.430] Datos recibidos (5 bytes): 1B 51 36 43 0D
[2026-10-02 14:01:02.431] [Bytes recibidos]: 27
[2026-10-02 14:01:02.431] [Bytes recibidos]: 81
[2026-10-02 14:01:02.432] [Bytes recibidos]: 54
[2026-10-02 14:01:02.432] [Bytes recibidos]: 67
[2026-10-02 14:01:02.432] [Bytes recibidos]: 13
[2026-10-02 14:01:06.033] Datos recibidos (5 bytes): 1B 51 36 43 0D
[2026-10-02 14:01:06.033] [Bytes recibidos]: 27
[2026-10-02 14:01:06.034] [Bytes recibidos]: 81
[2026-10-02 14:01:06.034] [Bytes recibidos]: 54
[2026-10-02 14:01:06.034] [Bytes recibidos]: 67
[2026-10-02 14:01:06.034] [Bytes recibidos]: 13
[2026-10-02 14:01:09.635] Datos recibidos (5 bytes): 1B 51 36 43 0D
[2026-10-02 14:01:09.636] [Bytes recibidos]: 27
[2026-10-02 14:01:09.636] [Bytes recibidos]: 81
[2026-10-02 14:01:09.637] [Bytes recibidos]: 54
[2026-10-02 14:01:09.637] [Bytes recibidos]: 67
[2026-10-02 14:01:09.637] [Bytes recibidos]: 13
[2026-10-02 14:01:13.212] Datos recibidos (1 bytes): 1B
[2026-10-02 14:01:13.213] [Bytes recibidos]: 27
[2026-10-02 14:01:15.213] Datos recibidos (4 bytes): 51 36 43 0D
[2026-10-02 14:01:15.214] [Bytes recibidos]: 81
[2026-10-02 14:01:15.214] [Bytes recibidos]: 54
[2026-10-02 14:01:15.214] [Bytes recibidos]: 67
[2026-10-02 14:01:15.215] [Bytes recibidos]: 13
[2026-10-02 14:01:17.216] Datos recibidos (5 bytes): 1B 51 36 43 0D
[2026-10-02 14:01:17.216] [Bytes recibidos]: 27
[2026-10-02 14:01:17.216] [Bytes recibidos]: 81
[2026-10-02 14:01:17.217] [Bytes recibidos]: 54
[2026-10-02 14:01:17.217] [Bytes recibidos]: 67
[2026-10-02 14:01:17.217] [Bytes recibidos]: 13
[2026-10-02 14:01:20.428] Datos recibidos (5 bytes): 1B 51 36 43 0D
[2026-10-02 14:01:20.428] [Bytes recibidos]: 27
[2026-10-02 14:01:20.430] [Bytes recibidos]: 81
[2026-10-02 14:01:20.430] [Bytes recibidos]: 54
[2026-10-02 14:01:20.431] [Bytes recibidos]: 67
[2026-10-02 14:01:20.431] [Bytes recibidos]: 13
[2026-10-02 14:01:24.028] Datos recibidos (5 bytes): 1B 51 36 43 0D
[2026-10-02 14:01:24.029] [Bytes recibidos]: 27
[2026-10-02 14:01:24.029] [Bytes recibidos]: 81
[2026-10-02 14:01:24.029] [Bytes recibidos]: 54
[2026-10-02 14:01:24.029] [Bytes recibidos]: 67
[2026-10-02 14:01:24.030] [Bytes recibidos]: 13
[2026-10-02 14:01:27.629] Datos recibidos (5 bytes): 1B 51 36 43 0D
[2026-10-02 14:01:27.629] [Bytes recibidos]: 27
[2026-10-02 14:01:27.630] [Bytes recibidos]: 81
[2026-10-02 14:01:27.630] [Bytes recibidos]: 54
[2026-10-02 14:01:27.630] [Bytes recibidos]: 67
[2026-10-02 14:01:27.630] [Bytes recibidos]: 13
[2026-10-02 14:01:31.225] Datos recibidos (5 bytes): 1B 51 36 43 0D
[2026-10-02 14:01:31.225] [Bytes recibidos]: 27
[2026-10-02 14:01:31.225] [Bytes recibidos]: 81
[2026-10-02 14:01:31.226] [Bytes recibidos]: 54
[2026-10-02 14:01:31.226] [Bytes recibidos]: 67
[2026-10-02 14:01:31.226] [Bytes recibidos]: 13
[2026-10-02 14:01:34.820] Datos recibidos (1 bytes): 1B
[2026-10-02 14:01:34.821] [Bytes recibidos]: 27
[2026-10-02 14:01:36.822] Datos recibidos (4 bytes): 51 36 43 0D
[2026-10-02 14:01:36.822] [Bytes recibidos]: 81
[2026-10-02 14:01:36.823] [Bytes recibidos]: 54
[2026-10-02 14:01:36.824] [Bytes recibidos]: 67
[2026-10-02 14:01:36.824] [Bytes recibidos]: 13
[2026-10-02 14:01:38.825] Datos recibidos (5 bytes): 1B 51 36 43 0D
[2026-10-02 14:01:38.825] [Bytes recibidos]: 27
[2026-10-02 14:01:38.826] [Bytes recibidos]: 81
[2026-10-02 14:01:38.826] [Bytes recibidos]: 54
[2026-10-02 14:01:38.826] [Bytes recibidos]: 67
[2026-10-02 14:01:38.827] [Bytes recibidos]: 13
[2026-10-02 14:01:42.039] Datos recibidos (5 bytes): 1B 51 36 43 0D
[2026-10-02 14:01:42.040] [Bytes recibidos]: 27
[2026-10-02 14:01:42.040] [Bytes recibidos]: 81
[2026-10-02 14:01:42.040] [Bytes recibidos]: 54
[2026-10-02 14:01:42.040] [Bytes recibidos]: 67
[2026-10-02 14:01:42.040] [Bytes recibidos]: 13
[2026-10-02 14:01:45.615] Datos recibidos (1 bytes): 1B
[2026-10-02 14:01:45.615] [Bytes recibidos]: 27
[2026-10-02 14:01:47.616] Datos recibidos (4 bytes): 51 36 43 0D
[2026-10-02 14:01:47.616] [Bytes recibidos]: 81
[2026-10-02 14:01:47.618] [Bytes recibidos]: 54
[2026-10-02 14:01:47.618] [Bytes recibidos]: 67
[2026-10-02 14:01:47.618] [Bytes recibidos]: 13
[2026-10-02 14:01:49.620] Datos recibidos (5 bytes): 1B 51 36 43 0D
[2026-10-02 14:01:49.620] [Bytes recibidos]: 27
[2026-10-02 14:01:49.620] [Bytes recibidos]: 81
[2026-10-02 14:01:49.620] [Bytes recibidos]: 54
[2026-10-02 14:01:49.621] [Bytes recibidos]: 67
[2026-10-02 14:01:49.621] [Bytes recibidos]: 13
[2026-10-02 14:01:52.842] Datos recibidos (5 bytes): 1B 51 36 43 0D
[2026-10-02 14:01:52.842] [Bytes recibidos]: 27
[2026-10-02 14:01:52.844] [Bytes recibidos]: 81
[2026-10-02 14:01:52.844] [Bytes recibidos]: 54
[2026-10-02 14:01:52.844] [Bytes recibidos]: 67
[2026-10-02 14:01:52.845] [Bytes recibidos]: 13
[2026-10-02 14:01:56.430] Datos recibidos (5 bytes): 1B 51 36 43 0D
[2026-10-02 14:01:56.430] [Bytes recibidos]: 27
[2026-10-02 14:01:56.430] [Bytes recibidos]: 81
[2026-10-02 14:01:56.430] [Bytes recibidos]: 54
[2026-10-02 14:01:56.430] [Bytes recibidos]: 67
[2026-10-02 14:01:56.431] [Bytes recibidos]: 13
[2026-10-02 14:02:00.037] Datos recibidos (5 bytes): 1B 51 36 43 0D
[2026-10-02 14:02:00.037] [Bytes recibidos]: 27
[2026-10-02 14:02:00.038] [Bytes recibidos]: 81
[2026-10-02 14:02:00.038] [Bytes recibidos]: 54
[2026-10-02 14:02:00.038] [Bytes recibidos]: 67
[2026-10-02 14:02:00.038] [Bytes recibidos]: 13
[2026-10-02 14:02:03.628] Datos recibidos (5 bytes): 1B 51 36 43 0D
[2026-10-02 14:02:03.628] [Bytes recibidos]: 27
[2026-10-02 14:02:03.628] [Bytes recibidos]: 81
[2026-10-02 14:02:03.628] [Bytes recibidos]: 54
[2026-10-02 14:02:03.629] [Bytes recibidos]: 67
[2026-10-02 14:02:03.629] [Bytes recibidos]: 13
[2026-10-02 14:02:07.238] Datos recibidos (5 bytes): 1B 51 36 43 0D
[2026-10-02 14:02:07.239] [Bytes recibidos]: 27
[2026-10-02 14:02:07.239] [Bytes recibidos]: 81
[2026-10-02 14:02:07.239] [Bytes recibidos]: 54
[2026-10-02 14:02:07.240] [Bytes recibidos]: 67
[2026-10-02 14:02:07.240] [Bytes recibidos]: 13
