[2026-10-02 14:04:25.377] Iniciando comunicación con Atlan A350 XL (8E1)...
[2026-10-02 14:04:25.387] Enviado: Q | HEX: 1B 51 36 43 0D
[2026-10-02 14:04:25.450] Recibido ASCII: <SOH>Q52<CR>
[2026-10-02 14:04:25.450] Recibido HEX: 01 51 35 32 0D
[2026-10-02 14:04:25.455] Enviado: S | HEX: 1B 53 36 45 0D
[2026-10-02 14:04:25.558] Recibido ASCII: <SOH>S00   20000-  21  <ESC>R6D<CR>
[2026-10-02 14:04:25.559] Recibido HEX: 01 53 30 30 20 20 20 32 30 30 30 30 2D 20 20 32 31 20 20 1B 52 36 44 0D
[2026-10-02 14:04:25.560] Sin registros de realtime configuration, se omite el paso <54H>
[2026-10-02 14:04:25.567] Datos recibidos (21 bytes): 31 32 31 46 46 46 30 31 20 20 20 32 30 30 30 30 2D 20 31 38 31
[2026-10-02 14:04:25.568] [Bytes recibidos]: 49
[2026-10-02 14:04:25.568] [Bytes recibidos]: 50
[2026-10-02 14:04:25.569] [Bytes recibidos]: 49
[2026-10-02 14:04:25.569] [Bytes recibidos]: 70
[2026-10-02 14:04:25.570] [Bytes recibidos]: 70
[2026-10-02 14:04:25.570] [Bytes recibidos]: 70
[2026-10-02 14:04:25.570] [Bytes recibidos]: 48
[2026-10-02 14:04:25.571] [Bytes recibidos]: 49
[2026-10-02 14:04:25.571] [Bytes recibidos]: 32
[2026-10-02 14:04:25.572] [Bytes recibidos]: 32
[2026-10-02 14:04:25.572] [Bytes recibidos]: 32
[2026-10-02 14:04:25.573] [Bytes recibidos]: 50
[2026-10-02 14:04:25.573] [Bytes recibidos]: 48
[2026-10-02 14:04:25.574] [Bytes recibidos]: 48
[2026-10-02 14:04:25.574] [Bytes recibidos]: 48
[2026-10-02 14:04:25.575] [Bytes recibidos]: 48
[2026-10-02 14:04:25.575] [Bytes recibidos]: 45
[2026-10-02 14:04:25.576] [Bytes recibidos]: 32
[2026-10-02 14:04:25.576] [Bytes recibidos]: 49
[2026-10-02 14:04:25.577] [Bytes recibidos]: 56
[2026-10-02 14:04:25.577] [Bytes recibidos]: 49
[2026-10-02 14:04:27.579] Enviado: S | HEX: 1B 53 36 45 0D
[2026-10-02 14:04:27.588] Recibido ASCII:   181FFF05   20000    0  100FFF06   20000    0  120FFF07   20000    0   20FFF08   20000    0  100FFF0A   20000    0   20FFF2A   20000    0   20FFFF3<CR>
[2026-10-02 14:04:27.588] Recibido HEX: 20 20 31 38 31 46 46 46 30 35 20 20 20 32 30 30 30 30 20 20 20 20 30 20 20 31 30 30 46 46 46 30 36 20 20 20 32 30 30 30 30 20 20 20 20 30 20 20 31 32 30 46 46 46 30 37 20 20 20 32 30 30 30 30 20 20 20 20 30 20 20 20 32 30 46 46 46 30 38 20 20 20 32 30 30 30 30 20 20 20 20 30 20 20 31 30 30 46 46 46 30 41 20 20 20 32 30 30 30 30 20 20 20 20 30 20 20 20 32 30 46 46 46 32 41 20 20 20 32 30 30 30 30 20 20 20 20 30 20 20 20 32 30 46 46 46 46 33 0D
[2026-10-02 14:04:27.589] Enviado:  | HEX: 01 15 31 36 0D
[2026-10-02 14:04:27.653] Recibido ASCII: <SOH>S00   20000-  21  121FFF01   20000- 1<ESC>R6D<CR>
[2026-10-02 14:04:27.653] Recibido HEX: 01 53 30 30 20 20 20 32 30 30 30 30 2D 20 20 32 31 20 20 31 32 31 46 46 46 30 31 20 20 20 32 30 30 30 30 2D 20 31 1B 52 36 44 0D
[2026-10-02 14:04:27.657] Enviado: T0001 | HEX: 1B 54 30 30 30 31 33 30 0D
[2026-10-02 14:04:27.767] Recibido ASCII: 81  181FFF05   20000    0  100FFF06   20000    0  120FFF07   20000    0   20FFF08   20000    0  100FFF0A   20000    0   20FFF2A   20000    0   20FFFF3<CR>
[2026-10-02 14:04:27.767] Recibido HEX: 38 31 20 20 31 38 31 46 46 46 30 35 20 20 20 32 30 30 30 30 20 20 20 20 30 20 20 31 30 30 46 46 46 30 36 20 20 20 32 30 30 30 30 20 20 20 20 30 20 20 31 32 30 46 46 46 30 37 20 20 20 32 30 30 30 30 20 20 20 20 30 20 20 20 32 30 46 46 46 30 38 20 20 20 32 30 30 30 30 20 20 20 20 30 20 20 31 30 30 46 46 46 30 41 20 20 20 32 30 30 30 30 20 20 20 20 30 20 20 20 32 30 46 46 46 32 41 20 20 20 32 30 30 30 30 20 20 20 20 30 20 20 20 32 30 46 46 46 46 33 0D
[2026-10-02 14:04:27.768] Enviado:  | HEX: 01 15 31 36 0D
[2026-10-02 14:04:27.769] Recibido ASCII: <SOH>T55<CR>
[2026-10-02 14:04:27.769] Recibido HEX: 01 54 35 35 0D
[2026-10-02 14:04:27.831] Datos recibidos (3 bytes): 1B 52 36
[2026-10-02 14:04:27.832] [Bytes recibidos]: 27
[2026-10-02 14:04:27.832] [Bytes recibidos]: 82
[2026-10-02 14:04:27.832] [Bytes recibidos]: 54
[2026-10-02 14:04:27.836] [Data Recibida]: 19.88351648351648
[2026-10-02 14:04:27.836] [MIN]: -21
[2026-10-02 14:04:27.837] [MAX]: 121
[2026-10-02 14:04:27.838] [MAXBIN]: 4095
[2026-10-02 14:04:29.839] Datos recibidos (2 bytes): 44 0D
[2026-10-02 14:04:29.839] [Bytes recibidos]: 68
[2026-10-02 14:04:29.840] [Bytes recibidos]: 13
[2026-10-02 14:04:29.840] [Data Recibida]: 7.9894993894993895
[2026-10-02 14:04:29.841] [MIN]: -21
[2026-10-02 14:04:29.841] [MAX]: 121
[2026-10-02 14:04:29.842] [MAXBIN]: 4095
[2026-10-02 14:04:31.843] Datos recibidos (5 bytes): 1B 51 36 43 0D
[2026-10-02 14:04:31.844] [Bytes recibidos]: 27
[2026-10-02 14:04:31.844] [Bytes recibidos]: 81
[2026-10-02 14:04:31.844] [Bytes recibidos]: 54
[2026-10-02 14:04:31.845] [Bytes recibidos]: 67
[2026-10-02 14:04:31.845] [Bytes recibidos]: 13
[2026-10-02 14:04:31.846] [Data Recibida]: 17.664224664224662
[2026-10-02 14:04:31.846] [MIN]: -21
[2026-10-02 14:04:31.846] [MAX]: 121
[2026-10-02 14:04:31.847] [MAXBIN]: 4095
[2026-10-02 14:04:34.837] Datos recibidos (5 bytes): 1B 51 36 43 0D
[2026-10-02 14:04:34.838] [Bytes recibidos]: 27
[2026-10-02 14:04:34.839] [Bytes recibidos]: 81
[2026-10-02 14:04:34.839] [Bytes recibidos]: 54
[2026-10-02 14:04:34.840] [Bytes recibidos]: 67
[2026-10-02 14:04:34.840] [Bytes recibidos]: 13
[2026-10-02 14:04:34.842] [Data Recibida]: 17.664224664224662
[2026-10-02 14:04:34.843] [MIN]: -21
[2026-10-02 14:04:34.844] [MAX]: 121
[2026-10-02 14:04:34.844] [MAXBIN]: 4095
[2026-10-02 14:04:38.442] Datos recibidos (5 bytes): 1B 51 36 43 0D
[2026-10-02 14:04:38.443] [Bytes recibidos]: 27
[2026-10-02 14:04:38.443] [Bytes recibidos]: 81
[2026-10-02 14:04:38.444] [Bytes recibidos]: 54
[2026-10-02 14:04:38.444] [Bytes recibidos]: 67
[2026-10-02 14:04:38.444] [Bytes recibidos]: 13
[2026-10-02 14:04:38.445] [Data Recibida]: 17.664224664224662
[2026-10-02 14:04:38.445] [MIN]: -21
[2026-10-02 14:04:38.445] [MAX]: 121
[2026-10-02 14:04:38.446] [MAXBIN]: 4095
