[2026-10-02 11:29:00.607] Iniciando comunicación con Atlan A350 XL (8E1)...
[2026-10-02 11:29:00.611] Enviado: Q | HEX: 1B 51 36 43 0D
[2026-10-02 11:29:00.612] Recibido ASCII: <CR>
[2026-10-02 11:29:00.612] Recibido HEX: 0D
[2026-10-02 11:29:00.613] Enviado:  | HEX: 01 15 31 36 0D
[2026-10-02 11:29:00.695] Recibido ASCII: <SOH>Q52<CR>
[2026-10-02 11:29:00.696] Recibido HEX: 01 51 35 32 0D
[2026-10-02 11:29:00.698] Enviado: S | HEX: 1B 53 36 45 0D
[2026-10-02 11:29:00.699] Recibido ASCII: <ESC>R6D<CR>
[2026-10-02 11:29:00.699] Recibido HEX: 1B 52 36 44 0D
[2026-10-02 11:29:00.699] Sin registros de realtime configuration, se omite el paso <54H>
[2026-10-02 11:29:00.784] Datos recibidos (9 bytes): 01 53 30 30 20 20 20 32 30
[2026-10-02 11:29:02.785] Enviado: S | HEX: 1B 53 36 45 0D
[2026-10-02 11:29:02.790] Recibido ASCII: 000-  21  121FFF01   20000- 181  181FFF05   20000    0  100FFF06   20000    0  120FFF07   20000    0   20FFF08   20000    0  100FFF0A   20000    0   20FFF2A   20000    0   20FFFF3<CR>
[2026-10-02 11:29:02.790] Recibido HEX: 30 30 30 2D 20 20 32 31 20 20 31 32 31 46 46 46 30 31 20 20 20 32 30 30 30 30 2D 20 31 38 31 20 20 31 38 31 46 46 46 30 35 20 20 20 32 30 30 30 30 20 20 20 20 30 20 20 31 30 30 46 46 46 30 36 20 20 20 32 30 30 30 30 20 20 20 20 30 20 20 31 32 30 46 46 46 30 37 20 20 20 32 30 30 30 30 20 20 20 20 30 20 20 20 32 30 46 46 46 30 38 20 20 20 32 30 30 30 30 20 20 20 20 30 20 20 31 30 30 46 46 46 30 41 20 20 20 32 30 30 30 30 20 20 20 20 30 20 20 20 32 30 46 46 46 32 41 20 20 20 32 30 30 30 30 20 20 20 20 30 20 20 20 32 30 46 46 46 46 33 0D
[2026-10-02 11:29:02.791] Enviado:  | HEX: 01 15 31 36 0D
[2026-10-02 11:29:02.914] Recibido ASCII: <SOH>S00   20000-  21 <ESC>R6D<CR>
[2026-10-02 11:29:02.914] Recibido HEX: 01 53 30 30 20 20 20 32 30 30 30 30 2D 20 20 32 31 20 1B 52 36 44 0D
[2026-10-02 11:29:02.914] Sin registros de realtime configuration, se omite el paso <54H>
[2026-10-02 11:29:02.915] Datos recibidos (12 bytes): 20 31 32 31 46 46 46 30 31 20 20 20
[2026-10-02 11:29:04.916] Enviado: S | HEX: 1B 53 36 45 0D
[2026-10-02 11:29:04.920] Recibido ASCII: 20000- 181  181FFF05   20000    0  100FFF06   20000    0  120FFF07   20000    0   20FFF08   20000    0  100FFF0A   20000    0   20FFF2A   20000    0   20FFFF3<CR>
[2026-10-02 11:29:04.920] Recibido HEX: 32 30 30 30 30 2D 20 31 38 31 20 20 31 38 31 46 46 46 30 35 20 20 20 32 30 30 30 30 20 20 20 20 30 20 20 31 30 30 46 46 46 30 36 20 20 20 32 30 30 30 30 20 20 20 20 30 20 20 31 32 30 46 46 46 30 37 20 20 20 32 30 30 30 30 20 20 20 20 30 20 20 20 32 30 46 46 46 30 38 20 20 20 32 30 30 30 30 20 20 20 20 30 20 20 31 30 30 46 46 46 30 41 20 20 20 32 30 30 30 30 20 20 20 20 30 20 20 20 32 30 46 46 46 32 41 20 20 20 32 30 30 30 30 20 20 20 20 30 20 20 20 32 30 46 46 46 46 33 0D
[2026-10-02 11:29:04.920] Enviado:  | HEX: 01 15 31 36 0D
[2026-10-02 11:29:05.023] Recibido ASCII: <SOH>S00   20000-  21 <ESC>R6D<CR>
[2026-10-02 11:29:05.024] Recibido HEX: 01 53 30 30 20 20 20 32 30 30 30 30 2D 20 20 32 31 20 1B 52 36 44 0D
[2026-10-02 11:29:05.024] Sin registros de realtime configuration, se omite el paso <54H>
[2026-10-02 11:29:05.025] Datos recibidos (12 bytes): 20 31 32 31 46 46 46 30 31 20 20 20
[2026-10-02 11:29:07.026] Enviado: S | HEX: 1B 53 36 45 0D
[2026-10-02 11:29:07.029] Recibido ASCII: 20000- 181  181FFF05   20000    0  100FFF06   20000    0  120FFF07   20000    0   20FFF08   20000    0  100FFF0A   20000    0   20FFF2A   20000    0   20FFFF3<CR>
[2026-10-02 11:29:07.029] Recibido HEX: 32 30 30 30 30 2D 20 31 38 31 20 20 31 38 31 46 46 46 30 35 20 20 20 32 30 30 30 30 20 20 20 20 30 20 20 31 30 30 46 46 46 30 36 20 20 20 32 30 30 30 30 20 20 20 20 30 20 20 31 32 30 46 46 46 30 37 20 20 20 32 30 30 30 30 20 20 20 20 30 20 20 20 32 30 46 46 46 30 38 20 20 20 32 30 30 30 30 20 20 20 20 30 20 20 31 30 30 46 46 46 30 41 20 20 20 32 30 30 30 30 20 20 20 20 30 20 20 20 32 30 46 46 46 32 41 20 20 20 32 30 30 30 30 20 20 20 20 30 20 20 20 32 30 46 46 46 46 33 0D
[2026-10-02 11:29:07.030] Enviado:  | HEX: 01 15 31 36 0D
[2026-10-02 11:29:07.111] Recibido ASCII: <SOH>S00   20000-  21 <ESC>Q6C<CR>
[2026-10-02 11:29:07.112] Recibido HEX: 01 53 30 30 20 20 20 32 30 30 30 30 2D 20 20 32 31 20 1B 51 36 43 0D
[2026-10-02 11:29:07.112] Sin registros de realtime configuration, se omite el paso <54H>
[2026-10-02 11:29:09.015] Error en el ciclo de polling: java.io.IOException: Stream Closed
