[2026-10-02 15:17:28.422] Iniciando comunicación con Atlan A350 XL (8E1)...
[2026-10-02 15:17:28.432] Enviado: Q | HEX: 1B 51 36 43 0D
[2026-10-02 15:17:28.433] Recibido ASCII: <CR>
[2026-10-02 15:17:28.434] Recibido HEX: 0D
[2026-10-02 15:17:28.436] Enviado:  | HEX: 01 15 31 36 0D
[2026-10-02 15:17:28.519] Recibido ASCII: <SOH>Q52<CR>
[2026-10-02 15:17:28.520] Recibido HEX: 01 51 35 32 0D
[2026-10-02 15:17:28.524] Enviado: S | HEX: 1B 53 36 45 0D
[2026-10-02 15:17:28.525] Recibido ASCII: <ESC>R6D<CR>
[2026-10-02 15:17:28.526] Recibido HEX: 1B 52 36 44 0D
[2026-10-02 15:17:28.527] Sin registros de realtime configuration, se omite el paso <54H>
[2026-10-02 15:17:28.617] Datos recibidos (28 bytes): 01 53 30 30 20 20 20 32 30 30 30 30 2D 20 20 32 31 20 20 31 32 31 46 46 46 30 31 20
[2026-10-02 15:17:28.618] [Bytes recibidos]: 1
[2026-10-02 15:17:28.619] [Bytes recibidos]: 83
[2026-10-02 15:17:28.619] [Bytes recibidos]: 48
[2026-10-02 15:17:28.620] [Bytes recibidos]: 48
[2026-10-02 15:17:28.620] [Bytes recibidos]: 32
[2026-10-02 15:17:28.620] [Bytes recibidos]: 32
[2026-10-02 15:17:28.621] [Bytes recibidos]: 32
[2026-10-02 15:17:28.621] [Bytes recibidos]: 50
[2026-10-02 15:17:28.622] [Bytes recibidos]: 48
[2026-10-02 15:17:28.622] [Bytes recibidos]: 48
[2026-10-02 15:17:28.623] [Bytes recibidos]: 48
[2026-10-02 15:17:28.623] [Bytes recibidos]: 48
[2026-10-02 15:17:28.624] [Bytes recibidos]: 45
[2026-10-02 15:17:28.624] [Bytes recibidos]: 32
[2026-10-02 15:17:28.625] [Bytes recibidos]: 32
[2026-10-02 15:17:28.625] [Bytes recibidos]: 50
[2026-10-02 15:17:28.626] [Bytes recibidos]: 49
[2026-10-02 15:17:28.626] [Bytes recibidos]: 32
[2026-10-02 15:17:28.627] [Bytes recibidos]: 32
[2026-10-02 15:17:28.627] [Bytes recibidos]: 49
[2026-10-02 15:17:28.628] [Bytes recibidos]: 50
[2026-10-02 15:17:28.628] [Bytes recibidos]: 49
[2026-10-02 15:17:28.629] [Bytes recibidos]: 70
[2026-10-02 15:17:28.629] [Bytes recibidos]: 70
[2026-10-02 15:17:28.630] [Bytes recibidos]: 70
[2026-10-02 15:17:28.630] [Bytes recibidos]: 48
[2026-10-02 15:17:28.631] [Bytes recibidos]: 49
[2026-10-02 15:17:28.632] [Bytes recibidos]: 32
[2026-10-02 15:17:30.633] Enviado: S | HEX: 1B 53 36 45 0D
[2026-10-02 15:17:30.646] Recibido ASCII:   20000- 181  181FFF05   20000    0  100FFF06   20000    0  120FFF07   20000    0   20FFF08   20000    0  100FFF0A   20000    0   20FFF2A   20000    0   20FFFF3<CR>
[2026-10-02 15:17:30.646] Recibido HEX: 20 20 32 30 30 30 30 2D 20 31 38 31 20 20 31 38 31 46 46 46 30 35 20 20 20 32 30 30 30 30 20 20 20 20 30 20 20 31 30 30 46 46 46 30 36 20 20 20 32 30 30 30 30 20 20 20 20 30 20 20 31 32 30 46 46 46 30 37 20 20 20 32 30 30 30 30 20 20 20 20 30 20 20 20 32 30 46 46 46 30 38 20 20 20 32 30 30 30 30 20 20 20 20 30 20 20 31 30 30 46 46 46 30 41 20 20 20 32 30 30 30 30 20 20 20 20 30 20 20 20 32 30 46 46 46 32 41 20 20 20 32 30 30 30 30 20 20 20 20 30 20 20 20 32 30 46 46 46 46 33 0D
[2026-10-02 15:17:30.649] Enviado:  | HEX: 01 15 31 36 0D
[2026-10-02 15:17:30.756] Recibido ASCII: <SOH>S00   20000-  21  121FFF01   20000- 181  181FFF05   20000    0  100FFF06   <ESC>R6D<CR>
[2026-10-02 15:17:30.756] Recibido HEX: 01 53 30 30 20 20 20 32 30 30 30 30 2D 20 20 32 31 20 20 31 32 31 46 46 46 30 31 20 20 20 32 30 30 30 30 2D 20 31 38 31 20 20 31 38 31 46 46 46 30 35 20 20 20 32 30 30 30 30 20 20 20 20 30 20 20 31 30 30 46 46 46 30 36 20 20 20 1B 52 36 44 0D
[2026-10-02 15:17:30.763] Enviado: T0001010105010601070108010A012A01 | HEX: 1B 54 30 30 30 31 30 31 30 31 30 35 30 31 30 36 30 31 30 37 30 31 30 38 30 31 30 41 30 31 32 41 30 31 42 36 0D
[2026-10-02 15:17:30.791] Recibido ASCII: 20000    0  120FFF07   20000    0   20FFF08   20000    0  100FFF0A   20000    0   20FFF2A   20000    0   20FFFF3<CR>
[2026-10-02 15:17:30.791] Recibido HEX: 32 30 30 30 30 20 20 20 20 30 20 20 31 32 30 46 46 46 30 37 20 20 20 32 30 30 30 30 20 20 20 20 30 20 20 20 32 30 46 46 46 30 38 20 20 20 32 30 30 30 30 20 20 20 20 30 20 20 31 30 30 46 46 46 30 41 20 20 20 32 30 30 30 30 20 20 20 20 30 20 20 20 32 30 46 46 46 32 41 20 20 20 32 30 30 30 30 20 20 20 20 30 20 20 20 32 30 46 46 46 46 33 0D
[2026-10-02 15:17:30.793] Enviado:  | HEX: 01 15 31 36 0D
[2026-10-02 15:17:30.814] Recibido ASCII: <SOH>T55<CR>
[2026-10-02 15:17:30.815] Recibido HEX: 01 54 35 35 0D
[2026-10-02 15:17:30.816] Datos recibidos (5 bytes): 1B 52 36 44 0D
[2026-10-02 15:17:30.817] [Bytes recibidos]: 27
[2026-10-02 15:17:30.817] [Bytes recibidos]: 82
[2026-10-02 15:17:30.818] [Bytes recibidos]: 54
[2026-10-02 15:17:30.818] [Bytes recibidos]: 68
[2026-10-02 15:17:30.819] [Bytes recibidos]: 13
[2026-10-02 15:17:34.318] Datos recibidos (5 bytes): 1B 51 36 43 0D
[2026-10-02 15:17:34.319] [Bytes recibidos]: 27
[2026-10-02 15:17:34.319] [Bytes recibidos]: 81
[2026-10-02 15:17:34.320] [Bytes recibidos]: 54
[2026-10-02 15:17:34.320] [Bytes recibidos]: 67
[2026-10-02 15:17:34.321] [Bytes recibidos]: 13
[2026-10-02 15:17:37.919] Datos recibidos (5 bytes): 1B 51 36 43 0D
[2026-10-02 15:17:37.919] [Bytes recibidos]: 27
[2026-10-02 15:17:37.921] [Bytes recibidos]: 81
[2026-10-02 15:17:37.921] [Bytes recibidos]: 54
[2026-10-02 15:17:37.922] [Bytes recibidos]: 67
[2026-10-02 15:17:37.922] [Bytes recibidos]: 13
[2026-10-02 15:17:41.520] Datos recibidos (5 bytes): 1B 51 36 43 0D
[2026-10-02 15:17:41.520] [Bytes recibidos]: 27
[2026-10-02 15:17:41.521] [Bytes recibidos]: 81
[2026-10-02 15:17:41.521] [Bytes recibidos]: 54
[2026-10-02 15:17:41.522] [Bytes recibidos]: 67
[2026-10-02 15:17:41.522] [Bytes recibidos]: 13
[2026-10-02 15:17:45.119] Datos recibidos (5 bytes): 1B 51 36 43 0D
[2026-10-02 15:17:45.120] [Bytes recibidos]: 27
[2026-10-02 15:17:45.120] [Bytes recibidos]: 81
[2026-10-02 15:17:45.121] [Bytes recibidos]: 54
[2026-10-02 15:17:45.121] [Bytes recibidos]: 67
[2026-10-02 15:17:45.122] [Bytes recibidos]: 13
