[2026-10-02 15:51:20.041] Iniciando comunicación con Atlan A350 XL (8E1)...
[2026-10-02 15:51:20.054] Enviado: Q | HEX: 1B 51 36 43 0D
[2026-10-02 15:51:20.117] Recibido ASCII: <SOH>Q52<CR>
[2026-10-02 15:51:20.118] Recibido HEX: 01 51 35 32 0D
[2026-10-02 15:51:20.123] Enviado: S | HEX: 1B 53 36 45 0D
[2026-10-02 15:51:20.228] Recibido ASCII: <SOH>S00   20000-  21  121FFF01   20000- 1<ESC>R6D<CR>
[2026-10-02 15:51:20.228] Recibido HEX: 01 53 30 30 20 20 20 32 30 30 30 30 2D 20 20 32 31 20 20 31 32 31 46 46 46 30 31 20 20 20 32 30 30 30 30 2D 20 31 1B 52 36 44 0D
[2026-10-02 15:51:20.235] Enviado: T0001010105010601070108010A012A01 | HEX: 1B 54 30 30 30 31 30 31 30 31 30 35 30 31 30 36 30 31 30 37 30 31 30 38 30 31 30 41 30 31 32 41 30 31 42 36 0D
[2026-10-02 15:51:20.265] Recibido ASCII: 81  181FFF05   20000    0  100FFF06   20000    0  120FFF07   20000    0   20FFF08   20000    0  100FFF0A   20000    0   20FFF2A   20000    0   20FFFF3<CR>
[2026-10-02 15:51:20.265] Recibido HEX: 38 31 20 20 31 38 31 46 46 46 30 35 20 20 20 32 30 30 30 30 20 20 20 20 30 20 20 31 30 30 46 46 46 30 36 20 20 20 32 30 30 30 30 20 20 20 20 30 20 20 31 32 30 46 46 46 30 37 20 20 20 32 30 30 30 30 20 20 20 20 30 20 20 20 32 30 46 46 46 30 38 20 20 20 32 30 30 30 30 20 20 20 20 30 20 20 31 30 30 46 46 46 30 41 20 20 20 32 30 30 30 30 20 20 20 20 30 20 20 20 32 30 46 46 46 32 41 20 20 20 32 30 30 30 30 20 20 20 20 30 20 20 20 32 30 46 46 46 46 33 0D
[2026-10-02 15:51:20.267] Enviado:  | HEX: 01 15 31 36 0D
[2026-10-02 15:51:20.309] Recibido ASCII: <SOH>T55<CR>
[2026-10-02 15:51:20.309] Recibido HEX: 01 54 35 35 0D
[2026-10-02 15:51:20.315] Datos recibidos (5 bytes): 1B 52 36 44 0D
[2026-10-02 15:51:22.335] Enviado:  | HEX: 01 15 31 36 0D
[2026-10-02 15:51:22.417] Recibido ASCII: <ESC>R6D<CR>
[2026-10-02 15:51:22.418] Recibido HEX: 1B 52 36 44 0D
[2026-10-02 15:51:24.420] Enviado: 0161'OpenICE'02.10:06.00 | HEX: 01 30 31 36 31 27 4F 70 65 6E 49 43 45 27 30 32 2E 31 30 3A 30 36 2E 30 30 39 39 0D
[2026-10-02 15:51:24.522] Recibido ASCII: <ESC>Q6C<CR>
[2026-10-02 15:51:24.523] Recibido HEX: 1B 51 36 43 0D
[2026-10-02 15:51:27.535] Sin datos recibidos en 3000 ms
[2026-10-02 15:51:27.536] Error en el ciclo de polling: java.lang.ArrayIndexOutOfBoundsException: Index 0 out of bounds for length 0
[2026-10-02 15:51:29.537] Enviado: Q | HEX: 01 51 35 32 0D
[2026-10-02 15:51:29.538] Recibido ASCII: <ESC>Q6C<CR>
[2026-10-02 15:51:29.539] Recibido HEX: 1B 51 36 43 0D
[2026-10-02 15:51:29.540] Enviado: 0161'OpenICE'02.10:06.00 | HEX: 01 30 31 36 31 27 4F 70 65 6E 49 43 45 27 30 32 2E 31 30 3A 30 36 2E 30 30 39 39 0D
[2026-10-02 15:51:29.622] Recibido ASCII: <ESC>R6D<CR>
[2026-10-02 15:51:29.623] Recibido HEX: 1B 52 36 44 0D
[2026-10-02 15:51:29.624] Datos recibidos (5 bytes): 1B 52 36 44 0D
[2026-10-02 15:51:31.643] Enviado:  | HEX: 01 15 31 36 0D
[2026-10-02 15:51:31.705] Recibido ASCII: <ESC>R6D<CR>
[2026-10-02 15:51:31.706] Recibido HEX: 1B 52 36 44 0D
[2026-10-02 15:51:33.708] Enviado: 0161'OpenICE'02.10:06.00 | HEX: 01 30 31 36 31 27 4F 70 65 6E 49 43 45 27 30 32 2E 31 30 3A 30 36 2E 30 30 39 39 0D
[2026-10-02 15:51:33.831] Recibido ASCII: <ESC>Q6C<CR>
[2026-10-02 15:51:33.831] Recibido HEX: 1B 51 36 43 0D
