[2026-10-02 16:09:54.962] Iniciando comunicación con Atlan A350 XL (8E1)...
[2026-10-02 16:09:54.972] Enviado: Q | HEX: 1B 51 36 43 0D
[2026-10-02 16:09:55.077] Recibido ASCII: <SOH>Q52<CR>
[2026-10-02 16:09:55.077] Recibido HEX: 01 51 35 32 0D
[2026-10-02 16:09:55.080] Enviado: R | HEX: 1B 52 36 44 0D
[2026-10-02 16:09:55.184] Recibido ASCII: <SOH>R5555'A3XX'02.11:06.00B9<CR>
[2026-10-02 16:09:55.184] Recibido HEX: 01 52 35 35 35 35 27 41 33 58 58 27 30 32 2E 31 31 3A 30 36 2E 30 30 42 39 0D
[2026-10-02 16:09:55.189] Enviado: S | HEX: 1B 53 36 45 0D
[2026-10-02 16:09:55.190] Recibido ASCII: <ESC>R6D<CR>
[2026-10-02 16:09:55.191] Recibido HEX: 1B 52 36 44 0D
[2026-10-02 16:09:55.192] Sin registros de realtime configuration, se omite el paso <54H>
[2026-10-02 16:09:55.284] Datos recibidos (76 bytes): 01 53 30 30 20 20 20 32 30 30 30 30 2D 20 20 32 31 20 20 31 32 31 46 46 46 30 31 20 20 20 32 30 30 30 30 2D 20 31 38 31 20 20 31 38 31 46 46 46 30 35 20 20 20 32 30 30 30 30 20 20 20 20 30 20 20 31 30 30 46 46 46 30 36 20 20 20
[2026-10-02 16:09:55.285] [Bytes recibidos]: 1
[2026-10-02 16:09:55.286] [Bytes recibidos]: 83
[2026-10-02 16:09:55.286] [Bytes recibidos]: 48
[2026-10-02 16:09:55.287] [Bytes recibidos]: 48
[2026-10-02 16:09:55.287] [Bytes recibidos]: 32
[2026-10-02 16:09:55.288] [Bytes recibidos]: 32
[2026-10-02 16:09:55.288] [Bytes recibidos]: 32
[2026-10-02 16:09:55.289] [Bytes recibidos]: 50
[2026-10-02 16:09:55.289] [Bytes recibidos]: 48
[2026-10-02 16:09:55.290] [Bytes recibidos]: 48
[2026-10-02 16:09:55.290] [Bytes recibidos]: 48
[2026-10-02 16:09:55.290] [Bytes recibidos]: 48
[2026-10-02 16:09:55.291] [Bytes recibidos]: 45
[2026-10-02 16:09:55.291] [Bytes recibidos]: 32
[2026-10-02 16:09:55.292] [Bytes recibidos]: 32
[2026-10-02 16:09:55.292] [Bytes recibidos]: 50
[2026-10-02 16:09:55.293] [Bytes recibidos]: 49
[2026-10-02 16:09:55.293] [Bytes recibidos]: 32
[2026-10-02 16:09:55.293] [Bytes recibidos]: 32
[2026-10-02 16:09:55.294] [Bytes recibidos]: 49
[2026-10-02 16:09:55.294] [Bytes recibidos]: 50
[2026-10-02 16:09:55.295] [Bytes recibidos]: 49
[2026-10-02 16:09:55.295] [Bytes recibidos]: 70
[2026-10-02 16:09:55.296] [Bytes recibidos]: 70
[2026-10-02 16:09:55.296] [Bytes recibidos]: 70
[2026-10-02 16:09:55.296] [Bytes recibidos]: 48
[2026-10-02 16:09:55.297] [Bytes recibidos]: 49
[2026-10-02 16:09:55.297] [Bytes recibidos]: 32
[2026-10-02 16:09:55.298] [Bytes recibidos]: 32
[2026-10-02 16:09:55.298] [Bytes recibidos]: 32
[2026-10-02 16:09:55.299] [Bytes recibidos]: 50
[2026-10-02 16:09:55.299] [Bytes recibidos]: 48
[2026-10-02 16:09:55.300] [Bytes recibidos]: 48
[2026-10-02 16:09:55.300] [Bytes recibidos]: 48
[2026-10-02 16:09:55.301] [Bytes recibidos]: 48
[2026-10-02 16:09:55.301] [Bytes recibidos]: 45
[2026-10-02 16:09:55.302] [Bytes recibidos]: 32
[2026-10-02 16:09:55.302] [Bytes recibidos]: 49
[2026-10-02 16:09:55.303] [Bytes recibidos]: 56
[2026-10-02 16:09:55.303] [Bytes recibidos]: 49
[2026-10-02 16:09:55.304] [Bytes recibidos]: 32
[2026-10-02 16:09:55.304] [Bytes recibidos]: 32
[2026-10-02 16:09:55.305] [Bytes recibidos]: 49
[2026-10-02 16:09:55.305] [Bytes recibidos]: 56
[2026-10-02 16:09:55.306] [Bytes recibidos]: 49
[2026-10-02 16:09:55.306] [Bytes recibidos]: 70
[2026-10-02 16:09:55.307] [Bytes recibidos]: 70
[2026-10-02 16:09:55.307] [Bytes recibidos]: 70
[2026-10-02 16:09:55.308] [Bytes recibidos]: 48
[2026-10-02 16:09:55.308] [Bytes recibidos]: 53
[2026-10-02 16:09:55.309] [Bytes recibidos]: 32
[2026-10-02 16:09:55.309] [Bytes recibidos]: 32
[2026-10-02 16:09:55.310] [Bytes recibidos]: 32
[2026-10-02 16:09:55.310] [Bytes recibidos]: 50
[2026-10-02 16:09:55.311] [Bytes recibidos]: 48
[2026-10-02 16:09:55.311] [Bytes recibidos]: 48
[2026-10-02 16:09:55.311] [Bytes recibidos]: 48
[2026-10-02 16:09:55.312] [Bytes recibidos]: 48
[2026-10-02 16:09:55.312] [Bytes recibidos]: 32
[2026-10-02 16:09:55.313] [Bytes recibidos]: 32
[2026-10-02 16:09:55.313] [Bytes recibidos]: 32
[2026-10-02 16:09:55.314] [Bytes recibidos]: 32
[2026-10-02 16:09:55.314] [Bytes recibidos]: 48
[2026-10-02 16:09:55.315] [Bytes recibidos]: 32
[2026-10-02 16:09:55.315] [Bytes recibidos]: 32
[2026-10-02 16:09:55.316] [Bytes recibidos]: 49
[2026-10-02 16:09:55.316] [Bytes recibidos]: 48
[2026-10-02 16:09:55.317] [Bytes recibidos]: 48
[2026-10-02 16:09:55.317] [Bytes recibidos]: 70
[2026-10-02 16:09:55.318] [Bytes recibidos]: 70
[2026-10-02 16:09:55.318] [Bytes recibidos]: 70
[2026-10-02 16:09:55.319] [Bytes recibidos]: 48
[2026-10-02 16:09:55.319] [Bytes recibidos]: 54
[2026-10-02 16:09:55.320] [Bytes recibidos]: 32
[2026-10-02 16:09:55.320] [Bytes recibidos]: 32
[2026-10-02 16:09:55.321] [Bytes recibidos]: 32
[2026-10-02 16:09:57.323] Enviado: S | HEX: 1B 53 36 45 0D
[2026-10-02 16:09:57.330] Recibido ASCII: 20000    0  120FFF07   20000    0   20FFF08   20000    0  100FFF0A   20000    0   20FFF2A   20000    0   20FFFF3<CR>
[2026-10-02 16:09:57.330] Recibido HEX: 32 30 30 30 30 20 20 20 20 30 20 20 31 32 30 46 46 46 30 37 20 20 20 32 30 30 30 30 20 20 20 20 30 20 20 20 32 30 46 46 46 30 38 20 20 20 32 30 30 30 30 20 20 20 20 30 20 20 31 30 30 46 46 46 30 41 20 20 20 32 30 30 30 30 20 20 20 20 30 20 20 20 32 30 46 46 46 32 41 20 20 20 32 30 30 30 30 20 20 20 20 30 20 20 20 32 30 46 46 46 46 33 0D
[2026-10-02 16:09:57.332] Enviado:  | HEX: 01 15 31 36 0D
[2026-10-02 16:09:57.399] Recibido ASCII: <SOH>S00   20000-  21  121FFF01   20000- 181  181FFF05   20000    0  100FFF06   <ESC>R6D<CR>
[2026-10-02 16:09:57.399] Recibido HEX: 01 53 30 30 20 20 20 32 30 30 30 30 2D 20 20 32 31 20 20 31 32 31 46 46 46 30 31 20 20 20 32 30 30 30 30 2D 20 31 38 31 20 20 31 38 31 46 46 46 30 35 20 20 20 32 30 30 30 30 20 20 20 20 30 20 20 31 30 30 46 46 46 30 36 20 20 20 1B 52 36 44 0D
[2026-10-02 16:09:57.406] Enviado: T0001010105010601070108010A012A01 | HEX: 1B 54 30 30 30 31 30 31 30 31 30 35 30 31 30 36 30 31 30 37 30 31 30 38 30 31 30 41 30 31 32 41 30 31 42 36 0D
[2026-10-02 16:09:57.431] Recibido ASCII: 20000    0  120FFF07   20000    0   20FFF08   20000    0  100FFF0A   20000    0   20FFF2A   20000    0   20FFFF3<CR>
[2026-10-02 16:09:57.432] Recibido HEX: 32 30 30 30 30 20 20 20 20 30 20 20 31 32 30 46 46 46 30 37 20 20 20 32 30 30 30 30 20 20 20 20 30 20 20 20 32 30 46 46 46 30 38 20 20 20 32 30 30 30 30 20 20 20 20 30 20 20 31 30 30 46 46 46 30 41 20 20 20 32 30 30 30 30 20 20 20 20 30 20 20 20 32 30 46 46 46 32 41 20 20 20 32 30 30 30 30 20 20 20 20 30 20 20 20 32 30 46 46 46 46 33 0D
[2026-10-02 16:09:57.433] Enviado:  | HEX: 01 15 31 36 0D
[2026-10-02 16:09:57.475] Recibido ASCII: <SOH>T55<CR>
[2026-10-02 16:09:57.475] Recibido HEX: 01 54 35 35 0D
[2026-10-02 16:09:57.477] Datos recibidos (5 bytes): 1B 52 36 44 0D
[2026-10-02 16:09:59.496] Enviado:  | HEX: 01 15 31 36 0D
[2026-10-02 16:09:59.577] Recibido ASCII: <ESC>Q6C<CR>
[2026-10-02 16:09:59.578] Recibido HEX: 1B 51 36 43 0D
[2026-10-02 16:10:01.580] Enviado: Q | HEX: 01 51 35 32 0D
[2026-10-02 16:10:01.662] Recibido ASCII: <ESC>R6D<CR>
[2026-10-02 16:10:01.663] Recibido HEX: 1B 52 36 44 0D
[2026-10-02 16:10:01.665] Enviado: 0161'OpenICE'02.10:06.00 | HEX: 01 30 31 36 31 27 4F 70 65 6E 49 43 45 27 30 32 2E 31 30 3A 30 36 2E 30 30 39 39 0D
[2026-10-02 16:10:01.767] Recibido ASCII: <ESC>R6D<CR>
[2026-10-02 16:10:01.768] Recibido HEX: 1B 52 36 44 0D
[2026-10-02 16:10:04.771] Sin datos recibidos en 3000 ms
[2026-10-02 16:10:04.772] Error en el ciclo de polling: java.lang.ArrayIndexOutOfBoundsException: Index 0 out of bounds for length 0
[2026-10-02 16:10:06.774] Enviado: 0161'OpenICE'02.10:06.00 | HEX: 01 30 31 36 31 27 4F 70 65 6E 49 43 45 27 30 32 2E 31 30 3A 30 36 2E 30 30 39 39 0D
[2026-10-02 16:10:06.775] Recibido ASCII: <ESC>Q6C<CR>
[2026-10-02 16:10:06.776] Recibido HEX: 1B 51 36 43 0D
[2026-10-02 16:10:06.878] Datos recibidos (5 bytes): 1B 51 36 43 0D
