[2026-10-02 14:20:25.971] Iniciando comunicación con Atlan A350 XL (8E1)...
[2026-10-02 14:20:25.981] Enviado: Q | HEX: 1B 51 36 43 0D
[2026-10-02 14:20:26.085] Recibido ASCII: <SOH>Q52<CR>
[2026-10-02 14:20:26.086] Recibido HEX: 01 51 35 32 0D
[2026-10-02 14:20:26.091] Enviado: S | HEX: 1B 53 36 45 0D
[2026-10-02 14:20:26.195] Recibido ASCII: <SOH>S00   20<ESC>R6D<CR>
[2026-10-02 14:20:26.195] Recibido HEX: 01 53 30 30 20 20 20 32 30 1B 52 36 44 0D
[2026-10-02 14:20:26.197] Sin registros de realtime configuration, se omite el paso <54H>
[2026-10-02 14:20:26.203] Datos recibidos (4 bytes): 30 30 30 2D
[2026-10-02 14:20:26.204] [Bytes recibidos]: 48
[2026-10-02 14:20:26.205] [Bytes recibidos]: 48
[2026-10-02 14:20:26.205] [Bytes recibidos]: 48
[2026-10-02 14:20:26.205] [Bytes recibidos]: 45
[2026-10-02 14:20:28.207] Enviado: S | HEX: 1B 53 36 45 0D
[2026-10-02 14:20:28.217] Recibido ASCII:   21  121FFF01   20000- 181  181FFF05   20000    0  100FFF06   20000    0  120FFF07   20000    0   20FFF08   20000    0  100FFF0A   20000    0   20FFF2A   20000    0   20FFFF3<CR>
[2026-10-02 14:20:28.218] Recibido HEX: 20 20 32 31 20 20 31 32 31 46 46 46 30 31 20 20 20 32 30 30 30 30 2D 20 31 38 31 20 20 31 38 31 46 46 46 30 35 20 20 20 32 30 30 30 30 20 20 20 20 30 20 20 31 30 30 46 46 46 30 36 20 20 20 32 30 30 30 30 20 20 20 20 30 20 20 31 32 30 46 46 46 30 37 20 20 20 32 30 30 30 30 20 20 20 20 30 20 20 20 32 30 46 46 46 30 38 20 20 20 32 30 30 30 30 20 20 20 20 30 20 20 31 30 30 46 46 46 30 41 20 20 20 32 30 30 30 30 20 20 20 20 30 20 20 20 32 30 46 46 46 32 41 20 20 20 32 30 30 30 30 20 20 20 20 30 20 20 20 32 30 46 46 46 46 33 0D
[2026-10-02 14:20:28.219] Enviado:  | HEX: 01 15 31 36 0D
[2026-10-02 14:20:28.323] Recibido ASCII: <SOH>S00   20000-  21 <ESC>R6D<CR>
[2026-10-02 14:20:28.324] Recibido HEX: 01 53 30 30 20 20 20 32 30 30 30 30 2D 20 20 32 31 20 1B 52 36 44 0D
[2026-10-02 14:20:28.325] Sin registros de realtime configuration, se omite el paso <54H>
[2026-10-02 14:20:28.326] Datos recibidos (21 bytes): 20 31 32 31 46 46 46 30 31 20 20 20 32 30 30 30 30 2D 20 31 38
[2026-10-02 14:20:28.327] [Bytes recibidos]: 32
[2026-10-02 14:20:28.327] [Bytes recibidos]: 49
[2026-10-02 14:20:28.327] [Bytes recibidos]: 50
[2026-10-02 14:20:28.328] [Bytes recibidos]: 49
[2026-10-02 14:20:28.328] [Bytes recibidos]: 70
[2026-10-02 14:20:28.329] [Bytes recibidos]: 70
[2026-10-02 14:20:28.329] [Bytes recibidos]: 70
[2026-10-02 14:20:28.329] [Bytes recibidos]: 48
[2026-10-02 14:20:28.330] [Bytes recibidos]: 49
[2026-10-02 14:20:28.330] [Bytes recibidos]: 32
[2026-10-02 14:20:28.331] [Bytes recibidos]: 32
[2026-10-02 14:20:28.331] [Bytes recibidos]: 32
[2026-10-02 14:20:28.331] [Bytes recibidos]: 50
[2026-10-02 14:20:28.332] [Bytes recibidos]: 48
[2026-10-02 14:20:28.332] [Bytes recibidos]: 48
[2026-10-02 14:20:28.333] [Bytes recibidos]: 48
[2026-10-02 14:20:28.333] [Bytes recibidos]: 48
[2026-10-02 14:20:28.333] [Bytes recibidos]: 45
[2026-10-02 14:20:28.334] [Bytes recibidos]: 32
[2026-10-02 14:20:28.334] [Bytes recibidos]: 49
[2026-10-02 14:20:28.335] [Bytes recibidos]: 56
[2026-10-02 14:20:30.336] Enviado: S | HEX: 1B 53 36 45 0D
[2026-10-02 14:20:30.343] Recibido ASCII: 1  181FFF05   20000    0  100FFF06   20000    0  120FFF07   20000    0   20FFF08   20000    0  100FFF0A   20000    0   20FFF2A   20000    0   20FFFF3<CR>
[2026-10-02 14:20:30.344] Recibido HEX: 31 20 20 31 38 31 46 46 46 30 35 20 20 20 32 30 30 30 30 20 20 20 20 30 20 20 31 30 30 46 46 46 30 36 20 20 20 32 30 30 30 30 20 20 20 20 30 20 20 31 32 30 46 46 46 30 37 20 20 20 32 30 30 30 30 20 20 20 20 30 20 20 20 32 30 46 46 46 30 38 20 20 20 32 30 30 30 30 20 20 20 20 30 20 20 31 30 30 46 46 46 30 41 20 20 20 32 30 30 30 30 20 20 20 20 30 20 20 20 32 30 46 46 46 32 41 20 20 20 32 30 30 30 30 20 20 20 20 30 20 20 20 32 30 46 46 46 46 33 0D
[2026-10-02 14:20:30.345] Enviado:  | HEX: 01 15 31 36 0D
[2026-10-02 14:20:30.407] Recibido ASCII: <SOH>S00   20000-  21 <ESC>R6D<CR>
[2026-10-02 14:20:30.407] Recibido HEX: 01 53 30 30 20 20 20 32 30 30 30 30 2D 20 20 32 31 20 1B 52 36 44 0D
[2026-10-02 14:20:30.408] Sin registros de realtime configuration, se omite el paso <54H>
[2026-10-02 14:20:30.409] Datos recibidos (7 bytes): 20 31 32 31 46 46 46
[2026-10-02 14:20:30.409] [Bytes recibidos]: 32
[2026-10-02 14:20:30.410] [Bytes recibidos]: 49
[2026-10-02 14:20:30.410] [Bytes recibidos]: 50
[2026-10-02 14:20:30.410] [Bytes recibidos]: 49
[2026-10-02 14:20:30.411] [Bytes recibidos]: 70
[2026-10-02 14:20:30.411] [Bytes recibidos]: 70
[2026-10-02 14:20:30.412] [Bytes recibidos]: 70
[2026-10-02 14:20:32.413] Enviado: S | HEX: 1B 53 36 45 0D
[2026-10-02 14:20:32.419] Recibido ASCII: 01   20000- 181  181FFF05   20000    0  100FFF06   20000    0  120FFF07   20000    0   20FFF08   20000    0  100FFF0A   20000    0   20FFF2A   20000    0   20FFFF3<CR>
[2026-10-02 14:20:32.419] Recibido HEX: 30 31 20 20 20 32 30 30 30 30 2D 20 31 38 31 20 20 31 38 31 46 46 46 30 35 20 20 20 32 30 30 30 30 20 20 20 20 30 20 20 31 30 30 46 46 46 30 36 20 20 20 32 30 30 30 30 20 20 20 20 30 20 20 31 32 30 46 46 46 30 37 20 20 20 32 30 30 30 30 20 20 20 20 30 20 20 20 32 30 46 46 46 30 38 20 20 20 32 30 30 30 30 20 20 20 20 30 20 20 31 30 30 46 46 46 30 41 20 20 20 32 30 30 30 30 20 20 20 20 30 20 20 20 32 30 46 46 46 32 41 20 20 20 32 30 30 30 30 20 20 20 20 30 20 20 20 32 30 46 46 46 46 33 0D
[2026-10-02 14:20:32.420] Enviado:  | HEX: 01 15 31 36 0D
[2026-10-02 14:20:32.503] Recibido ASCII: <SOH>S00   20000-  21 <ESC>Q6C<CR>
[2026-10-02 14:20:32.503] Recibido HEX: 01 53 30 30 20 20 20 32 30 30 30 30 2D 20 20 32 31 20 1B 51 36 43 0D
[2026-10-02 14:20:32.504] Sin registros de realtime configuration, se omite el paso <54H>
[2026-10-02 14:20:35.521] Sin datos recibidos en 3000 ms
[2026-10-02 14:20:37.523] Enviado: S | HEX: 1B 53 36 45 0D
[2026-10-02 14:20:37.524] Recibido ASCII: <ESC>Q6C<CR>
[2026-10-02 14:20:37.524] Recibido HEX: 1B 51 36 43 0D
[2026-10-02 14:20:37.524] Sin registros de realtime configuration, se omite el paso <54H>
[2026-10-02 14:20:37.586] Datos recibidos (5 bytes): 01 15 31 36 0D
[2026-10-02 14:20:37.586] [Bytes recibidos]: 1
[2026-10-02 14:20:37.587] [Bytes recibidos]: 21
[2026-10-02 14:20:37.587] [Bytes recibidos]: 49
[2026-10-02 14:20:37.587] [Bytes recibidos]: 54
[2026-10-02 14:20:37.588] [Bytes recibidos]: 13
[2026-10-02 14:20:39.590] Enviado: S | HEX: 1B 53 36 45 0D
[2026-10-02 14:20:39.692] Recibido ASCII: <SOH>16<CR>
[2026-10-02 14:20:39.692] Recibido HEX: 01 15 31 36 0D
[2026-10-02 14:20:39.693] Sin registros de realtime configuration, se omite el paso <54H>
[2026-10-02 14:20:42.693] Sin datos recibidos en 3000 ms
