[2026-10-02 13:10:20.676] Iniciando comunicación con Atlan A350 XL (8E1)...
[2026-10-02 13:10:20.680] Enviado: Q | HEX: 1B 51 36 43 0D
[2026-10-02 13:10:20.782] Recibido ASCII: <SOH>Q52<CR>
[2026-10-02 13:10:20.783] Recibido HEX: 01 51 35 32 0D
[2026-10-02 13:10:20.784] Enviado: S | HEX: 1B 53 36 45 0D
[2026-10-02 13:10:20.887] Recibido ASCII: <SOH>S00   20000-  21  <ESC>R6D<CR>
[2026-10-02 13:10:20.888] Recibido HEX: 01 53 30 30 20 20 20 32 30 30 30 30 2D 20 20 32 31 20 20 1B 52 36 44 0D
[2026-10-02 13:10:20.888] Sin registros de realtime configuration, se omite el paso <54H>
[2026-10-02 13:10:20.891] Datos recibidos (5 bytes): 31 32 31 46 46
[2026-10-02 13:10:20.892] [Bytes recibidos]: 49
[2026-10-02 13:10:20.892] [Bytes recibidos]: 50
[2026-10-02 13:10:20.892] [Bytes recibidos]: 49
[2026-10-02 13:10:20.892] [Bytes recibidos]: 70
[2026-10-02 13:10:20.892] [Bytes recibidos]: 70
[2026-10-02 13:10:22.894] Enviado: S | HEX: 1B 53 36 45 0D
[2026-10-02 13:10:22.898] Recibido ASCII: F01   20000- 181  181FFF05   20000    0  100FFF06   20000    0  120FFF07   20000    0   20FFF08   20000    0  100FFF0A   20000    0   20FFF2A   20000    0   20FFFF3<CR>
[2026-10-02 13:10:22.898] Recibido HEX: 46 30 31 20 20 20 32 30 30 30 30 2D 20 31 38 31 20 20 31 38 31 46 46 46 30 35 20 20 20 32 30 30 30 30 20 20 20 20 30 20 20 31 30 30 46 46 46 30 36 20 20 20 32 30 30 30 30 20 20 20 20 30 20 20 31 32 30 46 46 46 30 37 20 20 20 32 30 30 30 30 20 20 20 20 30 20 20 20 32 30 46 46 46 30 38 20 20 20 32 30 30 30 30 20 20 20 20 30 20 20 31 30 30 46 46 46 30 41 20 20 20 32 30 30 30 30 20 20 20 20 30 20 20 20 32 30 46 46 46 32 41 20 20 20 32 30 30 30 30 20 20 20 20 30 20 20 20 32 30 46 46 46 46 33 0D
[2026-10-02 13:10:22.899] Enviado:  | HEX: 01 15 31 36 0D
[2026-10-02 13:10:23.002] Recibido ASCII: <SOH>S00   20000-  21  121FFF01   20000- 1<ESC>R6D<CR>
[2026-10-02 13:10:23.003] Recibido HEX: 01 53 30 30 20 20 20 32 30 30 30 30 2D 20 20 32 31 20 20 31 32 31 46 46 46 30 31 20 20 20 32 30 30 30 30 2D 20 31 1B 52 36 44 0D
[2026-10-02 13:10:23.005] Enviado: T0001 | HEX: 1B 54 30 30 30 31 33 30 0D
[2026-10-02 13:10:23.111] Recibido ASCII: 81  181FFF05   20000    0  100FFF06   20000    0  120FFF07   20000    0   20FFF08   20000    0  100FFF0A   20000    0   20FFF2A   20000    0   20FFFF3<CR>
[2026-10-02 13:10:23.111] Recibido HEX: 38 31 20 20 31 38 31 46 46 46 30 35 20 20 20 32 30 30 30 30 20 20 20 20 30 20 20 31 30 30 46 46 46 30 36 20 20 20 32 30 30 30 30 20 20 20 20 30 20 20 31 32 30 46 46 46 30 37 20 20 20 32 30 30 30 30 20 20 20 20 30 20 20 20 32 30 46 46 46 30 38 20 20 20 32 30 30 30 30 20 20 20 20 30 20 20 31 30 30 46 46 46 30 41 20 20 20 32 30 30 30 30 20 20 20 20 30 20 20 20 32 30 46 46 46 32 41 20 20 20 32 30 30 30 30 20 20 20 20 30 20 20 20 32 30 46 46 46 46 33 0D
[2026-10-02 13:10:23.112] Enviado:  | HEX: 01 15 31 36 0D
[2026-10-02 13:10:23.112] Recibido ASCII: <SOH>T55<CR>
[2026-10-02 13:10:23.112] Recibido HEX: 01 54 35 35 0D
[2026-10-02 13:10:23.174] Datos recibidos (5 bytes): 1B 52 36 44 0D
[2026-10-02 13:10:23.174] [Bytes recibidos]: 27
[2026-10-02 13:10:23.175] [Bytes recibidos]: 82
[2026-10-02 13:10:23.175] [Bytes recibidos]: 54
[2026-10-02 13:10:23.175] [Bytes recibidos]: 68
[2026-10-02 13:10:23.175] [Bytes recibidos]: 13
[2026-10-02 13:10:23.177] [Data Recibida]: 19.88351648351648
[2026-10-02 13:10:26.884] Datos recibidos (5 bytes): 1B 51 36 43 0D
[2026-10-02 13:10:26.885] [Bytes recibidos]: 27
[2026-10-02 13:10:26.885] [Bytes recibidos]: 81
[2026-10-02 13:10:26.885] [Bytes recibidos]: 54
[2026-10-02 13:10:26.885] [Bytes recibidos]: 67
[2026-10-02 13:10:26.886] [Bytes recibidos]: 13
[2026-10-02 13:10:26.886] [Data Recibida]: 17.664224664224662
[2026-10-02 13:10:30.492] Datos recibidos (5 bytes): 1B 51 36 43 0D
[2026-10-02 13:10:30.493] [Bytes recibidos]: 27
[2026-10-02 13:10:30.493] [Bytes recibidos]: 81
[2026-10-02 13:10:30.493] [Bytes recibidos]: 54
[2026-10-02 13:10:30.493] [Bytes recibidos]: 67
[2026-10-02 13:10:30.494] [Bytes recibidos]: 13
[2026-10-02 13:10:30.494] [Data Recibida]: 17.664224664224662
[2026-10-02 13:10:34.079] Datos recibidos (5 bytes): 1B 51 36 43 0D
[2026-10-02 13:10:34.080] [Bytes recibidos]: 27
[2026-10-02 13:10:34.080] [Bytes recibidos]: 81
[2026-10-02 13:10:34.080] [Bytes recibidos]: 54
[2026-10-02 13:10:34.080] [Bytes recibidos]: 67
[2026-10-02 13:10:34.081] [Bytes recibidos]: 13
[2026-10-02 13:10:34.081] [Data Recibida]: 17.664224664224662
[2026-10-02 13:10:37.687] Datos recibidos (5 bytes): 1B 51 36 43 0D
[2026-10-02 13:10:37.687] [Bytes recibidos]: 27
[2026-10-02 13:10:37.688] [Bytes recibidos]: 81
[2026-10-02 13:10:37.688] [Bytes recibidos]: 54
[2026-10-02 13:10:37.688] [Bytes recibidos]: 67
[2026-10-02 13:10:37.688] [Bytes recibidos]: 13
[2026-10-02 13:10:37.689] [Data Recibida]: 17.664224664224662
[2026-10-02 13:10:41.285] Datos recibidos (5 bytes): 1B 51 36 43 0D
[2026-10-02 13:10:41.285] [Bytes recibidos]: 27
[2026-10-02 13:10:41.286] [Bytes recibidos]: 81
[2026-10-02 13:10:41.286] [Bytes recibidos]: 54
[2026-10-02 13:10:41.286] [Bytes recibidos]: 67
[2026-10-02 13:10:41.286] [Bytes recibidos]: 13
[2026-10-02 13:10:41.287] [Data Recibida]: 17.664224664224662
[2026-10-02 13:10:44.869] Datos recibidos (5 bytes): 1B 51 36 43 0D
[2026-10-02 13:10:44.869] [Bytes recibidos]: 27
[2026-10-02 13:10:44.870] [Bytes recibidos]: 81
[2026-10-02 13:10:44.870] [Bytes recibidos]: 54
[2026-10-02 13:10:44.870] [Bytes recibidos]: 67
[2026-10-02 13:10:44.870] [Bytes recibidos]: 13
[2026-10-02 13:10:44.870] [Data Recibida]: 17.664224664224662
[2026-10-02 13:10:48.475] Datos recibidos (5 bytes): 1B 51 36 43 0D
[2026-10-02 13:10:48.475] [Bytes recibidos]: 27
[2026-10-02 13:10:48.475] [Bytes recibidos]: 81
[2026-10-02 13:10:48.475] [Bytes recibidos]: 54
[2026-10-02 13:10:48.476] [Bytes recibidos]: 67
[2026-10-02 13:10:48.476] [Bytes recibidos]: 13
[2026-10-02 13:10:48.476] [Data Recibida]: 17.664224664224662
[2026-10-02 13:10:52.084] Datos recibidos (5 bytes): 1B 51 36 43 0D
[2026-10-02 13:10:52.085] [Bytes recibidos]: 27
[2026-10-02 13:10:52.085] [Bytes recibidos]: 81
[2026-10-02 13:10:52.085] [Bytes recibidos]: 54
[2026-10-02 13:10:52.085] [Bytes recibidos]: 67
[2026-10-02 13:10:52.085] [Bytes recibidos]: 13
[2026-10-02 13:10:52.085] [Data Recibida]: 17.664224664224662
[2026-10-02 13:10:55.687] Datos recibidos (5 bytes): 1B 51 36 43 0D
[2026-10-02 13:10:55.688] [Bytes recibidos]: 27
[2026-10-02 13:10:55.688] [Bytes recibidos]: 81
[2026-10-02 13:10:55.688] [Bytes recibidos]: 54
[2026-10-02 13:10:55.688] [Bytes recibidos]: 67
[2026-10-02 13:10:55.688] [Bytes recibidos]: 13
[2026-10-02 13:10:55.688] [Data Recibida]: 17.664224664224662
[2026-10-02 13:10:59.291] Datos recibidos (5 bytes): 1B 51 36 43 0D
[2026-10-02 13:10:59.292] [Bytes recibidos]: 27
[2026-10-02 13:10:59.292] [Bytes recibidos]: 81
[2026-10-02 13:10:59.292] [Bytes recibidos]: 54
[2026-10-02 13:10:59.292] [Bytes recibidos]: 67
[2026-10-02 13:10:59.292] [Bytes recibidos]: 13
[2026-10-02 13:10:59.292] [Data Recibida]: 17.664224664224662
[2026-10-02 13:11:02.894] Datos recibidos (5 bytes): 1B 51 36 43 0D
[2026-10-02 13:11:02.894] [Bytes recibidos]: 27
[2026-10-02 13:11:02.896] [Bytes recibidos]: 81
[2026-10-02 13:11:02.896] [Bytes recibidos]: 54
[2026-10-02 13:11:02.897] [Bytes recibidos]: 67
[2026-10-02 13:11:02.897] [Bytes recibidos]: 13
[2026-10-02 13:11:02.897] [Data Recibida]: 17.664224664224662
[2026-10-02 13:11:06.476] Datos recibidos (5 bytes): 1B 51 36 43 0D
[2026-10-02 13:11:06.476] [Bytes recibidos]: 27
[2026-10-02 13:11:06.476] [Bytes recibidos]: 81
[2026-10-02 13:11:06.477] [Bytes recibidos]: 54
[2026-10-02 13:11:06.477] [Bytes recibidos]: 67
[2026-10-02 13:11:06.477] [Bytes recibidos]: 13
[2026-10-02 13:11:06.477] [Data Recibida]: 17.664224664224662
[2026-10-02 13:11:10.090] Datos recibidos (5 bytes): 1B 51 36 43 0D
[2026-10-02 13:11:10.090] [Bytes recibidos]: 27
[2026-10-02 13:11:10.091] [Bytes recibidos]: 81
[2026-10-02 13:11:10.091] [Bytes recibidos]: 54
[2026-10-02 13:11:10.091] [Bytes recibidos]: 67
[2026-10-02 13:11:10.091] [Bytes recibidos]: 13
[2026-10-02 13:11:10.092] [Data Recibida]: 17.664224664224662
[2026-10-02 13:11:13.690] Datos recibidos (5 bytes): 1B 51 36 43 0D
[2026-10-02 13:11:13.690] [Bytes recibidos]: 27
[2026-10-02 13:11:13.691] [Bytes recibidos]: 81
[2026-10-02 13:11:13.691] [Bytes recibidos]: 54
[2026-10-02 13:11:13.691] [Bytes recibidos]: 67
[2026-10-02 13:11:13.691] [Bytes recibidos]: 13
[2026-10-02 13:11:13.691] [Data Recibida]: 17.664224664224662
