[2026-10-02 17:41:44.225] Iniciando comunicación con Atlan A350 XL (8E1)...
[2026-10-02 17:41:44.234] Enviado: Q | HEX: 1B 51 36 43 0D
[2026-10-02 17:41:44.338] Recibido ASCII: <SOH>Q52<CR>
[2026-10-02 17:41:44.338] Recibido HEX: 01 51 35 32 0D
[2026-10-02 17:41:45.341] Enviado: R | HEX: 1B 52 36 44 0D
[2026-10-02 17:41:45.342] Recibido ASCII: <ESC>R6D<CR>
[2026-10-02 17:41:45.343] Recibido HEX: 1B 52 36 44 0D
[2026-10-02 17:41:46.344] Enviado: R | HEX: 01 52 35 33 0D
[2026-10-02 17:41:46.347] Recibido ASCII: <SOH>R5555'A3XX'02.11:06.00B9<CR>
[2026-10-02 17:41:46.347] Recibido HEX: 01 52 35 35 35 35 27 41 33 58 58 27 30 32 2E 31 31 3A 30 36 2E 30 30 42 39 0D
[2026-10-02 17:41:46.351] Enviado: S | HEX: 1B 53 36 45 0D
[2026-10-02 17:41:46.434] Recibido ASCII: <ESC>)44<CR>
[2026-10-02 17:41:46.436] Recibido HEX: 1B 29 34 34 0D
[2026-10-02 17:41:47.440] Sin registros de realtime configuration, se omite el paso <54H>
[2026-10-02 17:41:47.459] Datos recibidos (189 bytes): 01 53 30 30 20 20 20 32 30 30 30 30 2D 20 20 32 31 20 20 31 32 31 46 46 46 30 31 20 20 20 32 30 30 30 30 2D 20 31 38 31 20 20 31 38 31 46 46 46 30 35 20 20 20 32 30 30 30 30 20 20 20 20 30 20 20 31 30 30 46 46 46 30 36 20 20 20 32 30 30 30 30 20 20 20 20 30 20 20 31 32 30 46 46 46 30 37 20 20 20 32 30 30 30 30 20 20 20 20 30 20 20 20 32 30 46 46 46 30 38 20 20 20 32 30 30 30 30 20 20 20 20 30 20 20 31 30 30 46 46 46 30 41 20 20 20 32 30 30 30 30 20 20 20 20 30 20 20 20 32 30 46 46 46 32 41 20 20 20 32 30 30 30 30 20 20 20 20 30 20 20 20 32 30 46 46 46 46 33 0D
[2026-10-02 17:41:47.460] [Bytes recibidos]: 1
[2026-10-02 17:41:47.461] [Bytes recibidos]: 83
[2026-10-02 17:41:47.461] [Bytes recibidos]: 48
[2026-10-02 17:41:47.462] [Bytes recibidos]: 48
[2026-10-02 17:41:47.462] [Bytes recibidos]: 32
[2026-10-02 17:41:47.463] [Bytes recibidos]: 32
[2026-10-02 17:41:47.464] [Bytes recibidos]: 32
[2026-10-02 17:41:47.464] [Bytes recibidos]: 50
[2026-10-02 17:41:47.465] [Bytes recibidos]: 48
[2026-10-02 17:41:47.466] [Bytes recibidos]: 48
[2026-10-02 17:41:47.466] [Bytes recibidos]: 48
[2026-10-02 17:41:47.467] [Bytes recibidos]: 48
[2026-10-02 17:41:47.467] [Bytes recibidos]: 45
[2026-10-02 17:41:47.468] [Bytes recibidos]: 32
[2026-10-02 17:41:47.468] [Bytes recibidos]: 32
[2026-10-02 17:41:47.469] [Bytes recibidos]: 50
[2026-10-02 17:41:47.469] [Bytes recibidos]: 49
[2026-10-02 17:41:47.470] [Bytes recibidos]: 32
[2026-10-02 17:41:47.470] [Bytes recibidos]: 32
[2026-10-02 17:41:47.473] [Bytes recibidos]: 49
[2026-10-02 17:41:47.473] [Bytes recibidos]: 50
[2026-10-02 17:41:47.474] [Bytes recibidos]: 49
[2026-10-02 17:41:47.474] [Bytes recibidos]: 70
[2026-10-02 17:41:47.475] [Bytes recibidos]: 70
[2026-10-02 17:41:47.475] [Bytes recibidos]: 70
[2026-10-02 17:41:47.476] [Bytes recibidos]: 48
[2026-10-02 17:41:47.477] [Bytes recibidos]: 49
[2026-10-02 17:41:47.477] [Bytes recibidos]: 32
[2026-10-02 17:41:47.478] [Bytes recibidos]: 32
[2026-10-02 17:41:47.478] [Bytes recibidos]: 32
[2026-10-02 17:41:47.479] [Bytes recibidos]: 50
[2026-10-02 17:41:47.480] [Bytes recibidos]: 48
[2026-10-02 17:41:47.480] [Bytes recibidos]: 48
[2026-10-02 17:41:47.481] [Bytes recibidos]: 48
[2026-10-02 17:41:47.482] [Bytes recibidos]: 48
[2026-10-02 17:41:47.482] [Bytes recibidos]: 45
[2026-10-02 17:41:47.483] [Bytes recibidos]: 32
[2026-10-02 17:41:47.483] [Bytes recibidos]: 49
[2026-10-02 17:41:47.484] [Bytes recibidos]: 56
[2026-10-02 17:41:47.484] [Bytes recibidos]: 49
[2026-10-02 17:41:47.485] [Bytes recibidos]: 32
[2026-10-02 17:41:47.485] [Bytes recibidos]: 32
[2026-10-02 17:41:47.486] [Bytes recibidos]: 49
[2026-10-02 17:41:47.486] [Bytes recibidos]: 56
[2026-10-02 17:41:47.487] [Bytes recibidos]: 49
[2026-10-02 17:41:47.488] [Bytes recibidos]: 70
[2026-10-02 17:41:47.490] [Bytes recibidos]: 70
[2026-10-02 17:41:47.491] [Bytes recibidos]: 70
[2026-10-02 17:41:47.491] [Bytes recibidos]: 48
[2026-10-02 17:41:47.492] [Bytes recibidos]: 53
[2026-10-02 17:41:47.493] [Bytes recibidos]: 32
[2026-10-02 17:41:47.493] [Bytes recibidos]: 32
[2026-10-02 17:41:47.494] [Bytes recibidos]: 32
[2026-10-02 17:41:47.494] [Bytes recibidos]: 50
[2026-10-02 17:41:47.495] [Bytes recibidos]: 48
[2026-10-02 17:41:47.496] [Bytes recibidos]: 48
[2026-10-02 17:41:47.496] [Bytes recibidos]: 48
[2026-10-02 17:41:47.497] [Bytes recibidos]: 48
[2026-10-02 17:41:47.497] [Bytes recibidos]: 32
[2026-10-02 17:41:47.498] [Bytes recibidos]: 32
[2026-10-02 17:41:47.498] [Bytes recibidos]: 32
[2026-10-02 17:41:47.499] [Bytes recibidos]: 32
[2026-10-02 17:41:47.499] [Bytes recibidos]: 48
[2026-10-02 17:41:47.500] [Bytes recibidos]: 32
[2026-10-02 17:41:47.500] [Bytes recibidos]: 32
[2026-10-02 17:41:47.500] [Bytes recibidos]: 49
[2026-10-02 17:41:47.501] [Bytes recibidos]: 48
[2026-10-02 17:41:47.501] [Bytes recibidos]: 48
[2026-10-02 17:41:47.502] [Bytes recibidos]: 70
[2026-10-02 17:41:47.502] [Bytes recibidos]: 70
[2026-10-02 17:41:47.502] [Bytes recibidos]: 70
[2026-10-02 17:41:47.503] [Bytes recibidos]: 48
[2026-10-02 17:41:47.503] [Bytes recibidos]: 54
[2026-10-02 17:41:47.503] [Bytes recibidos]: 32
[2026-10-02 17:41:47.504] [Bytes recibidos]: 32
[2026-10-02 17:41:47.504] [Bytes recibidos]: 32
[2026-10-02 17:41:47.504] [Bytes recibidos]: 50
[2026-10-02 17:41:47.505] [Bytes recibidos]: 48
[2026-10-02 17:41:47.506] [Bytes recibidos]: 48
[2026-10-02 17:41:47.507] [Bytes recibidos]: 48
[2026-10-02 17:41:47.507] [Bytes recibidos]: 48
[2026-10-02 17:41:47.508] [Bytes recibidos]: 32
[2026-10-02 17:41:47.508] [Bytes recibidos]: 32
[2026-10-02 17:41:47.509] [Bytes recibidos]: 32
[2026-10-02 17:41:47.509] [Bytes recibidos]: 32
[2026-10-02 17:41:47.509] [Bytes recibidos]: 48
[2026-10-02 17:41:47.510] [Bytes recibidos]: 32
[2026-10-02 17:41:47.511] [Bytes recibidos]: 32
[2026-10-02 17:41:47.511] [Bytes recibidos]: 49
[2026-10-02 17:41:47.511] [Bytes recibidos]: 50
[2026-10-02 17:41:47.512] [Bytes recibidos]: 48
[2026-10-02 17:41:47.512] [Bytes recibidos]: 70
[2026-10-02 17:41:47.513] [Bytes recibidos]: 70
[2026-10-02 17:41:47.513] [Bytes recibidos]: 70
[2026-10-02 17:41:47.513] [Bytes recibidos]: 48
[2026-10-02 17:41:47.514] [Bytes recibidos]: 55
[2026-10-02 17:41:47.514] [Bytes recibidos]: 32
[2026-10-02 17:41:47.514] [Bytes recibidos]: 32
[2026-10-02 17:41:47.515] [Bytes recibidos]: 32
[2026-10-02 17:41:47.515] [Bytes recibidos]: 50
[2026-10-02 17:41:47.516] [Bytes recibidos]: 48
[2026-10-02 17:41:47.516] [Bytes recibidos]: 48
[2026-10-02 17:41:47.516] [Bytes recibidos]: 48
[2026-10-02 17:41:47.517] [Bytes recibidos]: 48
[2026-10-02 17:41:47.517] [Bytes recibidos]: 32
[2026-10-02 17:41:47.517] [Bytes recibidos]: 32
[2026-10-02 17:41:47.518] [Bytes recibidos]: 32
[2026-10-02 17:41:47.518] [Bytes recibidos]: 32
[2026-10-02 17:41:47.519] [Bytes recibidos]: 48
[2026-10-02 17:41:47.519] [Bytes recibidos]: 32
[2026-10-02 17:41:47.520] [Bytes recibidos]: 32
[2026-10-02 17:41:47.521] [Bytes recibidos]: 32
[2026-10-02 17:41:47.521] [Bytes recibidos]: 50
[2026-10-02 17:41:47.521] [Bytes recibidos]: 48
[2026-10-02 17:41:47.522] [Bytes recibidos]: 70
[2026-10-02 17:41:47.522] [Bytes recibidos]: 70
[2026-10-02 17:41:47.522] [Bytes recibidos]: 70
[2026-10-02 17:41:47.523] [Bytes recibidos]: 48
[2026-10-02 17:41:47.523] [Bytes recibidos]: 56
[2026-10-02 17:41:47.523] [Bytes recibidos]: 32
[2026-10-02 17:41:47.524] [Bytes recibidos]: 32
[2026-10-02 17:41:47.524] [Bytes recibidos]: 32
[2026-10-02 17:41:47.524] [Bytes recibidos]: 50
[2026-10-02 17:41:47.524] [Bytes recibidos]: 48
[2026-10-02 17:41:47.525] [Bytes recibidos]: 48
[2026-10-02 17:41:47.525] [Bytes recibidos]: 48
[2026-10-02 17:41:47.525] [Bytes recibidos]: 48
[2026-10-02 17:41:47.526] [Bytes recibidos]: 32
[2026-10-02 17:41:47.526] [Bytes recibidos]: 32
[2026-10-02 17:41:47.526] [Bytes recibidos]: 32
[2026-10-02 17:41:47.527] [Bytes recibidos]: 32
[2026-10-02 17:41:47.527] [Bytes recibidos]: 48
[2026-10-02 17:41:47.527] [Bytes recibidos]: 32
[2026-10-02 17:41:47.527] [Bytes recibidos]: 32
[2026-10-02 17:41:47.528] [Bytes recibidos]: 49
[2026-10-02 17:41:47.528] [Bytes recibidos]: 48
[2026-10-02 17:41:47.528] [Bytes recibidos]: 48
[2026-10-02 17:41:47.529] [Bytes recibidos]: 70
[2026-10-02 17:41:47.529] [Bytes recibidos]: 70
[2026-10-02 17:41:47.529] [Bytes recibidos]: 70
[2026-10-02 17:41:47.529] [Bytes recibidos]: 48
[2026-10-02 17:41:47.530] [Bytes recibidos]: 65
[2026-10-02 17:41:47.530] [Bytes recibidos]: 32
[2026-10-02 17:41:47.530] [Bytes recibidos]: 32
[2026-10-02 17:41:47.530] [Bytes recibidos]: 32
[2026-10-02 17:41:47.531] [Bytes recibidos]: 50
[2026-10-02 17:41:47.531] [Bytes recibidos]: 48
[2026-10-02 17:41:47.531] [Bytes recibidos]: 48
[2026-10-02 17:41:47.531] [Bytes recibidos]: 48
[2026-10-02 17:41:47.532] [Bytes recibidos]: 48
[2026-10-02 17:41:47.532] [Bytes recibidos]: 32
[2026-10-02 17:41:47.532] [Bytes recibidos]: 32
[2026-10-02 17:41:47.533] [Bytes recibidos]: 32
[2026-10-02 17:41:47.533] [Bytes recibidos]: 32
[2026-10-02 17:41:47.533] [Bytes recibidos]: 48
[2026-10-02 17:41:47.533] [Bytes recibidos]: 32
[2026-10-02 17:41:47.534] [Bytes recibidos]: 32
[2026-10-02 17:41:47.534] [Bytes recibidos]: 32
[2026-10-02 17:41:47.534] [Bytes recibidos]: 50
[2026-10-02 17:41:47.535] [Bytes recibidos]: 48
[2026-10-02 17:41:47.535] [Bytes recibidos]: 70
[2026-10-02 17:41:47.535] [Bytes recibidos]: 70
[2026-10-02 17:41:47.535] [Bytes recibidos]: 70
[2026-10-02 17:41:47.536] [Bytes recibidos]: 50
[2026-10-02 17:41:47.536] [Bytes recibidos]: 65
[2026-10-02 17:41:47.536] [Bytes recibidos]: 32
[2026-10-02 17:41:47.537] [Bytes recibidos]: 32
[2026-10-02 17:41:47.537] [Bytes recibidos]: 32
[2026-10-02 17:41:47.537] [Bytes recibidos]: 50
[2026-10-02 17:41:47.537] [Bytes recibidos]: 48
[2026-10-02 17:41:47.538] [Bytes recibidos]: 48
[2026-10-02 17:41:47.538] [Bytes recibidos]: 48
[2026-10-02 17:41:47.538] [Bytes recibidos]: 48
[2026-10-02 17:41:47.538] [Bytes recibidos]: 32
[2026-10-02 17:41:47.539] [Bytes recibidos]: 32
[2026-10-02 17:41:47.539] [Bytes recibidos]: 32
[2026-10-02 17:41:47.539] [Bytes recibidos]: 32
[2026-10-02 17:41:47.539] [Bytes recibidos]: 48
[2026-10-02 17:41:47.540] [Bytes recibidos]: 32
[2026-10-02 17:41:47.540] [Bytes recibidos]: 32
[2026-10-02 17:41:47.540] [Bytes recibidos]: 32
[2026-10-02 17:41:47.540] [Bytes recibidos]: 50
[2026-10-02 17:41:47.541] [Bytes recibidos]: 48
[2026-10-02 17:41:47.541] [Bytes recibidos]: 70
[2026-10-02 17:41:47.541] [Bytes recibidos]: 70
[2026-10-02 17:41:47.541] [Bytes recibidos]: 70
[2026-10-02 17:41:47.541] [Bytes recibidos]: 70
[2026-10-02 17:41:47.542] [Bytes recibidos]: 51
[2026-10-02 17:41:47.542] [Bytes recibidos]: 13
[2026-10-02 17:41:49.544] Enviado: S | HEX: 1B 53 36 45 0D
[2026-10-02 17:41:49.754] Recibido ASCII: <SOH>S00   20000-  21  121FFF01   20000- 181  181FFF05   20000    0  100FFF06   20000    0  120FFF07   20000    0   20FFF08   20000    0  100FFF0A   20000    0   20FFF2A   20000    0   20FFFF3<CR>
[2026-10-02 17:41:49.755] Recibido HEX: 01 53 30 30 20 20 20 32 30 30 30 30 2D 20 20 32 31 20 20 31 32 31 46 46 46 30 31 20 20 20 32 30 30 30 30 2D 20 31 38 31 20 20 31 38 31 46 46 46 30 35 20 20 20 32 30 30 30 30 20 20 20 20 30 20 20 31 30 30 46 46 46 30 36 20 20 20 32 30 30 30 30 20 20 20 20 30 20 20 31 32 30 46 46 46 30 37 20 20 20 32 30 30 30 30 20 20 20 20 30 20 20 20 32 30 46 46 46 30 38 20 20 20 32 30 30 30 30 20 20 20 20 30 20 20 31 30 30 46 46 46 30 41 20 20 20 32 30 30 30 30 20 20 20 20 30 20 20 20 32 30 46 46 46 32 41 20 20 20 32 30 30 30 30 20 20 20 20 30 20 20 20 32 30 46 46 46 46 33 0D
[2026-10-02 17:41:50.761] Enviado: T0001010105010600070008000A002A00 | HEX: 1B 54 30 30 30 31 30 31 30 31 30 35 30 31 30 36 30 30 30 37 30 30 30 38 30 30 30 41 30 30 32 41 30 30 42 31 0D
[2026-10-02 17:41:50.843] Recibido ASCII: <SOH>T55<CR>
[2026-10-02 17:41:50.843] Recibido HEX: 01 54 35 35 0D
[2026-10-02 17:41:52.854] Datos recibidos (320 bytes): D0 C6 C0 C0 C0 D7 AF 8F 9A A3 80 80 D7 BB 8F 9C A3 80 80 D7 86 90 9F A3 80 80 D7 95 90 A3 A3 80 80 D7 9D 90 A7 A3 80 80 D7 A1 90 A8 A3 80 80 D7 A9 90 AB A3 80 80 D7 B0 90 AF A3 80 80 D7 B9 90 B3 A3 80 80 D7 BC 90 B4 A3 80 80 D7 82 91 B6 A3 80 80 D7 87 91 B8 A3 80 80 D7 8D 91 B9 A3 80 80 D7 95 91 BB A3 80 80 D7 9B 91 BC A3 80 80 D7 9E 91 BC A3 80 80 D7 A4 91 BC A3 80 80 D7 AA 91 BC A3 80 80 D7 B2 91 BD A3 80 80 D7 B5 91 BD A3 80 80 D7 BB 91 BD A3 80 80 D7 81 92 BD A3 80 80 D7 88 92 BD A3 80 80 D7 91 92 BE A3 80 80 D7 94 92 BE A3 80 80 D7 9A 92 BE A3 80 80 D7 A0 92 BE A3 80 80 D7 A6 92 BE A3 80 80 D7 B0 92 BF A3 80 80 D7 B3 92 BF A3 80 80 D7 B8 92 BF A3 80 80 D7 BE 92 BF A3 80 80 D7 84 93 BF A3 80 80 D7 8C 93 80 A4 80 80 D7 8F 93 80 A4 80 80 D7 94 93 81 A4 80 80 D7 99 93 82 A4 80 80 D7 9E 93 83 A4 80 80 D7 A3 93 85 A4 80 80 D7 A5 93 85 A4 80 80 D7 A7 93 88 A4 80 80 D7 A7 93 8B A4 80 80 D7 A5 93 8E A4 80 80 D7 A1 93 BF A3 80 80 D7 9D 93 B1 A3 80 80
[2026-10-02 17:41:52.855] [Bytes recibidos]: 208
[2026-10-02 17:41:52.855] [Bytes recibidos]: 198
[2026-10-02 17:41:52.855] [Bytes recibidos]: 192
[2026-10-02 17:41:52.855] [Bytes recibidos]: 192
[2026-10-02 17:41:52.856] [Bytes recibidos]: 192
[2026-10-02 17:41:52.856] [Bytes recibidos]: 215
[2026-10-02 17:41:52.856] [Bytes recibidos]: 175
[2026-10-02 17:41:52.856] [Bytes recibidos]: 143
[2026-10-02 17:41:52.856] [Bytes recibidos]: 154
[2026-10-02 17:41:52.857] [Bytes recibidos]: 163
[2026-10-02 17:41:52.857] [Bytes recibidos]: 128
[2026-10-02 17:41:52.857] [Bytes recibidos]: 128
[2026-10-02 17:41:52.857] [Bytes recibidos]: 215
[2026-10-02 17:41:52.858] [Bytes recibidos]: 187
[2026-10-02 17:41:52.858] [Bytes recibidos]: 143
[2026-10-02 17:41:52.858] [Bytes recibidos]: 156
[2026-10-02 17:41:52.858] [Bytes recibidos]: 163
[2026-10-02 17:41:52.859] [Bytes recibidos]: 128
[2026-10-02 17:41:52.859] [Bytes recibidos]: 128
[2026-10-02 17:41:52.859] [Bytes recibidos]: 215
[2026-10-02 17:41:52.859] [Bytes recibidos]: 134
[2026-10-02 17:41:52.859] [Bytes recibidos]: 144
[2026-10-02 17:41:52.860] [Bytes recibidos]: 159
[2026-10-02 17:41:52.860] [Bytes recibidos]: 163
[2026-10-02 17:41:52.860] [Bytes recibidos]: 128
[2026-10-02 17:41:52.860] [Bytes recibidos]: 128
[2026-10-02 17:41:52.860] [Bytes recibidos]: 215
[2026-10-02 17:41:52.861] [Bytes recibidos]: 149
[2026-10-02 17:41:52.861] [Bytes recibidos]: 144
[2026-10-02 17:41:52.861] [Bytes recibidos]: 163
[2026-10-02 17:41:52.861] [Bytes recibidos]: 163
[2026-10-02 17:41:52.862] [Bytes recibidos]: 128
[2026-10-02 17:41:52.862] [Bytes recibidos]: 128
[2026-10-02 17:41:52.862] [Bytes recibidos]: 215
[2026-10-02 17:41:52.862] [Bytes recibidos]: 157
[2026-10-02 17:41:52.863] [Bytes recibidos]: 144
[2026-10-02 17:41:52.863] [Bytes recibidos]: 167
[2026-10-02 17:41:52.863] [Bytes recibidos]: 163
[2026-10-02 17:41:52.863] [Bytes recibidos]: 128
[2026-10-02 17:41:52.864] [Bytes recibidos]: 128
[2026-10-02 17:41:52.864] [Bytes recibidos]: 215
[2026-10-02 17:41:52.864] [Bytes recibidos]: 161
[2026-10-02 17:41:52.864] [Bytes recibidos]: 144
[2026-10-02 17:41:52.865] [Bytes recibidos]: 168
[2026-10-02 17:41:52.865] [Bytes recibidos]: 163
[2026-10-02 17:41:52.865] [Bytes recibidos]: 128
[2026-10-02 17:41:52.865] [Bytes recibidos]: 128
[2026-10-02 17:41:52.866] [Bytes recibidos]: 215
[2026-10-02 17:41:52.866] [Bytes recibidos]: 169
[2026-10-02 17:41:52.866] [Bytes recibidos]: 144
[2026-10-02 17:41:52.866] [Bytes recibidos]: 171
[2026-10-02 17:41:52.867] [Bytes recibidos]: 163
[2026-10-02 17:41:52.867] [Bytes recibidos]: 128
[2026-10-02 17:41:52.867] [Bytes recibidos]: 128
[2026-10-02 17:41:52.867] [Bytes recibidos]: 215
[2026-10-02 17:41:52.868] [Bytes recibidos]: 176
[2026-10-02 17:41:52.868] [Bytes recibidos]: 144
[2026-10-02 17:41:52.868] [Bytes recibidos]: 175
[2026-10-02 17:41:52.868] [Bytes recibidos]: 163
[2026-10-02 17:41:52.869] [Bytes recibidos]: 128
[2026-10-02 17:41:52.869] [Bytes recibidos]: 128
[2026-10-02 17:41:52.869] [Bytes recibidos]: 215
[2026-10-02 17:41:52.869] [Bytes recibidos]: 185
[2026-10-02 17:41:52.870] [Bytes recibidos]: 144
[2026-10-02 17:41:52.870] [Bytes recibidos]: 179
[2026-10-02 17:41:52.870] [Bytes recibidos]: 163
[2026-10-02 17:41:52.870] [Bytes recibidos]: 128
[2026-10-02 17:41:52.871] [Bytes recibidos]: 128
[2026-10-02 17:41:52.871] [Bytes recibidos]: 215
[2026-10-02 17:41:52.871] [Bytes recibidos]: 188
[2026-10-02 17:41:52.871] [Bytes recibidos]: 144
[2026-10-02 17:41:52.872] [Bytes recibidos]: 180
[2026-10-02 17:41:52.872] [Bytes recibidos]: 163
[2026-10-02 17:41:52.872] [Bytes recibidos]: 128
[2026-10-02 17:41:52.872] [Bytes recibidos]: 128
[2026-10-02 17:41:52.873] [Bytes recibidos]: 215
[2026-10-02 17:41:52.873] [Bytes recibidos]: 130
[2026-10-02 17:41:52.873] [Bytes recibidos]: 145
[2026-10-02 17:41:52.873] [Bytes recibidos]: 182
[2026-10-02 17:41:52.874] [Bytes recibidos]: 163
[2026-10-02 17:41:52.874] [Bytes recibidos]: 128
[2026-10-02 17:41:52.874] [Bytes recibidos]: 128
[2026-10-02 17:41:52.874] [Bytes recibidos]: 215
[2026-10-02 17:41:52.874] [Bytes recibidos]: 135
[2026-10-02 17:41:52.875] [Bytes recibidos]: 145
[2026-10-02 17:41:52.875] [Bytes recibidos]: 184
[2026-10-02 17:41:52.875] [Bytes recibidos]: 163
[2026-10-02 17:41:52.875] [Bytes recibidos]: 128
[2026-10-02 17:41:52.875] [Bytes recibidos]: 128
[2026-10-02 17:41:52.876] [Bytes recibidos]: 215
[2026-10-02 17:41:52.876] [Bytes recibidos]: 141
[2026-10-02 17:41:52.876] [Bytes recibidos]: 145
[2026-10-02 17:41:52.876] [Bytes recibidos]: 185
[2026-10-02 17:41:52.877] [Bytes recibidos]: 163
[2026-10-02 17:41:52.877] [Bytes recibidos]: 128
[2026-10-02 17:41:52.877] [Bytes recibidos]: 128
[2026-10-02 17:41:52.877] [Bytes recibidos]: 215
[2026-10-02 17:41:52.878] [Bytes recibidos]: 149
[2026-10-02 17:41:52.878] [Bytes recibidos]: 145
[2026-10-02 17:41:52.878] [Bytes recibidos]: 187
[2026-10-02 17:41:52.878] [Bytes recibidos]: 163
[2026-10-02 17:41:52.878] [Bytes recibidos]: 128
[2026-10-02 17:41:52.879] [Bytes recibidos]: 128
[2026-10-02 17:41:52.879] [Bytes recibidos]: 215
[2026-10-02 17:41:52.879] [Bytes recibidos]: 155
[2026-10-02 17:41:52.879] [Bytes recibidos]: 145
[2026-10-02 17:41:52.879] [Bytes recibidos]: 188
[2026-10-02 17:41:52.880] [Bytes recibidos]: 163
[2026-10-02 17:41:52.880] [Bytes recibidos]: 128
[2026-10-02 17:41:52.880] [Bytes recibidos]: 128
[2026-10-02 17:41:52.880] [Bytes recibidos]: 215
[2026-10-02 17:41:52.880] [Bytes recibidos]: 158
[2026-10-02 17:41:52.881] [Bytes recibidos]: 145
[2026-10-02 17:41:52.881] [Bytes recibidos]: 188
[2026-10-02 17:41:52.881] [Bytes recibidos]: 163
[2026-10-02 17:41:52.881] [Bytes recibidos]: 128
[2026-10-02 17:41:52.881] [Bytes recibidos]: 128
[2026-10-02 17:41:52.882] [Bytes recibidos]: 215
[2026-10-02 17:41:52.882] [Bytes recibidos]: 164
[2026-10-02 17:41:52.882] [Bytes recibidos]: 145
[2026-10-02 17:41:52.882] [Bytes recibidos]: 188
[2026-10-02 17:41:52.882] [Bytes recibidos]: 163
[2026-10-02 17:41:52.883] [Bytes recibidos]: 128
[2026-10-02 17:41:52.883] [Bytes recibidos]: 128
[2026-10-02 17:41:52.883] [Bytes recibidos]: 215
[2026-10-02 17:41:52.883] [Bytes recibidos]: 170
[2026-10-02 17:41:52.883] [Bytes recibidos]: 145
[2026-10-02 17:41:52.884] [Bytes recibidos]: 188
[2026-10-02 17:41:52.884] [Bytes recibidos]: 163
[2026-10-02 17:41:52.884] [Bytes recibidos]: 128
[2026-10-02 17:41:52.884] [Bytes recibidos]: 128
[2026-10-02 17:41:52.884] [Bytes recibidos]: 215
[2026-10-02 17:41:52.885] [Bytes recibidos]: 178
[2026-10-02 17:41:52.885] [Bytes recibidos]: 145
[2026-10-02 17:41:52.885] [Bytes recibidos]: 189
[2026-10-02 17:41:52.885] [Bytes recibidos]: 163
[2026-10-02 17:41:52.885] [Bytes recibidos]: 128
[2026-10-02 17:41:52.886] [Bytes recibidos]: 128
[2026-10-02 17:41:52.886] [Bytes recibidos]: 215
[2026-10-02 17:41:52.886] [Bytes recibidos]: 181
[2026-10-02 17:41:52.886] [Bytes recibidos]: 145
[2026-10-02 17:41:52.886] [Bytes recibidos]: 189
[2026-10-02 17:41:52.887] [Bytes recibidos]: 163
[2026-10-02 17:41:52.887] [Bytes recibidos]: 128
[2026-10-02 17:41:52.887] [Bytes recibidos]: 128
[2026-10-02 17:41:52.887] [Bytes recibidos]: 215
[2026-10-02 17:41:52.887] [Bytes recibidos]: 187
[2026-10-02 17:41:52.888] [Bytes recibidos]: 145
[2026-10-02 17:41:52.888] [Bytes recibidos]: 189
[2026-10-02 17:41:52.888] [Bytes recibidos]: 163
[2026-10-02 17:41:52.888] [Bytes recibidos]: 128
[2026-10-02 17:41:52.888] [Bytes recibidos]: 128
[2026-10-02 17:41:52.889] [Bytes recibidos]: 215
[2026-10-02 17:41:52.889] [Bytes recibidos]: 129
[2026-10-02 17:41:52.889] [Bytes recibidos]: 146
[2026-10-02 17:41:52.889] [Bytes recibidos]: 189
[2026-10-02 17:41:52.890] [Bytes recibidos]: 163
[2026-10-02 17:41:52.890] [Bytes recibidos]: 128
[2026-10-02 17:41:52.890] [Bytes recibidos]: 128
[2026-10-02 17:41:52.890] [Bytes recibidos]: 215
[2026-10-02 17:41:52.890] [Bytes recibidos]: 136
[2026-10-02 17:41:52.891] [Bytes recibidos]: 146
[2026-10-02 17:41:52.891] [Bytes recibidos]: 189
[2026-10-02 17:41:52.891] [Bytes recibidos]: 163
[2026-10-02 17:41:52.891] [Bytes recibidos]: 128
[2026-10-02 17:41:52.891] [Bytes recibidos]: 128
[2026-10-02 17:41:52.891] [Bytes recibidos]: 215
[2026-10-02 17:41:52.892] [Bytes recibidos]: 145
[2026-10-02 17:41:52.892] [Bytes recibidos]: 146
[2026-10-02 17:41:52.892] [Bytes recibidos]: 190
[2026-10-02 17:41:52.892] [Bytes recibidos]: 163
[2026-10-02 17:41:52.892] [Bytes recibidos]: 128
[2026-10-02 17:41:52.893] [Bytes recibidos]: 128
[2026-10-02 17:41:52.893] [Bytes recibidos]: 215
[2026-10-02 17:41:52.893] [Bytes recibidos]: 148
[2026-10-02 17:41:52.893] [Bytes recibidos]: 146
[2026-10-02 17:41:52.894] [Bytes recibidos]: 190
[2026-10-02 17:41:52.894] [Bytes recibidos]: 163
[2026-10-02 17:41:52.894] [Bytes recibidos]: 128
[2026-10-02 17:41:52.894] [Bytes recibidos]: 128
[2026-10-02 17:41:52.894] [Bytes recibidos]: 215
[2026-10-02 17:41:52.894] [Bytes recibidos]: 154
[2026-10-02 17:41:52.895] [Bytes recibidos]: 146
[2026-10-02 17:41:52.895] [Bytes recibidos]: 190
[2026-10-02 17:41:52.895] [Bytes recibidos]: 163
[2026-10-02 17:41:52.895] [Bytes recibidos]: 128
[2026-10-02 17:41:52.895] [Bytes recibidos]: 128
[2026-10-02 17:41:52.895] [Bytes recibidos]: 215
[2026-10-02 17:41:52.895] [Bytes recibidos]: 160
[2026-10-02 17:41:52.896] [Bytes recibidos]: 146
[2026-10-02 17:41:52.896] [Bytes recibidos]: 190
[2026-10-02 17:41:52.896] [Bytes recibidos]: 163
[2026-10-02 17:41:52.896] [Bytes recibidos]: 128
[2026-10-02 17:41:52.896] [Bytes recibidos]: 128
[2026-10-02 17:41:52.896] [Bytes recibidos]: 215
[2026-10-02 17:41:52.897] [Bytes recibidos]: 166
[2026-10-02 17:41:52.897] [Bytes recibidos]: 146
[2026-10-02 17:41:52.897] [Bytes recibidos]: 190
[2026-10-02 17:41:52.897] [Bytes recibidos]: 163
[2026-10-02 17:41:52.897] [Bytes recibidos]: 128
[2026-10-02 17:41:52.897] [Bytes recibidos]: 128
[2026-10-02 17:41:52.898] [Bytes recibidos]: 215
[2026-10-02 17:41:52.898] [Bytes recibidos]: 176
[2026-10-02 17:41:52.898] [Bytes recibidos]: 146
[2026-10-02 17:41:52.898] [Bytes recibidos]: 191
[2026-10-02 17:41:52.898] [Bytes recibidos]: 163
[2026-10-02 17:41:52.898] [Bytes recibidos]: 128
[2026-10-02 17:41:52.898] [Bytes recibidos]: 128
[2026-10-02 17:41:52.899] [Bytes recibidos]: 215
[2026-10-02 17:41:52.899] [Bytes recibidos]: 179
[2026-10-02 17:41:52.899] [Bytes recibidos]: 146
[2026-10-02 17:41:52.899] [Bytes recibidos]: 191
[2026-10-02 17:41:52.899] [Bytes recibidos]: 163
[2026-10-02 17:41:52.899] [Bytes recibidos]: 128
[2026-10-02 17:41:52.899] [Bytes recibidos]: 128
[2026-10-02 17:41:52.900] [Bytes recibidos]: 215
[2026-10-02 17:41:52.900] [Bytes recibidos]: 184
[2026-10-02 17:41:52.900] [Bytes recibidos]: 146
[2026-10-02 17:41:52.900] [Bytes recibidos]: 191
[2026-10-02 17:41:52.900] [Bytes recibidos]: 163
[2026-10-02 17:41:52.900] [Bytes recibidos]: 128
[2026-10-02 17:41:52.901] [Bytes recibidos]: 128
[2026-10-02 17:41:52.901] [Bytes recibidos]: 215
[2026-10-02 17:41:52.901] [Bytes recibidos]: 190
[2026-10-02 17:41:52.901] [Bytes recibidos]: 146
[2026-10-02 17:41:52.901] [Bytes recibidos]: 191
[2026-10-02 17:41:52.901] [Bytes recibidos]: 163
[2026-10-02 17:41:52.902] [Bytes recibidos]: 128
[2026-10-02 17:41:52.902] [Bytes recibidos]: 128
[2026-10-02 17:41:52.902] [Bytes recibidos]: 215
[2026-10-02 17:41:52.902] [Bytes recibidos]: 132
[2026-10-02 17:41:52.902] [Bytes recibidos]: 147
[2026-10-02 17:41:52.902] [Bytes recibidos]: 191
[2026-10-02 17:41:52.903] [Bytes recibidos]: 163
[2026-10-02 17:41:52.903] [Bytes recibidos]: 128
[2026-10-02 17:41:52.903] [Bytes recibidos]: 128
[2026-10-02 17:41:52.903] [Bytes recibidos]: 215
[2026-10-02 17:41:52.903] [Bytes recibidos]: 140
[2026-10-02 17:41:52.903] [Bytes recibidos]: 147
[2026-10-02 17:41:52.904] [Bytes recibidos]: 128
[2026-10-02 17:41:52.904] [Bytes recibidos]: 164
[2026-10-02 17:41:52.904] [Bytes recibidos]: 128
[2026-10-02 17:41:52.904] [Bytes recibidos]: 128
[2026-10-02 17:41:52.904] [Bytes recibidos]: 215
[2026-10-02 17:41:52.904] [Bytes recibidos]: 143
[2026-10-02 17:41:52.905] [Bytes recibidos]: 147
[2026-10-02 17:41:52.905] [Bytes recibidos]: 128
[2026-10-02 17:41:52.905] [Bytes recibidos]: 164
[2026-10-02 17:41:52.905] [Bytes recibidos]: 128
[2026-10-02 17:41:52.905] [Bytes recibidos]: 128
[2026-10-02 17:41:52.905] [Bytes recibidos]: 215
[2026-10-02 17:41:52.906] [Bytes recibidos]: 148
[2026-10-02 17:41:52.906] [Bytes recibidos]: 147
[2026-10-02 17:41:52.906] [Bytes recibidos]: 129
[2026-10-02 17:41:52.906] [Bytes recibidos]: 164
[2026-10-02 17:41:52.906] [Bytes recibidos]: 128
[2026-10-02 17:41:52.906] [Bytes recibidos]: 128
[2026-10-02 17:41:52.907] [Bytes recibidos]: 215
[2026-10-02 17:41:52.907] [Bytes recibidos]: 153
[2026-10-02 17:41:52.907] [Bytes recibidos]: 147
[2026-10-02 17:41:52.907] [Bytes recibidos]: 130
[2026-10-02 17:41:52.907] [Bytes recibidos]: 164
[2026-10-02 17:41:52.907] [Bytes recibidos]: 128
[2026-10-02 17:41:52.908] [Bytes recibidos]: 128
[2026-10-02 17:41:52.908] [Bytes recibidos]: 215
[2026-10-02 17:41:52.908] [Bytes recibidos]: 158
[2026-10-02 17:41:52.908] [Bytes recibidos]: 147
[2026-10-02 17:41:52.908] [Bytes recibidos]: 131
[2026-10-02 17:41:52.908] [Bytes recibidos]: 164
[2026-10-02 17:41:52.909] [Bytes recibidos]: 128
[2026-10-02 17:41:52.909] [Bytes recibidos]: 128
[2026-10-02 17:41:52.909] [Bytes recibidos]: 215
[2026-10-02 17:41:52.909] [Bytes recibidos]: 163
[2026-10-02 17:41:52.909] [Bytes recibidos]: 147
[2026-10-02 17:41:52.909] [Bytes recibidos]: 133
[2026-10-02 17:41:52.910] [Bytes recibidos]: 164
[2026-10-02 17:41:52.910] [Bytes recibidos]: 128
[2026-10-02 17:41:52.910] [Bytes recibidos]: 128
[2026-10-02 17:41:52.910] [Bytes recibidos]: 215
[2026-10-02 17:41:52.910] [Bytes recibidos]: 165
[2026-10-02 17:41:52.910] [Bytes recibidos]: 147
[2026-10-02 17:41:52.911] [Bytes recibidos]: 133
[2026-10-02 17:41:52.911] [Bytes recibidos]: 164
[2026-10-02 17:41:52.911] [Bytes recibidos]: 128
[2026-10-02 17:41:52.911] [Bytes recibidos]: 128
[2026-10-02 17:41:52.911] [Bytes recibidos]: 215
[2026-10-02 17:41:52.911] [Bytes recibidos]: 167
[2026-10-02 17:41:52.911] [Bytes recibidos]: 147
[2026-10-02 17:41:52.912] [Bytes recibidos]: 136
[2026-10-02 17:41:52.912] [Bytes recibidos]: 164
[2026-10-02 17:41:52.912] [Bytes recibidos]: 128
[2026-10-02 17:41:52.912] [Bytes recibidos]: 128
[2026-10-02 17:41:52.912] [Bytes recibidos]: 215
[2026-10-02 17:41:52.913] [Bytes recibidos]: 167
[2026-10-02 17:41:52.913] [Bytes recibidos]: 147
[2026-10-02 17:41:52.913] [Bytes recibidos]: 139
[2026-10-02 17:41:52.913] [Bytes recibidos]: 164
[2026-10-02 17:41:52.913] [Bytes recibidos]: 128
[2026-10-02 17:41:52.913] [Bytes recibidos]: 128
[2026-10-02 17:41:52.914] [Bytes recibidos]: 215
[2026-10-02 17:41:52.914] [Bytes recibidos]: 165
[2026-10-02 17:41:52.915] [Bytes recibidos]: 147
[2026-10-02 17:41:52.915] [Bytes recibidos]: 142
[2026-10-02 17:41:52.915] [Bytes recibidos]: 164
[2026-10-02 17:41:52.915] [Bytes recibidos]: 128
[2026-10-02 17:41:52.915] [Bytes recibidos]: 128
[2026-10-02 17:41:52.915] [Bytes recibidos]: 215
[2026-10-02 17:41:52.915] [Bytes recibidos]: 161
[2026-10-02 17:41:52.916] [Bytes recibidos]: 147
[2026-10-02 17:41:52.916] [Bytes recibidos]: 191
[2026-10-02 17:41:52.916] [Bytes recibidos]: 163
[2026-10-02 17:41:52.916] [Bytes recibidos]: 128
[2026-10-02 17:41:52.916] [Bytes recibidos]: 128
[2026-10-02 17:41:52.916] [Bytes recibidos]: 215
[2026-10-02 17:41:52.917] [Bytes recibidos]: 157
[2026-10-02 17:41:52.917] [Bytes recibidos]: 147
[2026-10-02 17:41:52.917] [Bytes recibidos]: 177
[2026-10-02 17:41:52.917] [Bytes recibidos]: 163
[2026-10-02 17:41:52.917] [Bytes recibidos]: 128
[2026-10-02 17:41:52.917] [Bytes recibidos]: 128
[2026-10-02 17:41:52.921] [Data Recibida]: -7.129426129426129
[2026-10-02 17:41:52.921] [MIN]: -21
[2026-10-02 17:41:52.922] [MAX]: 121
[2026-10-02 17:41:52.922] [MAXBIN]: 4095
[2026-10-02 17:41:52.922] [Data Recibida]: -181.0
[2026-10-02 17:41:52.922] [MIN]: -181
[2026-10-02 17:41:52.922] [MAX]: 181
[2026-10-02 17:41:52.923] [MAXBIN]: 4095
[2026-10-02 17:41:52.923] [Data Recibida]: 35.94627594627595
[2026-10-02 17:41:52.923] [MIN]: 0
[2026-10-02 17:41:52.923] [MAX]: 100
[2026-10-02 17:41:52.923] [MAXBIN]: 4095
[2026-10-02 17:41:52.923] [Data Recibida]: 29.50915750915751
[2026-10-02 17:41:52.923] [MIN]: 0
[2026-10-02 17:41:52.924] [MAX]: 120
[2026-10-02 17:41:52.924] [MAXBIN]: 4095
[2026-10-02 17:41:52.924] [Data Recibida]: 11.067155067155067
[2026-10-02 17:41:52.924] [MIN]: 0
[2026-10-02 17:41:52.924] [MAX]: 20
[2026-10-02 17:41:52.924] [MAXBIN]: 4095
[2026-10-02 17:41:52.925] [Data Recibida]: 0.0
[2026-10-02 17:41:52.925] [MIN]: 0
[2026-10-02 17:41:52.925] [MAX]: 100
[2026-10-02 17:41:52.925] [MAXBIN]: 4095
[2026-10-02 17:41:52.925] [Data Recibida]: 18.554334554334556
[2026-10-02 17:41:52.926] [MIN]: 0
[2026-10-02 17:41:52.926] [MAX]: 20
[2026-10-02 17:41:52.926] [MAXBIN]: 4095
[2026-10-02 17:41:52.926] [Data Recibida]: 8.825396825396826
[2026-10-02 17:41:52.926] [MIN]: 0
[2026-10-02 17:41:52.926] [MAX]: 20
[2026-10-02 17:41:52.926] [MAXBIN]: 4095
[2026-10-02 17:41:54.939] Datos recibidos (735 bytes): D7 95 93 8C A3 80 80 D7 8B 93 9D A2 80 80 D7 80 93 AF A1 80 80 D7 B3 92 B6 A0 80 80 D7 B0 92 A8 A0 80 80 D7 AB 92 93 A0 80 80 D7 A7 92 87 A0 80 80 D7 A5 92 80 A0 80 80 D7 A3 92 BE 9F 80 80 D7 A3 92 BE 9F 80 80 D7 A2 92 BE 9F 80 80 D7 A1 92 BF 9F 80 80 D7 A1 92 BF 9F 80 80 D7 A0 92 80 A0 80 80 D7 9F 92 80 A0 80 80 D7 9E 92 80 A0 80 80 D7 9D 92 80 A0 80 80 D7 99 92 BC 9F 80 80 D7 89 92 A1 9F 80 80 D7 81 92 8F 9F 80 80 D7 AD 91 A0 9E 80 80 D7 93 91 A6 9D 80 80 D7 B5 90 A9 9C 80 80 D7 86 90 98 9B 80 80 D7 B7 8F 81 9B 80 80 D7 8F 8F 8E 9A 80 80 D7 83 8F 80 9A 80 80 D7 AE 8E A7 99 80 80 D7 91 8E 85 99 80 80 D7 89 8E BA 98 80 80 D7 B8 8D A7 98 80 80 D7 A8 8D 99 98 80 80 D7 9A 8D 90 98 80 80 D7 87 8D 8B 98 80 80 D7 81 8D 8A 98 80 80 D7 B3 8C 8C 98 80 80 D7 AF 8C 8C 98 80 80 D7 A7 8C 8E 98 80 80 D7 9B 8C 91 98 80 80 D7 98 8C 93 98 80 80 D7 91 8C 96 98 80 80 D7 8B 8C 9A 98 80 80 D7 85 8C 9E 98 80 80 D7 BD 8B A4 98 80 80 D7 BB 8B A7 98 80 80 D7 B3 8B B1 98 80 80 D7 B1 8B B5 98 80 80 D7 AC 8B 80 99 80 80 D7 A4 8B 94 99 80 80 D7 A0 8B A6 99 80 80 D7 9E 8B B0 99 80 80 D7 9A 8B 86 9A 80 80 D7 97 8B 9F 9A 80 80 D7 94 8B 85 9B 80 80 D7 93 8B 92 9B 80 80 D7 91 8B AC 9B 80 80 D7 8F 8B 85 9C 80 80 D7 8D 8B 9D 9C 80 80 D7 8A 8B BE 9C 80 80 D7 88 8B 89 9D 80 80 D7 86 8B 9D 9D 80 80 D7 84 8B B0 9D 80 80 D7 81 8B 82 9E 80 80 D7 BE 8A 9B 9E 80 80 D7 BD 8A A3 9E 80 80 D7 BC 8A B2 9E 80 80 D7 BA 8A BF 9E 80 80 D7 B9 8A 8B 9F 80 80 D7 B8 8A 9B 9F 80 80 D7 B7 8A A3 9F 80 80 D7 B7 8A A6 9F 80 80 D7 B7 8A AC 9F 80 80 D7 B7 8A B1 9F 80 80 D7 B7 8A B6 9F 80 80 D7 B7 8A B7 9F 80 80 D7 B7 8A B9 9F 80 80 D7 B7 8A BA 9F 80 80 D7 B7 8A BB 9F 80 80 D7 B7 8A BC 9F 80 80 D7 B7 8A BC 9F 80 80 D7 B7 8A BC 9F 80 80 D7 B7 8A BC 9F 80 80 D7 B7 8A BC 9F 80 80 D7 B7 8A BC 9F 80 80 D7 B7 8A BC 9F 80 80 D7 B7 8A BD 9F 80 80 D7 B7 8A BD 9F 80 80 D7 B7 8A BE 9F 80 80 D7 B7 8A BE 9F 80 80 D7 B7 8A BF 9F 80 80 D7 B7 8A BF 9F 80 80 D7 B7 8A BF 9F 80 80 D7 B7 8A BF 9F 80 80 D7 B8 8A BF 9F 80 80 D7 B8 8A BF 9F 80 80 D7 B8 8A 80 A0 80 80 D7 B8 8A 80 A0 80 80 D7 B8 8A 80 A0 80 80 D7 B8 8A 80 A0 80 80 D7 B8 8A BF 9F 80 80 D7 B8 8A BF 9F 80 80 D7 B8 8A BF 9F 80 80 D7 B8 8A BF 9F 80 80 D7 B8 8A BF 9F 80 80 D7 B8 8A BF 9F 80 80
[2026-10-02 17:41:54.940] [Bytes recibidos]: 215
[2026-10-02 17:41:54.940] [Bytes recibidos]: 149
[2026-10-02 17:41:54.940] [Bytes recibidos]: 147
[2026-10-02 17:41:54.940] [Bytes recibidos]: 140
[2026-10-02 17:41:54.940] [Bytes recibidos]: 163
[2026-10-02 17:41:54.941] [Bytes recibidos]: 128
[2026-10-02 17:41:54.941] [Bytes recibidos]: 128
[2026-10-02 17:41:54.941] [Bytes recibidos]: 215
[2026-10-02 17:41:54.941] [Bytes recibidos]: 139
[2026-10-02 17:41:54.941] [Bytes recibidos]: 147
[2026-10-02 17:41:54.941] [Bytes recibidos]: 157
[2026-10-02 17:41:54.941] [Bytes recibidos]: 162
[2026-10-02 17:41:54.941] [Bytes recibidos]: 128
[2026-10-02 17:41:54.942] [Bytes recibidos]: 128
[2026-10-02 17:41:54.942] [Bytes recibidos]: 215
[2026-10-02 17:41:54.942] [Bytes recibidos]: 128
[2026-10-02 17:41:54.942] [Bytes recibidos]: 147
[2026-10-02 17:41:54.942] [Bytes recibidos]: 175
[2026-10-02 17:41:54.942] [Bytes recibidos]: 161
[2026-10-02 17:41:54.942] [Bytes recibidos]: 128
[2026-10-02 17:41:54.943] [Bytes recibidos]: 128
[2026-10-02 17:41:54.943] [Bytes recibidos]: 215
[2026-10-02 17:41:54.943] [Bytes recibidos]: 179
[2026-10-02 17:41:54.943] [Bytes recibidos]: 146
[2026-10-02 17:41:54.943] [Bytes recibidos]: 182
[2026-10-02 17:41:54.943] [Bytes recibidos]: 160
[2026-10-02 17:41:54.943] [Bytes recibidos]: 128
[2026-10-02 17:41:54.943] [Bytes recibidos]: 128
[2026-10-02 17:41:54.944] [Bytes recibidos]: 215
[2026-10-02 17:41:54.944] [Bytes recibidos]: 176
[2026-10-02 17:41:54.944] [Bytes recibidos]: 146
[2026-10-02 17:41:54.944] [Bytes recibidos]: 168
[2026-10-02 17:41:54.944] [Bytes recibidos]: 160
[2026-10-02 17:41:54.944] [Bytes recibidos]: 128
[2026-10-02 17:41:54.944] [Bytes recibidos]: 128
[2026-10-02 17:41:54.944] [Bytes recibidos]: 215
[2026-10-02 17:41:54.945] [Bytes recibidos]: 171
[2026-10-02 17:41:54.945] [Bytes recibidos]: 146
[2026-10-02 17:41:54.945] [Bytes recibidos]: 147
[2026-10-02 17:41:54.945] [Bytes recibidos]: 160
[2026-10-02 17:41:54.945] [Bytes recibidos]: 128
[2026-10-02 17:41:54.945] [Bytes recibidos]: 128
[2026-10-02 17:41:54.945] [Bytes recibidos]: 215
[2026-10-02 17:41:54.945] [Bytes recibidos]: 167
[2026-10-02 17:41:54.946] [Bytes recibidos]: 146
[2026-10-02 17:41:54.946] [Bytes recibidos]: 135
[2026-10-02 17:41:54.946] [Bytes recibidos]: 160
[2026-10-02 17:41:54.946] [Bytes recibidos]: 128
[2026-10-02 17:41:54.946] [Bytes recibidos]: 128
[2026-10-02 17:41:54.946] [Bytes recibidos]: 215
[2026-10-02 17:41:54.946] [Bytes recibidos]: 165
[2026-10-02 17:41:54.947] [Bytes recibidos]: 146
[2026-10-02 17:41:54.947] [Bytes recibidos]: 128
[2026-10-02 17:41:54.947] [Bytes recibidos]: 160
[2026-10-02 17:41:54.947] [Bytes recibidos]: 128
[2026-10-02 17:41:54.947] [Bytes recibidos]: 128
[2026-10-02 17:41:54.947] [Bytes recibidos]: 215
[2026-10-02 17:41:54.947] [Bytes recibidos]: 163
[2026-10-02 17:41:54.947] [Bytes recibidos]: 146
[2026-10-02 17:41:54.948] [Bytes recibidos]: 190
[2026-10-02 17:41:54.948] [Bytes recibidos]: 159
[2026-10-02 17:41:54.948] [Bytes recibidos]: 128
[2026-10-02 17:41:54.948] [Bytes recibidos]: 128
[2026-10-02 17:41:54.948] [Bytes recibidos]: 215
[2026-10-02 17:41:54.948] [Bytes recibidos]: 163
[2026-10-02 17:41:54.948] [Bytes recibidos]: 146
[2026-10-02 17:41:54.949] [Bytes recibidos]: 190
[2026-10-02 17:41:54.949] [Bytes recibidos]: 159
[2026-10-02 17:41:54.949] [Bytes recibidos]: 128
[2026-10-02 17:41:54.949] [Bytes recibidos]: 128
[2026-10-02 17:41:54.949] [Bytes recibidos]: 215
[2026-10-02 17:41:54.949] [Bytes recibidos]: 162
[2026-10-02 17:41:54.949] [Bytes recibidos]: 146
[2026-10-02 17:41:54.950] [Bytes recibidos]: 190
[2026-10-02 17:41:54.950] [Bytes recibidos]: 159
[2026-10-02 17:41:54.950] [Bytes recibidos]: 128
[2026-10-02 17:41:54.950] [Bytes recibidos]: 128
[2026-10-02 17:41:54.950] [Bytes recibidos]: 215
[2026-10-02 17:41:54.950] [Bytes recibidos]: 161
[2026-10-02 17:41:54.951] [Bytes recibidos]: 146
[2026-10-02 17:41:54.951] [Bytes recibidos]: 191
[2026-10-02 17:41:54.951] [Bytes recibidos]: 159
[2026-10-02 17:41:54.951] [Bytes recibidos]: 128
[2026-10-02 17:41:54.951] [Bytes recibidos]: 128
[2026-10-02 17:41:54.951] [Bytes recibidos]: 215
[2026-10-02 17:41:54.952] [Bytes recibidos]: 161
[2026-10-02 17:41:54.952] [Bytes recibidos]: 146
[2026-10-02 17:41:54.952] [Bytes recibidos]: 191
[2026-10-02 17:41:54.952] [Bytes recibidos]: 159
[2026-10-02 17:41:54.952] [Bytes recibidos]: 128
[2026-10-02 17:41:54.952] [Bytes recibidos]: 128
[2026-10-02 17:41:54.952] [Bytes recibidos]: 215
[2026-10-02 17:41:54.953] [Bytes recibidos]: 160
[2026-10-02 17:41:54.953] [Bytes recibidos]: 146
[2026-10-02 17:41:54.953] [Bytes recibidos]: 128
[2026-10-02 17:41:54.953] [Bytes recibidos]: 160
[2026-10-02 17:41:54.953] [Bytes recibidos]: 128
[2026-10-02 17:41:54.953] [Bytes recibidos]: 128
[2026-10-02 17:41:54.953] [Bytes recibidos]: 215
[2026-10-02 17:41:54.954] [Bytes recibidos]: 159
[2026-10-02 17:41:54.954] [Bytes recibidos]: 146
[2026-10-02 17:41:54.954] [Bytes recibidos]: 128
[2026-10-02 17:41:54.954] [Bytes recibidos]: 160
[2026-10-02 17:41:54.954] [Bytes recibidos]: 128
[2026-10-02 17:41:54.954] [Bytes recibidos]: 128
[2026-10-02 17:41:54.954] [Bytes recibidos]: 215
[2026-10-02 17:41:54.955] [Bytes recibidos]: 158
[2026-10-02 17:41:54.955] [Bytes recibidos]: 146
[2026-10-02 17:41:54.955] [Bytes recibidos]: 128
[2026-10-02 17:41:54.955] [Bytes recibidos]: 160
[2026-10-02 17:41:54.955] [Bytes recibidos]: 128
[2026-10-02 17:41:54.955] [Bytes recibidos]: 128
[2026-10-02 17:41:54.955] [Bytes recibidos]: 215
[2026-10-02 17:41:54.955] [Bytes recibidos]: 157
[2026-10-02 17:41:54.956] [Bytes recibidos]: 146
[2026-10-02 17:41:54.956] [Bytes recibidos]: 128
[2026-10-02 17:41:54.956] [Bytes recibidos]: 160
[2026-10-02 17:41:54.956] [Bytes recibidos]: 128
[2026-10-02 17:41:54.956] [Bytes recibidos]: 128
[2026-10-02 17:41:54.956] [Bytes recibidos]: 215
[2026-10-02 17:41:54.956] [Bytes recibidos]: 153
[2026-10-02 17:41:54.956] [Bytes recibidos]: 146
[2026-10-02 17:41:54.957] [Bytes recibidos]: 188
[2026-10-02 17:41:54.957] [Bytes recibidos]: 159
[2026-10-02 17:41:54.957] [Bytes recibidos]: 128
[2026-10-02 17:41:54.957] [Bytes recibidos]: 128
[2026-10-02 17:41:54.957] [Bytes recibidos]: 215
[2026-10-02 17:41:54.957] [Bytes recibidos]: 137
[2026-10-02 17:41:54.957] [Bytes recibidos]: 146
[2026-10-02 17:41:54.957] [Bytes recibidos]: 161
[2026-10-02 17:41:54.958] [Bytes recibidos]: 159
[2026-10-02 17:41:54.958] [Bytes recibidos]: 128
[2026-10-02 17:41:54.958] [Bytes recibidos]: 128
[2026-10-02 17:41:54.958] [Bytes recibidos]: 215
[2026-10-02 17:41:54.958] [Bytes recibidos]: 129
[2026-10-02 17:41:54.958] [Bytes recibidos]: 146
[2026-10-02 17:41:54.958] [Bytes recibidos]: 143
[2026-10-02 17:41:54.958] [Bytes recibidos]: 159
[2026-10-02 17:41:54.958] [Bytes recibidos]: 128
[2026-10-02 17:41:54.959] [Bytes recibidos]: 128
[2026-10-02 17:41:54.959] [Bytes recibidos]: 215
[2026-10-02 17:41:54.959] [Bytes recibidos]: 173
[2026-10-02 17:41:54.959] [Bytes recibidos]: 145
[2026-10-02 17:41:54.960] [Bytes recibidos]: 160
[2026-10-02 17:41:54.960] [Bytes recibidos]: 158
[2026-10-02 17:41:54.960] [Bytes recibidos]: 128
[2026-10-02 17:41:54.960] [Bytes recibidos]: 128
[2026-10-02 17:41:54.960] [Bytes recibidos]: 215
[2026-10-02 17:41:54.960] [Bytes recibidos]: 147
[2026-10-02 17:41:54.960] [Bytes recibidos]: 145
[2026-10-02 17:41:54.961] [Bytes recibidos]: 166
[2026-10-02 17:41:54.961] [Bytes recibidos]: 157
[2026-10-02 17:41:54.961] [Bytes recibidos]: 128
[2026-10-02 17:41:54.961] [Bytes recibidos]: 128
[2026-10-02 17:41:54.961] [Bytes recibidos]: 215
[2026-10-02 17:41:54.961] [Bytes recibidos]: 181
[2026-10-02 17:41:54.961] [Bytes recibidos]: 144
[2026-10-02 17:41:54.961] [Bytes recibidos]: 169
[2026-10-02 17:41:54.961] [Bytes recibidos]: 156
[2026-10-02 17:41:54.962] [Bytes recibidos]: 128
[2026-10-02 17:41:54.962] [Bytes recibidos]: 128
[2026-10-02 17:41:54.962] [Bytes recibidos]: 215
[2026-10-02 17:41:54.962] [Bytes recibidos]: 134
[2026-10-02 17:41:54.962] [Bytes recibidos]: 144
[2026-10-02 17:41:54.962] [Bytes recibidos]: 152
[2026-10-02 17:41:54.962] [Bytes recibidos]: 155
[2026-10-02 17:41:54.962] [Bytes recibidos]: 128
[2026-10-02 17:41:54.962] [Bytes recibidos]: 128
[2026-10-02 17:41:54.963] [Bytes recibidos]: 215
[2026-10-02 17:41:54.963] [Bytes recibidos]: 183
[2026-10-02 17:41:54.963] [Bytes recibidos]: 143
[2026-10-02 17:41:54.963] [Bytes recibidos]: 129
[2026-10-02 17:41:54.963] [Bytes recibidos]: 155
[2026-10-02 17:41:54.963] [Bytes recibidos]: 128
[2026-10-02 17:41:54.963] [Bytes recibidos]: 128
[2026-10-02 17:41:54.963] [Bytes recibidos]: 215
[2026-10-02 17:41:54.963] [Bytes recibidos]: 143
[2026-10-02 17:41:54.964] [Bytes recibidos]: 143
[2026-10-02 17:41:54.964] [Bytes recibidos]: 142
[2026-10-02 17:41:54.964] [Bytes recibidos]: 154
[2026-10-02 17:41:54.964] [Bytes recibidos]: 128
[2026-10-02 17:41:54.964] [Bytes recibidos]: 128
[2026-10-02 17:41:54.964] [Bytes recibidos]: 215
[2026-10-02 17:41:54.964] [Bytes recibidos]: 131
[2026-10-02 17:41:54.964] [Bytes recibidos]: 143
[2026-10-02 17:41:54.964] [Bytes recibidos]: 128
[2026-10-02 17:41:54.965] [Bytes recibidos]: 154
[2026-10-02 17:41:54.965] [Bytes recibidos]: 128
[2026-10-02 17:41:54.965] [Bytes recibidos]: 128
[2026-10-02 17:41:54.965] [Bytes recibidos]: 215
[2026-10-02 17:41:54.965] [Bytes recibidos]: 174
[2026-10-02 17:41:54.965] [Bytes recibidos]: 142
[2026-10-02 17:41:54.965] [Bytes recibidos]: 167
[2026-10-02 17:41:54.965] [Bytes recibidos]: 153
[2026-10-02 17:41:54.965] [Bytes recibidos]: 128
[2026-10-02 17:41:54.966] [Bytes recibidos]: 128
[2026-10-02 17:41:54.966] [Bytes recibidos]: 215
[2026-10-02 17:41:54.966] [Bytes recibidos]: 145
[2026-10-02 17:41:54.966] [Bytes recibidos]: 142
[2026-10-02 17:41:54.966] [Bytes recibidos]: 133
[2026-10-02 17:41:54.966] [Bytes recibidos]: 153
[2026-10-02 17:41:54.966] [Bytes recibidos]: 128
[2026-10-02 17:41:54.967] [Bytes recibidos]: 128
[2026-10-02 17:41:54.967] [Bytes recibidos]: 215
[2026-10-02 17:41:54.967] [Bytes recibidos]: 137
[2026-10-02 17:41:54.967] [Bytes recibidos]: 142
[2026-10-02 17:41:54.967] [Bytes recibidos]: 186
[2026-10-02 17:41:54.967] [Bytes recibidos]: 152
[2026-10-02 17:41:54.968] [Bytes recibidos]: 128
[2026-10-02 17:41:54.968] [Bytes recibidos]: 128
[2026-10-02 17:41:54.968] [Bytes recibidos]: 215
[2026-10-02 17:41:54.968] [Bytes recibidos]: 184
[2026-10-02 17:41:54.968] [Bytes recibidos]: 141
[2026-10-02 17:41:54.968] [Bytes recibidos]: 167
[2026-10-02 17:41:54.968] [Bytes recibidos]: 152
[2026-10-02 17:41:54.968] [Bytes recibidos]: 128
[2026-10-02 17:41:54.969] [Bytes recibidos]: 128
[2026-10-02 17:41:54.969] [Bytes recibidos]: 215
[2026-10-02 17:41:54.969] [Bytes recibidos]: 168
[2026-10-02 17:41:54.969] [Bytes recibidos]: 141
[2026-10-02 17:41:54.969] [Bytes recibidos]: 153
[2026-10-02 17:41:54.969] [Bytes recibidos]: 152
[2026-10-02 17:41:54.969] [Bytes recibidos]: 128
[2026-10-02 17:41:54.970] [Bytes recibidos]: 128
[2026-10-02 17:41:54.970] [Bytes recibidos]: 215
[2026-10-02 17:41:54.970] [Bytes recibidos]: 154
[2026-10-02 17:41:54.970] [Bytes recibidos]: 141
[2026-10-02 17:41:54.970] [Bytes recibidos]: 144
[2026-10-02 17:41:54.970] [Bytes recibidos]: 152
[2026-10-02 17:41:54.970] [Bytes recibidos]: 128
[2026-10-02 17:41:54.970] [Bytes recibidos]: 128
[2026-10-02 17:41:54.970] [Bytes recibidos]: 215
[2026-10-02 17:41:54.971] [Bytes recibidos]: 135
[2026-10-02 17:41:54.971] [Bytes recibidos]: 141
[2026-10-02 17:41:54.971] [Bytes recibidos]: 139
[2026-10-02 17:41:54.971] [Bytes recibidos]: 152
[2026-10-02 17:41:54.971] [Bytes recibidos]: 128
[2026-10-02 17:41:54.971] [Bytes recibidos]: 128
[2026-10-02 17:41:54.971] [Bytes recibidos]: 215
[2026-10-02 17:41:54.971] [Bytes recibidos]: 129
[2026-10-02 17:41:54.972] [Bytes recibidos]: 141
[2026-10-02 17:41:54.972] [Bytes recibidos]: 138
[2026-10-02 17:41:54.972] [Bytes recibidos]: 152
[2026-10-02 17:41:54.972] [Bytes recibidos]: 128
[2026-10-02 17:41:54.972] [Bytes recibidos]: 128
[2026-10-02 17:41:54.972] [Bytes recibidos]: 215
[2026-10-02 17:41:54.972] [Bytes recibidos]: 179
[2026-10-02 17:41:54.972] [Bytes recibidos]: 140
[2026-10-02 17:41:54.972] [Bytes recibidos]: 140
[2026-10-02 17:41:54.972] [Bytes recibidos]: 152
[2026-10-02 17:41:54.973] [Bytes recibidos]: 128
[2026-10-02 17:41:54.973] [Bytes recibidos]: 128
[2026-10-02 17:41:54.973] [Bytes recibidos]: 215
[2026-10-02 17:41:54.973] [Bytes recibidos]: 175
[2026-10-02 17:41:54.973] [Bytes recibidos]: 140
[2026-10-02 17:41:54.973] [Bytes recibidos]: 140
[2026-10-02 17:41:54.973] [Bytes recibidos]: 152
[2026-10-02 17:41:54.973] [Bytes recibidos]: 128
[2026-10-02 17:41:54.973] [Bytes recibidos]: 128
[2026-10-02 17:41:54.974] [Bytes recibidos]: 215
[2026-10-02 17:41:54.974] [Bytes recibidos]: 167
[2026-10-02 17:41:54.974] [Bytes recibidos]: 140
[2026-10-02 17:41:54.974] [Bytes recibidos]: 142
[2026-10-02 17:41:54.974] [Bytes recibidos]: 152
[2026-10-02 17:41:54.974] [Bytes recibidos]: 128
[2026-10-02 17:41:54.974] [Bytes recibidos]: 128
[2026-10-02 17:41:54.974] [Bytes recibidos]: 215
[2026-10-02 17:41:54.974] [Bytes recibidos]: 155
[2026-10-02 17:41:54.975] [Bytes recibidos]: 140
[2026-10-02 17:41:54.975] [Bytes recibidos]: 145
[2026-10-02 17:41:54.975] [Bytes recibidos]: 152
[2026-10-02 17:41:54.975] [Bytes recibidos]: 128
[2026-10-02 17:41:54.975] [Bytes recibidos]: 128
[2026-10-02 17:41:54.975] [Bytes recibidos]: 215
[2026-10-02 17:41:54.975] [Bytes recibidos]: 152
[2026-10-02 17:41:54.975] [Bytes recibidos]: 140
[2026-10-02 17:41:54.975] [Bytes recibidos]: 147
[2026-10-02 17:41:54.976] [Bytes recibidos]: 152
[2026-10-02 17:41:54.976] [Bytes recibidos]: 128
[2026-10-02 17:41:54.976] [Bytes recibidos]: 128
[2026-10-02 17:41:54.976] [Bytes recibidos]: 215
[2026-10-02 17:41:54.976] [Bytes recibidos]: 145
[2026-10-02 17:41:54.976] [Bytes recibidos]: 140
[2026-10-02 17:41:54.976] [Bytes recibidos]: 150
[2026-10-02 17:41:54.976] [Bytes recibidos]: 152
[2026-10-02 17:41:54.976] [Bytes recibidos]: 128
[2026-10-02 17:41:54.976] [Bytes recibidos]: 128
[2026-10-02 17:41:54.977] [Bytes recibidos]: 215
[2026-10-02 17:41:54.977] [Bytes recibidos]: 139
[2026-10-02 17:41:54.977] [Bytes recibidos]: 140
[2026-10-02 17:41:54.977] [Bytes recibidos]: 154
[2026-10-02 17:41:54.977] [Bytes recibidos]: 152
[2026-10-02 17:41:54.977] [Bytes recibidos]: 128
[2026-10-02 17:41:54.977] [Bytes recibidos]: 128
[2026-10-02 17:41:54.977] [Bytes recibidos]: 215
[2026-10-02 17:41:54.978] [Bytes recibidos]: 133
[2026-10-02 17:41:54.978] [Bytes recibidos]: 140
[2026-10-02 17:41:54.978] [Bytes recibidos]: 158
[2026-10-02 17:41:54.978] [Bytes recibidos]: 152
[2026-10-02 17:41:54.978] [Bytes recibidos]: 128
[2026-10-02 17:41:54.978] [Bytes recibidos]: 128
[2026-10-02 17:41:54.978] [Bytes recibidos]: 215
[2026-10-02 17:41:54.978] [Bytes recibidos]: 189
[2026-10-02 17:41:54.978] [Bytes recibidos]: 139
[2026-10-02 17:41:54.979] [Bytes recibidos]: 164
[2026-10-02 17:41:54.979] [Bytes recibidos]: 152
[2026-10-02 17:41:54.979] [Bytes recibidos]: 128
[2026-10-02 17:41:54.979] [Bytes recibidos]: 128
[2026-10-02 17:41:54.979] [Bytes recibidos]: 215
[2026-10-02 17:41:54.979] [Bytes recibidos]: 187
[2026-10-02 17:41:54.979] [Bytes recibidos]: 139
[2026-10-02 17:41:54.979] [Bytes recibidos]: 167
[2026-10-02 17:41:54.979] [Bytes recibidos]: 152
[2026-10-02 17:41:54.980] [Bytes recibidos]: 128
[2026-10-02 17:41:54.980] [Bytes recibidos]: 128
[2026-10-02 17:41:54.980] [Bytes recibidos]: 215
[2026-10-02 17:41:54.980] [Bytes recibidos]: 179
[2026-10-02 17:41:54.980] [Bytes recibidos]: 139
[2026-10-02 17:41:54.980] [Bytes recibidos]: 177
[2026-10-02 17:41:54.980] [Bytes recibidos]: 152
[2026-10-02 17:41:54.980] [Bytes recibidos]: 128
[2026-10-02 17:41:54.981] [Bytes recibidos]: 128
[2026-10-02 17:41:54.981] [Bytes recibidos]: 215
[2026-10-02 17:41:54.981] [Bytes recibidos]: 177
[2026-10-02 17:41:54.981] [Bytes recibidos]: 139
[2026-10-02 17:41:54.981] [Bytes recibidos]: 181
[2026-10-02 17:41:54.981] [Bytes recibidos]: 152
[2026-10-02 17:41:54.981] [Bytes recibidos]: 128
[2026-10-02 17:41:54.982] [Bytes recibidos]: 128
[2026-10-02 17:41:54.982] [Bytes recibidos]: 215
[2026-10-02 17:41:54.982] [Bytes recibidos]: 172
[2026-10-02 17:41:54.982] [Bytes recibidos]: 139
[2026-10-02 17:41:54.982] [Bytes recibidos]: 128
[2026-10-02 17:41:54.982] [Bytes recibidos]: 153
[2026-10-02 17:41:54.982] [Bytes recibidos]: 128
[2026-10-02 17:41:54.983] [Bytes recibidos]: 128
[2026-10-02 17:41:54.983] [Bytes recibidos]: 215
[2026-10-02 17:41:54.983] [Bytes recibidos]: 164
[2026-10-02 17:41:54.983] [Bytes recibidos]: 139
[2026-10-02 17:41:54.983] [Bytes recibidos]: 148
[2026-10-02 17:41:54.983] [Bytes recibidos]: 153
[2026-10-02 17:41:54.983] [Bytes recibidos]: 128
[2026-10-02 17:41:54.983] [Bytes recibidos]: 128
[2026-10-02 17:41:54.984] [Bytes recibidos]: 215
[2026-10-02 17:41:54.984] [Bytes recibidos]: 160
[2026-10-02 17:41:54.984] [Bytes recibidos]: 139
[2026-10-02 17:41:54.984] [Bytes recibidos]: 166
[2026-10-02 17:41:54.984] [Bytes recibidos]: 153
[2026-10-02 17:41:54.984] [Bytes recibidos]: 128
[2026-10-02 17:41:54.984] [Bytes recibidos]: 128
[2026-10-02 17:41:54.984] [Bytes recibidos]: 215
[2026-10-02 17:41:54.985] [Bytes recibidos]: 158
[2026-10-02 17:41:54.985] [Bytes recibidos]: 139
[2026-10-02 17:41:54.985] [Bytes recibidos]: 176
[2026-10-02 17:41:54.985] [Bytes recibidos]: 153
[2026-10-02 17:41:54.985] [Bytes recibidos]: 128
[2026-10-02 17:41:54.985] [Bytes recibidos]: 128
[2026-10-02 17:41:54.986] [Bytes recibidos]: 215
[2026-10-02 17:41:54.986] [Bytes recibidos]: 154
[2026-10-02 17:41:54.986] [Bytes recibidos]: 139
[2026-10-02 17:41:54.986] [Bytes recibidos]: 134
[2026-10-02 17:41:54.986] [Bytes recibidos]: 154
[2026-10-02 17:41:54.986] [Bytes recibidos]: 128
[2026-10-02 17:41:54.986] [Bytes recibidos]: 128
[2026-10-02 17:41:54.986] [Bytes recibidos]: 215
[2026-10-02 17:41:54.987] [Bytes recibidos]: 151
[2026-10-02 17:41:54.987] [Bytes recibidos]: 139
[2026-10-02 17:41:54.987] [Bytes recibidos]: 159
[2026-10-02 17:41:54.987] [Bytes recibidos]: 154
[2026-10-02 17:41:54.987] [Bytes recibidos]: 128
[2026-10-02 17:41:54.987] [Bytes recibidos]: 128
[2026-10-02 17:41:54.987] [Bytes recibidos]: 215
[2026-10-02 17:41:54.987] [Bytes recibidos]: 148
[2026-10-02 17:41:54.988] [Bytes recibidos]: 139
[2026-10-02 17:41:54.988] [Bytes recibidos]: 133
[2026-10-02 17:41:54.988] [Bytes recibidos]: 155
[2026-10-02 17:41:54.988] [Bytes recibidos]: 128
[2026-10-02 17:41:54.988] [Bytes recibidos]: 128
[2026-10-02 17:41:54.988] [Bytes recibidos]: 215
[2026-10-02 17:41:54.988] [Bytes recibidos]: 147
[2026-10-02 17:41:54.988] [Bytes recibidos]: 139
[2026-10-02 17:41:54.988] [Bytes recibidos]: 146
[2026-10-02 17:41:54.989] [Bytes recibidos]: 155
[2026-10-02 17:41:54.989] [Bytes recibidos]: 128
[2026-10-02 17:41:54.989] [Bytes recibidos]: 128
[2026-10-02 17:41:54.989] [Bytes recibidos]: 215
[2026-10-02 17:41:54.989] [Bytes recibidos]: 145
[2026-10-02 17:41:54.989] [Bytes recibidos]: 139
[2026-10-02 17:41:54.989] [Bytes recibidos]: 172
[2026-10-02 17:41:54.989] [Bytes recibidos]: 155
[2026-10-02 17:41:54.990] [Bytes recibidos]: 128
[2026-10-02 17:41:54.990] [Bytes recibidos]: 128
[2026-10-02 17:41:54.990] [Bytes recibidos]: 215
[2026-10-02 17:41:54.990] [Bytes recibidos]: 143
[2026-10-02 17:41:54.990] [Bytes recibidos]: 139
[2026-10-02 17:41:54.990] [Bytes recibidos]: 133
[2026-10-02 17:41:54.990] [Bytes recibidos]: 156
[2026-10-02 17:41:54.990] [Bytes recibidos]: 128
[2026-10-02 17:41:54.991] [Bytes recibidos]: 128
[2026-10-02 17:41:54.991] [Bytes recibidos]: 215
[2026-10-02 17:41:54.991] [Bytes recibidos]: 141
[2026-10-02 17:41:54.991] [Bytes recibidos]: 139
[2026-10-02 17:41:54.991] [Bytes recibidos]: 157
[2026-10-02 17:41:54.991] [Bytes recibidos]: 156
[2026-10-02 17:41:54.991] [Bytes recibidos]: 128
[2026-10-02 17:41:54.991] [Bytes recibidos]: 128
[2026-10-02 17:41:54.992] [Bytes recibidos]: 215
[2026-10-02 17:41:54.992] [Bytes recibidos]: 138
[2026-10-02 17:41:54.992] [Bytes recibidos]: 139
[2026-10-02 17:41:54.992] [Bytes recibidos]: 190
[2026-10-02 17:41:54.992] [Bytes recibidos]: 156
[2026-10-02 17:41:54.992] [Bytes recibidos]: 128
[2026-10-02 17:41:54.992] [Bytes recibidos]: 128
[2026-10-02 17:41:54.992] [Bytes recibidos]: 215
[2026-10-02 17:41:54.993] [Bytes recibidos]: 136
[2026-10-02 17:41:54.993] [Bytes recibidos]: 139
[2026-10-02 17:41:54.993] [Bytes recibidos]: 137
[2026-10-02 17:41:54.993] [Bytes recibidos]: 157
[2026-10-02 17:41:54.993] [Bytes recibidos]: 128
[2026-10-02 17:41:54.993] [Bytes recibidos]: 128
[2026-10-02 17:41:54.993] [Bytes recibidos]: 215
[2026-10-02 17:41:54.993] [Bytes recibidos]: 134
[2026-10-02 17:41:54.993] [Bytes recibidos]: 139
[2026-10-02 17:41:54.993] [Bytes recibidos]: 157
[2026-10-02 17:41:54.994] [Bytes recibidos]: 157
[2026-10-02 17:41:54.994] [Bytes recibidos]: 128
[2026-10-02 17:41:54.994] [Bytes recibidos]: 128
[2026-10-02 17:41:54.994] [Bytes recibidos]: 215
[2026-10-02 17:41:54.994] [Bytes recibidos]: 132
[2026-10-02 17:41:54.994] [Bytes recibidos]: 139
[2026-10-02 17:41:54.994] [Bytes recibidos]: 176
[2026-10-02 17:41:54.994] [Bytes recibidos]: 157
[2026-10-02 17:41:54.994] [Bytes recibidos]: 128
[2026-10-02 17:41:54.995] [Bytes recibidos]: 128
[2026-10-02 17:41:54.995] [Bytes recibidos]: 215
[2026-10-02 17:41:54.995] [Bytes recibidos]: 129
[2026-10-02 17:41:54.995] [Bytes recibidos]: 139
[2026-10-02 17:41:54.995] [Bytes recibidos]: 130
[2026-10-02 17:41:54.995] [Bytes recibidos]: 158
[2026-10-02 17:41:54.995] [Bytes recibidos]: 128
[2026-10-02 17:41:54.995] [Bytes recibidos]: 128
[2026-10-02 17:41:54.995] [Bytes recibidos]: 215
[2026-10-02 17:41:54.995] [Bytes recibidos]: 190
[2026-10-02 17:41:54.996] [Bytes recibidos]: 138
[2026-10-02 17:41:54.996] [Bytes recibidos]: 155
[2026-10-02 17:41:54.996] [Bytes recibidos]: 158
[2026-10-02 17:41:54.996] [Bytes recibidos]: 128
[2026-10-02 17:41:54.996] [Bytes recibidos]: 128
[2026-10-02 17:41:54.996] [Bytes recibidos]: 215
[2026-10-02 17:41:54.996] [Bytes recibidos]: 189
[2026-10-02 17:41:54.996] [Bytes recibidos]: 138
[2026-10-02 17:41:54.996] [Bytes recibidos]: 163
[2026-10-02 17:41:54.997] [Bytes recibidos]: 158
[2026-10-02 17:41:54.997] [Bytes recibidos]: 128
[2026-10-02 17:41:54.997] [Bytes recibidos]: 128
[2026-10-02 17:41:54.997] [Bytes recibidos]: 215
[2026-10-02 17:41:54.997] [Bytes recibidos]: 188
[2026-10-02 17:41:54.997] [Bytes recibidos]: 138
[2026-10-02 17:41:54.997] [Bytes recibidos]: 178
[2026-10-02 17:41:54.997] [Bytes recibidos]: 158
[2026-10-02 17:41:54.997] [Bytes recibidos]: 128
[2026-10-02 17:41:54.998] [Bytes recibidos]: 128
[2026-10-02 17:41:54.998] [Bytes recibidos]: 215
[2026-10-02 17:41:54.998] [Bytes recibidos]: 186
[2026-10-02 17:41:54.998] [Bytes recibidos]: 138
[2026-10-02 17:41:54.998] [Bytes recibidos]: 191
[2026-10-02 17:41:54.998] [Bytes recibidos]: 158
[2026-10-02 17:41:54.998] [Bytes recibidos]: 128
[2026-10-02 17:41:54.998] [Bytes recibidos]: 128
[2026-10-02 17:41:54.998] [Bytes recibidos]: 215
[2026-10-02 17:41:54.999] [Bytes recibidos]: 185
[2026-10-02 17:41:54.999] [Bytes recibidos]: 138
[2026-10-02 17:41:54.999] [Bytes recibidos]: 139
[2026-10-02 17:41:54.999] [Bytes recibidos]: 159
[2026-10-02 17:41:54.999] [Bytes recibidos]: 128
[2026-10-02 17:41:54.999] [Bytes recibidos]: 128
[2026-10-02 17:41:54.999] [Bytes recibidos]: 215
[2026-10-02 17:41:54.999] [Bytes recibidos]: 184
[2026-10-02 17:41:54.999] [Bytes recibidos]: 138
[2026-10-02 17:41:54.999] [Bytes recibidos]: 155
[2026-10-02 17:41:55.000] [Bytes recibidos]: 159
[2026-10-02 17:41:55.000] [Bytes recibidos]: 128
[2026-10-02 17:41:55.000] [Bytes recibidos]: 128
[2026-10-02 17:41:55.000] [Bytes recibidos]: 215
[2026-10-02 17:41:55.000] [Bytes recibidos]: 183
[2026-10-02 17:41:55.000] [Bytes recibidos]: 138
[2026-10-02 17:41:55.000] [Bytes recibidos]: 163
[2026-10-02 17:41:55.000] [Bytes recibidos]: 159
[2026-10-02 17:41:55.000] [Bytes recibidos]: 128
[2026-10-02 17:41:55.001] [Bytes recibidos]: 128
[2026-10-02 17:41:55.001] [Bytes recibidos]: 215
[2026-10-02 17:41:55.001] [Bytes recibidos]: 183
[2026-10-02 17:41:55.001] [Bytes recibidos]: 138
[2026-10-02 17:41:55.001] [Bytes recibidos]: 166
[2026-10-02 17:41:55.001] [Bytes recibidos]: 159
[2026-10-02 17:41:55.001] [Bytes recibidos]: 128
[2026-10-02 17:41:55.001] [Bytes recibidos]: 128
[2026-10-02 17:41:55.001] [Bytes recibidos]: 215
[2026-10-02 17:41:55.002] [Bytes recibidos]: 183
[2026-10-02 17:41:55.002] [Bytes recibidos]: 138
[2026-10-02 17:41:55.002] [Bytes recibidos]: 172
[2026-10-02 17:41:55.002] [Bytes recibidos]: 159
[2026-10-02 17:41:55.003] [Bytes recibidos]: 128
[2026-10-02 17:41:55.003] [Bytes recibidos]: 128
[2026-10-02 17:41:55.003] [Bytes recibidos]: 215
[2026-10-02 17:41:55.003] [Bytes recibidos]: 183
[2026-10-02 17:41:55.003] [Bytes recibidos]: 138
[2026-10-02 17:41:55.003] [Bytes recibidos]: 177
[2026-10-02 17:41:55.003] [Bytes recibidos]: 159
[2026-10-02 17:41:55.003] [Bytes recibidos]: 128
[2026-10-02 17:41:55.003] [Bytes recibidos]: 128
[2026-10-02 17:41:55.004] [Bytes recibidos]: 215
[2026-10-02 17:41:55.004] [Bytes recibidos]: 183
[2026-10-02 17:41:55.004] [Bytes recibidos]: 138
[2026-10-02 17:41:55.004] [Bytes recibidos]: 182
[2026-10-02 17:41:55.004] [Bytes recibidos]: 159
[2026-10-02 17:41:55.004] [Bytes recibidos]: 128
[2026-10-02 17:41:55.004] [Bytes recibidos]: 128
[2026-10-02 17:41:55.004] [Bytes recibidos]: 215
[2026-10-02 17:41:55.004] [Bytes recibidos]: 183
[2026-10-02 17:41:55.004] [Bytes recibidos]: 138
[2026-10-02 17:41:55.005] [Bytes recibidos]: 183
[2026-10-02 17:41:55.005] [Bytes recibidos]: 159
[2026-10-02 17:41:55.005] [Bytes recibidos]: 128
[2026-10-02 17:41:55.005] [Bytes recibidos]: 128
[2026-10-02 17:41:55.005] [Bytes recibidos]: 215
[2026-10-02 17:41:55.005] [Bytes recibidos]: 183
[2026-10-02 17:41:55.005] [Bytes recibidos]: 138
[2026-10-02 17:41:55.005] [Bytes recibidos]: 185
[2026-10-02 17:41:55.005] [Bytes recibidos]: 159
[2026-10-02 17:41:55.005] [Bytes recibidos]: 128
[2026-10-02 17:41:55.006] [Bytes recibidos]: 128
[2026-10-02 17:41:55.006] [Bytes recibidos]: 215
[2026-10-02 17:41:55.006] [Bytes recibidos]: 183
[2026-10-02 17:41:55.006] [Bytes recibidos]: 138
[2026-10-02 17:41:55.006] [Bytes recibidos]: 186
[2026-10-02 17:41:55.006] [Bytes recibidos]: 159
[2026-10-02 17:41:55.006] [Bytes recibidos]: 128
[2026-10-02 17:41:55.006] [Bytes recibidos]: 128
[2026-10-02 17:41:55.006] [Bytes recibidos]: 215
[2026-10-02 17:41:55.006] [Bytes recibidos]: 183
[2026-10-02 17:41:55.007] [Bytes recibidos]: 138
[2026-10-02 17:41:55.007] [Bytes recibidos]: 187
[2026-10-02 17:41:55.007] [Bytes recibidos]: 159
[2026-10-02 17:41:55.007] [Bytes recibidos]: 128
[2026-10-02 17:41:55.007] [Bytes recibidos]: 128
[2026-10-02 17:41:55.007] [Bytes recibidos]: 215
[2026-10-02 17:41:55.007] [Bytes recibidos]: 183
[2026-10-02 17:41:55.007] [Bytes recibidos]: 138
[2026-10-02 17:41:55.007] [Bytes recibidos]: 188
[2026-10-02 17:41:55.007] [Bytes recibidos]: 159
[2026-10-02 17:41:55.008] [Bytes recibidos]: 128
[2026-10-02 17:41:55.008] [Bytes recibidos]: 128
[2026-10-02 17:41:55.008] [Bytes recibidos]: 215
[2026-10-02 17:41:55.008] [Bytes recibidos]: 183
[2026-10-02 17:41:55.008] [Bytes recibidos]: 138
[2026-10-02 17:41:55.008] [Bytes recibidos]: 188
[2026-10-02 17:41:55.008] [Bytes recibidos]: 159
[2026-10-02 17:41:55.008] [Bytes recibidos]: 128
[2026-10-02 17:41:55.008] [Bytes recibidos]: 128
[2026-10-02 17:41:55.008] [Bytes recibidos]: 215
[2026-10-02 17:41:55.009] [Bytes recibidos]: 183
[2026-10-02 17:41:55.009] [Bytes recibidos]: 138
[2026-10-02 17:41:55.009] [Bytes recibidos]: 188
[2026-10-02 17:41:55.009] [Bytes recibidos]: 159
[2026-10-02 17:41:55.009] [Bytes recibidos]: 128
[2026-10-02 17:41:55.009] [Bytes recibidos]: 128
[2026-10-02 17:41:55.009] [Bytes recibidos]: 215
[2026-10-02 17:41:55.009] [Bytes recibidos]: 183
[2026-10-02 17:41:55.009] [Bytes recibidos]: 138
[2026-10-02 17:41:55.009] [Bytes recibidos]: 188
[2026-10-02 17:41:55.010] [Bytes recibidos]: 159
[2026-10-02 17:41:55.010] [Bytes recibidos]: 128
[2026-10-02 17:41:55.010] [Bytes recibidos]: 128
[2026-10-02 17:41:55.010] [Bytes recibidos]: 215
[2026-10-02 17:41:55.010] [Bytes recibidos]: 183
[2026-10-02 17:41:55.010] [Bytes recibidos]: 138
[2026-10-02 17:41:55.010] [Bytes recibidos]: 188
[2026-10-02 17:41:55.010] [Bytes recibidos]: 159
[2026-10-02 17:41:55.010] [Bytes recibidos]: 128
[2026-10-02 17:41:55.010] [Bytes recibidos]: 128
[2026-10-02 17:41:55.010] [Bytes recibidos]: 215
[2026-10-02 17:41:55.011] [Bytes recibidos]: 183
[2026-10-02 17:41:55.011] [Bytes recibidos]: 138
[2026-10-02 17:41:55.011] [Bytes recibidos]: 188
[2026-10-02 17:41:55.011] [Bytes recibidos]: 159
[2026-10-02 17:41:55.011] [Bytes recibidos]: 128
[2026-10-02 17:41:55.011] [Bytes recibidos]: 128
[2026-10-02 17:41:55.011] [Bytes recibidos]: 215
[2026-10-02 17:41:55.011] [Bytes recibidos]: 183
[2026-10-02 17:41:55.011] [Bytes recibidos]: 138
[2026-10-02 17:41:55.011] [Bytes recibidos]: 188
[2026-10-02 17:41:55.011] [Bytes recibidos]: 159
[2026-10-02 17:41:55.011] [Bytes recibidos]: 128
[2026-10-02 17:41:55.012] [Bytes recibidos]: 128
[2026-10-02 17:41:55.012] [Bytes recibidos]: 215
[2026-10-02 17:41:55.012] [Bytes recibidos]: 183
[2026-10-02 17:41:55.012] [Bytes recibidos]: 138
[2026-10-02 17:41:55.012] [Bytes recibidos]: 189
[2026-10-02 17:41:55.012] [Bytes recibidos]: 159
[2026-10-02 17:41:55.012] [Bytes recibidos]: 128
[2026-10-02 17:41:55.012] [Bytes recibidos]: 128
[2026-10-02 17:41:55.012] [Bytes recibidos]: 215
[2026-10-02 17:41:55.012] [Bytes recibidos]: 183
[2026-10-02 17:41:55.012] [Bytes recibidos]: 138
[2026-10-02 17:41:55.013] [Bytes recibidos]: 189
[2026-10-02 17:41:55.013] [Bytes recibidos]: 159
[2026-10-02 17:41:55.013] [Bytes recibidos]: 128
[2026-10-02 17:41:55.013] [Bytes recibidos]: 128
[2026-10-02 17:41:55.013] [Bytes recibidos]: 215
[2026-10-02 17:41:55.013] [Bytes recibidos]: 183
[2026-10-02 17:41:55.013] [Bytes recibidos]: 138
[2026-10-02 17:41:55.013] [Bytes recibidos]: 190
[2026-10-02 17:41:55.013] [Bytes recibidos]: 159
[2026-10-02 17:41:55.013] [Bytes recibidos]: 128
[2026-10-02 17:41:55.014] [Bytes recibidos]: 128
[2026-10-02 17:41:55.014] [Bytes recibidos]: 215
[2026-10-02 17:41:55.014] [Bytes recibidos]: 183
[2026-10-02 17:41:55.014] [Bytes recibidos]: 138
[2026-10-02 17:41:55.014] [Bytes recibidos]: 190
[2026-10-02 17:41:55.014] [Bytes recibidos]: 159
[2026-10-02 17:41:55.014] [Bytes recibidos]: 128
[2026-10-02 17:41:55.014] [Bytes recibidos]: 128
[2026-10-02 17:41:55.014] [Bytes recibidos]: 215
[2026-10-02 17:41:55.014] [Bytes recibidos]: 183
[2026-10-02 17:41:55.014] [Bytes recibidos]: 138
[2026-10-02 17:41:55.014] [Bytes recibidos]: 191
[2026-10-02 17:41:55.015] [Bytes recibidos]: 159
[2026-10-02 17:41:55.015] [Bytes recibidos]: 128
[2026-10-02 17:41:55.015] [Bytes recibidos]: 128
[2026-10-02 17:41:55.015] [Bytes recibidos]: 215
[2026-10-02 17:41:55.015] [Bytes recibidos]: 183
[2026-10-02 17:41:55.015] [Bytes recibidos]: 138
[2026-10-02 17:41:55.015] [Bytes recibidos]: 191
[2026-10-02 17:41:55.015] [Bytes recibidos]: 159
[2026-10-02 17:41:55.015] [Bytes recibidos]: 128
[2026-10-02 17:41:55.015] [Bytes recibidos]: 128
[2026-10-02 17:41:55.016] [Bytes recibidos]: 215
[2026-10-02 17:41:55.016] [Bytes recibidos]: 183
[2026-10-02 17:41:55.016] [Bytes recibidos]: 138
[2026-10-02 17:41:55.016] [Bytes recibidos]: 191
[2026-10-02 17:41:55.016] [Bytes recibidos]: 159
[2026-10-02 17:41:55.016] [Bytes recibidos]: 128
[2026-10-02 17:41:55.016] [Bytes recibidos]: 128
[2026-10-02 17:41:55.016] [Bytes recibidos]: 215
[2026-10-02 17:41:55.016] [Bytes recibidos]: 183
[2026-10-02 17:41:55.016] [Bytes recibidos]: 138
[2026-10-02 17:41:55.016] [Bytes recibidos]: 191
[2026-10-02 17:41:55.017] [Bytes recibidos]: 159
[2026-10-02 17:41:55.017] [Bytes recibidos]: 128
[2026-10-02 17:41:55.017] [Bytes recibidos]: 128
[2026-10-02 17:41:55.017] [Bytes recibidos]: 215
[2026-10-02 17:41:55.017] [Bytes recibidos]: 184
[2026-10-02 17:41:55.017] [Bytes recibidos]: 138
[2026-10-02 17:41:55.017] [Bytes recibidos]: 191
[2026-10-02 17:41:55.017] [Bytes recibidos]: 159
[2026-10-02 17:41:55.017] [Bytes recibidos]: 128
[2026-10-02 17:41:55.018] [Bytes recibidos]: 128
[2026-10-02 17:41:55.018] [Bytes recibidos]: 215
[2026-10-02 17:41:55.018] [Bytes recibidos]: 184
[2026-10-02 17:41:55.018] [Bytes recibidos]: 138
[2026-10-02 17:41:55.018] [Bytes recibidos]: 191
[2026-10-02 17:41:55.018] [Bytes recibidos]: 159
[2026-10-02 17:41:55.018] [Bytes recibidos]: 128
[2026-10-02 17:41:55.018] [Bytes recibidos]: 128
[2026-10-02 17:41:55.018] [Bytes recibidos]: 215
[2026-10-02 17:41:55.018] [Bytes recibidos]: 184
[2026-10-02 17:41:55.018] [Bytes recibidos]: 138
[2026-10-02 17:41:55.019] [Bytes recibidos]: 128
[2026-10-02 17:41:55.019] [Bytes recibidos]: 160
[2026-10-02 17:41:55.019] [Bytes recibidos]: 128
[2026-10-02 17:41:55.019] [Bytes recibidos]: 128
[2026-10-02 17:41:55.019] [Bytes recibidos]: 215
[2026-10-02 17:41:55.019] [Bytes recibidos]: 184
[2026-10-02 17:41:55.019] [Bytes recibidos]: 138
[2026-10-02 17:41:55.019] [Bytes recibidos]: 128
[2026-10-02 17:41:55.019] [Bytes recibidos]: 160
[2026-10-02 17:41:55.019] [Bytes recibidos]: 128
[2026-10-02 17:41:55.019] [Bytes recibidos]: 128
[2026-10-02 17:41:55.020] [Bytes recibidos]: 215
[2026-10-02 17:41:55.020] [Bytes recibidos]: 184
[2026-10-02 17:41:55.020] [Bytes recibidos]: 138
[2026-10-02 17:41:55.020] [Bytes recibidos]: 128
[2026-10-02 17:41:55.020] [Bytes recibidos]: 160
[2026-10-02 17:41:55.020] [Bytes recibidos]: 128
[2026-10-02 17:41:55.020] [Bytes recibidos]: 128
[2026-10-02 17:41:55.020] [Bytes recibidos]: 215
[2026-10-02 17:41:55.020] [Bytes recibidos]: 184
[2026-10-02 17:41:55.020] [Bytes recibidos]: 138
[2026-10-02 17:41:55.021] [Bytes recibidos]: 128
[2026-10-02 17:41:55.021] [Bytes recibidos]: 160
[2026-10-02 17:41:55.021] [Bytes recibidos]: 128
[2026-10-02 17:41:55.021] [Bytes recibidos]: 128
[2026-10-02 17:41:55.021] [Bytes recibidos]: 215
[2026-10-02 17:41:55.021] [Bytes recibidos]: 184
[2026-10-02 17:41:55.021] [Bytes recibidos]: 138
[2026-10-02 17:41:55.021] [Bytes recibidos]: 191
[2026-10-02 17:41:55.021] [Bytes recibidos]: 159
[2026-10-02 17:41:55.021] [Bytes recibidos]: 128
[2026-10-02 17:41:55.022] [Bytes recibidos]: 128
[2026-10-02 17:41:55.022] [Bytes recibidos]: 215
[2026-10-02 17:41:55.022] [Bytes recibidos]: 184
[2026-10-02 17:41:55.022] [Bytes recibidos]: 138
[2026-10-02 17:41:55.022] [Bytes recibidos]: 191
[2026-10-02 17:41:55.022] [Bytes recibidos]: 159
[2026-10-02 17:41:55.022] [Bytes recibidos]: 128
[2026-10-02 17:41:55.022] [Bytes recibidos]: 128
[2026-10-02 17:41:55.022] [Bytes recibidos]: 215
[2026-10-02 17:41:55.022] [Bytes recibidos]: 184
[2026-10-02 17:41:55.022] [Bytes recibidos]: 138
[2026-10-02 17:41:55.023] [Bytes recibidos]: 191
[2026-10-02 17:41:55.023] [Bytes recibidos]: 159
[2026-10-02 17:41:55.023] [Bytes recibidos]: 128
[2026-10-02 17:41:55.023] [Bytes recibidos]: 128
[2026-10-02 17:41:55.023] [Bytes recibidos]: 215
[2026-10-02 17:41:55.023] [Bytes recibidos]: 184
[2026-10-02 17:41:55.023] [Bytes recibidos]: 138
[2026-10-02 17:41:55.023] [Bytes recibidos]: 191
[2026-10-02 17:41:55.023] [Bytes recibidos]: 159
[2026-10-02 17:41:55.023] [Bytes recibidos]: 128
[2026-10-02 17:41:55.023] [Bytes recibidos]: 128
[2026-10-02 17:41:55.024] [Bytes recibidos]: 215
[2026-10-02 17:41:55.024] [Bytes recibidos]: 184
[2026-10-02 17:41:55.024] [Bytes recibidos]: 138
[2026-10-02 17:41:55.024] [Bytes recibidos]: 191
[2026-10-02 17:41:55.024] [Bytes recibidos]: 159
[2026-10-02 17:41:55.024] [Bytes recibidos]: 128
[2026-10-02 17:41:55.024] [Bytes recibidos]: 128
[2026-10-02 17:41:55.024] [Bytes recibidos]: 215
[2026-10-02 17:41:55.024] [Bytes recibidos]: 184
[2026-10-02 17:41:55.024] [Bytes recibidos]: 138
[2026-10-02 17:41:55.025] [Bytes recibidos]: 191
[2026-10-02 17:41:55.025] [Bytes recibidos]: 159
[2026-10-02 17:41:55.025] [Bytes recibidos]: 128
[2026-10-02 17:41:55.025] [Bytes recibidos]: 128
[2026-10-02 17:41:55.025] [Data Recibida]: 26.402686202686205
[2026-10-02 17:41:55.025] [MIN]: -21
[2026-10-02 17:41:55.025] [MAX]: 121
[2026-10-02 17:41:55.025] [MAXBIN]: 4095
[2026-10-02 17:41:55.025] [Data Recibida]: -111.42881562881563
[2026-10-02 17:41:55.026] [MIN]: -181
[2026-10-02 17:41:55.026] [MAX]: 181
[2026-10-02 17:41:55.026] [MAXBIN]: 4095
[2026-10-02 17:41:55.026] [Data Recibida]: 0.8547008547008547
[2026-10-02 17:41:55.026] [MIN]: 0
[2026-10-02 17:41:55.026] [MAX]: 100
[2026-10-02 17:41:55.026] [MAXBIN]: 4095
[2026-10-02 17:41:55.026] [Data Recibida]: 43.13553113553114
[2026-10-02 17:41:55.026] [MIN]: 0
[2026-10-02 17:41:55.026] [MAX]: 120
[2026-10-02 17:41:55.027] [MAXBIN]: 4095
[2026-10-02 17:41:55.027] [Data Recibida]: 5.992673992673993
[2026-10-02 17:41:55.027] [MIN]: 0
[2026-10-02 17:41:55.027] [MAX]: 20
[2026-10-02 17:41:55.027] [MAXBIN]: 4095
[2026-10-02 17:41:55.027] [Data Recibida]: 53.84615384615385
[2026-10-02 17:41:55.027] [MIN]: 0
[2026-10-02 17:41:55.027] [MAX]: 100
[2026-10-02 17:41:55.027] [MAXBIN]: 4095
[2026-10-02 17:41:55.027] [Data Recibida]: 0.0
[2026-10-02 17:41:55.027] [MIN]: 0
[2026-10-02 17:41:55.028] [MAX]: 20
[2026-10-02 17:41:55.028] [MAXBIN]: 4095
[2026-10-02 17:41:55.028] [Data Recibida]: 0.11233211233211234
[2026-10-02 17:41:55.028] [MIN]: 0
[2026-10-02 17:41:55.028] [MAX]: 20
[2026-10-02 17:41:55.028] [MAXBIN]: 4095
[2026-10-02 17:41:57.036] Datos recibidos (495 bytes): D7 B8 8A 80 A0 80 80 D7 B7 8A 80 A0 80 80 D7 B7 8A 80 A0 80 80 D7 B7 8A 80 A0 80 80 D7 B7 8A 80 A0 80 80 D7 B7 8A 80 A0 80 80 D7 B7 8A 80 A0 80 80 D7 B7 8A 80 A0 80 80 D7 B7 8A 80 A0 80 80 D7 B7 8A 80 A0 80 80 D7 B7 8A 80 A0 80 80 D7 B7 8A 80 A0 80 80 D7 B7 8A 80 A0 80 80 D7 B7 8A 80 A0 80 80 D7 B7 8A 80 A0 80 80 D7 B7 8A 80 A0 80 80 D7 B7 8A 80 A0 80 80 D7 B7 8A 80 A0 80 80 D7 B6 8A 80 A0 80 80 D7 B6 8A 80 A0 80 80 D7 B6 8A 80 A0 80 80 D7 B6 8A 80 A0 80 80 D7 B6 8A 80 A0 80 80 D7 B6 8A 80 A0 80 80 D7 B6 8A 80 A0 80 80 D7 B6 8A 80 A0 80 80 D7 B6 8A 80 A0 80 80 D7 B5 8A 80 A0 80 80 D7 B5 8A 80 A0 80 80 D7 B5 8A 80 A0 80 80 D7 B5 8A 80 A0 80 80 D7 B5 8A 80 A0 80 80 D7 B5 8A 80 A0 80 80 D7 B5 8A 80 A0 80 80 D7 B5 8A 80 A0 80 80 D7 B5 8A 80 A0 80 80 D7 B5 8A 80 A0 80 80 D7 B5 8A 80 A0 80 80 D7 B4 8A 80 A0 80 80 D7 B4 8A 80 A0 80 80 D7 B4 8A 80 A0 80 80 D7 B4 8A 80 A0 80 80 D7 B4 8A 80 A0 80 80 D7 B4 8A 80 A0 80 80 D7 B4 8A 80 A0 80 80 D7 B4 8A 80 A0 80 80 D7 B4 8A 80 A0 80 80 D7 B3 8A 80 A0 80 80 D7 B3 8A 80 A0 80 80 D7 B3 8A 80 A0 80 80 D7 B3 8A 80 A0 80 80 D7 B3 8A 80 A0 80 80 D7 B3 8A 80 A0 80 80 D7 B3 8A 80 A0 80 80 D7 B3 8A 80 A0 80 80 D7 B3 8A 80 A0 80 80 D7 B3 8A 80 A0 80 80 D7 B2 8A 80 A0 80 80 D7 B2 8A 80 A0 80 80 D7 B2 8A 80 A0 80 80 D7 B2 8A 80 A0 80 80 D7 B2 8A 80 A0 80 80 D7 B2 8A 80 A0 80 80 D7 B1 8A 80 A0 80 80 D7 B1 8A 80 A0 80 80 D7 B1 8A 80 A0 80 80 D7 B1 8A 80 A0 80 80 D7 B1 8A 80 A0 80 80 D7 B1 8A 80 A0 80 80 D7 B1 8A 80 A0 80 80 1B 51 36 43 0D
[2026-10-02 17:41:57.036] [Bytes recibidos]: 215
[2026-10-02 17:41:57.036] [Bytes recibidos]: 184
[2026-10-02 17:41:57.036] [Bytes recibidos]: 138
[2026-10-02 17:41:57.036] [Bytes recibidos]: 128
[2026-10-02 17:41:57.036] [Bytes recibidos]: 160
[2026-10-02 17:41:57.036] [Bytes recibidos]: 128
[2026-10-02 17:41:57.036] [Bytes recibidos]: 128
[2026-10-02 17:41:57.037] [Bytes recibidos]: 215
[2026-10-02 17:41:57.037] [Bytes recibidos]: 183
[2026-10-02 17:41:57.037] [Bytes recibidos]: 138
[2026-10-02 17:41:57.037] [Bytes recibidos]: 128
[2026-10-02 17:41:57.037] [Bytes recibidos]: 160
[2026-10-02 17:41:57.037] [Bytes recibidos]: 128
[2026-10-02 17:41:57.037] [Bytes recibidos]: 128
[2026-10-02 17:41:57.037] [Bytes recibidos]: 215
[2026-10-02 17:41:57.037] [Bytes recibidos]: 183
[2026-10-02 17:41:57.037] [Bytes recibidos]: 138
[2026-10-02 17:41:57.037] [Bytes recibidos]: 128
[2026-10-02 17:41:57.038] [Bytes recibidos]: 160
[2026-10-02 17:41:57.038] [Bytes recibidos]: 128
[2026-10-02 17:41:57.038] [Bytes recibidos]: 128
[2026-10-02 17:41:57.038] [Bytes recibidos]: 215
[2026-10-02 17:41:57.038] [Bytes recibidos]: 183
[2026-10-02 17:41:57.038] [Bytes recibidos]: 138
[2026-10-02 17:41:57.038] [Bytes recibidos]: 128
[2026-10-02 17:41:57.038] [Bytes recibidos]: 160
[2026-10-02 17:41:57.038] [Bytes recibidos]: 128
[2026-10-02 17:41:57.038] [Bytes recibidos]: 128
[2026-10-02 17:41:57.038] [Bytes recibidos]: 215
[2026-10-02 17:41:57.038] [Bytes recibidos]: 183
[2026-10-02 17:41:57.039] [Bytes recibidos]: 138
[2026-10-02 17:41:57.039] [Bytes recibidos]: 128
[2026-10-02 17:41:57.039] [Bytes recibidos]: 160
[2026-10-02 17:41:57.039] [Bytes recibidos]: 128
[2026-10-02 17:41:57.039] [Bytes recibidos]: 128
[2026-10-02 17:41:57.039] [Bytes recibidos]: 215
[2026-10-02 17:41:57.039] [Bytes recibidos]: 183
[2026-10-02 17:41:57.039] [Bytes recibidos]: 138
[2026-10-02 17:41:57.039] [Bytes recibidos]: 128
[2026-10-02 17:41:57.039] [Bytes recibidos]: 160
[2026-10-02 17:41:57.039] [Bytes recibidos]: 128
[2026-10-02 17:41:57.039] [Bytes recibidos]: 128
[2026-10-02 17:41:57.040] [Bytes recibidos]: 215
[2026-10-02 17:41:57.040] [Bytes recibidos]: 183
[2026-10-02 17:41:57.040] [Bytes recibidos]: 138
[2026-10-02 17:41:57.040] [Bytes recibidos]: 128
[2026-10-02 17:41:57.040] [Bytes recibidos]: 160
[2026-10-02 17:41:57.040] [Bytes recibidos]: 128
[2026-10-02 17:41:57.040] [Bytes recibidos]: 128
[2026-10-02 17:41:57.040] [Bytes recibidos]: 215
[2026-10-02 17:41:57.040] [Bytes recibidos]: 183
[2026-10-02 17:41:57.040] [Bytes recibidos]: 138
[2026-10-02 17:41:57.040] [Bytes recibidos]: 128
[2026-10-02 17:41:57.040] [Bytes recibidos]: 160
[2026-10-02 17:41:57.041] [Bytes recibidos]: 128
[2026-10-02 17:41:57.041] [Bytes recibidos]: 128
[2026-10-02 17:41:57.041] [Bytes recibidos]: 215
[2026-10-02 17:41:57.041] [Bytes recibidos]: 183
[2026-10-02 17:41:57.041] [Bytes recibidos]: 138
[2026-10-02 17:41:57.041] [Bytes recibidos]: 128
[2026-10-02 17:41:57.041] [Bytes recibidos]: 160
[2026-10-02 17:41:57.041] [Bytes recibidos]: 128
[2026-10-02 17:41:57.041] [Bytes recibidos]: 128
[2026-10-02 17:41:57.041] [Bytes recibidos]: 215
[2026-10-02 17:41:57.041] [Bytes recibidos]: 183
[2026-10-02 17:41:57.042] [Bytes recibidos]: 138
[2026-10-02 17:41:57.042] [Bytes recibidos]: 128
[2026-10-02 17:41:57.042] [Bytes recibidos]: 160
[2026-10-02 17:41:57.042] [Bytes recibidos]: 128
[2026-10-02 17:41:57.042] [Bytes recibidos]: 128
[2026-10-02 17:41:57.042] [Bytes recibidos]: 215
[2026-10-02 17:41:57.042] [Bytes recibidos]: 183
[2026-10-02 17:41:57.042] [Bytes recibidos]: 138
[2026-10-02 17:41:57.042] [Bytes recibidos]: 128
[2026-10-02 17:41:57.042] [Bytes recibidos]: 160
[2026-10-02 17:41:57.042] [Bytes recibidos]: 128
[2026-10-02 17:41:57.042] [Bytes recibidos]: 128
[2026-10-02 17:41:57.043] [Bytes recibidos]: 215
[2026-10-02 17:41:57.043] [Bytes recibidos]: 183
[2026-10-02 17:41:57.043] [Bytes recibidos]: 138
[2026-10-02 17:41:57.043] [Bytes recibidos]: 128
[2026-10-02 17:41:57.043] [Bytes recibidos]: 160
[2026-10-02 17:41:57.043] [Bytes recibidos]: 128
[2026-10-02 17:41:57.043] [Bytes recibidos]: 128
[2026-10-02 17:41:57.043] [Bytes recibidos]: 215
[2026-10-02 17:41:57.043] [Bytes recibidos]: 183
[2026-10-02 17:41:57.043] [Bytes recibidos]: 138
[2026-10-02 17:41:57.043] [Bytes recibidos]: 128
[2026-10-02 17:41:57.043] [Bytes recibidos]: 160
[2026-10-02 17:41:57.044] [Bytes recibidos]: 128
[2026-10-02 17:41:57.044] [Bytes recibidos]: 128
[2026-10-02 17:41:57.044] [Bytes recibidos]: 215
[2026-10-02 17:41:57.044] [Bytes recibidos]: 183
[2026-10-02 17:41:57.044] [Bytes recibidos]: 138
[2026-10-02 17:41:57.044] [Bytes recibidos]: 128
[2026-10-02 17:41:57.044] [Bytes recibidos]: 160
[2026-10-02 17:41:57.044] [Bytes recibidos]: 128
[2026-10-02 17:41:57.044] [Bytes recibidos]: 128
[2026-10-02 17:41:57.044] [Bytes recibidos]: 215
[2026-10-02 17:41:57.044] [Bytes recibidos]: 183
[2026-10-02 17:41:57.044] [Bytes recibidos]: 138
[2026-10-02 17:41:57.044] [Bytes recibidos]: 128
[2026-10-02 17:41:57.045] [Bytes recibidos]: 160
[2026-10-02 17:41:57.045] [Bytes recibidos]: 128
[2026-10-02 17:41:57.045] [Bytes recibidos]: 128
[2026-10-02 17:41:57.045] [Bytes recibidos]: 215
[2026-10-02 17:41:57.045] [Bytes recibidos]: 183
[2026-10-02 17:41:57.045] [Bytes recibidos]: 138
[2026-10-02 17:41:57.045] [Bytes recibidos]: 128
[2026-10-02 17:41:57.045] [Bytes recibidos]: 160
[2026-10-02 17:41:57.045] [Bytes recibidos]: 128
[2026-10-02 17:41:57.045] [Bytes recibidos]: 128
[2026-10-02 17:41:57.045] [Bytes recibidos]: 215
[2026-10-02 17:41:57.045] [Bytes recibidos]: 183
[2026-10-02 17:41:57.046] [Bytes recibidos]: 138
[2026-10-02 17:41:57.046] [Bytes recibidos]: 128
[2026-10-02 17:41:57.046] [Bytes recibidos]: 160
[2026-10-02 17:41:57.046] [Bytes recibidos]: 128
[2026-10-02 17:41:57.046] [Bytes recibidos]: 128
[2026-10-02 17:41:57.046] [Bytes recibidos]: 215
[2026-10-02 17:41:57.046] [Bytes recibidos]: 183
[2026-10-02 17:41:57.046] [Bytes recibidos]: 138
[2026-10-02 17:41:57.046] [Bytes recibidos]: 128
[2026-10-02 17:41:57.046] [Bytes recibidos]: 160
[2026-10-02 17:41:57.046] [Bytes recibidos]: 128
[2026-10-02 17:41:57.046] [Bytes recibidos]: 128
[2026-10-02 17:41:57.047] [Bytes recibidos]: 215
[2026-10-02 17:41:57.047] [Bytes recibidos]: 182
[2026-10-02 17:41:57.047] [Bytes recibidos]: 138
[2026-10-02 17:41:57.047] [Bytes recibidos]: 128
[2026-10-02 17:41:57.047] [Bytes recibidos]: 160
[2026-10-02 17:41:57.047] [Bytes recibidos]: 128
[2026-10-02 17:41:57.047] [Bytes recibidos]: 128
[2026-10-02 17:41:57.047] [Bytes recibidos]: 215
[2026-10-02 17:41:57.047] [Bytes recibidos]: 182
[2026-10-02 17:41:57.047] [Bytes recibidos]: 138
[2026-10-02 17:41:57.047] [Bytes recibidos]: 128
[2026-10-02 17:41:57.047] [Bytes recibidos]: 160
[2026-10-02 17:41:57.047] [Bytes recibidos]: 128
[2026-10-02 17:41:57.048] [Bytes recibidos]: 128
[2026-10-02 17:41:57.048] [Bytes recibidos]: 215
[2026-10-02 17:41:57.048] [Bytes recibidos]: 182
[2026-10-02 17:41:57.048] [Bytes recibidos]: 138
[2026-10-02 17:41:57.048] [Bytes recibidos]: 128
[2026-10-02 17:41:57.048] [Bytes recibidos]: 160
[2026-10-02 17:41:57.048] [Bytes recibidos]: 128
[2026-10-02 17:41:57.048] [Bytes recibidos]: 128
[2026-10-02 17:41:57.048] [Bytes recibidos]: 215
[2026-10-02 17:41:57.048] [Bytes recibidos]: 182
[2026-10-02 17:41:57.048] [Bytes recibidos]: 138
[2026-10-02 17:41:57.048] [Bytes recibidos]: 128
[2026-10-02 17:41:57.049] [Bytes recibidos]: 160
[2026-10-02 17:41:57.049] [Bytes recibidos]: 128
[2026-10-02 17:41:57.049] [Bytes recibidos]: 128
[2026-10-02 17:41:57.049] [Bytes recibidos]: 215
[2026-10-02 17:41:57.049] [Bytes recibidos]: 182
[2026-10-02 17:41:57.049] [Bytes recibidos]: 138
[2026-10-02 17:41:57.049] [Bytes recibidos]: 128
[2026-10-02 17:41:57.049] [Bytes recibidos]: 160
[2026-10-02 17:41:57.049] [Bytes recibidos]: 128
[2026-10-02 17:41:57.049] [Bytes recibidos]: 128
[2026-10-02 17:41:57.049] [Bytes recibidos]: 215
[2026-10-02 17:41:57.049] [Bytes recibidos]: 182
[2026-10-02 17:41:57.050] [Bytes recibidos]: 138
[2026-10-02 17:41:57.050] [Bytes recibidos]: 128
[2026-10-02 17:41:57.050] [Bytes recibidos]: 160
[2026-10-02 17:41:57.050] [Bytes recibidos]: 128
[2026-10-02 17:41:57.050] [Bytes recibidos]: 128
[2026-10-02 17:41:57.050] [Bytes recibidos]: 215
[2026-10-02 17:41:57.050] [Bytes recibidos]: 182
[2026-10-02 17:41:57.050] [Bytes recibidos]: 138
[2026-10-02 17:41:57.050] [Bytes recibidos]: 128
[2026-10-02 17:41:57.050] [Bytes recibidos]: 160
[2026-10-02 17:41:57.050] [Bytes recibidos]: 128
[2026-10-02 17:41:57.050] [Bytes recibidos]: 128
[2026-10-02 17:41:57.050] [Bytes recibidos]: 215
[2026-10-02 17:41:57.051] [Bytes recibidos]: 182
[2026-10-02 17:41:57.051] [Bytes recibidos]: 138
[2026-10-02 17:41:57.051] [Bytes recibidos]: 128
[2026-10-02 17:41:57.051] [Bytes recibidos]: 160
[2026-10-02 17:41:57.051] [Bytes recibidos]: 128
[2026-10-02 17:41:57.051] [Bytes recibidos]: 128
[2026-10-02 17:41:57.051] [Bytes recibidos]: 215
[2026-10-02 17:41:57.051] [Bytes recibidos]: 182
[2026-10-02 17:41:57.051] [Bytes recibidos]: 138
[2026-10-02 17:41:57.051] [Bytes recibidos]: 128
[2026-10-02 17:41:57.051] [Bytes recibidos]: 160
[2026-10-02 17:41:57.051] [Bytes recibidos]: 128
[2026-10-02 17:41:57.052] [Bytes recibidos]: 128
[2026-10-02 17:41:57.052] [Bytes recibidos]: 215
[2026-10-02 17:41:57.052] [Bytes recibidos]: 181
[2026-10-02 17:41:57.052] [Bytes recibidos]: 138
[2026-10-02 17:41:57.052] [Bytes recibidos]: 128
[2026-10-02 17:41:57.052] [Bytes recibidos]: 160
[2026-10-02 17:41:57.052] [Bytes recibidos]: 128
[2026-10-02 17:41:57.052] [Bytes recibidos]: 128
[2026-10-02 17:41:57.052] [Bytes recibidos]: 215
[2026-10-02 17:41:57.052] [Bytes recibidos]: 181
[2026-10-02 17:41:57.052] [Bytes recibidos]: 138
[2026-10-02 17:41:57.053] [Bytes recibidos]: 128
[2026-10-02 17:41:57.053] [Bytes recibidos]: 160
[2026-10-02 17:41:57.053] [Bytes recibidos]: 128
[2026-10-02 17:41:57.053] [Bytes recibidos]: 128
[2026-10-02 17:41:57.053] [Bytes recibidos]: 215
[2026-10-02 17:41:57.053] [Bytes recibidos]: 181
[2026-10-02 17:41:57.053] [Bytes recibidos]: 138
[2026-10-02 17:41:57.053] [Bytes recibidos]: 128
[2026-10-02 17:41:57.053] [Bytes recibidos]: 160
[2026-10-02 17:41:57.053] [Bytes recibidos]: 128
[2026-10-02 17:41:57.053] [Bytes recibidos]: 128
[2026-10-02 17:41:57.054] [Bytes recibidos]: 215
[2026-10-02 17:41:57.054] [Bytes recibidos]: 181
[2026-10-02 17:41:57.054] [Bytes recibidos]: 138
[2026-10-02 17:41:57.054] [Bytes recibidos]: 128
[2026-10-02 17:41:57.054] [Bytes recibidos]: 160
[2026-10-02 17:41:57.054] [Bytes recibidos]: 128
[2026-10-02 17:41:57.054] [Bytes recibidos]: 128
[2026-10-02 17:41:57.054] [Bytes recibidos]: 215
[2026-10-02 17:41:57.054] [Bytes recibidos]: 181
[2026-10-02 17:41:57.054] [Bytes recibidos]: 138
[2026-10-02 17:41:57.054] [Bytes recibidos]: 128
[2026-10-02 17:41:57.054] [Bytes recibidos]: 160
[2026-10-02 17:41:57.055] [Bytes recibidos]: 128
[2026-10-02 17:41:57.055] [Bytes recibidos]: 128
[2026-10-02 17:41:57.055] [Bytes recibidos]: 215
[2026-10-02 17:41:57.055] [Bytes recibidos]: 181
[2026-10-02 17:41:57.055] [Bytes recibidos]: 138
[2026-10-02 17:41:57.055] [Bytes recibidos]: 128
[2026-10-02 17:41:57.055] [Bytes recibidos]: 160
[2026-10-02 17:41:57.055] [Bytes recibidos]: 128
[2026-10-02 17:41:57.055] [Bytes recibidos]: 128
[2026-10-02 17:41:57.055] [Bytes recibidos]: 215
[2026-10-02 17:41:57.055] [Bytes recibidos]: 181
[2026-10-02 17:41:57.055] [Bytes recibidos]: 138
[2026-10-02 17:41:57.055] [Bytes recibidos]: 128
[2026-10-02 17:41:57.056] [Bytes recibidos]: 160
[2026-10-02 17:41:57.056] [Bytes recibidos]: 128
[2026-10-02 17:41:57.056] [Bytes recibidos]: 128
[2026-10-02 17:41:57.056] [Bytes recibidos]: 215
[2026-10-02 17:41:57.056] [Bytes recibidos]: 181
[2026-10-02 17:41:57.056] [Bytes recibidos]: 138
[2026-10-02 17:41:57.056] [Bytes recibidos]: 128
[2026-10-02 17:41:57.056] [Bytes recibidos]: 160
[2026-10-02 17:41:57.056] [Bytes recibidos]: 128
[2026-10-02 17:41:57.056] [Bytes recibidos]: 128
[2026-10-02 17:41:57.056] [Bytes recibidos]: 215
[2026-10-02 17:41:57.056] [Bytes recibidos]: 181
[2026-10-02 17:41:57.057] [Bytes recibidos]: 138
[2026-10-02 17:41:57.057] [Bytes recibidos]: 128
[2026-10-02 17:41:57.057] [Bytes recibidos]: 160
[2026-10-02 17:41:57.057] [Bytes recibidos]: 128
[2026-10-02 17:41:57.057] [Bytes recibidos]: 128
[2026-10-02 17:41:57.057] [Bytes recibidos]: 215
[2026-10-02 17:41:57.057] [Bytes recibidos]: 181
[2026-10-02 17:41:57.057] [Bytes recibidos]: 138
[2026-10-02 17:41:57.057] [Bytes recibidos]: 128
[2026-10-02 17:41:57.057] [Bytes recibidos]: 160
[2026-10-02 17:41:57.057] [Bytes recibidos]: 128
[2026-10-02 17:41:57.057] [Bytes recibidos]: 128
[2026-10-02 17:41:57.058] [Bytes recibidos]: 215
[2026-10-02 17:41:57.058] [Bytes recibidos]: 181
[2026-10-02 17:41:57.058] [Bytes recibidos]: 138
[2026-10-02 17:41:57.058] [Bytes recibidos]: 128
[2026-10-02 17:41:57.058] [Bytes recibidos]: 160
[2026-10-02 17:41:57.058] [Bytes recibidos]: 128
[2026-10-02 17:41:57.058] [Bytes recibidos]: 128
[2026-10-02 17:41:57.058] [Bytes recibidos]: 215
[2026-10-02 17:41:57.058] [Bytes recibidos]: 180
[2026-10-02 17:41:57.058] [Bytes recibidos]: 138
[2026-10-02 17:41:57.058] [Bytes recibidos]: 128
[2026-10-02 17:41:57.058] [Bytes recibidos]: 160
[2026-10-02 17:41:57.059] [Bytes recibidos]: 128
[2026-10-02 17:41:57.059] [Bytes recibidos]: 128
[2026-10-02 17:41:57.059] [Bytes recibidos]: 215
[2026-10-02 17:41:57.059] [Bytes recibidos]: 180
[2026-10-02 17:41:57.059] [Bytes recibidos]: 138
[2026-10-02 17:41:57.059] [Bytes recibidos]: 128
[2026-10-02 17:41:57.059] [Bytes recibidos]: 160
[2026-10-02 17:41:57.059] [Bytes recibidos]: 128
[2026-10-02 17:41:57.059] [Bytes recibidos]: 128
[2026-10-02 17:41:57.059] [Bytes recibidos]: 215
[2026-10-02 17:41:57.059] [Bytes recibidos]: 180
[2026-10-02 17:41:57.059] [Bytes recibidos]: 138
[2026-10-02 17:41:57.059] [Bytes recibidos]: 128
[2026-10-02 17:41:57.060] [Bytes recibidos]: 160
[2026-10-02 17:41:57.060] [Bytes recibidos]: 128
[2026-10-02 17:41:57.060] [Bytes recibidos]: 128
[2026-10-02 17:41:57.060] [Bytes recibidos]: 215
[2026-10-02 17:41:57.060] [Bytes recibidos]: 180
[2026-10-02 17:41:57.060] [Bytes recibidos]: 138
[2026-10-02 17:41:57.060] [Bytes recibidos]: 128
[2026-10-02 17:41:57.060] [Bytes recibidos]: 160
[2026-10-02 17:41:57.060] [Bytes recibidos]: 128
[2026-10-02 17:41:57.060] [Bytes recibidos]: 128
[2026-10-02 17:41:57.060] [Bytes recibidos]: 215
[2026-10-02 17:41:57.060] [Bytes recibidos]: 180
[2026-10-02 17:41:57.061] [Bytes recibidos]: 138
[2026-10-02 17:41:57.061] [Bytes recibidos]: 128
[2026-10-02 17:41:57.061] [Bytes recibidos]: 160
[2026-10-02 17:41:57.061] [Bytes recibidos]: 128
[2026-10-02 17:41:57.061] [Bytes recibidos]: 128
[2026-10-02 17:41:57.061] [Bytes recibidos]: 215
[2026-10-02 17:41:57.061] [Bytes recibidos]: 180
[2026-10-02 17:41:57.061] [Bytes recibidos]: 138
[2026-10-02 17:41:57.061] [Bytes recibidos]: 128
[2026-10-02 17:41:57.061] [Bytes recibidos]: 160
[2026-10-02 17:41:57.061] [Bytes recibidos]: 128
[2026-10-02 17:41:57.061] [Bytes recibidos]: 128
[2026-10-02 17:41:57.061] [Bytes recibidos]: 215
[2026-10-02 17:41:57.062] [Bytes recibidos]: 180
[2026-10-02 17:41:57.062] [Bytes recibidos]: 138
[2026-10-02 17:41:57.062] [Bytes recibidos]: 128
[2026-10-02 17:41:57.062] [Bytes recibidos]: 160
[2026-10-02 17:41:57.062] [Bytes recibidos]: 128
[2026-10-02 17:41:57.062] [Bytes recibidos]: 128
[2026-10-02 17:41:57.062] [Bytes recibidos]: 215
[2026-10-02 17:41:57.062] [Bytes recibidos]: 180
[2026-10-02 17:41:57.062] [Bytes recibidos]: 138
[2026-10-02 17:41:57.062] [Bytes recibidos]: 128
[2026-10-02 17:41:57.062] [Bytes recibidos]: 160
[2026-10-02 17:41:57.062] [Bytes recibidos]: 128
[2026-10-02 17:41:57.062] [Bytes recibidos]: 128
[2026-10-02 17:41:57.063] [Bytes recibidos]: 215
[2026-10-02 17:41:57.063] [Bytes recibidos]: 180
[2026-10-02 17:41:57.063] [Bytes recibidos]: 138
[2026-10-02 17:41:57.063] [Bytes recibidos]: 128
[2026-10-02 17:41:57.063] [Bytes recibidos]: 160
[2026-10-02 17:41:57.063] [Bytes recibidos]: 128
[2026-10-02 17:41:57.063] [Bytes recibidos]: 128
[2026-10-02 17:41:57.063] [Bytes recibidos]: 215
[2026-10-02 17:41:57.063] [Bytes recibidos]: 179
[2026-10-02 17:41:57.063] [Bytes recibidos]: 138
[2026-10-02 17:41:57.063] [Bytes recibidos]: 128
[2026-10-02 17:41:57.063] [Bytes recibidos]: 160
[2026-10-02 17:41:57.063] [Bytes recibidos]: 128
[2026-10-02 17:41:57.064] [Bytes recibidos]: 128
[2026-10-02 17:41:57.064] [Bytes recibidos]: 215
[2026-10-02 17:41:57.064] [Bytes recibidos]: 179
[2026-10-02 17:41:57.064] [Bytes recibidos]: 138
[2026-10-02 17:41:57.064] [Bytes recibidos]: 128
[2026-10-02 17:41:57.064] [Bytes recibidos]: 160
[2026-10-02 17:41:57.064] [Bytes recibidos]: 128
[2026-10-02 17:41:57.064] [Bytes recibidos]: 128
[2026-10-02 17:41:57.064] [Bytes recibidos]: 215
[2026-10-02 17:41:57.064] [Bytes recibidos]: 179
[2026-10-02 17:41:57.064] [Bytes recibidos]: 138
[2026-10-02 17:41:57.064] [Bytes recibidos]: 128
[2026-10-02 17:41:57.064] [Bytes recibidos]: 160
[2026-10-02 17:41:57.064] [Bytes recibidos]: 128
[2026-10-02 17:41:57.065] [Bytes recibidos]: 128
[2026-10-02 17:41:57.065] [Bytes recibidos]: 215
[2026-10-02 17:41:57.065] [Bytes recibidos]: 179
[2026-10-02 17:41:57.065] [Bytes recibidos]: 138
[2026-10-02 17:41:57.065] [Bytes recibidos]: 128
[2026-10-02 17:41:57.065] [Bytes recibidos]: 160
[2026-10-02 17:41:57.065] [Bytes recibidos]: 128
[2026-10-02 17:41:57.065] [Bytes recibidos]: 128
[2026-10-02 17:41:57.065] [Bytes recibidos]: 215
[2026-10-02 17:41:57.065] [Bytes recibidos]: 179
[2026-10-02 17:41:57.065] [Bytes recibidos]: 138
[2026-10-02 17:41:57.065] [Bytes recibidos]: 128
[2026-10-02 17:41:57.066] [Bytes recibidos]: 160
[2026-10-02 17:41:57.066] [Bytes recibidos]: 128
[2026-10-02 17:41:57.066] [Bytes recibidos]: 128
[2026-10-02 17:41:57.066] [Bytes recibidos]: 215
[2026-10-02 17:41:57.066] [Bytes recibidos]: 179
[2026-10-02 17:41:57.066] [Bytes recibidos]: 138
[2026-10-02 17:41:57.066] [Bytes recibidos]: 128
[2026-10-02 17:41:57.066] [Bytes recibidos]: 160
[2026-10-02 17:41:57.066] [Bytes recibidos]: 128
[2026-10-02 17:41:57.066] [Bytes recibidos]: 128
[2026-10-02 17:41:57.066] [Bytes recibidos]: 215
[2026-10-02 17:41:57.066] [Bytes recibidos]: 179
[2026-10-02 17:41:57.066] [Bytes recibidos]: 138
[2026-10-02 17:41:57.067] [Bytes recibidos]: 128
[2026-10-02 17:41:57.067] [Bytes recibidos]: 160
[2026-10-02 17:41:57.067] [Bytes recibidos]: 128
[2026-10-02 17:41:57.067] [Bytes recibidos]: 128
[2026-10-02 17:41:57.067] [Bytes recibidos]: 215
[2026-10-02 17:41:57.067] [Bytes recibidos]: 179
[2026-10-02 17:41:57.067] [Bytes recibidos]: 138
[2026-10-02 17:41:57.067] [Bytes recibidos]: 128
[2026-10-02 17:41:57.067] [Bytes recibidos]: 160
[2026-10-02 17:41:57.067] [Bytes recibidos]: 128
[2026-10-02 17:41:57.067] [Bytes recibidos]: 128
[2026-10-02 17:41:57.067] [Bytes recibidos]: 215
[2026-10-02 17:41:57.067] [Bytes recibidos]: 179
[2026-10-02 17:41:57.068] [Bytes recibidos]: 138
[2026-10-02 17:41:57.068] [Bytes recibidos]: 128
[2026-10-02 17:41:57.068] [Bytes recibidos]: 160
[2026-10-02 17:41:57.068] [Bytes recibidos]: 128
[2026-10-02 17:41:57.068] [Bytes recibidos]: 128
[2026-10-02 17:41:57.068] [Bytes recibidos]: 215
[2026-10-02 17:41:57.068] [Bytes recibidos]: 179
[2026-10-02 17:41:57.068] [Bytes recibidos]: 138
[2026-10-02 17:41:57.068] [Bytes recibidos]: 128
[2026-10-02 17:41:57.068] [Bytes recibidos]: 160
[2026-10-02 17:41:57.068] [Bytes recibidos]: 128
[2026-10-02 17:41:57.068] [Bytes recibidos]: 128
[2026-10-02 17:41:57.069] [Bytes recibidos]: 215
[2026-10-02 17:41:57.069] [Bytes recibidos]: 178
[2026-10-02 17:41:57.069] [Bytes recibidos]: 138
[2026-10-02 17:41:57.069] [Bytes recibidos]: 128
[2026-10-02 17:41:57.069] [Bytes recibidos]: 160
[2026-10-02 17:41:57.069] [Bytes recibidos]: 128
[2026-10-02 17:41:57.069] [Bytes recibidos]: 128
[2026-10-02 17:41:57.069] [Bytes recibidos]: 215
[2026-10-02 17:41:57.069] [Bytes recibidos]: 178
[2026-10-02 17:41:57.069] [Bytes recibidos]: 138
[2026-10-02 17:41:57.069] [Bytes recibidos]: 128
[2026-10-02 17:41:57.069] [Bytes recibidos]: 160
[2026-10-02 17:41:57.070] [Bytes recibidos]: 128
[2026-10-02 17:41:57.070] [Bytes recibidos]: 128
[2026-10-02 17:41:57.070] [Bytes recibidos]: 215
[2026-10-02 17:41:57.070] [Bytes recibidos]: 178
[2026-10-02 17:41:57.070] [Bytes recibidos]: 138
[2026-10-02 17:41:57.070] [Bytes recibidos]: 128
[2026-10-02 17:41:57.070] [Bytes recibidos]: 160
[2026-10-02 17:41:57.070] [Bytes recibidos]: 128
[2026-10-02 17:41:57.070] [Bytes recibidos]: 128
[2026-10-02 17:41:57.070] [Bytes recibidos]: 215
[2026-10-02 17:41:57.070] [Bytes recibidos]: 178
[2026-10-02 17:41:57.070] [Bytes recibidos]: 138
[2026-10-02 17:41:57.071] [Bytes recibidos]: 128
[2026-10-02 17:41:57.071] [Bytes recibidos]: 160
[2026-10-02 17:41:57.071] [Bytes recibidos]: 128
[2026-10-02 17:41:57.071] [Bytes recibidos]: 128
[2026-10-02 17:41:57.071] [Bytes recibidos]: 215
[2026-10-02 17:41:57.071] [Bytes recibidos]: 178
[2026-10-02 17:41:57.071] [Bytes recibidos]: 138
[2026-10-02 17:41:57.071] [Bytes recibidos]: 128
[2026-10-02 17:41:57.071] [Bytes recibidos]: 160
[2026-10-02 17:41:57.071] [Bytes recibidos]: 128
[2026-10-02 17:41:57.071] [Bytes recibidos]: 128
[2026-10-02 17:41:57.071] [Bytes recibidos]: 215
[2026-10-02 17:41:57.071] [Bytes recibidos]: 178
[2026-10-02 17:41:57.072] [Bytes recibidos]: 138
[2026-10-02 17:41:57.072] [Bytes recibidos]: 128
[2026-10-02 17:41:57.072] [Bytes recibidos]: 160
[2026-10-02 17:41:57.072] [Bytes recibidos]: 128
[2026-10-02 17:41:57.072] [Bytes recibidos]: 128
[2026-10-02 17:41:57.072] [Bytes recibidos]: 215
[2026-10-02 17:41:57.072] [Bytes recibidos]: 177
[2026-10-02 17:41:57.072] [Bytes recibidos]: 138
[2026-10-02 17:41:57.072] [Bytes recibidos]: 128
[2026-10-02 17:41:57.072] [Bytes recibidos]: 160
[2026-10-02 17:41:57.072] [Bytes recibidos]: 128
[2026-10-02 17:41:57.072] [Bytes recibidos]: 128
[2026-10-02 17:41:57.073] [Bytes recibidos]: 215
[2026-10-02 17:41:57.073] [Bytes recibidos]: 177
[2026-10-02 17:41:57.073] [Bytes recibidos]: 138
[2026-10-02 17:41:57.073] [Bytes recibidos]: 128
[2026-10-02 17:41:57.073] [Bytes recibidos]: 160
[2026-10-02 17:41:57.073] [Bytes recibidos]: 128
[2026-10-02 17:41:57.073] [Bytes recibidos]: 128
[2026-10-02 17:41:57.073] [Bytes recibidos]: 215
[2026-10-02 17:41:57.073] [Bytes recibidos]: 177
[2026-10-02 17:41:57.073] [Bytes recibidos]: 138
[2026-10-02 17:41:57.073] [Bytes recibidos]: 128
[2026-10-02 17:41:57.073] [Bytes recibidos]: 160
[2026-10-02 17:41:57.073] [Bytes recibidos]: 128
[2026-10-02 17:41:57.074] [Bytes recibidos]: 128
[2026-10-02 17:41:57.074] [Bytes recibidos]: 215
[2026-10-02 17:41:57.074] [Bytes recibidos]: 177
[2026-10-02 17:41:57.074] [Bytes recibidos]: 138
[2026-10-02 17:41:57.074] [Bytes recibidos]: 128
[2026-10-02 17:41:57.074] [Bytes recibidos]: 160
[2026-10-02 17:41:57.074] [Bytes recibidos]: 128
[2026-10-02 17:41:57.074] [Bytes recibidos]: 128
[2026-10-02 17:41:57.074] [Bytes recibidos]: 215
[2026-10-02 17:41:57.074] [Bytes recibidos]: 177
[2026-10-02 17:41:57.074] [Bytes recibidos]: 138
[2026-10-02 17:41:57.075] [Bytes recibidos]: 128
[2026-10-02 17:41:57.075] [Bytes recibidos]: 160
[2026-10-02 17:41:57.075] [Bytes recibidos]: 128
[2026-10-02 17:41:57.075] [Bytes recibidos]: 128
[2026-10-02 17:41:57.075] [Bytes recibidos]: 215
[2026-10-02 17:41:57.075] [Bytes recibidos]: 177
[2026-10-02 17:41:57.075] [Bytes recibidos]: 138
[2026-10-02 17:41:57.075] [Bytes recibidos]: 128
[2026-10-02 17:41:57.075] [Bytes recibidos]: 160
[2026-10-02 17:41:57.075] [Bytes recibidos]: 128
[2026-10-02 17:41:57.075] [Bytes recibidos]: 128
[2026-10-02 17:41:57.076] [Bytes recibidos]: 215
[2026-10-02 17:41:57.076] [Bytes recibidos]: 177
[2026-10-02 17:41:57.076] [Bytes recibidos]: 138
[2026-10-02 17:41:57.076] [Bytes recibidos]: 128
[2026-10-02 17:41:57.076] [Bytes recibidos]: 160
[2026-10-02 17:41:57.076] [Bytes recibidos]: 128
[2026-10-02 17:41:57.076] [Bytes recibidos]: 128
[2026-10-02 17:41:57.076] [Bytes recibidos]: 27
[2026-10-02 17:41:57.076] [Bytes recibidos]: 81
[2026-10-02 17:41:57.076] [Bytes recibidos]: 54
[2026-10-02 17:41:57.076] [Bytes recibidos]: 67
[2026-10-02 17:41:57.076] [Bytes recibidos]: 13
[2026-10-02 17:41:57.077] [Data Recibida]: 104.07789987789988
[2026-10-02 17:41:57.077] [MIN]: -21
[2026-10-02 17:41:57.077] [MAX]: 121
[2026-10-02 17:41:57.077] [MAXBIN]: 4095
[2026-10-02 17:41:57.077] [Data Recibida]: -180.1159951159951
[2026-10-02 17:41:57.077] [MIN]: -181
[2026-10-02 17:41:57.077] [MAX]: 181
[2026-10-02 17:41:57.077] [MAXBIN]: 4095
[2026-10-02 17:41:57.077] [Data Recibida]: 0.7814407814407814
[2026-10-02 17:41:57.077] [MIN]: 0
[2026-10-02 17:41:57.077] [MAX]: 100
[2026-10-02 17:41:57.078] [MAXBIN]: 4095
[2026-10-02 17:41:57.078] [Data Recibida]: 43.13553113553114
[2026-10-02 17:41:57.078] [MIN]: 0
[2026-10-02 17:41:57.078] [MAX]: 120
[2026-10-02 17:41:57.078] [MAXBIN]: 4095
[2026-10-02 17:41:57.078] [Data Recibida]: 3.3943833943833943
[2026-10-02 17:41:57.078] [MIN]: 0
[2026-10-02 17:41:57.078] [MAX]: 20
[2026-10-02 17:41:57.078] [MAXBIN]: 4095
[2026-10-02 17:41:57.078] [Data Recibida]: 50.01221001221001
[2026-10-02 17:41:57.078] [MIN]: 0
[2026-10-02 17:41:57.079] [MAX]: 100
[2026-10-02 17:41:57.079] [MAXBIN]: 4095
[2026-10-02 17:41:57.079] [Data Recibida]: 0.0
[2026-10-02 17:41:57.079] [MIN]: 0
[2026-10-02 17:41:57.079] [MAX]: 20
[2026-10-02 17:41:57.079] [MAXBIN]: 4095
[2026-10-02 17:41:57.079] [Data Recibida]: 17.304029304029303
[2026-10-02 17:41:57.079] [MIN]: 0
[2026-10-02 17:41:57.079] [MAX]: 20
[2026-10-02 17:41:57.079] [MAXBIN]: 4095
[2026-10-02 17:41:59.950] Datos recibidos (5 bytes): 1B 51 36 43 0D
