[2026-10-02 12:32:40.075] Iniciando comunicación con Atlan A350 XL (8E1)...
[2026-10-02 12:32:40.080] Enviado: Q | HEX: 1B 51 36 43 0D
[2026-10-02 12:32:40.182] Recibido ASCII: <SOH>Q52<CR>
[2026-10-02 12:32:40.183] Recibido HEX: 01 51 35 32 0D
[2026-10-02 12:32:40.184] Enviado: R | HEX: 1B 52 36 44 0D
[2026-10-02 12:32:40.287] Recibido ASCII: <SOH>R5555'A3XX'02.11:0<ESC>R6D<CR>
[2026-10-02 12:32:40.287] Recibido HEX: 01 52 35 35 35 35 27 41 33 58 58 27 30 32 2E 31 31 3A 30 1B 52 36 44 0D
[2026-10-02 12:32:40.288] Enviado: S | HEX: 1B 53 36 45 0D
[2026-10-02 12:32:40.288] Recibido ASCII: 6.00B9<CR>
[2026-10-02 12:32:40.288] Recibido HEX: 36 2E 30 30 42 39 0D
[2026-10-02 12:32:40.289] Enviado:  | HEX: 01 15 31 36 0D
[2026-10-02 12:32:40.412] Recibido ASCII: <SOH>S00   20000-  21  121FFF01   20000- 1<ESC>R6D<CR>
[2026-10-02 12:32:40.413] Recibido HEX: 01 53 30 30 20 20 20 32 30 30 30 30 2D 20 20 32 31 20 20 31 32 31 46 46 46 30 31 20 20 20 32 30 30 30 30 2D 20 31 1B 52 36 44 0D
[2026-10-02 12:32:40.415] Enviado: T0001 | HEX: 1B 54 30 30 30 31 33 30 0D
[2026-10-02 12:32:40.481] Recibido ASCII: 81  181FFF05   20000    0  100FFF06   20000    0  120FFF07   20000    0   20FFF08   20000    0  100FFF0A   20000    0   20FFF2A   20000    0   20FFFF3<CR>
[2026-10-02 12:32:40.481] Recibido HEX: 38 31 20 20 31 38 31 46 46 46 30 35 20 20 20 32 30 30 30 30 20 20 20 20 30 20 20 31 30 30 46 46 46 30 36 20 20 20 32 30 30 30 30 20 20 20 20 30 20 20 31 32 30 46 46 46 30 37 20 20 20 32 30 30 30 30 20 20 20 20 30 20 20 20 32 30 46 46 46 30 38 20 20 20 32 30 30 30 30 20 20 20 20 30 20 20 31 30 30 46 46 46 30 41 20 20 20 32 30 30 30 30 20 20 20 20 30 20 20 20 32 30 46 46 46 32 41 20 20 20 32 30 30 30 30 20 20 20 20 30 20 20 20 32 30 46 46 46 46 33 0D
[2026-10-02 12:32:40.481] Enviado:  | HEX: 01 15 31 36 0D
[2026-10-02 12:32:40.482] Recibido ASCII: <SOH>T55<CR>
[2026-10-02 12:32:40.482] Recibido HEX: 01 54 35 35 0D
[2026-10-02 12:32:40.586] Datos recibidos (5 bytes): 1B 52 36 44 0D
[2026-10-02 12:32:40.587] [Bytes recibidos]: 27
[2026-10-02 12:32:40.588] [Bytes recibidos]: 82
[2026-10-02 12:32:40.588] [Bytes recibidos]: 54
[2026-10-02 12:32:40.588] [Bytes recibidos]: 68
[2026-10-02 12:32:40.588] [Bytes recibidos]: 13
[2026-10-02 12:32:40.590] [Data Recibida]: 19.88351648351648
[2026-10-02 12:32:44.163] Datos recibidos (5 bytes): 1B 51 36 43 0D
[2026-10-02 12:32:44.164] [Bytes recibidos]: 27
[2026-10-02 12:32:44.164] [Bytes recibidos]: 81
[2026-10-02 12:32:44.164] [Bytes recibidos]: 54
[2026-10-02 12:32:44.165] [Bytes recibidos]: 67
[2026-10-02 12:32:44.165] [Bytes recibidos]: 13
[2026-10-02 12:32:44.165] [Data Recibida]: 17.664224664224662
[2026-10-02 12:32:47.779] Datos recibidos (5 bytes): 1B 51 36 43 0D
[2026-10-02 12:32:47.779] [Bytes recibidos]: 27
[2026-10-02 12:32:47.781] [Bytes recibidos]: 81
[2026-10-02 12:32:47.781] [Bytes recibidos]: 54
[2026-10-02 12:32:47.781] [Bytes recibidos]: 67
[2026-10-02 12:32:47.781] [Bytes recibidos]: 13
[2026-10-02 12:32:47.781] [Data Recibida]: 17.664224664224662
[2026-10-02 12:32:51.377] Datos recibidos (5 bytes): 1B 51 36 43 0D
[2026-10-02 12:32:51.378] [Bytes recibidos]: 27
[2026-10-02 12:32:51.378] [Bytes recibidos]: 81
[2026-10-02 12:32:51.378] [Bytes recibidos]: 54
[2026-10-02 12:32:51.379] [Bytes recibidos]: 67
[2026-10-02 12:32:51.379] [Bytes recibidos]: 13
[2026-10-02 12:32:51.379] [Data Recibida]: 17.664224664224662
[2026-10-02 12:32:54.973] Datos recibidos (5 bytes): 1B 51 36 43 0D
[2026-10-02 12:32:54.974] [Bytes recibidos]: 27
[2026-10-02 12:32:54.974] [Bytes recibidos]: 81
[2026-10-02 12:32:54.974] [Bytes recibidos]: 54
[2026-10-02 12:32:54.974] [Bytes recibidos]: 67
[2026-10-02 12:32:54.974] [Bytes recibidos]: 13
[2026-10-02 12:32:54.975] [Data Recibida]: 17.664224664224662
[2026-10-02 12:32:58.569] Datos recibidos (5 bytes): 1B 51 36 43 0D
[2026-10-02 12:32:58.569] [Bytes recibidos]: 27
[2026-10-02 12:32:58.570] [Bytes recibidos]: 81
[2026-10-02 12:32:58.570] [Bytes recibidos]: 54
[2026-10-02 12:32:58.570] [Bytes recibidos]: 67
[2026-10-02 12:32:58.571] [Bytes recibidos]: 13
[2026-10-02 12:32:58.571] [Data Recibida]: 17.664224664224662
[2026-10-02 12:33:02.185] Datos recibidos (5 bytes): 1B 51 36 43 0D
[2026-10-02 12:33:02.185] [Bytes recibidos]: 27
[2026-10-02 12:33:02.186] [Bytes recibidos]: 81
[2026-10-02 12:33:02.186] [Bytes recibidos]: 54
[2026-10-02 12:33:02.186] [Bytes recibidos]: 67
[2026-10-02 12:33:02.186] [Bytes recibidos]: 13
[2026-10-02 12:33:02.187] [Data Recibida]: 17.664224664224662
[2026-10-02 12:33:05.777] Datos recibidos (5 bytes): 1B 51 36 43 0D
[2026-10-02 12:33:05.778] [Bytes recibidos]: 27
[2026-10-02 12:33:05.778] [Bytes recibidos]: 81
[2026-10-02 12:33:05.778] [Bytes recibidos]: 54
[2026-10-02 12:33:05.778] [Bytes recibidos]: 67
[2026-10-02 12:33:05.779] [Bytes recibidos]: 13
[2026-10-02 12:33:05.779] [Data Recibida]: 17.664224664224662
[2026-10-02 12:33:09.370] Datos recibidos (5 bytes): 1B 51 36 43 0D
[2026-10-02 12:33:09.371] [Bytes recibidos]: 27
[2026-10-02 12:33:09.371] [Bytes recibidos]: 81
[2026-10-02 12:33:09.371] [Bytes recibidos]: 54
[2026-10-02 12:33:09.372] [Bytes recibidos]: 67
[2026-10-02 12:33:09.372] [Bytes recibidos]: 13
[2026-10-02 12:33:09.372] [Data Recibida]: 17.664224664224662
[2026-10-02 12:33:12.984] Datos recibidos (5 bytes): 1B 51 36 43 0D
[2026-10-02 12:33:12.984] [Bytes recibidos]: 27
[2026-10-02 12:33:12.985] [Bytes recibidos]: 81
[2026-10-02 12:33:12.985] [Bytes recibidos]: 54
[2026-10-02 12:33:12.985] [Bytes recibidos]: 67
[2026-10-02 12:33:12.986] [Bytes recibidos]: 13
[2026-10-02 12:33:12.986] [Data Recibida]: 17.664224664224662
[2026-10-02 12:33:16.579] Datos recibidos (5 bytes): 1B 51 36 43 0D
[2026-10-02 12:33:16.579] [Bytes recibidos]: 27
[2026-10-02 12:33:16.579] [Bytes recibidos]: 81
[2026-10-02 12:33:16.580] [Bytes recibidos]: 54
[2026-10-02 12:33:16.580] [Bytes recibidos]: 67
[2026-10-02 12:33:16.580] [Bytes recibidos]: 13
[2026-10-02 12:33:16.580] [Data Recibida]: 17.664224664224662
[2026-10-02 12:33:20.172] Datos recibidos (5 bytes): 1B 51 36 43 0D
[2026-10-02 12:33:20.173] [Bytes recibidos]: 27
[2026-10-02 12:33:20.173] [Bytes recibidos]: 81
[2026-10-02 12:33:20.173] [Bytes recibidos]: 54
[2026-10-02 12:33:20.173] [Bytes recibidos]: 67
[2026-10-02 12:33:20.174] [Bytes recibidos]: 13
[2026-10-02 12:33:20.174] [Data Recibida]: 17.664224664224662
[2026-10-02 12:33:23.788] Datos recibidos (5 bytes): 1B 51 36 43 0D
[2026-10-02 12:33:23.789] [Bytes recibidos]: 27
[2026-10-02 12:33:23.789] [Bytes recibidos]: 81
[2026-10-02 12:33:23.789] [Bytes recibidos]: 54
[2026-10-02 12:33:23.790] [Bytes recibidos]: 67
[2026-10-02 12:33:23.790] [Bytes recibidos]: 13
[2026-10-02 12:33:23.790] [Data Recibida]: 17.664224664224662
[2026-10-02 12:33:27.364] Datos recibidos (5 bytes): 1B 51 36 43 0D
[2026-10-02 12:33:27.365] [Bytes recibidos]: 27
[2026-10-02 12:33:27.366] [Bytes recibidos]: 81
[2026-10-02 12:33:27.366] [Bytes recibidos]: 54
[2026-10-02 12:33:27.366] [Bytes recibidos]: 67
[2026-10-02 12:33:27.366] [Bytes recibidos]: 13
[2026-10-02 12:33:27.366] [Data Recibida]: 17.664224664224662
[2026-10-02 12:33:30.980] Datos recibidos (5 bytes): 1B 51 36 43 0D
[2026-10-02 12:33:30.980] [Bytes recibidos]: 27
[2026-10-02 12:33:30.980] [Bytes recibidos]: 81
[2026-10-02 12:33:30.980] [Bytes recibidos]: 54
[2026-10-02 12:33:30.980] [Bytes recibidos]: 67
[2026-10-02 12:33:30.981] [Bytes recibidos]: 13
[2026-10-02 12:33:30.981] [Data Recibida]: 17.664224664224662
[2026-10-02 12:33:34.574] Datos recibidos (5 bytes): 1B 51 36 43 0D
[2026-10-02 12:33:34.574] [Bytes recibidos]: 27
[2026-10-02 12:33:34.574] [Bytes recibidos]: 81
[2026-10-02 12:33:34.575] [Bytes recibidos]: 54
[2026-10-02 12:33:34.575] [Bytes recibidos]: 67
[2026-10-02 12:33:34.575] [Bytes recibidos]: 13
[2026-10-02 12:33:34.575] [Data Recibida]: 17.664224664224662
[2026-10-02 12:33:38.170] Datos recibidos (5 bytes): 1B 51 36 43 0D
[2026-10-02 12:33:38.170] [Bytes recibidos]: 27
[2026-10-02 12:33:38.171] [Bytes recibidos]: 81
[2026-10-02 12:33:38.171] [Bytes recibidos]: 54
[2026-10-02 12:33:38.171] [Bytes recibidos]: 67
[2026-10-02 12:33:38.171] [Bytes recibidos]: 13
[2026-10-02 12:33:38.171] [Data Recibida]: 17.664224664224662
[2026-10-02 12:33:41.783] Datos recibidos (5 bytes): 1B 51 36 43 0D
[2026-10-02 12:33:41.783] [Bytes recibidos]: 27
[2026-10-02 12:33:41.783] [Bytes recibidos]: 81
[2026-10-02 12:33:41.783] [Bytes recibidos]: 54
[2026-10-02 12:33:41.784] [Bytes recibidos]: 67
[2026-10-02 12:33:41.784] [Bytes recibidos]: 13
[2026-10-02 12:33:41.784] [Data Recibida]: 17.664224664224662
[2026-10-02 12:33:45.376] Datos recibidos (5 bytes): 1B 51 36 43 0D
[2026-10-02 12:33:45.377] [Bytes recibidos]: 27
[2026-10-02 12:33:45.377] [Bytes recibidos]: 81
[2026-10-02 12:33:45.377] [Bytes recibidos]: 54
[2026-10-02 12:33:45.377] [Bytes recibidos]: 67
[2026-10-02 12:33:45.377] [Bytes recibidos]: 13
[2026-10-02 12:33:45.378] [Data Recibida]: 17.664224664224662
[2026-10-02 12:33:48.969] Datos recibidos (5 bytes): 1B 51 36 43 0D
[2026-10-02 12:33:48.969] [Bytes recibidos]: 27
[2026-10-02 12:33:48.970] [Bytes recibidos]: 81
[2026-10-02 12:33:48.970] [Bytes recibidos]: 54
[2026-10-02 12:33:48.970] [Bytes recibidos]: 67
[2026-10-02 12:33:48.970] [Bytes recibidos]: 13
[2026-10-02 12:33:48.970] [Data Recibida]: 17.664224664224662
[2026-10-02 12:33:52.582] Datos recibidos (5 bytes): 1B 51 36 43 0D
[2026-10-02 12:33:52.582] [Bytes recibidos]: 27
[2026-10-02 12:33:52.583] [Bytes recibidos]: 81
[2026-10-02 12:33:52.583] [Bytes recibidos]: 54
[2026-10-02 12:33:52.583] [Bytes recibidos]: 67
[2026-10-02 12:33:52.583] [Bytes recibidos]: 13
[2026-10-02 12:33:52.583] [Data Recibida]: 17.664224664224662
[2026-10-02 12:33:56.175] Datos recibidos (5 bytes): 1B 51 36 43 0D
[2026-10-02 12:33:56.175] [Bytes recibidos]: 27
[2026-10-02 12:33:56.175] [Bytes recibidos]: 81
[2026-10-02 12:33:56.175] [Bytes recibidos]: 54
[2026-10-02 12:33:56.175] [Bytes recibidos]: 67
[2026-10-02 12:33:56.176] [Bytes recibidos]: 13
[2026-10-02 12:33:56.176] [Data Recibida]: 17.664224664224662
[2026-10-02 12:33:59.766] Datos recibidos (5 bytes): 1B 51 36 43 0D
[2026-10-02 12:33:59.767] [Bytes recibidos]: 27
[2026-10-02 12:33:59.767] [Bytes recibidos]: 81
[2026-10-02 12:33:59.767] [Bytes recibidos]: 54
[2026-10-02 12:33:59.767] [Bytes recibidos]: 67
[2026-10-02 12:33:59.768] [Bytes recibidos]: 13
[2026-10-02 12:33:59.768] [Data Recibida]: 17.664224664224662
[2026-10-02 12:34:03.379] Datos recibidos (5 bytes): 1B 51 36 43 0D
[2026-10-02 12:34:03.379] [Bytes recibidos]: 27
[2026-10-02 12:34:03.379] [Bytes recibidos]: 81
[2026-10-02 12:34:03.380] [Bytes recibidos]: 54
[2026-10-02 12:34:03.380] [Bytes recibidos]: 67
[2026-10-02 12:34:03.380] [Bytes recibidos]: 13
[2026-10-02 12:34:03.380] [Data Recibida]: 17.664224664224662
[2026-10-02 12:34:06.974] Datos recibidos (5 bytes): 1B 51 36 43 0D
[2026-10-02 12:34:06.974] [Bytes recibidos]: 27
[2026-10-02 12:34:06.974] [Bytes recibidos]: 81
[2026-10-02 12:34:06.975] [Bytes recibidos]: 54
[2026-10-02 12:34:06.975] [Bytes recibidos]: 67
[2026-10-02 12:34:06.975] [Bytes recibidos]: 13
[2026-10-02 12:34:06.975] [Data Recibida]: 17.664224664224662
[2026-10-02 12:34:10.568] Datos recibidos (5 bytes): 1B 51 36 43 0D
[2026-10-02 12:34:10.569] [Bytes recibidos]: 27
[2026-10-02 12:34:10.569] [Bytes recibidos]: 81
[2026-10-02 12:34:10.569] [Bytes recibidos]: 54
[2026-10-02 12:34:10.569] [Bytes recibidos]: 67
[2026-10-02 12:34:10.569] [Bytes recibidos]: 13
[2026-10-02 12:34:10.570] [Data Recibida]: 17.664224664224662
[2026-10-02 12:34:14.183] Datos recibidos (5 bytes): 1B 51 36 43 0D
[2026-10-02 12:34:14.183] [Bytes recibidos]: 27
[2026-10-02 12:34:14.183] [Bytes recibidos]: 81
[2026-10-02 12:34:14.184] [Bytes recibidos]: 54
[2026-10-02 12:34:14.184] [Bytes recibidos]: 67
[2026-10-02 12:34:14.184] [Bytes recibidos]: 13
[2026-10-02 12:34:14.184] [Data Recibida]: 17.664224664224662
[2026-10-02 12:34:17.778] Datos recibidos (5 bytes): 1B 51 36 43 0D
[2026-10-02 12:34:17.778] [Bytes recibidos]: 27
[2026-10-02 12:34:17.778] [Bytes recibidos]: 81
[2026-10-02 12:34:17.778] [Bytes recibidos]: 54
[2026-10-02 12:34:17.778] [Bytes recibidos]: 67
[2026-10-02 12:34:17.778] [Bytes recibidos]: 13
[2026-10-02 12:34:17.778] [Data Recibida]: 17.664224664224662
[2026-10-02 12:34:21.375] Datos recibidos (5 bytes): 1B 51 36 43 0D
[2026-10-02 12:34:21.376] [Bytes recibidos]: 27
[2026-10-02 12:34:21.376] [Bytes recibidos]: 81
[2026-10-02 12:34:21.376] [Bytes recibidos]: 54
[2026-10-02 12:34:21.376] [Bytes recibidos]: 67
[2026-10-02 12:34:21.376] [Bytes recibidos]: 13
[2026-10-02 12:34:21.377] [Data Recibida]: 17.664224664224662
[2026-10-02 12:34:24.972] Datos recibidos (5 bytes): 1B 51 36 43 0D
[2026-10-02 12:34:24.972] [Bytes recibidos]: 27
[2026-10-02 12:34:24.972] [Bytes recibidos]: 81
[2026-10-02 12:34:24.972] [Bytes recibidos]: 54
[2026-10-02 12:34:24.972] [Bytes recibidos]: 67
[2026-10-02 12:34:24.972] [Bytes recibidos]: 13
[2026-10-02 12:34:24.973] [Data Recibida]: 17.664224664224662
[2026-10-02 12:34:28.590] Datos recibidos (5 bytes): 1B 51 36 43 0D
[2026-10-02 12:34:28.590] [Bytes recibidos]: 27
[2026-10-02 12:34:28.591] [Bytes recibidos]: 81
[2026-10-02 12:34:28.591] [Bytes recibidos]: 54
[2026-10-02 12:34:28.591] [Bytes recibidos]: 67
[2026-10-02 12:34:28.591] [Bytes recibidos]: 13
[2026-10-02 12:34:28.591] [Data Recibida]: 17.664224664224662
[2026-10-02 12:34:32.166] Datos recibidos (5 bytes): 1B 51 36 43 0D
[2026-10-02 12:34:32.167] [Bytes recibidos]: 27
[2026-10-02 12:34:32.167] [Bytes recibidos]: 81
[2026-10-02 12:34:32.167] [Bytes recibidos]: 54
[2026-10-02 12:34:32.167] [Bytes recibidos]: 67
[2026-10-02 12:34:32.167] [Bytes recibidos]: 13
[2026-10-02 12:34:32.167] [Data Recibida]: 17.664224664224662
[2026-10-02 12:34:35.783] Datos recibidos (5 bytes): 1B 51 36 43 0D
[2026-10-02 12:34:35.784] [Bytes recibidos]: 27
[2026-10-02 12:34:35.784] [Bytes recibidos]: 81
[2026-10-02 12:34:35.784] [Bytes recibidos]: 54
[2026-10-02 12:34:35.784] [Bytes recibidos]: 67
[2026-10-02 12:34:35.784] [Bytes recibidos]: 13
[2026-10-02 12:34:35.785] [Data Recibida]: 17.664224664224662
[2026-10-02 12:34:39.378] Datos recibidos (5 bytes): 1B 51 36 43 0D
[2026-10-02 12:34:39.378] [Bytes recibidos]: 27
[2026-10-02 12:34:39.378] [Bytes recibidos]: 81
[2026-10-02 12:34:39.378] [Bytes recibidos]: 54
[2026-10-02 12:34:39.379] [Bytes recibidos]: 67
[2026-10-02 12:34:39.379] [Bytes recibidos]: 13
[2026-10-02 12:34:39.379] [Data Recibida]: 17.664224664224662
[2026-10-02 12:34:42.976] Datos recibidos (5 bytes): 1B 51 36 43 0D
[2026-10-02 12:34:42.976] [Bytes recibidos]: 27
[2026-10-02 12:34:42.976] [Bytes recibidos]: 81
[2026-10-02 12:34:42.976] [Bytes recibidos]: 54
[2026-10-02 12:34:42.976] [Bytes recibidos]: 67
[2026-10-02 12:34:42.977] [Bytes recibidos]: 13
[2026-10-02 12:34:42.977] [Data Recibida]: 17.664224664224662
[2026-10-02 12:34:46.573] Datos recibidos (5 bytes): 1B 51 36 43 0D
[2026-10-02 12:34:46.573] [Bytes recibidos]: 27
[2026-10-02 12:34:46.573] [Bytes recibidos]: 81
[2026-10-02 12:34:46.573] [Bytes recibidos]: 54
[2026-10-02 12:34:46.573] [Bytes recibidos]: 67
[2026-10-02 12:34:46.573] [Bytes recibidos]: 13
[2026-10-02 12:34:46.573] [Data Recibida]: 17.664224664224662
[2026-10-02 12:34:50.188] Datos recibidos (5 bytes): 1B 51 36 43 0D
[2026-10-02 12:34:50.189] [Bytes recibidos]: 27
[2026-10-02 12:34:50.189] [Bytes recibidos]: 81
[2026-10-02 12:34:50.189] [Bytes recibidos]: 54
[2026-10-02 12:34:50.189] [Bytes recibidos]: 67
[2026-10-02 12:34:50.189] [Bytes recibidos]: 13
[2026-10-02 12:34:50.189] [Data Recibida]: 17.664224664224662
[2026-10-02 12:34:53.765] Datos recibidos (5 bytes): 1B 51 36 43 0D
[2026-10-02 12:34:53.765] [Bytes recibidos]: 27
[2026-10-02 12:34:53.765] [Bytes recibidos]: 81
[2026-10-02 12:34:53.765] [Bytes recibidos]: 54
[2026-10-02 12:34:53.765] [Bytes recibidos]: 67
[2026-10-02 12:34:53.766] [Bytes recibidos]: 13
[2026-10-02 12:34:53.766] [Data Recibida]: 17.664224664224662
[2026-10-02 12:34:57.381] Datos recibidos (5 bytes): 1B 51 36 43 0D
[2026-10-02 12:34:57.381] [Bytes recibidos]: 27
[2026-10-02 12:34:57.381] [Bytes recibidos]: 81
[2026-10-02 12:34:57.381] [Bytes recibidos]: 54
[2026-10-02 12:34:57.382] [Bytes recibidos]: 67
[2026-10-02 12:34:57.382] [Bytes recibidos]: 13
[2026-10-02 12:34:57.382] [Data Recibida]: 17.664224664224662
[2026-10-02 12:35:00.975] Datos recibidos (5 bytes): 1B 51 36 43 0D
[2026-10-02 12:35:00.976] [Bytes recibidos]: 27
[2026-10-02 12:35:00.976] [Bytes recibidos]: 81
[2026-10-02 12:35:00.976] [Bytes recibidos]: 54
[2026-10-02 12:35:00.976] [Bytes recibidos]: 67
[2026-10-02 12:35:00.976] [Bytes recibidos]: 13
[2026-10-02 12:35:00.976] [Data Recibida]: 17.664224664224662
[2026-10-02 12:35:04.570] Datos recibidos (5 bytes): 1B 51 36 43 0D
[2026-10-02 12:35:04.570] [Bytes recibidos]: 27
[2026-10-02 12:35:04.570] [Bytes recibidos]: 81
[2026-10-02 12:35:04.571] [Bytes recibidos]: 54
[2026-10-02 12:35:04.571] [Bytes recibidos]: 67
[2026-10-02 12:35:04.571] [Bytes recibidos]: 13
[2026-10-02 12:35:04.571] [Data Recibida]: 17.664224664224662
[2026-10-02 12:35:08.187] Datos recibidos (5 bytes): 1B 51 36 43 0D
[2026-10-02 12:35:08.188] [Bytes recibidos]: 27
[2026-10-02 12:35:08.189] [Bytes recibidos]: 81
[2026-10-02 12:35:08.189] [Bytes recibidos]: 54
[2026-10-02 12:35:08.190] [Bytes recibidos]: 67
[2026-10-02 12:35:08.190] [Bytes recibidos]: 13
[2026-10-02 12:35:08.190] [Data Recibida]: 17.664224664224662
[2026-10-02 12:35:11.784] Datos recibidos (5 bytes): 1B 51 36 43 0D
[2026-10-02 12:35:11.784] [Bytes recibidos]: 27
[2026-10-02 12:35:11.784] [Bytes recibidos]: 81
[2026-10-02 12:35:11.785] [Bytes recibidos]: 54
[2026-10-02 12:35:11.785] [Bytes recibidos]: 67
[2026-10-02 12:35:11.785] [Bytes recibidos]: 13
[2026-10-02 12:35:11.785] [Data Recibida]: 17.664224664224662
[2026-10-02 12:35:15.379] Datos recibidos (5 bytes): 1B 51 36 43 0D
[2026-10-02 12:35:15.379] [Bytes recibidos]: 27
[2026-10-02 12:35:15.379] [Bytes recibidos]: 81
[2026-10-02 12:35:15.379] [Bytes recibidos]: 54
[2026-10-02 12:35:15.380] [Bytes recibidos]: 67
[2026-10-02 12:35:15.380] [Bytes recibidos]: 13
[2026-10-02 12:35:15.380] [Data Recibida]: 17.664224664224662
[2026-10-02 12:35:18.974] Datos recibidos (5 bytes): 1B 51 36 43 0D
[2026-10-02 12:35:18.974] [Bytes recibidos]: 27
[2026-10-02 12:35:18.976] [Bytes recibidos]: 81
[2026-10-02 12:35:18.976] [Bytes recibidos]: 54
[2026-10-02 12:35:18.976] [Bytes recibidos]: 67
[2026-10-02 12:35:18.976] [Bytes recibidos]: 13
[2026-10-02 12:35:18.976] [Data Recibida]: 17.664224664224662
[2026-10-02 12:35:22.589] Datos recibidos (5 bytes): 1B 51 36 43 0D
[2026-10-02 12:35:22.590] [Bytes recibidos]: 27
[2026-10-02 12:35:22.590] [Bytes recibidos]: 81
[2026-10-02 12:35:22.590] [Bytes recibidos]: 54
[2026-10-02 12:35:22.590] [Bytes recibidos]: 67
[2026-10-02 12:35:22.590] [Bytes recibidos]: 13
[2026-10-02 12:35:22.590] [Data Recibida]: 17.664224664224662
[2026-10-02 12:35:26.165] Datos recibidos (5 bytes): 1B 51 36 43 0D
[2026-10-02 12:35:26.166] [Bytes recibidos]: 27
[2026-10-02 12:35:26.166] [Bytes recibidos]: 81
[2026-10-02 12:35:26.166] [Bytes recibidos]: 54
[2026-10-02 12:35:26.166] [Bytes recibidos]: 67
[2026-10-02 12:35:26.166] [Bytes recibidos]: 13
[2026-10-02 12:35:26.166] [Data Recibida]: 17.664224664224662
[2026-10-02 12:35:29.780] Datos recibidos (5 bytes): 1B 51 36 43 0D
[2026-10-02 12:35:29.780] [Bytes recibidos]: 27
[2026-10-02 12:35:29.780] [Bytes recibidos]: 81
[2026-10-02 12:35:29.780] [Bytes recibidos]: 54
[2026-10-02 12:35:29.780] [Bytes recibidos]: 67
[2026-10-02 12:35:29.780] [Bytes recibidos]: 13
[2026-10-02 12:35:29.781] [Data Recibida]: 17.664224664224662
[2026-10-02 12:35:33.377] Datos recibidos (5 bytes): 1B 51 36 43 0D
[2026-10-02 12:35:33.377] [Bytes recibidos]: 27
[2026-10-02 12:35:33.377] [Bytes recibidos]: 81
[2026-10-02 12:35:33.377] [Bytes recibidos]: 54
[2026-10-02 12:35:33.378] [Bytes recibidos]: 67
[2026-10-02 12:35:33.378] [Bytes recibidos]: 13
[2026-10-02 12:35:33.378] [Data Recibida]: 17.664224664224662
[2026-10-02 12:35:36.972] Datos recibidos (5 bytes): 1B 51 36 43 0D
[2026-10-02 12:35:36.972] [Bytes recibidos]: 27
[2026-10-02 12:35:36.972] [Bytes recibidos]: 81
[2026-10-02 12:35:36.972] [Bytes recibidos]: 54
[2026-10-02 12:35:36.973] [Bytes recibidos]: 67
[2026-10-02 12:35:36.973] [Bytes recibidos]: 13
[2026-10-02 12:35:36.973] [Data Recibida]: 17.664224664224662
[2026-10-02 12:35:40.586] Datos recibidos (5 bytes): 1B 51 36 43 0D
[2026-10-02 12:35:40.587] [Bytes recibidos]: 27
[2026-10-02 12:35:40.587] [Bytes recibidos]: 81
[2026-10-02 12:35:40.587] [Bytes recibidos]: 54
[2026-10-02 12:35:40.587] [Bytes recibidos]: 67
[2026-10-02 12:35:40.587] [Bytes recibidos]: 13
[2026-10-02 12:35:40.587] [Data Recibida]: 17.664224664224662
[2026-10-02 12:35:44.181] Datos recibidos (5 bytes): 1B 51 36 43 0D
[2026-10-02 12:35:44.182] [Bytes recibidos]: 27
[2026-10-02 12:35:44.182] [Bytes recibidos]: 81
[2026-10-02 12:35:44.182] [Bytes recibidos]: 54
[2026-10-02 12:35:44.182] [Bytes recibidos]: 67
[2026-10-02 12:35:44.182] [Bytes recibidos]: 13
[2026-10-02 12:35:44.182] [Data Recibida]: 17.664224664224662
[2026-10-02 12:35:47.776] Datos recibidos (5 bytes): 1B 51 36 43 0D
[2026-10-02 12:35:47.777] [Bytes recibidos]: 27
[2026-10-02 12:35:47.777] [Bytes recibidos]: 81
[2026-10-02 12:35:47.777] [Bytes recibidos]: 54
[2026-10-02 12:35:47.777] [Bytes recibidos]: 67
[2026-10-02 12:35:47.777] [Bytes recibidos]: 13
[2026-10-02 12:35:47.777] [Data Recibida]: 17.664224664224662
