[2026-10-02 14:02:45.381] Iniciando comunicación con Atlan A350 XL (8E1)...
[2026-10-02 14:02:45.391] Enviado: Q | HEX: 1B 51 36 43 0D
[2026-10-02 14:02:45.434] Recibido ASCII: <SOH>Q52<CR>
[2026-10-02 14:02:45.435] Recibido HEX: 01 51 35 32 0D
[2026-10-02 14:02:45.437] Enviado: S | HEX: 1B 53 36 45 0D
[2026-10-02 14:02:45.540] Recibido ASCII: <SOH>S00   20000-  21  <ESC>R6D<CR>
[2026-10-02 14:02:45.541] Recibido HEX: 01 53 30 30 20 20 20 32 30 30 30 30 2D 20 20 32 31 20 20 1B 52 36 44 0D
[2026-10-02 14:02:45.543] Sin registros de realtime configuration, se omite el paso <54H>
[2026-10-02 14:02:45.548] Datos recibidos (11 bytes): 31 32 31 46 46 46 30 31 20 20 20
[2026-10-02 14:02:45.551] [Bytes recibidos]: 49
[2026-10-02 14:02:45.552] [Bytes recibidos]: 50
[2026-10-02 14:02:45.552] [Bytes recibidos]: 49
[2026-10-02 14:02:45.553] [Bytes recibidos]: 70
[2026-10-02 14:02:45.553] [Bytes recibidos]: 70
[2026-10-02 14:02:45.553] [Bytes recibidos]: 70
[2026-10-02 14:02:45.554] [Bytes recibidos]: 48
[2026-10-02 14:02:45.554] [Bytes recibidos]: 49
[2026-10-02 14:02:45.555] [Bytes recibidos]: 32
[2026-10-02 14:02:45.555] [Bytes recibidos]: 32
[2026-10-02 14:02:45.555] [Bytes recibidos]: 32
[2026-10-02 14:02:47.557] Enviado: S | HEX: 1B 53 36 45 0D
[2026-10-02 14:02:47.566] Recibido ASCII: 20000- 181  181FFF05   20000    0  100FFF06   20000    0  120FFF07   20000    0   20FFF08   20000    0  100FFF0A   20000    0   20FFF2A   20000    0   20FFFF3<CR>
[2026-10-02 14:02:47.567] Recibido HEX: 32 30 30 30 30 2D 20 31 38 31 20 20 31 38 31 46 46 46 30 35 20 20 20 32 30 30 30 30 20 20 20 20 30 20 20 31 30 30 46 46 46 30 36 20 20 20 32 30 30 30 30 20 20 20 20 30 20 20 31 32 30 46 46 46 30 37 20 20 20 32 30 30 30 30 20 20 20 20 30 20 20 20 32 30 46 46 46 30 38 20 20 20 32 30 30 30 30 20 20 20 20 30 20 20 31 30 30 46 46 46 30 41 20 20 20 32 30 30 30 30 20 20 20 20 30 20 20 20 32 30 46 46 46 32 41 20 20 20 32 30 30 30 30 20 20 20 20 30 20 20 20 32 30 46 46 46 46 33 0D
[2026-10-02 14:02:47.568] Enviado:  | HEX: 01 15 31 36 0D
[2026-10-02 14:02:47.653] Recibido ASCII: <SOH>S00   20000-  21  121FFF01   20000- 1<ESC>R6D<CR>
[2026-10-02 14:02:47.653] Recibido HEX: 01 53 30 30 20 20 20 32 30 30 30 30 2D 20 20 32 31 20 20 31 32 31 46 46 46 30 31 20 20 20 32 30 30 30 30 2D 20 31 1B 52 36 44 0D
[2026-10-02 14:02:47.657] Enviado: T0001 | HEX: 1B 54 30 30 30 31 33 30 0D
[2026-10-02 14:02:47.745] Recibido ASCII: 81  181FFF05   20000    0  100FFF06   20000    0  120FFF07   20000    0   20FFF08   20000    0  100FFF0A   20000    0   20FFF2A   20000    0   20FFFF3<CR>
[2026-10-02 14:02:47.746] Recibido HEX: 38 31 20 20 31 38 31 46 46 46 30 35 20 20 20 32 30 30 30 30 20 20 20 20 30 20 20 31 30 30 46 46 46 30 36 20 20 20 32 30 30 30 30 20 20 20 20 30 20 20 31 32 30 46 46 46 30 37 20 20 20 32 30 30 30 30 20 20 20 20 30 20 20 20 32 30 46 46 46 30 38 20 20 20 32 30 30 30 30 20 20 20 20 30 20 20 31 30 30 46 46 46 30 41 20 20 20 32 30 30 30 30 20 20 20 20 30 20 20 20 32 30 46 46 46 32 41 20 20 20 32 30 30 30 30 20 20 20 20 30 20 20 20 32 30 46 46 46 46 33 0D
[2026-10-02 14:02:47.747] Enviado:  | HEX: 01 15 31 36 0D
[2026-10-02 14:02:47.747] Recibido ASCII: <SOH>T55<CR>
[2026-10-02 14:02:47.748] Recibido HEX: 01 54 35 35 0D
[2026-10-02 14:02:47.830] Datos recibidos (5 bytes): 1B 52 36 44 0D
[2026-10-02 14:02:47.830] [Bytes recibidos]: 27
[2026-10-02 14:02:47.830] [Bytes recibidos]: 82
[2026-10-02 14:02:47.831] [Bytes recibidos]: 54
[2026-10-02 14:02:47.831] [Bytes recibidos]: 68
[2026-10-02 14:02:47.832] [Bytes recibidos]: 13
[2026-10-02 14:02:47.835] [Data Recibida]: 19.88351648351648
[2026-10-02 14:02:47.836] [MIN]: -21
[2026-10-02 14:02:47.836] [MAX]: 121
[2026-10-02 14:02:47.837] [MAXBIN]: 4095
[2026-10-02 14:02:51.029] Datos recibidos (1 bytes): 1B
[2026-10-02 14:02:51.029] [Bytes recibidos]: 27
[2026-10-02 14:02:53.031] Datos recibidos (4 bytes): 51 36 43 0D
[2026-10-02 14:02:53.031] [Bytes recibidos]: 81
[2026-10-02 14:02:53.032] [Bytes recibidos]: 54
[2026-10-02 14:02:53.032] [Bytes recibidos]: 67
[2026-10-02 14:02:53.033] [Bytes recibidos]: 13
[2026-10-02 14:02:53.033] [Data Recibida]: 99.43125763125764
[2026-10-02 14:02:53.034] [MIN]: -21
[2026-10-02 14:02:53.034] [MAX]: 121
[2026-10-02 14:02:53.035] [MAXBIN]: 4095
[2026-10-02 14:02:55.036] Datos recibidos (5 bytes): 1B 51 36 43 0D
[2026-10-02 14:02:55.037] [Bytes recibidos]: 27
[2026-10-02 14:02:55.037] [Bytes recibidos]: 81
[2026-10-02 14:02:55.038] [Bytes recibidos]: 54
[2026-10-02 14:02:55.038] [Bytes recibidos]: 67
[2026-10-02 14:02:55.039] [Bytes recibidos]: 13
[2026-10-02 14:02:55.039] [Data Recibida]: 17.664224664224662
[2026-10-02 14:02:55.040] [MIN]: -21
[2026-10-02 14:02:55.040] [MAX]: 121
[2026-10-02 14:02:55.041] [MAXBIN]: 4095
[2026-10-02 14:02:58.235] Datos recibidos (5 bytes): 1B 51 36 43 0D
[2026-10-02 14:02:58.236] [Bytes recibidos]: 27
[2026-10-02 14:02:58.237] [Bytes recibidos]: 81
[2026-10-02 14:02:58.238] [Bytes recibidos]: 54
[2026-10-02 14:02:58.238] [Bytes recibidos]: 67
[2026-10-02 14:02:58.238] [Bytes recibidos]: 13
[2026-10-02 14:02:58.239] [Data Recibida]: 17.664224664224662
[2026-10-02 14:02:58.239] [MIN]: -21
[2026-10-02 14:02:58.239] [MAX]: 121
[2026-10-02 14:02:58.240] [MAXBIN]: 4095
[2026-10-02 14:03:01.818] Datos recibidos (1 bytes): 1B
[2026-10-02 14:03:01.818] [Bytes recibidos]: 27
[2026-10-02 14:03:03.819] Datos recibidos (4 bytes): 51 36 43 0D
[2026-10-02 14:03:03.820] [Bytes recibidos]: 81
[2026-10-02 14:03:03.820] [Bytes recibidos]: 54
[2026-10-02 14:03:03.820] [Bytes recibidos]: 67
[2026-10-02 14:03:03.821] [Bytes recibidos]: 13
[2026-10-02 14:03:03.821] [Data Recibida]: 99.43125763125764
[2026-10-02 14:03:03.821] [MIN]: -21
[2026-10-02 14:03:03.822] [MAX]: 121
[2026-10-02 14:03:03.822] [MAXBIN]: 4095
[2026-10-02 14:03:05.823] Datos recibidos (5 bytes): 1B 51 36 43 0D
[2026-10-02 14:03:05.824] [Bytes recibidos]: 27
[2026-10-02 14:03:05.824] [Bytes recibidos]: 81
[2026-10-02 14:03:05.825] [Bytes recibidos]: 54
[2026-10-02 14:03:05.825] [Bytes recibidos]: 67
[2026-10-02 14:03:05.825] [Bytes recibidos]: 13
[2026-10-02 14:03:05.826] [Data Recibida]: 17.664224664224662
[2026-10-02 14:03:05.826] [MIN]: -21
[2026-10-02 14:03:05.826] [MAX]: 121
[2026-10-02 14:03:05.827] [MAXBIN]: 4095
[2026-10-02 14:03:09.040] Datos recibidos (5 bytes): 1B 51 36 43 0D
[2026-10-02 14:03:09.040] [Bytes recibidos]: 27
[2026-10-02 14:03:09.042] [Bytes recibidos]: 81
[2026-10-02 14:03:09.042] [Bytes recibidos]: 54
[2026-10-02 14:03:09.042] [Bytes recibidos]: 67
[2026-10-02 14:03:09.043] [Bytes recibidos]: 13
[2026-10-02 14:03:09.043] [Data Recibida]: 17.664224664224662
[2026-10-02 14:03:09.043] [MIN]: -21
[2026-10-02 14:03:09.044] [MAX]: 121
[2026-10-02 14:03:09.044] [MAXBIN]: 4095
[2026-10-02 14:03:12.622] Datos recibidos (1 bytes): 1B
[2026-10-02 14:03:12.622] [Bytes recibidos]: 27
[2026-10-02 14:03:14.623] Datos recibidos (4 bytes): 51 36 43 0D
[2026-10-02 14:03:14.623] [Bytes recibidos]: 81
[2026-10-02 14:03:14.625] [Bytes recibidos]: 54
[2026-10-02 14:03:14.625] [Bytes recibidos]: 67
[2026-10-02 14:03:14.626] [Bytes recibidos]: 13
[2026-10-02 14:03:14.626] [Data Recibida]: 99.43125763125764
[2026-10-02 14:03:14.626] [MIN]: -21
[2026-10-02 14:03:14.627] [MAX]: 121
[2026-10-02 14:03:14.627] [MAXBIN]: 4095
[2026-10-02 14:03:16.628] Datos recibidos (5 bytes): 1B 51 36 43 0D
[2026-10-02 14:03:16.628] [Bytes recibidos]: 27
[2026-10-02 14:03:16.629] [Bytes recibidos]: 81
[2026-10-02 14:03:16.629] [Bytes recibidos]: 54
[2026-10-02 14:03:16.629] [Bytes recibidos]: 67
[2026-10-02 14:03:16.629] [Bytes recibidos]: 13
[2026-10-02 14:03:16.630] [Data Recibida]: 17.664224664224662
[2026-10-02 14:03:16.630] [MIN]: -21
[2026-10-02 14:03:16.630] [MAX]: 121
[2026-10-02 14:03:16.631] [MAXBIN]: 4095
