[2026-10-02 17:39:50.799] Iniciando comunicación con Atlan A350 XL (8E1)...
[2026-10-02 17:39:50.811] Enviado: Q | HEX: 1B 51 36 43 0D
[2026-10-02 17:39:50.935] Recibido ASCII: <SOH>Q52<CR>
[2026-10-02 17:39:50.936] Recibido HEX: 01 51 35 32 0D
[2026-10-02 17:39:51.939] Enviado: R | HEX: 1B 52 36 44 0D
[2026-10-02 17:39:51.941] Recibido ASCII: <ESC>R6D<CR>
[2026-10-02 17:39:51.942] Recibido HEX: 1B 52 36 44 0D
[2026-10-02 17:39:52.943] Enviado: R | HEX: 01 52 35 33 0D
[2026-10-02 17:39:52.946] Recibido ASCII: <SOH>R5555'A3XX'02.11:06.00B9<CR>
[2026-10-02 17:39:52.947] Recibido HEX: 01 52 35 35 35 35 27 41 33 58 58 27 30 32 2E 31 31 3A 30 36 2E 30 30 42 39 0D
[2026-10-02 17:39:52.951] Enviado: S | HEX: 1B 53 36 45 0D
[2026-10-02 17:39:53.034] Recibido ASCII: <ESC>)44<CR>
[2026-10-02 17:39:53.034] Recibido HEX: 1B 29 34 34 0D
[2026-10-02 17:39:54.036] Sin registros de realtime configuration, se omite el paso <54H>
[2026-10-02 17:39:54.052] Datos recibidos (189 bytes): 01 53 30 30 20 20 20 32 30 30 30 30 2D 20 20 32 31 20 20 31 32 31 46 46 46 30 31 20 20 20 32 30 30 30 30 2D 20 31 38 31 20 20 31 38 31 46 46 46 30 35 20 20 20 32 30 30 30 30 20 20 20 20 30 20 20 31 30 30 46 46 46 30 36 20 20 20 32 30 30 30 30 20 20 20 20 30 20 20 31 32 30 46 46 46 30 37 20 20 20 32 30 30 30 30 20 20 20 20 30 20 20 20 32 30 46 46 46 30 38 20 20 20 32 30 30 30 30 20 20 20 20 30 20 20 31 30 30 46 46 46 30 41 20 20 20 32 30 30 30 30 20 20 20 20 30 20 20 20 32 30 46 46 46 32 41 20 20 20 32 30 30 30 30 20 20 20 20 30 20 20 20 32 30 46 46 46 46 33 0D
[2026-10-02 17:39:54.054] [Bytes recibidos]: 1
[2026-10-02 17:39:54.054] [Bytes recibidos]: 83
[2026-10-02 17:39:54.054] [Bytes recibidos]: 48
[2026-10-02 17:39:54.055] [Bytes recibidos]: 48
[2026-10-02 17:39:54.055] [Bytes recibidos]: 32
[2026-10-02 17:39:54.056] [Bytes recibidos]: 32
[2026-10-02 17:39:54.056] [Bytes recibidos]: 32
[2026-10-02 17:39:54.057] [Bytes recibidos]: 50
[2026-10-02 17:39:54.057] [Bytes recibidos]: 48
[2026-10-02 17:39:54.058] [Bytes recibidos]: 48
[2026-10-02 17:39:54.058] [Bytes recibidos]: 48
[2026-10-02 17:39:54.058] [Bytes recibidos]: 48
[2026-10-02 17:39:54.059] [Bytes recibidos]: 45
[2026-10-02 17:39:54.060] [Bytes recibidos]: 32
[2026-10-02 17:39:54.060] [Bytes recibidos]: 32
[2026-10-02 17:39:54.061] [Bytes recibidos]: 50
[2026-10-02 17:39:54.061] [Bytes recibidos]: 49
[2026-10-02 17:39:54.062] [Bytes recibidos]: 32
[2026-10-02 17:39:54.062] [Bytes recibidos]: 32
[2026-10-02 17:39:54.062] [Bytes recibidos]: 49
[2026-10-02 17:39:54.063] [Bytes recibidos]: 50
[2026-10-02 17:39:54.063] [Bytes recibidos]: 49
[2026-10-02 17:39:54.064] [Bytes recibidos]: 70
[2026-10-02 17:39:54.064] [Bytes recibidos]: 70
[2026-10-02 17:39:54.064] [Bytes recibidos]: 70
[2026-10-02 17:39:54.065] [Bytes recibidos]: 48
[2026-10-02 17:39:54.066] [Bytes recibidos]: 49
[2026-10-02 17:39:54.066] [Bytes recibidos]: 32
[2026-10-02 17:39:54.066] [Bytes recibidos]: 32
[2026-10-02 17:39:54.067] [Bytes recibidos]: 32
[2026-10-02 17:39:54.067] [Bytes recibidos]: 50
[2026-10-02 17:39:54.068] [Bytes recibidos]: 48
[2026-10-02 17:39:54.068] [Bytes recibidos]: 48
[2026-10-02 17:39:54.068] [Bytes recibidos]: 48
[2026-10-02 17:39:54.069] [Bytes recibidos]: 48
[2026-10-02 17:39:54.069] [Bytes recibidos]: 45
[2026-10-02 17:39:54.070] [Bytes recibidos]: 32
[2026-10-02 17:39:54.070] [Bytes recibidos]: 49
[2026-10-02 17:39:54.070] [Bytes recibidos]: 56
[2026-10-02 17:39:54.071] [Bytes recibidos]: 49
[2026-10-02 17:39:54.071] [Bytes recibidos]: 32
[2026-10-02 17:39:54.072] [Bytes recibidos]: 32
[2026-10-02 17:39:54.072] [Bytes recibidos]: 49
[2026-10-02 17:39:54.073] [Bytes recibidos]: 56
[2026-10-02 17:39:54.073] [Bytes recibidos]: 49
[2026-10-02 17:39:54.073] [Bytes recibidos]: 70
[2026-10-02 17:39:54.074] [Bytes recibidos]: 70
[2026-10-02 17:39:54.075] [Bytes recibidos]: 70
[2026-10-02 17:39:54.075] [Bytes recibidos]: 48
[2026-10-02 17:39:54.075] [Bytes recibidos]: 53
[2026-10-02 17:39:54.076] [Bytes recibidos]: 32
[2026-10-02 17:39:54.076] [Bytes recibidos]: 32
[2026-10-02 17:39:54.077] [Bytes recibidos]: 32
[2026-10-02 17:39:54.077] [Bytes recibidos]: 50
[2026-10-02 17:39:54.078] [Bytes recibidos]: 48
[2026-10-02 17:39:54.078] [Bytes recibidos]: 48
[2026-10-02 17:39:54.079] [Bytes recibidos]: 48
[2026-10-02 17:39:54.079] [Bytes recibidos]: 48
[2026-10-02 17:39:54.080] [Bytes recibidos]: 32
[2026-10-02 17:39:54.080] [Bytes recibidos]: 32
[2026-10-02 17:39:54.081] [Bytes recibidos]: 32
[2026-10-02 17:39:54.081] [Bytes recibidos]: 32
[2026-10-02 17:39:54.082] [Bytes recibidos]: 48
[2026-10-02 17:39:54.082] [Bytes recibidos]: 32
[2026-10-02 17:39:54.083] [Bytes recibidos]: 32
[2026-10-02 17:39:54.083] [Bytes recibidos]: 49
[2026-10-02 17:39:54.084] [Bytes recibidos]: 48
[2026-10-02 17:39:54.084] [Bytes recibidos]: 48
[2026-10-02 17:39:54.085] [Bytes recibidos]: 70
[2026-10-02 17:39:54.085] [Bytes recibidos]: 70
[2026-10-02 17:39:54.085] [Bytes recibidos]: 70
[2026-10-02 17:39:54.086] [Bytes recibidos]: 48
[2026-10-02 17:39:54.086] [Bytes recibidos]: 54
[2026-10-02 17:39:54.087] [Bytes recibidos]: 32
[2026-10-02 17:39:54.087] [Bytes recibidos]: 32
[2026-10-02 17:39:54.087] [Bytes recibidos]: 32
[2026-10-02 17:39:54.088] [Bytes recibidos]: 50
[2026-10-02 17:39:54.088] [Bytes recibidos]: 48
[2026-10-02 17:39:54.089] [Bytes recibidos]: 48
[2026-10-02 17:39:54.089] [Bytes recibidos]: 48
[2026-10-02 17:39:54.089] [Bytes recibidos]: 48
[2026-10-02 17:39:54.090] [Bytes recibidos]: 32
[2026-10-02 17:39:54.090] [Bytes recibidos]: 32
[2026-10-02 17:39:54.091] [Bytes recibidos]: 32
[2026-10-02 17:39:54.091] [Bytes recibidos]: 32
[2026-10-02 17:39:54.092] [Bytes recibidos]: 48
[2026-10-02 17:39:54.092] [Bytes recibidos]: 32
[2026-10-02 17:39:54.093] [Bytes recibidos]: 32
[2026-10-02 17:39:54.093] [Bytes recibidos]: 49
[2026-10-02 17:39:54.094] [Bytes recibidos]: 50
[2026-10-02 17:39:54.094] [Bytes recibidos]: 48
[2026-10-02 17:39:54.095] [Bytes recibidos]: 70
[2026-10-02 17:39:54.095] [Bytes recibidos]: 70
[2026-10-02 17:39:54.096] [Bytes recibidos]: 70
[2026-10-02 17:39:54.096] [Bytes recibidos]: 48
[2026-10-02 17:39:54.097] [Bytes recibidos]: 55
[2026-10-02 17:39:54.097] [Bytes recibidos]: 32
[2026-10-02 17:39:54.097] [Bytes recibidos]: 32
[2026-10-02 17:39:54.098] [Bytes recibidos]: 32
[2026-10-02 17:39:54.099] [Bytes recibidos]: 50
[2026-10-02 17:39:54.099] [Bytes recibidos]: 48
[2026-10-02 17:39:54.099] [Bytes recibidos]: 48
[2026-10-02 17:39:54.100] [Bytes recibidos]: 48
[2026-10-02 17:39:54.100] [Bytes recibidos]: 48
[2026-10-02 17:39:54.100] [Bytes recibidos]: 32
[2026-10-02 17:39:54.101] [Bytes recibidos]: 32
[2026-10-02 17:39:54.101] [Bytes recibidos]: 32
[2026-10-02 17:39:54.102] [Bytes recibidos]: 32
[2026-10-02 17:39:54.102] [Bytes recibidos]: 48
[2026-10-02 17:39:54.102] [Bytes recibidos]: 32
[2026-10-02 17:39:54.103] [Bytes recibidos]: 32
[2026-10-02 17:39:54.103] [Bytes recibidos]: 32
[2026-10-02 17:39:54.104] [Bytes recibidos]: 50
[2026-10-02 17:39:54.104] [Bytes recibidos]: 48
[2026-10-02 17:39:54.105] [Bytes recibidos]: 70
[2026-10-02 17:39:54.105] [Bytes recibidos]: 70
[2026-10-02 17:39:54.105] [Bytes recibidos]: 70
[2026-10-02 17:39:54.106] [Bytes recibidos]: 48
[2026-10-02 17:39:54.106] [Bytes recibidos]: 56
[2026-10-02 17:39:54.106] [Bytes recibidos]: 32
[2026-10-02 17:39:54.107] [Bytes recibidos]: 32
[2026-10-02 17:39:54.107] [Bytes recibidos]: 32
[2026-10-02 17:39:54.108] [Bytes recibidos]: 50
[2026-10-02 17:39:54.108] [Bytes recibidos]: 48
[2026-10-02 17:39:54.109] [Bytes recibidos]: 48
[2026-10-02 17:39:54.109] [Bytes recibidos]: 48
[2026-10-02 17:39:54.109] [Bytes recibidos]: 48
[2026-10-02 17:39:54.110] [Bytes recibidos]: 32
[2026-10-02 17:39:54.110] [Bytes recibidos]: 32
[2026-10-02 17:39:54.111] [Bytes recibidos]: 32
[2026-10-02 17:39:54.111] [Bytes recibidos]: 32
[2026-10-02 17:39:54.112] [Bytes recibidos]: 48
[2026-10-02 17:39:54.112] [Bytes recibidos]: 32
[2026-10-02 17:39:54.113] [Bytes recibidos]: 32
[2026-10-02 17:39:54.113] [Bytes recibidos]: 49
[2026-10-02 17:39:54.113] [Bytes recibidos]: 48
[2026-10-02 17:39:54.114] [Bytes recibidos]: 48
[2026-10-02 17:39:54.114] [Bytes recibidos]: 70
[2026-10-02 17:39:54.114] [Bytes recibidos]: 70
[2026-10-02 17:39:54.115] [Bytes recibidos]: 70
[2026-10-02 17:39:54.115] [Bytes recibidos]: 48
[2026-10-02 17:39:54.116] [Bytes recibidos]: 65
[2026-10-02 17:39:54.116] [Bytes recibidos]: 32
[2026-10-02 17:39:54.117] [Bytes recibidos]: 32
[2026-10-02 17:39:54.117] [Bytes recibidos]: 32
[2026-10-02 17:39:54.117] [Bytes recibidos]: 50
[2026-10-02 17:39:54.118] [Bytes recibidos]: 48
[2026-10-02 17:39:54.118] [Bytes recibidos]: 48
[2026-10-02 17:39:54.118] [Bytes recibidos]: 48
[2026-10-02 17:39:54.119] [Bytes recibidos]: 48
[2026-10-02 17:39:54.119] [Bytes recibidos]: 32
[2026-10-02 17:39:54.119] [Bytes recibidos]: 32
[2026-10-02 17:39:54.120] [Bytes recibidos]: 32
[2026-10-02 17:39:54.120] [Bytes recibidos]: 32
[2026-10-02 17:39:54.121] [Bytes recibidos]: 48
[2026-10-02 17:39:54.121] [Bytes recibidos]: 32
[2026-10-02 17:39:54.121] [Bytes recibidos]: 32
[2026-10-02 17:39:54.122] [Bytes recibidos]: 32
[2026-10-02 17:39:54.122] [Bytes recibidos]: 50
[2026-10-02 17:39:54.122] [Bytes recibidos]: 48
[2026-10-02 17:39:54.123] [Bytes recibidos]: 70
[2026-10-02 17:39:54.123] [Bytes recibidos]: 70
[2026-10-02 17:39:54.123] [Bytes recibidos]: 70
[2026-10-02 17:39:54.124] [Bytes recibidos]: 50
[2026-10-02 17:39:54.124] [Bytes recibidos]: 65
[2026-10-02 17:39:54.125] [Bytes recibidos]: 32
[2026-10-02 17:39:54.125] [Bytes recibidos]: 32
[2026-10-02 17:39:54.125] [Bytes recibidos]: 32
[2026-10-02 17:39:54.126] [Bytes recibidos]: 50
[2026-10-02 17:39:54.126] [Bytes recibidos]: 48
[2026-10-02 17:39:54.127] [Bytes recibidos]: 48
[2026-10-02 17:39:54.127] [Bytes recibidos]: 48
[2026-10-02 17:39:54.127] [Bytes recibidos]: 48
[2026-10-02 17:39:54.128] [Bytes recibidos]: 32
[2026-10-02 17:39:54.128] [Bytes recibidos]: 32
[2026-10-02 17:39:54.129] [Bytes recibidos]: 32
[2026-10-02 17:39:54.129] [Bytes recibidos]: 32
[2026-10-02 17:39:54.129] [Bytes recibidos]: 48
[2026-10-02 17:39:54.130] [Bytes recibidos]: 32
[2026-10-02 17:39:54.130] [Bytes recibidos]: 32
[2026-10-02 17:39:54.130] [Bytes recibidos]: 32
[2026-10-02 17:39:54.131] [Bytes recibidos]: 50
[2026-10-02 17:39:54.131] [Bytes recibidos]: 48
[2026-10-02 17:39:54.131] [Bytes recibidos]: 70
[2026-10-02 17:39:54.132] [Bytes recibidos]: 70
[2026-10-02 17:39:54.132] [Bytes recibidos]: 70
[2026-10-02 17:39:54.132] [Bytes recibidos]: 70
[2026-10-02 17:39:54.133] [Bytes recibidos]: 51
[2026-10-02 17:39:54.133] [Bytes recibidos]: 13
[2026-10-02 17:39:56.135] Enviado: S | HEX: 1B 53 36 45 0D
[2026-10-02 17:39:56.366] Recibido ASCII: <SOH>S00   20000-  21  121FFF01   20000- 181  181FFF05   20000    0  100FFF06   20000    0  120FFF07   20000    0   20FFF08   20000    0  100FFF0A   20000    0   20FFF2A   20000    0   20FFFF3<CR>
[2026-10-02 17:39:56.367] Recibido HEX: 01 53 30 30 20 20 20 32 30 30 30 30 2D 20 20 32 31 20 20 31 32 31 46 46 46 30 31 20 20 20 32 30 30 30 30 2D 20 31 38 31 20 20 31 38 31 46 46 46 30 35 20 20 20 32 30 30 30 30 20 20 20 20 30 20 20 31 30 30 46 46 46 30 36 20 20 20 32 30 30 30 30 20 20 20 20 30 20 20 31 32 30 46 46 46 30 37 20 20 20 32 30 30 30 30 20 20 20 20 30 20 20 20 32 30 46 46 46 30 38 20 20 20 32 30 30 30 30 20 20 20 20 30 20 20 31 30 30 46 46 46 30 41 20 20 20 32 30 30 30 30 20 20 20 20 30 20 20 20 32 30 46 46 46 32 41 20 20 20 32 30 30 30 30 20 20 20 20 30 20 20 20 32 30 46 46 46 46 33 0D
[2026-10-02 17:39:57.372] Enviado: T000101010501 | HEX: 1B 54 30 30 30 31 30 31 30 31 30 35 30 31 42 38 0D
[2026-10-02 17:39:57.434] Recibido ASCII: <SOH>T55<CR>
[2026-10-02 17:39:57.434] Recibido HEX: 01 54 35 35 0D
[2026-10-02 17:39:59.447] Datos recibidos (320 bytes): D0 C6 C0 C0 C0 D7 B9 8C 85 98 80 80 D7 B4 8C 85 98 80 80 D7 AB 8C 88 98 80 80 D7 A0 8C 8E 98 80 80 D7 99 8C 92 98 80 80 D7 96 8C 95 98 80 80 D7 8F 8C 99 98 80 80 D7 8A 8C 9E 98 80 80 D7 82 8C A4 98 80 80 D7 BD 8B A9 98 80 80 D7 B8 8B AF 98 80 80 D7 B5 8B B3 98 80 80 D7 B0 8B BC 98 80 80 D7 A8 8B 8F 99 80 80 D7 A3 8B 9F 99 80 80 D7 A1 8B A9 99 80 80 D7 9D 8B BD 99 80 80 D7 9A 8B 95 9A 80 80 D7 96 8B BA 9A 80 80 D7 94 8B 94 9B 80 80 D7 93 8B AE 9B 80 80 D7 92 8B BA 9B 80 80 D7 91 8B 92 9C 80 80 D7 8D 8B B3 9C 80 80 D7 8B 8B 88 9D 80 80 D7 8A 8B 92 9D 80 80 D7 87 8B A6 9D 80 80 D7 84 8B B8 9D 80 80 D7 81 8B 93 9E 80 80 D7 BF 8A A3 9E 80 80 D7 BE 8A B2 9E 80 80 D7 BD 8A B9 9E 80 80 D7 BC 8A 86 9F 80 80 D7 BA 8A 96 9F 80 80 D7 BA 8A A0 9F 80 80 D7 B9 8A A7 9F 80 80 D7 B9 8A AA 9F 80 80 D7 B9 8A AF 9F 80 80 D7 B9 8A B4 9F 80 80 D7 B9 8A B6 9F 80 80 D7 B9 8A B8 9F 80 80 D7 B9 8A B8 9F 80 80 D7 B9 8A B9 9F 80 80 D7 B9 8A B9 9F 80 80 D7 B9 8A BA 9F 80 80
[2026-10-02 17:39:59.448] [Bytes recibidos]: 208
[2026-10-02 17:39:59.448] [Bytes recibidos]: 198
[2026-10-02 17:39:59.448] [Bytes recibidos]: 192
[2026-10-02 17:39:59.449] [Bytes recibidos]: 192
[2026-10-02 17:39:59.449] [Bytes recibidos]: 192
[2026-10-02 17:39:59.449] [Bytes recibidos]: 215
[2026-10-02 17:39:59.450] [Bytes recibidos]: 185
[2026-10-02 17:39:59.450] [Bytes recibidos]: 140
[2026-10-02 17:39:59.450] [Bytes recibidos]: 133
[2026-10-02 17:39:59.451] [Bytes recibidos]: 152
[2026-10-02 17:39:59.451] [Bytes recibidos]: 128
[2026-10-02 17:39:59.451] [Bytes recibidos]: 128
[2026-10-02 17:39:59.452] [Bytes recibidos]: 215
[2026-10-02 17:39:59.452] [Bytes recibidos]: 180
[2026-10-02 17:39:59.452] [Bytes recibidos]: 140
[2026-10-02 17:39:59.452] [Bytes recibidos]: 133
[2026-10-02 17:39:59.453] [Bytes recibidos]: 152
[2026-10-02 17:39:59.453] [Bytes recibidos]: 128
[2026-10-02 17:39:59.453] [Bytes recibidos]: 128
[2026-10-02 17:39:59.454] [Bytes recibidos]: 215
[2026-10-02 17:39:59.454] [Bytes recibidos]: 171
[2026-10-02 17:39:59.454] [Bytes recibidos]: 140
[2026-10-02 17:39:59.454] [Bytes recibidos]: 136
[2026-10-02 17:39:59.455] [Bytes recibidos]: 152
[2026-10-02 17:39:59.455] [Bytes recibidos]: 128
[2026-10-02 17:39:59.455] [Bytes recibidos]: 128
[2026-10-02 17:39:59.455] [Bytes recibidos]: 215
[2026-10-02 17:39:59.456] [Bytes recibidos]: 160
[2026-10-02 17:39:59.456] [Bytes recibidos]: 140
[2026-10-02 17:39:59.456] [Bytes recibidos]: 142
[2026-10-02 17:39:59.457] [Bytes recibidos]: 152
[2026-10-02 17:39:59.457] [Bytes recibidos]: 128
[2026-10-02 17:39:59.457] [Bytes recibidos]: 128
[2026-10-02 17:39:59.458] [Bytes recibidos]: 215
[2026-10-02 17:39:59.459] [Bytes recibidos]: 153
[2026-10-02 17:39:59.460] [Bytes recibidos]: 140
[2026-10-02 17:39:59.460] [Bytes recibidos]: 146
[2026-10-02 17:39:59.460] [Bytes recibidos]: 152
[2026-10-02 17:39:59.461] [Bytes recibidos]: 128
[2026-10-02 17:39:59.461] [Bytes recibidos]: 128
[2026-10-02 17:39:59.461] [Bytes recibidos]: 215
[2026-10-02 17:39:59.462] [Bytes recibidos]: 150
[2026-10-02 17:39:59.462] [Bytes recibidos]: 140
[2026-10-02 17:39:59.463] [Bytes recibidos]: 149
[2026-10-02 17:39:59.463] [Bytes recibidos]: 152
[2026-10-02 17:39:59.463] [Bytes recibidos]: 128
[2026-10-02 17:39:59.464] [Bytes recibidos]: 128
[2026-10-02 17:39:59.464] [Bytes recibidos]: 215
[2026-10-02 17:39:59.464] [Bytes recibidos]: 143
[2026-10-02 17:39:59.464] [Bytes recibidos]: 140
[2026-10-02 17:39:59.465] [Bytes recibidos]: 153
[2026-10-02 17:39:59.465] [Bytes recibidos]: 152
[2026-10-02 17:39:59.465] [Bytes recibidos]: 128
[2026-10-02 17:39:59.466] [Bytes recibidos]: 128
[2026-10-02 17:39:59.466] [Bytes recibidos]: 215
[2026-10-02 17:39:59.466] [Bytes recibidos]: 138
[2026-10-02 17:39:59.467] [Bytes recibidos]: 140
[2026-10-02 17:39:59.467] [Bytes recibidos]: 158
[2026-10-02 17:39:59.467] [Bytes recibidos]: 152
[2026-10-02 17:39:59.468] [Bytes recibidos]: 128
[2026-10-02 17:39:59.468] [Bytes recibidos]: 128
[2026-10-02 17:39:59.468] [Bytes recibidos]: 215
[2026-10-02 17:39:59.469] [Bytes recibidos]: 130
[2026-10-02 17:39:59.469] [Bytes recibidos]: 140
[2026-10-02 17:39:59.469] [Bytes recibidos]: 164
[2026-10-02 17:39:59.469] [Bytes recibidos]: 152
[2026-10-02 17:39:59.470] [Bytes recibidos]: 128
[2026-10-02 17:39:59.470] [Bytes recibidos]: 128
[2026-10-02 17:39:59.470] [Bytes recibidos]: 215
[2026-10-02 17:39:59.470] [Bytes recibidos]: 189
[2026-10-02 17:39:59.471] [Bytes recibidos]: 139
[2026-10-02 17:39:59.471] [Bytes recibidos]: 169
[2026-10-02 17:39:59.471] [Bytes recibidos]: 152
[2026-10-02 17:39:59.471] [Bytes recibidos]: 128
[2026-10-02 17:39:59.472] [Bytes recibidos]: 128
[2026-10-02 17:39:59.472] [Bytes recibidos]: 215
[2026-10-02 17:39:59.472] [Bytes recibidos]: 184
[2026-10-02 17:39:59.472] [Bytes recibidos]: 139
[2026-10-02 17:39:59.473] [Bytes recibidos]: 175
[2026-10-02 17:39:59.473] [Bytes recibidos]: 152
[2026-10-02 17:39:59.473] [Bytes recibidos]: 128
[2026-10-02 17:39:59.474] [Bytes recibidos]: 128
[2026-10-02 17:39:59.474] [Bytes recibidos]: 215
[2026-10-02 17:39:59.474] [Bytes recibidos]: 181
[2026-10-02 17:39:59.476] [Bytes recibidos]: 139
[2026-10-02 17:39:59.476] [Bytes recibidos]: 179
[2026-10-02 17:39:59.477] [Bytes recibidos]: 152
[2026-10-02 17:39:59.477] [Bytes recibidos]: 128
[2026-10-02 17:39:59.477] [Bytes recibidos]: 128
[2026-10-02 17:39:59.477] [Bytes recibidos]: 215
[2026-10-02 17:39:59.478] [Bytes recibidos]: 176
[2026-10-02 17:39:59.478] [Bytes recibidos]: 139
[2026-10-02 17:39:59.478] [Bytes recibidos]: 188
[2026-10-02 17:39:59.478] [Bytes recibidos]: 152
[2026-10-02 17:39:59.479] [Bytes recibidos]: 128
[2026-10-02 17:39:59.479] [Bytes recibidos]: 128
[2026-10-02 17:39:59.479] [Bytes recibidos]: 215
[2026-10-02 17:39:59.480] [Bytes recibidos]: 168
[2026-10-02 17:39:59.480] [Bytes recibidos]: 139
[2026-10-02 17:39:59.480] [Bytes recibidos]: 143
[2026-10-02 17:39:59.480] [Bytes recibidos]: 153
[2026-10-02 17:39:59.481] [Bytes recibidos]: 128
[2026-10-02 17:39:59.481] [Bytes recibidos]: 128
[2026-10-02 17:39:59.481] [Bytes recibidos]: 215
[2026-10-02 17:39:59.482] [Bytes recibidos]: 163
[2026-10-02 17:39:59.482] [Bytes recibidos]: 139
[2026-10-02 17:39:59.482] [Bytes recibidos]: 159
[2026-10-02 17:39:59.482] [Bytes recibidos]: 153
[2026-10-02 17:39:59.483] [Bytes recibidos]: 128
[2026-10-02 17:39:59.483] [Bytes recibidos]: 128
[2026-10-02 17:39:59.483] [Bytes recibidos]: 215
[2026-10-02 17:39:59.484] [Bytes recibidos]: 161
[2026-10-02 17:39:59.484] [Bytes recibidos]: 139
[2026-10-02 17:39:59.484] [Bytes recibidos]: 169
[2026-10-02 17:39:59.484] [Bytes recibidos]: 153
[2026-10-02 17:39:59.485] [Bytes recibidos]: 128
[2026-10-02 17:39:59.485] [Bytes recibidos]: 128
[2026-10-02 17:39:59.485] [Bytes recibidos]: 215
[2026-10-02 17:39:59.485] [Bytes recibidos]: 157
[2026-10-02 17:39:59.485] [Bytes recibidos]: 139
[2026-10-02 17:39:59.486] [Bytes recibidos]: 189
[2026-10-02 17:39:59.486] [Bytes recibidos]: 153
[2026-10-02 17:39:59.486] [Bytes recibidos]: 128
[2026-10-02 17:39:59.486] [Bytes recibidos]: 128
[2026-10-02 17:39:59.486] [Bytes recibidos]: 215
[2026-10-02 17:39:59.487] [Bytes recibidos]: 154
[2026-10-02 17:39:59.487] [Bytes recibidos]: 139
[2026-10-02 17:39:59.487] [Bytes recibidos]: 149
[2026-10-02 17:39:59.487] [Bytes recibidos]: 154
[2026-10-02 17:39:59.488] [Bytes recibidos]: 128
[2026-10-02 17:39:59.488] [Bytes recibidos]: 128
[2026-10-02 17:39:59.488] [Bytes recibidos]: 215
[2026-10-02 17:39:59.488] [Bytes recibidos]: 150
[2026-10-02 17:39:59.489] [Bytes recibidos]: 139
[2026-10-02 17:39:59.489] [Bytes recibidos]: 186
[2026-10-02 17:39:59.489] [Bytes recibidos]: 154
[2026-10-02 17:39:59.489] [Bytes recibidos]: 128
[2026-10-02 17:39:59.489] [Bytes recibidos]: 128
[2026-10-02 17:39:59.490] [Bytes recibidos]: 215
[2026-10-02 17:39:59.490] [Bytes recibidos]: 148
[2026-10-02 17:39:59.490] [Bytes recibidos]: 139
[2026-10-02 17:39:59.490] [Bytes recibidos]: 148
[2026-10-02 17:39:59.490] [Bytes recibidos]: 155
[2026-10-02 17:39:59.491] [Bytes recibidos]: 128
[2026-10-02 17:39:59.491] [Bytes recibidos]: 128
[2026-10-02 17:39:59.492] [Bytes recibidos]: 215
[2026-10-02 17:39:59.492] [Bytes recibidos]: 147
[2026-10-02 17:39:59.493] [Bytes recibidos]: 139
[2026-10-02 17:39:59.493] [Bytes recibidos]: 174
[2026-10-02 17:39:59.493] [Bytes recibidos]: 155
[2026-10-02 17:39:59.493] [Bytes recibidos]: 128
[2026-10-02 17:39:59.494] [Bytes recibidos]: 128
[2026-10-02 17:39:59.494] [Bytes recibidos]: 215
[2026-10-02 17:39:59.494] [Bytes recibidos]: 146
[2026-10-02 17:39:59.494] [Bytes recibidos]: 139
[2026-10-02 17:39:59.495] [Bytes recibidos]: 186
[2026-10-02 17:39:59.495] [Bytes recibidos]: 155
[2026-10-02 17:39:59.495] [Bytes recibidos]: 128
[2026-10-02 17:39:59.495] [Bytes recibidos]: 128
[2026-10-02 17:39:59.495] [Bytes recibidos]: 215
[2026-10-02 17:39:59.496] [Bytes recibidos]: 145
[2026-10-02 17:39:59.496] [Bytes recibidos]: 139
[2026-10-02 17:39:59.496] [Bytes recibidos]: 146
[2026-10-02 17:39:59.496] [Bytes recibidos]: 156
[2026-10-02 17:39:59.497] [Bytes recibidos]: 128
[2026-10-02 17:39:59.497] [Bytes recibidos]: 128
[2026-10-02 17:39:59.497] [Bytes recibidos]: 215
[2026-10-02 17:39:59.497] [Bytes recibidos]: 141
[2026-10-02 17:39:59.497] [Bytes recibidos]: 139
[2026-10-02 17:39:59.498] [Bytes recibidos]: 179
[2026-10-02 17:39:59.498] [Bytes recibidos]: 156
[2026-10-02 17:39:59.498] [Bytes recibidos]: 128
[2026-10-02 17:39:59.498] [Bytes recibidos]: 128
[2026-10-02 17:39:59.499] [Bytes recibidos]: 215
[2026-10-02 17:39:59.499] [Bytes recibidos]: 139
[2026-10-02 17:39:59.499] [Bytes recibidos]: 139
[2026-10-02 17:39:59.499] [Bytes recibidos]: 136
[2026-10-02 17:39:59.499] [Bytes recibidos]: 157
[2026-10-02 17:39:59.500] [Bytes recibidos]: 128
[2026-10-02 17:39:59.500] [Bytes recibidos]: 128
[2026-10-02 17:39:59.500] [Bytes recibidos]: 215
[2026-10-02 17:39:59.500] [Bytes recibidos]: 138
[2026-10-02 17:39:59.500] [Bytes recibidos]: 139
[2026-10-02 17:39:59.501] [Bytes recibidos]: 146
[2026-10-02 17:39:59.501] [Bytes recibidos]: 157
[2026-10-02 17:39:59.501] [Bytes recibidos]: 128
[2026-10-02 17:39:59.501] [Bytes recibidos]: 128
[2026-10-02 17:39:59.501] [Bytes recibidos]: 215
[2026-10-02 17:39:59.502] [Bytes recibidos]: 135
[2026-10-02 17:39:59.502] [Bytes recibidos]: 139
[2026-10-02 17:39:59.502] [Bytes recibidos]: 166
[2026-10-02 17:39:59.502] [Bytes recibidos]: 157
[2026-10-02 17:39:59.503] [Bytes recibidos]: 128
[2026-10-02 17:39:59.503] [Bytes recibidos]: 128
[2026-10-02 17:39:59.503] [Bytes recibidos]: 215
[2026-10-02 17:39:59.503] [Bytes recibidos]: 132
[2026-10-02 17:39:59.503] [Bytes recibidos]: 139
[2026-10-02 17:39:59.504] [Bytes recibidos]: 184
[2026-10-02 17:39:59.504] [Bytes recibidos]: 157
[2026-10-02 17:39:59.504] [Bytes recibidos]: 128
[2026-10-02 17:39:59.504] [Bytes recibidos]: 128
[2026-10-02 17:39:59.504] [Bytes recibidos]: 215
[2026-10-02 17:39:59.505] [Bytes recibidos]: 129
[2026-10-02 17:39:59.505] [Bytes recibidos]: 139
[2026-10-02 17:39:59.505] [Bytes recibidos]: 147
[2026-10-02 17:39:59.505] [Bytes recibidos]: 158
[2026-10-02 17:39:59.505] [Bytes recibidos]: 128
[2026-10-02 17:39:59.506] [Bytes recibidos]: 128
[2026-10-02 17:39:59.506] [Bytes recibidos]: 215
[2026-10-02 17:39:59.506] [Bytes recibidos]: 191
[2026-10-02 17:39:59.506] [Bytes recibidos]: 138
[2026-10-02 17:39:59.507] [Bytes recibidos]: 163
[2026-10-02 17:39:59.507] [Bytes recibidos]: 158
[2026-10-02 17:39:59.507] [Bytes recibidos]: 128
[2026-10-02 17:39:59.507] [Bytes recibidos]: 128
[2026-10-02 17:39:59.507] [Bytes recibidos]: 215
[2026-10-02 17:39:59.507] [Bytes recibidos]: 190
[2026-10-02 17:39:59.508] [Bytes recibidos]: 138
[2026-10-02 17:39:59.508] [Bytes recibidos]: 178
[2026-10-02 17:39:59.508] [Bytes recibidos]: 158
[2026-10-02 17:39:59.508] [Bytes recibidos]: 128
[2026-10-02 17:39:59.508] [Bytes recibidos]: 128
[2026-10-02 17:39:59.509] [Bytes recibidos]: 215
[2026-10-02 17:39:59.509] [Bytes recibidos]: 189
[2026-10-02 17:39:59.509] [Bytes recibidos]: 138
[2026-10-02 17:39:59.509] [Bytes recibidos]: 185
[2026-10-02 17:39:59.509] [Bytes recibidos]: 158
[2026-10-02 17:39:59.510] [Bytes recibidos]: 128
[2026-10-02 17:39:59.510] [Bytes recibidos]: 128
[2026-10-02 17:39:59.510] [Bytes recibidos]: 215
[2026-10-02 17:39:59.510] [Bytes recibidos]: 188
[2026-10-02 17:39:59.510] [Bytes recibidos]: 138
[2026-10-02 17:39:59.510] [Bytes recibidos]: 134
[2026-10-02 17:39:59.511] [Bytes recibidos]: 159
[2026-10-02 17:39:59.511] [Bytes recibidos]: 128
[2026-10-02 17:39:59.511] [Bytes recibidos]: 128
[2026-10-02 17:39:59.511] [Bytes recibidos]: 215
[2026-10-02 17:39:59.511] [Bytes recibidos]: 186
[2026-10-02 17:39:59.512] [Bytes recibidos]: 138
[2026-10-02 17:39:59.512] [Bytes recibidos]: 150
[2026-10-02 17:39:59.512] [Bytes recibidos]: 159
[2026-10-02 17:39:59.512] [Bytes recibidos]: 128
[2026-10-02 17:39:59.512] [Bytes recibidos]: 128
[2026-10-02 17:39:59.513] [Bytes recibidos]: 215
[2026-10-02 17:39:59.513] [Bytes recibidos]: 186
[2026-10-02 17:39:59.513] [Bytes recibidos]: 138
[2026-10-02 17:39:59.513] [Bytes recibidos]: 160
[2026-10-02 17:39:59.513] [Bytes recibidos]: 159
[2026-10-02 17:39:59.513] [Bytes recibidos]: 128
[2026-10-02 17:39:59.514] [Bytes recibidos]: 128
[2026-10-02 17:39:59.514] [Bytes recibidos]: 215
[2026-10-02 17:39:59.514] [Bytes recibidos]: 185
[2026-10-02 17:39:59.514] [Bytes recibidos]: 138
[2026-10-02 17:39:59.514] [Bytes recibidos]: 167
[2026-10-02 17:39:59.515] [Bytes recibidos]: 159
[2026-10-02 17:39:59.515] [Bytes recibidos]: 128
[2026-10-02 17:39:59.515] [Bytes recibidos]: 128
[2026-10-02 17:39:59.515] [Bytes recibidos]: 215
[2026-10-02 17:39:59.515] [Bytes recibidos]: 185
[2026-10-02 17:39:59.516] [Bytes recibidos]: 138
[2026-10-02 17:39:59.516] [Bytes recibidos]: 170
[2026-10-02 17:39:59.516] [Bytes recibidos]: 159
[2026-10-02 17:39:59.516] [Bytes recibidos]: 128
[2026-10-02 17:39:59.516] [Bytes recibidos]: 128
[2026-10-02 17:39:59.516] [Bytes recibidos]: 215
[2026-10-02 17:39:59.517] [Bytes recibidos]: 185
[2026-10-02 17:39:59.517] [Bytes recibidos]: 138
[2026-10-02 17:39:59.517] [Bytes recibidos]: 175
[2026-10-02 17:39:59.517] [Bytes recibidos]: 159
[2026-10-02 17:39:59.517] [Bytes recibidos]: 128
[2026-10-02 17:39:59.518] [Bytes recibidos]: 128
[2026-10-02 17:39:59.518] [Bytes recibidos]: 215
[2026-10-02 17:39:59.518] [Bytes recibidos]: 185
[2026-10-02 17:39:59.518] [Bytes recibidos]: 138
[2026-10-02 17:39:59.518] [Bytes recibidos]: 180
[2026-10-02 17:39:59.518] [Bytes recibidos]: 159
[2026-10-02 17:39:59.519] [Bytes recibidos]: 128
[2026-10-02 17:39:59.519] [Bytes recibidos]: 128
[2026-10-02 17:39:59.519] [Bytes recibidos]: 215
[2026-10-02 17:39:59.519] [Bytes recibidos]: 185
[2026-10-02 17:39:59.519] [Bytes recibidos]: 138
[2026-10-02 17:39:59.520] [Bytes recibidos]: 182
[2026-10-02 17:39:59.520] [Bytes recibidos]: 159
[2026-10-02 17:39:59.520] [Bytes recibidos]: 128
[2026-10-02 17:39:59.520] [Bytes recibidos]: 128
[2026-10-02 17:39:59.520] [Bytes recibidos]: 215
[2026-10-02 17:39:59.521] [Bytes recibidos]: 185
[2026-10-02 17:39:59.521] [Bytes recibidos]: 138
[2026-10-02 17:39:59.521] [Bytes recibidos]: 184
[2026-10-02 17:39:59.521] [Bytes recibidos]: 159
[2026-10-02 17:39:59.521] [Bytes recibidos]: 128
[2026-10-02 17:39:59.522] [Bytes recibidos]: 128
[2026-10-02 17:39:59.522] [Bytes recibidos]: 215
[2026-10-02 17:39:59.522] [Bytes recibidos]: 185
[2026-10-02 17:39:59.522] [Bytes recibidos]: 138
[2026-10-02 17:39:59.522] [Bytes recibidos]: 184
[2026-10-02 17:39:59.523] [Bytes recibidos]: 159
[2026-10-02 17:39:59.523] [Bytes recibidos]: 128
[2026-10-02 17:39:59.523] [Bytes recibidos]: 128
[2026-10-02 17:39:59.524] [Bytes recibidos]: 215
[2026-10-02 17:39:59.524] [Bytes recibidos]: 185
[2026-10-02 17:39:59.525] [Bytes recibidos]: 138
[2026-10-02 17:39:59.525] [Bytes recibidos]: 185
[2026-10-02 17:39:59.525] [Bytes recibidos]: 159
[2026-10-02 17:39:59.525] [Bytes recibidos]: 128
[2026-10-02 17:39:59.525] [Bytes recibidos]: 128
[2026-10-02 17:39:59.526] [Bytes recibidos]: 215
[2026-10-02 17:39:59.526] [Bytes recibidos]: 185
[2026-10-02 17:39:59.526] [Bytes recibidos]: 138
[2026-10-02 17:39:59.527] [Bytes recibidos]: 185
[2026-10-02 17:39:59.527] [Bytes recibidos]: 159
[2026-10-02 17:39:59.527] [Bytes recibidos]: 128
[2026-10-02 17:39:59.527] [Bytes recibidos]: 128
[2026-10-02 17:39:59.528] [Bytes recibidos]: 215
[2026-10-02 17:39:59.528] [Bytes recibidos]: 185
[2026-10-02 17:39:59.528] [Bytes recibidos]: 138
[2026-10-02 17:39:59.528] [Bytes recibidos]: 186
[2026-10-02 17:39:59.528] [Bytes recibidos]: 159
[2026-10-02 17:39:59.529] [Bytes recibidos]: 128
[2026-10-02 17:39:59.529] [Bytes recibidos]: 128
[2026-10-02 17:39:59.532] [Data Recibida]: -7.129426129426129
[2026-10-02 17:39:59.533] [MIN]: -21
[2026-10-02 17:39:59.533] [MAX]: 121
[2026-10-02 17:39:59.534] [MAXBIN]: 4095
[2026-10-02 17:39:59.534] [Data Recibida]: -181.0
[2026-10-02 17:39:59.534] [MIN]: -181
[2026-10-02 17:39:59.534] [MAX]: 181
[2026-10-02 17:39:59.534] [MAXBIN]: 4095
[2026-10-02 17:39:59.535] [Data Recibida]: 35.94627594627595
[2026-10-02 17:39:59.535] [MIN]: 0
[2026-10-02 17:39:59.535] [MAX]: 100
[2026-10-02 17:39:59.535] [MAXBIN]: 4095
[2026-10-02 17:39:59.535] [Data Recibida]: 24.175824175824175
[2026-10-02 17:39:59.535] [MIN]: 0
[2026-10-02 17:39:59.536] [MAX]: 120
[2026-10-02 17:39:59.536] [MAXBIN]: 4095
[2026-10-02 17:39:59.536] [Data Recibida]: 7.526251526251526
[2026-10-02 17:39:59.536] [MIN]: 0
[2026-10-02 17:39:59.536] [MAX]: 20
[2026-10-02 17:39:59.536] [MAXBIN]: 4095
[2026-10-02 17:39:59.537] [Data Recibida]: 0.0
[2026-10-02 17:39:59.537] [MIN]: 0
[2026-10-02 17:39:59.537] [MAX]: 100
[2026-10-02 17:39:59.537] [MAXBIN]: 4095
[2026-10-02 17:39:59.537] [Data Recibida]: 16.366300366300365
[2026-10-02 17:39:59.537] [MIN]: 0
[2026-10-02 17:39:59.538] [MAX]: 20
[2026-10-02 17:39:59.538] [MAXBIN]: 4095
[2026-10-02 17:39:59.538] [Data Recibida]: 1.6214896214896215
[2026-10-02 17:39:59.538] [MIN]: 0
[2026-10-02 17:39:59.538] [MAX]: 20
[2026-10-02 17:39:59.538] [MAXBIN]: 4095
[2026-10-02 17:40:01.551] Datos recibidos (742 bytes): D7 B9 8A BA 9F 80 80 D7 B9 8A BA 9F 80 80 D7 B9 8A BB 9F 80 80 D7 B9 8A BB 9F 80 80 D7 B9 8A BC 9F 80 80 D7 B9 8A BC 9F 80 80 D7 B9 8A BC 9F 80 80 D7 B9 8A BD 9F 80 80 D7 B9 8A BD 9F 80 80 D7 B9 8A BE 9F 80 80 D7 B9 8A BE 9F 80 80 D7 B9 8A BE 9F 80 80 D7 B9 8A BE 9F 80 80 D7 B9 8A BF 9F 80 80 D7 B9 8A BF 9F 80 80 D7 B9 8A BF 9F 80 80 D7 B9 8A BF 9F 80 80 D7 B9 8A BF 9F 80 80 D7 B9 8A BF 9F 80 80 D7 B9 8A BF 9F 80 80 D7 B9 8A BF 9F 80 80 D7 B9 8A BF 9F 80 80 D7 B8 8A BF 9F 80 80 D7 B8 8A BF 9F 80 80 D7 B8 8A BF 9F 80 80 D7 B8 8A 80 A0 80 80 D7 B8 8A 80 A0 80 80 D7 B8 8A 80 A0 80 80 D7 B8 8A 80 A0 80 80 D7 B8 8A 80 A0 80 80 D7 B8 8A BF 9F 80 80 D7 B8 8A BF 9F 80 80 D7 B8 8A BF 9F 80 80 D7 B8 8A BF 9F 80 80 D7 B8 8A 80 A0 80 80 D7 B8 8A 80 A0 80 80 D7 B8 8A 80 A0 80 80 D7 B7 8A 80 A0 80 80 D7 B7 8A 80 A0 80 80 D7 B7 8A 80 A0 80 80 D7 B7 8A 80 A0 80 80 D7 B7 8A 80 A0 80 80 D7 B7 8A 80 A0 80 80 D7 B7 8A 80 A0 80 80 D7 B7 8A 80 A0 80 80 D7 B7 8A 80 A0 80 80 D7 B7 8A 80 A0 80 80 D7 B7 8A 80 A0 80 80 D7 B6 8A 80 A0 80 80 D7 B6 8A 80 A0 80 80 D7 B6 8A 80 A0 80 80 D7 B6 8A 80 A0 80 80 D7 B6 8A 80 A0 80 80 D7 B6 8A 80 A0 80 80 D7 B6 8A 80 A0 80 80 D7 B6 8A 80 A0 80 80 D7 B6 8A 80 A0 80 80 D7 B5 8A 80 A0 80 80 D7 B5 8A 80 A0 80 80 D7 B5 8A 80 A0 80 80 D7 B5 8A 80 A0 80 80 D7 B5 8A 80 A0 80 80 D7 B5 8A 80 A0 80 80 D7 B5 8A 80 A0 80 80 D7 B5 8A 80 A0 80 80 D7 B4 8A 80 A0 80 80 D7 B4 8A 80 A0 80 80 D7 B4 8A 80 A0 80 80 D7 B4 8A 80 A0 80 80 D7 B4 8A 80 A0 80 80 D7 B4 8A 80 A0 80 80 D7 B4 8A 80 A0 80 80 D7 B4 8A 80 A0 80 80 D7 B4 8A 80 A0 80 80 D7 B3 8A 80 A0 80 80 D7 B3 8A 80 A0 80 80 D7 B3 8A 80 A0 80 80 D7 B3 8A 80 A0 80 80 D7 B3 8A 80 A0 80 80 D7 B3 8A 80 A0 80 80 D7 B3 8A 80 A0 80 80 D7 B3 8A 80 A0 80 80 D7 B2 8A 80 A0 80 80 D7 B2 8A 80 A0 80 80 D7 B2 8A 80 A0 80 80 D7 B2 8A 80 A0 80 80 D7 B2 8A 80 A0 80 80 D7 B2 8A 80 A0 80 80 D7 B1 8A 80 A0 80 80 D7 B1 8A 80 A0 80 80 D7 B1 8A 80 A0 80 80 D7 B1 8A 80 A0 80 80 D7 B1 8A 80 A0 80 80 D7 B1 8A 80 A0 80 80 D7 B1 8A 80 A0 80 80 D7 B0 8A 80 A0 80 80 D7 B0 8A 80 A0 80 80 D7 B0 8A 80 A0 80 80 D7 B0 8A 80 A0 80 80 D7 C6 C0 B0 8A 80 A0 80 80 D7 B0 8A 80 A0 80 80 D7 B0 8A 80 A0 80 80 D7 B0 8A 84 A0 80 80 D7 B4 8A 9E A0 80 80 D7 BB 8A BD A0 80 80 D7 86 8B A3 A1
[2026-10-02 17:40:01.552] [Bytes recibidos]: 215
[2026-10-02 17:40:01.552] [Bytes recibidos]: 185
[2026-10-02 17:40:01.552] [Bytes recibidos]: 138
[2026-10-02 17:40:01.552] [Bytes recibidos]: 186
[2026-10-02 17:40:01.552] [Bytes recibidos]: 159
[2026-10-02 17:40:01.553] [Bytes recibidos]: 128
[2026-10-02 17:40:01.553] [Bytes recibidos]: 128
[2026-10-02 17:40:01.553] [Bytes recibidos]: 215
[2026-10-02 17:40:01.553] [Bytes recibidos]: 185
[2026-10-02 17:40:01.553] [Bytes recibidos]: 138
[2026-10-02 17:40:01.553] [Bytes recibidos]: 186
[2026-10-02 17:40:01.554] [Bytes recibidos]: 159
[2026-10-02 17:40:01.554] [Bytes recibidos]: 128
[2026-10-02 17:40:01.554] [Bytes recibidos]: 128
[2026-10-02 17:40:01.554] [Bytes recibidos]: 215
[2026-10-02 17:40:01.554] [Bytes recibidos]: 185
[2026-10-02 17:40:01.554] [Bytes recibidos]: 138
[2026-10-02 17:40:01.555] [Bytes recibidos]: 187
[2026-10-02 17:40:01.555] [Bytes recibidos]: 159
[2026-10-02 17:40:01.555] [Bytes recibidos]: 128
[2026-10-02 17:40:01.555] [Bytes recibidos]: 128
[2026-10-02 17:40:01.555] [Bytes recibidos]: 215
[2026-10-02 17:40:01.555] [Bytes recibidos]: 185
[2026-10-02 17:40:01.556] [Bytes recibidos]: 138
[2026-10-02 17:40:01.556] [Bytes recibidos]: 187
[2026-10-02 17:40:01.556] [Bytes recibidos]: 159
[2026-10-02 17:40:01.556] [Bytes recibidos]: 128
[2026-10-02 17:40:01.556] [Bytes recibidos]: 128
[2026-10-02 17:40:01.556] [Bytes recibidos]: 215
[2026-10-02 17:40:01.557] [Bytes recibidos]: 185
[2026-10-02 17:40:01.557] [Bytes recibidos]: 138
[2026-10-02 17:40:01.557] [Bytes recibidos]: 188
[2026-10-02 17:40:01.557] [Bytes recibidos]: 159
[2026-10-02 17:40:01.557] [Bytes recibidos]: 128
[2026-10-02 17:40:01.557] [Bytes recibidos]: 128
[2026-10-02 17:40:01.558] [Bytes recibidos]: 215
[2026-10-02 17:40:01.558] [Bytes recibidos]: 185
[2026-10-02 17:40:01.558] [Bytes recibidos]: 138
[2026-10-02 17:40:01.558] [Bytes recibidos]: 188
[2026-10-02 17:40:01.558] [Bytes recibidos]: 159
[2026-10-02 17:40:01.558] [Bytes recibidos]: 128
[2026-10-02 17:40:01.559] [Bytes recibidos]: 128
[2026-10-02 17:40:01.559] [Bytes recibidos]: 215
[2026-10-02 17:40:01.559] [Bytes recibidos]: 185
[2026-10-02 17:40:01.559] [Bytes recibidos]: 138
[2026-10-02 17:40:01.559] [Bytes recibidos]: 188
[2026-10-02 17:40:01.559] [Bytes recibidos]: 159
[2026-10-02 17:40:01.560] [Bytes recibidos]: 128
[2026-10-02 17:40:01.560] [Bytes recibidos]: 128
[2026-10-02 17:40:01.560] [Bytes recibidos]: 215
[2026-10-02 17:40:01.560] [Bytes recibidos]: 185
[2026-10-02 17:40:01.560] [Bytes recibidos]: 138
[2026-10-02 17:40:01.561] [Bytes recibidos]: 189
[2026-10-02 17:40:01.561] [Bytes recibidos]: 159
[2026-10-02 17:40:01.561] [Bytes recibidos]: 128
[2026-10-02 17:40:01.561] [Bytes recibidos]: 128
[2026-10-02 17:40:01.561] [Bytes recibidos]: 215
[2026-10-02 17:40:01.561] [Bytes recibidos]: 185
[2026-10-02 17:40:01.562] [Bytes recibidos]: 138
[2026-10-02 17:40:01.562] [Bytes recibidos]: 189
[2026-10-02 17:40:01.562] [Bytes recibidos]: 159
[2026-10-02 17:40:01.562] [Bytes recibidos]: 128
[2026-10-02 17:40:01.562] [Bytes recibidos]: 128
[2026-10-02 17:40:01.562] [Bytes recibidos]: 215
[2026-10-02 17:40:01.563] [Bytes recibidos]: 185
[2026-10-02 17:40:01.563] [Bytes recibidos]: 138
[2026-10-02 17:40:01.563] [Bytes recibidos]: 190
[2026-10-02 17:40:01.563] [Bytes recibidos]: 159
[2026-10-02 17:40:01.563] [Bytes recibidos]: 128
[2026-10-02 17:40:01.564] [Bytes recibidos]: 128
[2026-10-02 17:40:01.564] [Bytes recibidos]: 215
[2026-10-02 17:40:01.564] [Bytes recibidos]: 185
[2026-10-02 17:40:01.564] [Bytes recibidos]: 138
[2026-10-02 17:40:01.564] [Bytes recibidos]: 190
[2026-10-02 17:40:01.565] [Bytes recibidos]: 159
[2026-10-02 17:40:01.565] [Bytes recibidos]: 128
[2026-10-02 17:40:01.565] [Bytes recibidos]: 128
[2026-10-02 17:40:01.565] [Bytes recibidos]: 215
[2026-10-02 17:40:01.566] [Bytes recibidos]: 185
[2026-10-02 17:40:01.566] [Bytes recibidos]: 138
[2026-10-02 17:40:01.566] [Bytes recibidos]: 190
[2026-10-02 17:40:01.566] [Bytes recibidos]: 159
[2026-10-02 17:40:01.566] [Bytes recibidos]: 128
[2026-10-02 17:40:01.566] [Bytes recibidos]: 128
[2026-10-02 17:40:01.567] [Bytes recibidos]: 215
[2026-10-02 17:40:01.567] [Bytes recibidos]: 185
[2026-10-02 17:40:01.567] [Bytes recibidos]: 138
[2026-10-02 17:40:01.567] [Bytes recibidos]: 190
[2026-10-02 17:40:01.567] [Bytes recibidos]: 159
[2026-10-02 17:40:01.567] [Bytes recibidos]: 128
[2026-10-02 17:40:01.568] [Bytes recibidos]: 128
[2026-10-02 17:40:01.568] [Bytes recibidos]: 215
[2026-10-02 17:40:01.568] [Bytes recibidos]: 185
[2026-10-02 17:40:01.568] [Bytes recibidos]: 138
[2026-10-02 17:40:01.568] [Bytes recibidos]: 191
[2026-10-02 17:40:01.569] [Bytes recibidos]: 159
[2026-10-02 17:40:01.569] [Bytes recibidos]: 128
[2026-10-02 17:40:01.569] [Bytes recibidos]: 128
[2026-10-02 17:40:01.569] [Bytes recibidos]: 215
[2026-10-02 17:40:01.569] [Bytes recibidos]: 185
[2026-10-02 17:40:01.569] [Bytes recibidos]: 138
[2026-10-02 17:40:01.570] [Bytes recibidos]: 191
[2026-10-02 17:40:01.570] [Bytes recibidos]: 159
[2026-10-02 17:40:01.570] [Bytes recibidos]: 128
[2026-10-02 17:40:01.570] [Bytes recibidos]: 128
[2026-10-02 17:40:01.570] [Bytes recibidos]: 215
[2026-10-02 17:40:01.570] [Bytes recibidos]: 185
[2026-10-02 17:40:01.571] [Bytes recibidos]: 138
[2026-10-02 17:40:01.571] [Bytes recibidos]: 191
[2026-10-02 17:40:01.571] [Bytes recibidos]: 159
[2026-10-02 17:40:01.571] [Bytes recibidos]: 128
[2026-10-02 17:40:01.571] [Bytes recibidos]: 128
[2026-10-02 17:40:01.571] [Bytes recibidos]: 215
[2026-10-02 17:40:01.571] [Bytes recibidos]: 185
[2026-10-02 17:40:01.572] [Bytes recibidos]: 138
[2026-10-02 17:40:01.572] [Bytes recibidos]: 191
[2026-10-02 17:40:01.572] [Bytes recibidos]: 159
[2026-10-02 17:40:01.572] [Bytes recibidos]: 128
[2026-10-02 17:40:01.572] [Bytes recibidos]: 128
[2026-10-02 17:40:01.572] [Bytes recibidos]: 215
[2026-10-02 17:40:01.573] [Bytes recibidos]: 185
[2026-10-02 17:40:01.573] [Bytes recibidos]: 138
[2026-10-02 17:40:01.573] [Bytes recibidos]: 191
[2026-10-02 17:40:01.573] [Bytes recibidos]: 159
[2026-10-02 17:40:01.573] [Bytes recibidos]: 128
[2026-10-02 17:40:01.573] [Bytes recibidos]: 128
[2026-10-02 17:40:01.573] [Bytes recibidos]: 215
[2026-10-02 17:40:01.574] [Bytes recibidos]: 185
[2026-10-02 17:40:01.574] [Bytes recibidos]: 138
[2026-10-02 17:40:01.574] [Bytes recibidos]: 191
[2026-10-02 17:40:01.574] [Bytes recibidos]: 159
[2026-10-02 17:40:01.574] [Bytes recibidos]: 128
[2026-10-02 17:40:01.574] [Bytes recibidos]: 128
[2026-10-02 17:40:01.575] [Bytes recibidos]: 215
[2026-10-02 17:40:01.575] [Bytes recibidos]: 185
[2026-10-02 17:40:01.575] [Bytes recibidos]: 138
[2026-10-02 17:40:01.575] [Bytes recibidos]: 191
[2026-10-02 17:40:01.575] [Bytes recibidos]: 159
[2026-10-02 17:40:01.575] [Bytes recibidos]: 128
[2026-10-02 17:40:01.576] [Bytes recibidos]: 128
[2026-10-02 17:40:01.576] [Bytes recibidos]: 215
[2026-10-02 17:40:01.576] [Bytes recibidos]: 185
[2026-10-02 17:40:01.576] [Bytes recibidos]: 138
[2026-10-02 17:40:01.576] [Bytes recibidos]: 191
[2026-10-02 17:40:01.576] [Bytes recibidos]: 159
[2026-10-02 17:40:01.577] [Bytes recibidos]: 128
[2026-10-02 17:40:01.577] [Bytes recibidos]: 128
[2026-10-02 17:40:01.577] [Bytes recibidos]: 215
[2026-10-02 17:40:01.577] [Bytes recibidos]: 185
[2026-10-02 17:40:01.577] [Bytes recibidos]: 138
[2026-10-02 17:40:01.577] [Bytes recibidos]: 191
[2026-10-02 17:40:01.577] [Bytes recibidos]: 159
[2026-10-02 17:40:01.577] [Bytes recibidos]: 128
[2026-10-02 17:40:01.578] [Bytes recibidos]: 128
[2026-10-02 17:40:01.578] [Bytes recibidos]: 215
[2026-10-02 17:40:01.578] [Bytes recibidos]: 184
[2026-10-02 17:40:01.578] [Bytes recibidos]: 138
[2026-10-02 17:40:01.578] [Bytes recibidos]: 191
[2026-10-02 17:40:01.578] [Bytes recibidos]: 159
[2026-10-02 17:40:01.578] [Bytes recibidos]: 128
[2026-10-02 17:40:01.579] [Bytes recibidos]: 128
[2026-10-02 17:40:01.579] [Bytes recibidos]: 215
[2026-10-02 17:40:01.579] [Bytes recibidos]: 184
[2026-10-02 17:40:01.579] [Bytes recibidos]: 138
[2026-10-02 17:40:01.579] [Bytes recibidos]: 191
[2026-10-02 17:40:01.579] [Bytes recibidos]: 159
[2026-10-02 17:40:01.579] [Bytes recibidos]: 128
[2026-10-02 17:40:01.579] [Bytes recibidos]: 128
[2026-10-02 17:40:01.580] [Bytes recibidos]: 215
[2026-10-02 17:40:01.580] [Bytes recibidos]: 184
[2026-10-02 17:40:01.580] [Bytes recibidos]: 138
[2026-10-02 17:40:01.580] [Bytes recibidos]: 191
[2026-10-02 17:40:01.580] [Bytes recibidos]: 159
[2026-10-02 17:40:01.580] [Bytes recibidos]: 128
[2026-10-02 17:40:01.580] [Bytes recibidos]: 128
[2026-10-02 17:40:01.580] [Bytes recibidos]: 215
[2026-10-02 17:40:01.581] [Bytes recibidos]: 184
[2026-10-02 17:40:01.581] [Bytes recibidos]: 138
[2026-10-02 17:40:01.581] [Bytes recibidos]: 128
[2026-10-02 17:40:01.581] [Bytes recibidos]: 160
[2026-10-02 17:40:01.581] [Bytes recibidos]: 128
[2026-10-02 17:40:01.581] [Bytes recibidos]: 128
[2026-10-02 17:40:01.581] [Bytes recibidos]: 215
[2026-10-02 17:40:01.581] [Bytes recibidos]: 184
[2026-10-02 17:40:01.582] [Bytes recibidos]: 138
[2026-10-02 17:40:01.582] [Bytes recibidos]: 128
[2026-10-02 17:40:01.582] [Bytes recibidos]: 160
[2026-10-02 17:40:01.582] [Bytes recibidos]: 128
[2026-10-02 17:40:01.582] [Bytes recibidos]: 128
[2026-10-02 17:40:01.582] [Bytes recibidos]: 215
[2026-10-02 17:40:01.582] [Bytes recibidos]: 184
[2026-10-02 17:40:01.582] [Bytes recibidos]: 138
[2026-10-02 17:40:01.583] [Bytes recibidos]: 128
[2026-10-02 17:40:01.583] [Bytes recibidos]: 160
[2026-10-02 17:40:01.583] [Bytes recibidos]: 128
[2026-10-02 17:40:01.583] [Bytes recibidos]: 128
[2026-10-02 17:40:01.583] [Bytes recibidos]: 215
[2026-10-02 17:40:01.583] [Bytes recibidos]: 184
[2026-10-02 17:40:01.583] [Bytes recibidos]: 138
[2026-10-02 17:40:01.583] [Bytes recibidos]: 128
[2026-10-02 17:40:01.584] [Bytes recibidos]: 160
[2026-10-02 17:40:01.584] [Bytes recibidos]: 128
[2026-10-02 17:40:01.584] [Bytes recibidos]: 128
[2026-10-02 17:40:01.584] [Bytes recibidos]: 215
[2026-10-02 17:40:01.584] [Bytes recibidos]: 184
[2026-10-02 17:40:01.584] [Bytes recibidos]: 138
[2026-10-02 17:40:01.584] [Bytes recibidos]: 128
[2026-10-02 17:40:01.585] [Bytes recibidos]: 160
[2026-10-02 17:40:01.585] [Bytes recibidos]: 128
[2026-10-02 17:40:01.585] [Bytes recibidos]: 128
[2026-10-02 17:40:01.585] [Bytes recibidos]: 215
[2026-10-02 17:40:01.585] [Bytes recibidos]: 184
[2026-10-02 17:40:01.585] [Bytes recibidos]: 138
[2026-10-02 17:40:01.585] [Bytes recibidos]: 191
[2026-10-02 17:40:01.586] [Bytes recibidos]: 159
[2026-10-02 17:40:01.586] [Bytes recibidos]: 128
[2026-10-02 17:40:01.586] [Bytes recibidos]: 128
[2026-10-02 17:40:01.586] [Bytes recibidos]: 215
[2026-10-02 17:40:01.586] [Bytes recibidos]: 184
[2026-10-02 17:40:01.586] [Bytes recibidos]: 138
[2026-10-02 17:40:01.586] [Bytes recibidos]: 191
[2026-10-02 17:40:01.586] [Bytes recibidos]: 159
[2026-10-02 17:40:01.587] [Bytes recibidos]: 128
[2026-10-02 17:40:01.587] [Bytes recibidos]: 128
[2026-10-02 17:40:01.587] [Bytes recibidos]: 215
[2026-10-02 17:40:01.587] [Bytes recibidos]: 184
[2026-10-02 17:40:01.587] [Bytes recibidos]: 138
[2026-10-02 17:40:01.587] [Bytes recibidos]: 191
[2026-10-02 17:40:01.587] [Bytes recibidos]: 159
[2026-10-02 17:40:01.587] [Bytes recibidos]: 128
[2026-10-02 17:40:01.588] [Bytes recibidos]: 128
[2026-10-02 17:40:01.588] [Bytes recibidos]: 215
[2026-10-02 17:40:01.588] [Bytes recibidos]: 184
[2026-10-02 17:40:01.588] [Bytes recibidos]: 138
[2026-10-02 17:40:01.588] [Bytes recibidos]: 191
[2026-10-02 17:40:01.588] [Bytes recibidos]: 159
[2026-10-02 17:40:01.588] [Bytes recibidos]: 128
[2026-10-02 17:40:01.588] [Bytes recibidos]: 128
[2026-10-02 17:40:01.589] [Bytes recibidos]: 215
[2026-10-02 17:40:01.589] [Bytes recibidos]: 184
[2026-10-02 17:40:01.589] [Bytes recibidos]: 138
[2026-10-02 17:40:01.589] [Bytes recibidos]: 128
[2026-10-02 17:40:01.589] [Bytes recibidos]: 160
[2026-10-02 17:40:01.589] [Bytes recibidos]: 128
[2026-10-02 17:40:01.589] [Bytes recibidos]: 128
[2026-10-02 17:40:01.589] [Bytes recibidos]: 215
[2026-10-02 17:40:01.590] [Bytes recibidos]: 184
[2026-10-02 17:40:01.590] [Bytes recibidos]: 138
[2026-10-02 17:40:01.590] [Bytes recibidos]: 128
[2026-10-02 17:40:01.590] [Bytes recibidos]: 160
[2026-10-02 17:40:01.590] [Bytes recibidos]: 128
[2026-10-02 17:40:01.590] [Bytes recibidos]: 128
[2026-10-02 17:40:01.590] [Bytes recibidos]: 215
[2026-10-02 17:40:01.590] [Bytes recibidos]: 184
[2026-10-02 17:40:01.591] [Bytes recibidos]: 138
[2026-10-02 17:40:01.591] [Bytes recibidos]: 128
[2026-10-02 17:40:01.591] [Bytes recibidos]: 160
[2026-10-02 17:40:01.591] [Bytes recibidos]: 128
[2026-10-02 17:40:01.591] [Bytes recibidos]: 128
[2026-10-02 17:40:01.591] [Bytes recibidos]: 215
[2026-10-02 17:40:01.591] [Bytes recibidos]: 183
[2026-10-02 17:40:01.592] [Bytes recibidos]: 138
[2026-10-02 17:40:01.592] [Bytes recibidos]: 128
[2026-10-02 17:40:01.592] [Bytes recibidos]: 160
[2026-10-02 17:40:01.592] [Bytes recibidos]: 128
[2026-10-02 17:40:01.592] [Bytes recibidos]: 128
[2026-10-02 17:40:01.592] [Bytes recibidos]: 215
[2026-10-02 17:40:01.592] [Bytes recibidos]: 183
[2026-10-02 17:40:01.592] [Bytes recibidos]: 138
[2026-10-02 17:40:01.593] [Bytes recibidos]: 128
[2026-10-02 17:40:01.593] [Bytes recibidos]: 160
[2026-10-02 17:40:01.593] [Bytes recibidos]: 128
[2026-10-02 17:40:01.593] [Bytes recibidos]: 128
[2026-10-02 17:40:01.593] [Bytes recibidos]: 215
[2026-10-02 17:40:01.593] [Bytes recibidos]: 183
[2026-10-02 17:40:01.594] [Bytes recibidos]: 138
[2026-10-02 17:40:01.594] [Bytes recibidos]: 128
[2026-10-02 17:40:01.594] [Bytes recibidos]: 160
[2026-10-02 17:40:01.594] [Bytes recibidos]: 128
[2026-10-02 17:40:01.594] [Bytes recibidos]: 128
[2026-10-02 17:40:01.594] [Bytes recibidos]: 215
[2026-10-02 17:40:01.594] [Bytes recibidos]: 183
[2026-10-02 17:40:01.595] [Bytes recibidos]: 138
[2026-10-02 17:40:01.595] [Bytes recibidos]: 128
[2026-10-02 17:40:01.595] [Bytes recibidos]: 160
[2026-10-02 17:40:01.595] [Bytes recibidos]: 128
[2026-10-02 17:40:01.595] [Bytes recibidos]: 128
[2026-10-02 17:40:01.595] [Bytes recibidos]: 215
[2026-10-02 17:40:01.595] [Bytes recibidos]: 183
[2026-10-02 17:40:01.596] [Bytes recibidos]: 138
[2026-10-02 17:40:01.596] [Bytes recibidos]: 128
[2026-10-02 17:40:01.596] [Bytes recibidos]: 160
[2026-10-02 17:40:01.596] [Bytes recibidos]: 128
[2026-10-02 17:40:01.596] [Bytes recibidos]: 128
[2026-10-02 17:40:01.596] [Bytes recibidos]: 215
[2026-10-02 17:40:01.596] [Bytes recibidos]: 183
[2026-10-02 17:40:01.597] [Bytes recibidos]: 138
[2026-10-02 17:40:01.597] [Bytes recibidos]: 128
[2026-10-02 17:40:01.597] [Bytes recibidos]: 160
[2026-10-02 17:40:01.597] [Bytes recibidos]: 128
[2026-10-02 17:40:01.597] [Bytes recibidos]: 128
[2026-10-02 17:40:01.597] [Bytes recibidos]: 215
[2026-10-02 17:40:01.597] [Bytes recibidos]: 183
[2026-10-02 17:40:01.598] [Bytes recibidos]: 138
[2026-10-02 17:40:01.598] [Bytes recibidos]: 128
[2026-10-02 17:40:01.598] [Bytes recibidos]: 160
[2026-10-02 17:40:01.598] [Bytes recibidos]: 128
[2026-10-02 17:40:01.598] [Bytes recibidos]: 128
[2026-10-02 17:40:01.598] [Bytes recibidos]: 215
[2026-10-02 17:40:01.598] [Bytes recibidos]: 183
[2026-10-02 17:40:01.598] [Bytes recibidos]: 138
[2026-10-02 17:40:01.599] [Bytes recibidos]: 128
[2026-10-02 17:40:01.599] [Bytes recibidos]: 160
[2026-10-02 17:40:01.599] [Bytes recibidos]: 128
[2026-10-02 17:40:01.599] [Bytes recibidos]: 128
[2026-10-02 17:40:01.599] [Bytes recibidos]: 215
[2026-10-02 17:40:01.599] [Bytes recibidos]: 183
[2026-10-02 17:40:01.599] [Bytes recibidos]: 138
[2026-10-02 17:40:01.599] [Bytes recibidos]: 128
[2026-10-02 17:40:01.600] [Bytes recibidos]: 160
[2026-10-02 17:40:01.600] [Bytes recibidos]: 128
[2026-10-02 17:40:01.600] [Bytes recibidos]: 128
[2026-10-02 17:40:01.600] [Bytes recibidos]: 215
[2026-10-02 17:40:01.600] [Bytes recibidos]: 183
[2026-10-02 17:40:01.600] [Bytes recibidos]: 138
[2026-10-02 17:40:01.600] [Bytes recibidos]: 128
[2026-10-02 17:40:01.600] [Bytes recibidos]: 160
[2026-10-02 17:40:01.601] [Bytes recibidos]: 128
[2026-10-02 17:40:01.601] [Bytes recibidos]: 128
[2026-10-02 17:40:01.601] [Bytes recibidos]: 215
[2026-10-02 17:40:01.601] [Bytes recibidos]: 183
[2026-10-02 17:40:01.601] [Bytes recibidos]: 138
[2026-10-02 17:40:01.601] [Bytes recibidos]: 128
[2026-10-02 17:40:01.601] [Bytes recibidos]: 160
[2026-10-02 17:40:01.602] [Bytes recibidos]: 128
[2026-10-02 17:40:01.602] [Bytes recibidos]: 128
[2026-10-02 17:40:01.602] [Bytes recibidos]: 215
[2026-10-02 17:40:01.602] [Bytes recibidos]: 182
[2026-10-02 17:40:01.602] [Bytes recibidos]: 138
[2026-10-02 17:40:01.602] [Bytes recibidos]: 128
[2026-10-02 17:40:01.602] [Bytes recibidos]: 160
[2026-10-02 17:40:01.602] [Bytes recibidos]: 128
[2026-10-02 17:40:01.602] [Bytes recibidos]: 128
[2026-10-02 17:40:01.603] [Bytes recibidos]: 215
[2026-10-02 17:40:01.603] [Bytes recibidos]: 182
[2026-10-02 17:40:01.603] [Bytes recibidos]: 138
[2026-10-02 17:40:01.603] [Bytes recibidos]: 128
[2026-10-02 17:40:01.603] [Bytes recibidos]: 160
[2026-10-02 17:40:01.603] [Bytes recibidos]: 128
[2026-10-02 17:40:01.603] [Bytes recibidos]: 128
[2026-10-02 17:40:01.603] [Bytes recibidos]: 215
[2026-10-02 17:40:01.603] [Bytes recibidos]: 182
[2026-10-02 17:40:01.604] [Bytes recibidos]: 138
[2026-10-02 17:40:01.604] [Bytes recibidos]: 128
[2026-10-02 17:40:01.604] [Bytes recibidos]: 160
[2026-10-02 17:40:01.604] [Bytes recibidos]: 128
[2026-10-02 17:40:01.604] [Bytes recibidos]: 128
[2026-10-02 17:40:01.604] [Bytes recibidos]: 215
[2026-10-02 17:40:01.604] [Bytes recibidos]: 182
[2026-10-02 17:40:01.604] [Bytes recibidos]: 138
[2026-10-02 17:40:01.605] [Bytes recibidos]: 128
[2026-10-02 17:40:01.605] [Bytes recibidos]: 160
[2026-10-02 17:40:01.605] [Bytes recibidos]: 128
[2026-10-02 17:40:01.605] [Bytes recibidos]: 128
[2026-10-02 17:40:01.605] [Bytes recibidos]: 215
[2026-10-02 17:40:01.605] [Bytes recibidos]: 182
[2026-10-02 17:40:01.605] [Bytes recibidos]: 138
[2026-10-02 17:40:01.605] [Bytes recibidos]: 128
[2026-10-02 17:40:01.605] [Bytes recibidos]: 160
[2026-10-02 17:40:01.606] [Bytes recibidos]: 128
[2026-10-02 17:40:01.606] [Bytes recibidos]: 128
[2026-10-02 17:40:01.606] [Bytes recibidos]: 215
[2026-10-02 17:40:01.606] [Bytes recibidos]: 182
[2026-10-02 17:40:01.606] [Bytes recibidos]: 138
[2026-10-02 17:40:01.606] [Bytes recibidos]: 128
[2026-10-02 17:40:01.606] [Bytes recibidos]: 160
[2026-10-02 17:40:01.606] [Bytes recibidos]: 128
[2026-10-02 17:40:01.606] [Bytes recibidos]: 128
[2026-10-02 17:40:01.607] [Bytes recibidos]: 215
[2026-10-02 17:40:01.607] [Bytes recibidos]: 182
[2026-10-02 17:40:01.607] [Bytes recibidos]: 138
[2026-10-02 17:40:01.607] [Bytes recibidos]: 128
[2026-10-02 17:40:01.607] [Bytes recibidos]: 160
[2026-10-02 17:40:01.607] [Bytes recibidos]: 128
[2026-10-02 17:40:01.607] [Bytes recibidos]: 128
[2026-10-02 17:40:01.607] [Bytes recibidos]: 215
[2026-10-02 17:40:01.607] [Bytes recibidos]: 182
[2026-10-02 17:40:01.607] [Bytes recibidos]: 138
[2026-10-02 17:40:01.608] [Bytes recibidos]: 128
[2026-10-02 17:40:01.608] [Bytes recibidos]: 160
[2026-10-02 17:40:01.608] [Bytes recibidos]: 128
[2026-10-02 17:40:01.608] [Bytes recibidos]: 128
[2026-10-02 17:40:01.608] [Bytes recibidos]: 215
[2026-10-02 17:40:01.608] [Bytes recibidos]: 182
[2026-10-02 17:40:01.608] [Bytes recibidos]: 138
[2026-10-02 17:40:01.608] [Bytes recibidos]: 128
[2026-10-02 17:40:01.608] [Bytes recibidos]: 160
[2026-10-02 17:40:01.608] [Bytes recibidos]: 128
[2026-10-02 17:40:01.609] [Bytes recibidos]: 128
[2026-10-02 17:40:01.609] [Bytes recibidos]: 215
[2026-10-02 17:40:01.609] [Bytes recibidos]: 181
[2026-10-02 17:40:01.609] [Bytes recibidos]: 138
[2026-10-02 17:40:01.609] [Bytes recibidos]: 128
[2026-10-02 17:40:01.609] [Bytes recibidos]: 160
[2026-10-02 17:40:01.609] [Bytes recibidos]: 128
[2026-10-02 17:40:01.609] [Bytes recibidos]: 128
[2026-10-02 17:40:01.609] [Bytes recibidos]: 215
[2026-10-02 17:40:01.609] [Bytes recibidos]: 181
[2026-10-02 17:40:01.610] [Bytes recibidos]: 138
[2026-10-02 17:40:01.610] [Bytes recibidos]: 128
[2026-10-02 17:40:01.610] [Bytes recibidos]: 160
[2026-10-02 17:40:01.610] [Bytes recibidos]: 128
[2026-10-02 17:40:01.610] [Bytes recibidos]: 128
[2026-10-02 17:40:01.610] [Bytes recibidos]: 215
[2026-10-02 17:40:01.610] [Bytes recibidos]: 181
[2026-10-02 17:40:01.610] [Bytes recibidos]: 138
[2026-10-02 17:40:01.610] [Bytes recibidos]: 128
[2026-10-02 17:40:01.610] [Bytes recibidos]: 160
[2026-10-02 17:40:01.610] [Bytes recibidos]: 128
[2026-10-02 17:40:01.611] [Bytes recibidos]: 128
[2026-10-02 17:40:01.611] [Bytes recibidos]: 215
[2026-10-02 17:40:01.611] [Bytes recibidos]: 181
[2026-10-02 17:40:01.611] [Bytes recibidos]: 138
[2026-10-02 17:40:01.611] [Bytes recibidos]: 128
[2026-10-02 17:40:01.611] [Bytes recibidos]: 160
[2026-10-02 17:40:01.611] [Bytes recibidos]: 128
[2026-10-02 17:40:01.611] [Bytes recibidos]: 128
[2026-10-02 17:40:01.611] [Bytes recibidos]: 215
[2026-10-02 17:40:01.611] [Bytes recibidos]: 181
[2026-10-02 17:40:01.611] [Bytes recibidos]: 138
[2026-10-02 17:40:01.611] [Bytes recibidos]: 128
[2026-10-02 17:40:01.612] [Bytes recibidos]: 160
[2026-10-02 17:40:01.612] [Bytes recibidos]: 128
[2026-10-02 17:40:01.612] [Bytes recibidos]: 128
[2026-10-02 17:40:01.612] [Bytes recibidos]: 215
[2026-10-02 17:40:01.612] [Bytes recibidos]: 181
[2026-10-02 17:40:01.612] [Bytes recibidos]: 138
[2026-10-02 17:40:01.612] [Bytes recibidos]: 128
[2026-10-02 17:40:01.612] [Bytes recibidos]: 160
[2026-10-02 17:40:01.612] [Bytes recibidos]: 128
[2026-10-02 17:40:01.612] [Bytes recibidos]: 128
[2026-10-02 17:40:01.612] [Bytes recibidos]: 215
[2026-10-02 17:40:01.612] [Bytes recibidos]: 181
[2026-10-02 17:40:01.613] [Bytes recibidos]: 138
[2026-10-02 17:40:01.613] [Bytes recibidos]: 128
[2026-10-02 17:40:01.613] [Bytes recibidos]: 160
[2026-10-02 17:40:01.613] [Bytes recibidos]: 128
[2026-10-02 17:40:01.613] [Bytes recibidos]: 128
[2026-10-02 17:40:01.613] [Bytes recibidos]: 215
[2026-10-02 17:40:01.614] [Bytes recibidos]: 181
[2026-10-02 17:40:01.614] [Bytes recibidos]: 138
[2026-10-02 17:40:01.614] [Bytes recibidos]: 128
[2026-10-02 17:40:01.614] [Bytes recibidos]: 160
[2026-10-02 17:40:01.614] [Bytes recibidos]: 128
[2026-10-02 17:40:01.614] [Bytes recibidos]: 128
[2026-10-02 17:40:01.614] [Bytes recibidos]: 215
[2026-10-02 17:40:01.614] [Bytes recibidos]: 180
[2026-10-02 17:40:01.614] [Bytes recibidos]: 138
[2026-10-02 17:40:01.615] [Bytes recibidos]: 128
[2026-10-02 17:40:01.615] [Bytes recibidos]: 160
[2026-10-02 17:40:01.615] [Bytes recibidos]: 128
[2026-10-02 17:40:01.615] [Bytes recibidos]: 128
[2026-10-02 17:40:01.615] [Bytes recibidos]: 215
[2026-10-02 17:40:01.615] [Bytes recibidos]: 180
[2026-10-02 17:40:01.615] [Bytes recibidos]: 138
[2026-10-02 17:40:01.615] [Bytes recibidos]: 128
[2026-10-02 17:40:01.615] [Bytes recibidos]: 160
[2026-10-02 17:40:01.615] [Bytes recibidos]: 128
[2026-10-02 17:40:01.616] [Bytes recibidos]: 128
[2026-10-02 17:40:01.616] [Bytes recibidos]: 215
[2026-10-02 17:40:01.616] [Bytes recibidos]: 180
[2026-10-02 17:40:01.616] [Bytes recibidos]: 138
[2026-10-02 17:40:01.616] [Bytes recibidos]: 128
[2026-10-02 17:40:01.616] [Bytes recibidos]: 160
[2026-10-02 17:40:01.616] [Bytes recibidos]: 128
[2026-10-02 17:40:01.616] [Bytes recibidos]: 128
[2026-10-02 17:40:01.616] [Bytes recibidos]: 215
[2026-10-02 17:40:01.616] [Bytes recibidos]: 180
[2026-10-02 17:40:01.616] [Bytes recibidos]: 138
[2026-10-02 17:40:01.617] [Bytes recibidos]: 128
[2026-10-02 17:40:01.617] [Bytes recibidos]: 160
[2026-10-02 17:40:01.617] [Bytes recibidos]: 128
[2026-10-02 17:40:01.617] [Bytes recibidos]: 128
[2026-10-02 17:40:01.617] [Bytes recibidos]: 215
[2026-10-02 17:40:01.617] [Bytes recibidos]: 180
[2026-10-02 17:40:01.617] [Bytes recibidos]: 138
[2026-10-02 17:40:01.617] [Bytes recibidos]: 128
[2026-10-02 17:40:01.617] [Bytes recibidos]: 160
[2026-10-02 17:40:01.617] [Bytes recibidos]: 128
[2026-10-02 17:40:01.617] [Bytes recibidos]: 128
[2026-10-02 17:40:01.618] [Bytes recibidos]: 215
[2026-10-02 17:40:01.618] [Bytes recibidos]: 180
[2026-10-02 17:40:01.618] [Bytes recibidos]: 138
[2026-10-02 17:40:01.618] [Bytes recibidos]: 128
[2026-10-02 17:40:01.618] [Bytes recibidos]: 160
[2026-10-02 17:40:01.618] [Bytes recibidos]: 128
[2026-10-02 17:40:01.618] [Bytes recibidos]: 128
[2026-10-02 17:40:01.618] [Bytes recibidos]: 215
[2026-10-02 17:40:01.618] [Bytes recibidos]: 180
[2026-10-02 17:40:01.618] [Bytes recibidos]: 138
[2026-10-02 17:40:01.618] [Bytes recibidos]: 128
[2026-10-02 17:40:01.618] [Bytes recibidos]: 160
[2026-10-02 17:40:01.619] [Bytes recibidos]: 128
[2026-10-02 17:40:01.619] [Bytes recibidos]: 128
[2026-10-02 17:40:01.619] [Bytes recibidos]: 215
[2026-10-02 17:40:01.619] [Bytes recibidos]: 180
[2026-10-02 17:40:01.619] [Bytes recibidos]: 138
[2026-10-02 17:40:01.619] [Bytes recibidos]: 128
[2026-10-02 17:40:01.619] [Bytes recibidos]: 160
[2026-10-02 17:40:01.619] [Bytes recibidos]: 128
[2026-10-02 17:40:01.619] [Bytes recibidos]: 128
[2026-10-02 17:40:01.619] [Bytes recibidos]: 215
[2026-10-02 17:40:01.619] [Bytes recibidos]: 180
[2026-10-02 17:40:01.619] [Bytes recibidos]: 138
[2026-10-02 17:40:01.620] [Bytes recibidos]: 128
[2026-10-02 17:40:01.620] [Bytes recibidos]: 160
[2026-10-02 17:40:01.620] [Bytes recibidos]: 128
[2026-10-02 17:40:01.620] [Bytes recibidos]: 128
[2026-10-02 17:40:01.620] [Bytes recibidos]: 215
[2026-10-02 17:40:01.620] [Bytes recibidos]: 179
[2026-10-02 17:40:01.620] [Bytes recibidos]: 138
[2026-10-02 17:40:01.620] [Bytes recibidos]: 128
[2026-10-02 17:40:01.620] [Bytes recibidos]: 160
[2026-10-02 17:40:01.620] [Bytes recibidos]: 128
[2026-10-02 17:40:01.620] [Bytes recibidos]: 128
[2026-10-02 17:40:01.620] [Bytes recibidos]: 215
[2026-10-02 17:40:01.621] [Bytes recibidos]: 179
[2026-10-02 17:40:01.621] [Bytes recibidos]: 138
[2026-10-02 17:40:01.621] [Bytes recibidos]: 128
[2026-10-02 17:40:01.621] [Bytes recibidos]: 160
[2026-10-02 17:40:01.621] [Bytes recibidos]: 128
[2026-10-02 17:40:01.621] [Bytes recibidos]: 128
[2026-10-02 17:40:01.621] [Bytes recibidos]: 215
[2026-10-02 17:40:01.621] [Bytes recibidos]: 179
[2026-10-02 17:40:01.621] [Bytes recibidos]: 138
[2026-10-02 17:40:01.621] [Bytes recibidos]: 128
[2026-10-02 17:40:01.621] [Bytes recibidos]: 160
[2026-10-02 17:40:01.622] [Bytes recibidos]: 128
[2026-10-02 17:40:01.622] [Bytes recibidos]: 128
[2026-10-02 17:40:01.622] [Bytes recibidos]: 215
[2026-10-02 17:40:01.622] [Bytes recibidos]: 179
[2026-10-02 17:40:01.622] [Bytes recibidos]: 138
[2026-10-02 17:40:01.622] [Bytes recibidos]: 128
[2026-10-02 17:40:01.622] [Bytes recibidos]: 160
[2026-10-02 17:40:01.622] [Bytes recibidos]: 128
[2026-10-02 17:40:01.622] [Bytes recibidos]: 128
[2026-10-02 17:40:01.622] [Bytes recibidos]: 215
[2026-10-02 17:40:01.622] [Bytes recibidos]: 179
[2026-10-02 17:40:01.623] [Bytes recibidos]: 138
[2026-10-02 17:40:01.623] [Bytes recibidos]: 128
[2026-10-02 17:40:01.623] [Bytes recibidos]: 160
[2026-10-02 17:40:01.623] [Bytes recibidos]: 128
[2026-10-02 17:40:01.623] [Bytes recibidos]: 128
[2026-10-02 17:40:01.623] [Bytes recibidos]: 215
[2026-10-02 17:40:01.623] [Bytes recibidos]: 179
[2026-10-02 17:40:01.623] [Bytes recibidos]: 138
[2026-10-02 17:40:01.623] [Bytes recibidos]: 128
[2026-10-02 17:40:01.623] [Bytes recibidos]: 160
[2026-10-02 17:40:01.623] [Bytes recibidos]: 128
[2026-10-02 17:40:01.623] [Bytes recibidos]: 128
[2026-10-02 17:40:01.623] [Bytes recibidos]: 215
[2026-10-02 17:40:01.624] [Bytes recibidos]: 179
[2026-10-02 17:40:01.624] [Bytes recibidos]: 138
[2026-10-02 17:40:01.624] [Bytes recibidos]: 128
[2026-10-02 17:40:01.624] [Bytes recibidos]: 160
[2026-10-02 17:40:01.624] [Bytes recibidos]: 128
[2026-10-02 17:40:01.624] [Bytes recibidos]: 128
[2026-10-02 17:40:01.624] [Bytes recibidos]: 215
[2026-10-02 17:40:01.624] [Bytes recibidos]: 179
[2026-10-02 17:40:01.624] [Bytes recibidos]: 138
[2026-10-02 17:40:01.624] [Bytes recibidos]: 128
[2026-10-02 17:40:01.624] [Bytes recibidos]: 160
[2026-10-02 17:40:01.625] [Bytes recibidos]: 128
[2026-10-02 17:40:01.625] [Bytes recibidos]: 128
[2026-10-02 17:40:01.625] [Bytes recibidos]: 215
[2026-10-02 17:40:01.625] [Bytes recibidos]: 178
[2026-10-02 17:40:01.625] [Bytes recibidos]: 138
[2026-10-02 17:40:01.625] [Bytes recibidos]: 128
[2026-10-02 17:40:01.625] [Bytes recibidos]: 160
[2026-10-02 17:40:01.625] [Bytes recibidos]: 128
[2026-10-02 17:40:01.625] [Bytes recibidos]: 128
[2026-10-02 17:40:01.625] [Bytes recibidos]: 215
[2026-10-02 17:40:01.625] [Bytes recibidos]: 178
[2026-10-02 17:40:01.625] [Bytes recibidos]: 138
[2026-10-02 17:40:01.626] [Bytes recibidos]: 128
[2026-10-02 17:40:01.626] [Bytes recibidos]: 160
[2026-10-02 17:40:01.626] [Bytes recibidos]: 128
[2026-10-02 17:40:01.626] [Bytes recibidos]: 128
[2026-10-02 17:40:01.626] [Bytes recibidos]: 215
[2026-10-02 17:40:01.626] [Bytes recibidos]: 178
[2026-10-02 17:40:01.626] [Bytes recibidos]: 138
[2026-10-02 17:40:01.626] [Bytes recibidos]: 128
[2026-10-02 17:40:01.626] [Bytes recibidos]: 160
[2026-10-02 17:40:01.626] [Bytes recibidos]: 128
[2026-10-02 17:40:01.626] [Bytes recibidos]: 128
[2026-10-02 17:40:01.626] [Bytes recibidos]: 215
[2026-10-02 17:40:01.627] [Bytes recibidos]: 178
[2026-10-02 17:40:01.627] [Bytes recibidos]: 138
[2026-10-02 17:40:01.627] [Bytes recibidos]: 128
[2026-10-02 17:40:01.627] [Bytes recibidos]: 160
[2026-10-02 17:40:01.627] [Bytes recibidos]: 128
[2026-10-02 17:40:01.627] [Bytes recibidos]: 128
[2026-10-02 17:40:01.627] [Bytes recibidos]: 215
[2026-10-02 17:40:01.627] [Bytes recibidos]: 178
[2026-10-02 17:40:01.627] [Bytes recibidos]: 138
[2026-10-02 17:40:01.627] [Bytes recibidos]: 128
[2026-10-02 17:40:01.627] [Bytes recibidos]: 160
[2026-10-02 17:40:01.628] [Bytes recibidos]: 128
[2026-10-02 17:40:01.628] [Bytes recibidos]: 128
[2026-10-02 17:40:01.628] [Bytes recibidos]: 215
[2026-10-02 17:40:01.628] [Bytes recibidos]: 178
[2026-10-02 17:40:01.628] [Bytes recibidos]: 138
[2026-10-02 17:40:01.628] [Bytes recibidos]: 128
[2026-10-02 17:40:01.628] [Bytes recibidos]: 160
[2026-10-02 17:40:01.628] [Bytes recibidos]: 128
[2026-10-02 17:40:01.628] [Bytes recibidos]: 128
[2026-10-02 17:40:01.628] [Bytes recibidos]: 215
[2026-10-02 17:40:01.629] [Bytes recibidos]: 177
[2026-10-02 17:40:01.629] [Bytes recibidos]: 138
[2026-10-02 17:40:01.629] [Bytes recibidos]: 128
[2026-10-02 17:40:01.629] [Bytes recibidos]: 160
[2026-10-02 17:40:01.629] [Bytes recibidos]: 128
[2026-10-02 17:40:01.629] [Bytes recibidos]: 128
[2026-10-02 17:40:01.629] [Bytes recibidos]: 215
[2026-10-02 17:40:01.629] [Bytes recibidos]: 177
[2026-10-02 17:40:01.629] [Bytes recibidos]: 138
[2026-10-02 17:40:01.629] [Bytes recibidos]: 128
[2026-10-02 17:40:01.630] [Bytes recibidos]: 160
[2026-10-02 17:40:01.630] [Bytes recibidos]: 128
[2026-10-02 17:40:01.630] [Bytes recibidos]: 128
[2026-10-02 17:40:01.630] [Bytes recibidos]: 215
[2026-10-02 17:40:01.630] [Bytes recibidos]: 177
[2026-10-02 17:40:01.630] [Bytes recibidos]: 138
[2026-10-02 17:40:01.630] [Bytes recibidos]: 128
[2026-10-02 17:40:01.630] [Bytes recibidos]: 160
[2026-10-02 17:40:01.630] [Bytes recibidos]: 128
[2026-10-02 17:40:01.630] [Bytes recibidos]: 128
[2026-10-02 17:40:01.631] [Bytes recibidos]: 215
[2026-10-02 17:40:01.631] [Bytes recibidos]: 177
[2026-10-02 17:40:01.631] [Bytes recibidos]: 138
[2026-10-02 17:40:01.631] [Bytes recibidos]: 128
[2026-10-02 17:40:01.631] [Bytes recibidos]: 160
[2026-10-02 17:40:01.631] [Bytes recibidos]: 128
[2026-10-02 17:40:01.631] [Bytes recibidos]: 128
[2026-10-02 17:40:01.631] [Bytes recibidos]: 215
[2026-10-02 17:40:01.631] [Bytes recibidos]: 177
[2026-10-02 17:40:01.631] [Bytes recibidos]: 138
[2026-10-02 17:40:01.631] [Bytes recibidos]: 128
[2026-10-02 17:40:01.631] [Bytes recibidos]: 160
[2026-10-02 17:40:01.631] [Bytes recibidos]: 128
[2026-10-02 17:40:01.631] [Bytes recibidos]: 128
[2026-10-02 17:40:01.631] [Bytes recibidos]: 215
[2026-10-02 17:40:01.632] [Bytes recibidos]: 177
[2026-10-02 17:40:01.632] [Bytes recibidos]: 138
[2026-10-02 17:40:01.632] [Bytes recibidos]: 128
[2026-10-02 17:40:01.632] [Bytes recibidos]: 160
[2026-10-02 17:40:01.632] [Bytes recibidos]: 128
[2026-10-02 17:40:01.632] [Bytes recibidos]: 128
[2026-10-02 17:40:01.632] [Bytes recibidos]: 215
[2026-10-02 17:40:01.632] [Bytes recibidos]: 177
[2026-10-02 17:40:01.632] [Bytes recibidos]: 138
[2026-10-02 17:40:01.632] [Bytes recibidos]: 128
[2026-10-02 17:40:01.632] [Bytes recibidos]: 160
[2026-10-02 17:40:01.632] [Bytes recibidos]: 128
[2026-10-02 17:40:01.632] [Bytes recibidos]: 128
[2026-10-02 17:40:01.632] [Bytes recibidos]: 215
[2026-10-02 17:40:01.632] [Bytes recibidos]: 176
[2026-10-02 17:40:01.632] [Bytes recibidos]: 138
[2026-10-02 17:40:01.633] [Bytes recibidos]: 128
[2026-10-02 17:40:01.633] [Bytes recibidos]: 160
[2026-10-02 17:40:01.633] [Bytes recibidos]: 128
[2026-10-02 17:40:01.633] [Bytes recibidos]: 128
[2026-10-02 17:40:01.633] [Bytes recibidos]: 215
[2026-10-02 17:40:01.633] [Bytes recibidos]: 176
[2026-10-02 17:40:01.633] [Bytes recibidos]: 138
[2026-10-02 17:40:01.633] [Bytes recibidos]: 128
[2026-10-02 17:40:01.633] [Bytes recibidos]: 160
[2026-10-02 17:40:01.633] [Bytes recibidos]: 128
[2026-10-02 17:40:01.633] [Bytes recibidos]: 128
[2026-10-02 17:40:01.633] [Bytes recibidos]: 215
[2026-10-02 17:40:01.633] [Bytes recibidos]: 176
[2026-10-02 17:40:01.633] [Bytes recibidos]: 138
[2026-10-02 17:40:01.633] [Bytes recibidos]: 128
[2026-10-02 17:40:01.634] [Bytes recibidos]: 160
[2026-10-02 17:40:01.634] [Bytes recibidos]: 128
[2026-10-02 17:40:01.634] [Bytes recibidos]: 128
[2026-10-02 17:40:01.634] [Bytes recibidos]: 215
[2026-10-02 17:40:01.634] [Bytes recibidos]: 176
[2026-10-02 17:40:01.634] [Bytes recibidos]: 138
[2026-10-02 17:40:01.634] [Bytes recibidos]: 128
[2026-10-02 17:40:01.634] [Bytes recibidos]: 160
[2026-10-02 17:40:01.634] [Bytes recibidos]: 128
[2026-10-02 17:40:01.634] [Bytes recibidos]: 128
[2026-10-02 17:40:01.634] [Bytes recibidos]: 215
[2026-10-02 17:40:01.634] [Bytes recibidos]: 198
[2026-10-02 17:40:01.634] [Bytes recibidos]: 192
[2026-10-02 17:40:01.634] [Bytes recibidos]: 176
[2026-10-02 17:40:01.634] [Bytes recibidos]: 138
[2026-10-02 17:40:01.634] [Bytes recibidos]: 128
[2026-10-02 17:40:01.635] [Bytes recibidos]: 160
[2026-10-02 17:40:01.635] [Bytes recibidos]: 128
[2026-10-02 17:40:01.635] [Bytes recibidos]: 128
[2026-10-02 17:40:01.635] [Bytes recibidos]: 215
[2026-10-02 17:40:01.635] [Bytes recibidos]: 176
[2026-10-02 17:40:01.635] [Bytes recibidos]: 138
[2026-10-02 17:40:01.635] [Bytes recibidos]: 128
[2026-10-02 17:40:01.635] [Bytes recibidos]: 160
[2026-10-02 17:40:01.635] [Bytes recibidos]: 128
[2026-10-02 17:40:01.635] [Bytes recibidos]: 128
[2026-10-02 17:40:01.635] [Bytes recibidos]: 215
[2026-10-02 17:40:01.635] [Bytes recibidos]: 176
[2026-10-02 17:40:01.635] [Bytes recibidos]: 138
[2026-10-02 17:40:01.635] [Bytes recibidos]: 128
[2026-10-02 17:40:01.635] [Bytes recibidos]: 160
[2026-10-02 17:40:01.635] [Bytes recibidos]: 128
[2026-10-02 17:40:01.636] [Bytes recibidos]: 128
[2026-10-02 17:40:01.636] [Bytes recibidos]: 215
[2026-10-02 17:40:01.636] [Bytes recibidos]: 176
[2026-10-02 17:40:01.636] [Bytes recibidos]: 138
[2026-10-02 17:40:01.636] [Bytes recibidos]: 132
[2026-10-02 17:40:01.636] [Bytes recibidos]: 160
[2026-10-02 17:40:01.636] [Bytes recibidos]: 128
[2026-10-02 17:40:01.636] [Bytes recibidos]: 128
[2026-10-02 17:40:01.636] [Bytes recibidos]: 215
[2026-10-02 17:40:01.636] [Bytes recibidos]: 180
[2026-10-02 17:40:01.636] [Bytes recibidos]: 138
[2026-10-02 17:40:01.636] [Bytes recibidos]: 158
[2026-10-02 17:40:01.636] [Bytes recibidos]: 160
[2026-10-02 17:40:01.636] [Bytes recibidos]: 128
[2026-10-02 17:40:01.636] [Bytes recibidos]: 128
[2026-10-02 17:40:01.636] [Bytes recibidos]: 215
[2026-10-02 17:40:01.637] [Bytes recibidos]: 187
[2026-10-02 17:40:01.637] [Bytes recibidos]: 138
[2026-10-02 17:40:01.637] [Bytes recibidos]: 189
[2026-10-02 17:40:01.637] [Bytes recibidos]: 160
[2026-10-02 17:40:01.637] [Bytes recibidos]: 128
[2026-10-02 17:40:01.637] [Bytes recibidos]: 128
[2026-10-02 17:40:01.637] [Bytes recibidos]: 215
[2026-10-02 17:40:01.637] [Bytes recibidos]: 134
[2026-10-02 17:40:01.637] [Bytes recibidos]: 139
[2026-10-02 17:40:01.637] [Bytes recibidos]: 163
[2026-10-02 17:40:01.637] [Bytes recibidos]: 161
[2026-10-02 17:40:01.637] [Data Recibida]: 106.29719169719169
[2026-10-02 17:40:01.637] [MIN]: -21
[2026-10-02 17:40:01.637] [MAX]: 121
[2026-10-02 17:40:01.638] [MAXBIN]: 4095
[2026-10-02 17:40:01.638] [Data Recibida]: 148.02661782661784
[2026-10-02 17:40:01.638] [MIN]: -181
[2026-10-02 17:40:01.638] [MAX]: 181
[2026-10-02 17:40:01.638] [MAXBIN]: 4095
[2026-10-02 17:40:01.638] [Data Recibida]: 0.757020757020757
[2026-10-02 17:40:01.638] [MIN]: 0
[2026-10-02 17:40:01.638] [MAX]: 100
[2026-10-02 17:40:01.638] [MAXBIN]: 4095
[2026-10-02 17:40:01.638] [Data Recibida]: 43.13553113553114
[2026-10-02 17:40:01.638] [MIN]: 0
[2026-10-02 17:40:01.638] [MAX]: 120
[2026-10-02 17:40:01.638] [MAXBIN]: 4095
[2026-10-02 17:40:01.639] [Data Recibida]: 3.404151404151404
[2026-10-02 17:40:01.639] [MIN]: 0
[2026-10-02 17:40:01.639] [MAX]: 20
[2026-10-02 17:40:01.639] [MAXBIN]: 4095
[2026-10-02 17:40:01.639] [Data Recibida]: 49.865689865689866
[2026-10-02 17:40:01.639] [MIN]: 0
[2026-10-02 17:40:01.639] [MAX]: 100
[2026-10-02 17:40:01.639] [MAXBIN]: 4095
[2026-10-02 17:40:01.639] [Data Recibida]: 0.0
[2026-10-02 17:40:01.639] [MIN]: 0
[2026-10-02 17:40:01.639] [MAX]: 20
[2026-10-02 17:40:01.639] [MAXBIN]: 4095
[2026-10-02 17:40:01.639] [Data Recibida]: 17.92918192918193
[2026-10-02 17:40:01.639] [MIN]: 0
[2026-10-02 17:40:01.639] [MAX]: 20
[2026-10-02 17:40:01.640] [MAXBIN]: 4095
[2026-10-02 17:40:03.647] Datos recibidos (490 bytes): 80 80 D7 8D 8B B6 A1 80 80 D7 9D 8B 97 A2 80 80 D7 B8 8B BB A2 80 80 D7 8A 8C 89 A3 80 80 D7 93 8C 8D A3 80 80 D7 A4 8C 92 A3 80 80 D7 B4 8C 93 A3 80 80 D7 8C 8D 93 A3 80 80 D7 9B 8D 92 A3 80 80 D7 A9 8D 92 A3 80 80 D7 B1 8D 92 A3 80 80 D7 BF 8D 92 A3 80 80 D7 94 8E 93 A3 80 80 D7 A2 8E 94 A3 80 80 D7 A9 8E 94 A3 80 80 D7 B6 8E 95 A3 80 80 D7 84 8F 96 A3 80 80 D7 97 8F 98 A3 80 80 D7 A4 8F 99 A3 80 80 D7 B0 8F 9B A3 80 80 D7 B6 8F 9C A3 80 80 D7 81 90 9E A3 80 80 D7 91 90 A2 A3 80 80 D7 9A 90 A5 A3 80 80 D7 A2 90 A8 A3 80 80 D7 A5 90 AA A3 80 80 D7 AC 90 AD A3 80 80 D7 B6 90 B1 A3 80 80 D7 BC 90 B4 A3 80 80 D7 BF 90 B5 A3 80 80 D7 84 91 B6 A3 80 80 D7 8A 91 B8 A3 80 80 D7 93 91 BA A3 80 80 D7 99 91 BB A3 80 80 D7 9E 91 BB A3 80 80 D7 A1 91 BB A3 80 80 D7 A7 91 BC A3 80 80 D7 B0 91 BC A3 80 80 D7 B6 91 BD A3 80 80 D7 BC 91 BD A3 80 80 D7 BF 91 BD A3 80 80 D7 85 92 BD A3 80 80 D7 8E 92 BE A3 80 80 D7 94 92 BE A3 80 80 D7 9A 92 BE A3 80 80 D7 9D 92 BE A3 80 80 D7 A4 92 BE A3 80 80 D7 AD 92 BE A3 80 80 D7 B3 92 BE A3 80 80 D7 B9 92 BF A3 80 80 D7 BC 92 BF A3 80 80 D7 82 93 BF A3 80 80 D7 8A 93 80 A4 80 80 D7 8F 93 81 A4 80 80 D7 92 93 81 A4 80 80 D7 97 93 82 A4 80 80 D7 9C 93 83 A4 80 80 D7 A2 93 84 A4 80 80 D7 A5 93 86 A4 80 80 D7 A7 93 89 A4 80 80 D7 A7 93 8A A4 80 80 D7 A6 93 8D A4 80 80 D7 A3 93 89 A4 80 80 D7 9E 93 B4 A3 80 80 D7 9B 93 A3 A3 80 80 D7 91 93 B9 A2 80 80 D7 87 93 8A A2 80 80 D7 B9 92 8A A1 80 80 D7 B1 92 AA A0 80 80 1B 51 36 43 0D
[2026-10-02 17:40:03.647] [Bytes recibidos]: 128
[2026-10-02 17:40:03.647] [Bytes recibidos]: 128
[2026-10-02 17:40:03.648] [Bytes recibidos]: 215
[2026-10-02 17:40:03.648] [Bytes recibidos]: 141
[2026-10-02 17:40:03.648] [Bytes recibidos]: 139
[2026-10-02 17:40:03.648] [Bytes recibidos]: 182
[2026-10-02 17:40:03.648] [Bytes recibidos]: 161
[2026-10-02 17:40:03.648] [Bytes recibidos]: 128
[2026-10-02 17:40:03.648] [Bytes recibidos]: 128
[2026-10-02 17:40:03.648] [Bytes recibidos]: 215
[2026-10-02 17:40:03.648] [Bytes recibidos]: 157
[2026-10-02 17:40:03.648] [Bytes recibidos]: 139
[2026-10-02 17:40:03.648] [Bytes recibidos]: 151
[2026-10-02 17:40:03.648] [Bytes recibidos]: 162
[2026-10-02 17:40:03.648] [Bytes recibidos]: 128
[2026-10-02 17:40:03.648] [Bytes recibidos]: 128
[2026-10-02 17:40:03.648] [Bytes recibidos]: 215
[2026-10-02 17:40:03.648] [Bytes recibidos]: 184
[2026-10-02 17:40:03.648] [Bytes recibidos]: 139
[2026-10-02 17:40:03.648] [Bytes recibidos]: 187
[2026-10-02 17:40:03.649] [Bytes recibidos]: 162
[2026-10-02 17:40:03.649] [Bytes recibidos]: 128
[2026-10-02 17:40:03.649] [Bytes recibidos]: 128
[2026-10-02 17:40:03.649] [Bytes recibidos]: 215
[2026-10-02 17:40:03.649] [Bytes recibidos]: 138
[2026-10-02 17:40:03.649] [Bytes recibidos]: 140
[2026-10-02 17:40:03.649] [Bytes recibidos]: 137
[2026-10-02 17:40:03.649] [Bytes recibidos]: 163
[2026-10-02 17:40:03.649] [Bytes recibidos]: 128
[2026-10-02 17:40:03.649] [Bytes recibidos]: 128
[2026-10-02 17:40:03.649] [Bytes recibidos]: 215
[2026-10-02 17:40:03.649] [Bytes recibidos]: 147
[2026-10-02 17:40:03.649] [Bytes recibidos]: 140
[2026-10-02 17:40:03.649] [Bytes recibidos]: 141
[2026-10-02 17:40:03.649] [Bytes recibidos]: 163
[2026-10-02 17:40:03.649] [Bytes recibidos]: 128
[2026-10-02 17:40:03.650] [Bytes recibidos]: 128
[2026-10-02 17:40:03.650] [Bytes recibidos]: 215
[2026-10-02 17:40:03.650] [Bytes recibidos]: 164
[2026-10-02 17:40:03.650] [Bytes recibidos]: 140
[2026-10-02 17:40:03.650] [Bytes recibidos]: 146
[2026-10-02 17:40:03.650] [Bytes recibidos]: 163
[2026-10-02 17:40:03.650] [Bytes recibidos]: 128
[2026-10-02 17:40:03.650] [Bytes recibidos]: 128
[2026-10-02 17:40:03.650] [Bytes recibidos]: 215
[2026-10-02 17:40:03.650] [Bytes recibidos]: 180
[2026-10-02 17:40:03.650] [Bytes recibidos]: 140
[2026-10-02 17:40:03.650] [Bytes recibidos]: 147
[2026-10-02 17:40:03.650] [Bytes recibidos]: 163
[2026-10-02 17:40:03.650] [Bytes recibidos]: 128
[2026-10-02 17:40:03.650] [Bytes recibidos]: 128
[2026-10-02 17:40:03.650] [Bytes recibidos]: 215
[2026-10-02 17:40:03.651] [Bytes recibidos]: 140
[2026-10-02 17:40:03.651] [Bytes recibidos]: 141
[2026-10-02 17:40:03.651] [Bytes recibidos]: 147
[2026-10-02 17:40:03.651] [Bytes recibidos]: 163
[2026-10-02 17:40:03.651] [Bytes recibidos]: 128
[2026-10-02 17:40:03.651] [Bytes recibidos]: 128
[2026-10-02 17:40:03.651] [Bytes recibidos]: 215
[2026-10-02 17:40:03.651] [Bytes recibidos]: 155
[2026-10-02 17:40:03.651] [Bytes recibidos]: 141
[2026-10-02 17:40:03.651] [Bytes recibidos]: 146
[2026-10-02 17:40:03.651] [Bytes recibidos]: 163
[2026-10-02 17:40:03.651] [Bytes recibidos]: 128
[2026-10-02 17:40:03.651] [Bytes recibidos]: 128
[2026-10-02 17:40:03.651] [Bytes recibidos]: 215
[2026-10-02 17:40:03.651] [Bytes recibidos]: 169
[2026-10-02 17:40:03.651] [Bytes recibidos]: 141
[2026-10-02 17:40:03.651] [Bytes recibidos]: 146
[2026-10-02 17:40:03.652] [Bytes recibidos]: 163
[2026-10-02 17:40:03.652] [Bytes recibidos]: 128
[2026-10-02 17:40:03.652] [Bytes recibidos]: 128
[2026-10-02 17:40:03.652] [Bytes recibidos]: 215
[2026-10-02 17:40:03.652] [Bytes recibidos]: 177
[2026-10-02 17:40:03.652] [Bytes recibidos]: 141
[2026-10-02 17:40:03.652] [Bytes recibidos]: 146
[2026-10-02 17:40:03.652] [Bytes recibidos]: 163
[2026-10-02 17:40:03.652] [Bytes recibidos]: 128
[2026-10-02 17:40:03.652] [Bytes recibidos]: 128
[2026-10-02 17:40:03.652] [Bytes recibidos]: 215
[2026-10-02 17:40:03.652] [Bytes recibidos]: 191
[2026-10-02 17:40:03.652] [Bytes recibidos]: 141
[2026-10-02 17:40:03.652] [Bytes recibidos]: 146
[2026-10-02 17:40:03.652] [Bytes recibidos]: 163
[2026-10-02 17:40:03.652] [Bytes recibidos]: 128
[2026-10-02 17:40:03.652] [Bytes recibidos]: 128
[2026-10-02 17:40:03.652] [Bytes recibidos]: 215
[2026-10-02 17:40:03.653] [Bytes recibidos]: 148
[2026-10-02 17:40:03.653] [Bytes recibidos]: 142
[2026-10-02 17:40:03.653] [Bytes recibidos]: 147
[2026-10-02 17:40:03.653] [Bytes recibidos]: 163
[2026-10-02 17:40:03.653] [Bytes recibidos]: 128
[2026-10-02 17:40:03.653] [Bytes recibidos]: 128
[2026-10-02 17:40:03.653] [Bytes recibidos]: 215
[2026-10-02 17:40:03.653] [Bytes recibidos]: 162
[2026-10-02 17:40:03.653] [Bytes recibidos]: 142
[2026-10-02 17:40:03.653] [Bytes recibidos]: 148
[2026-10-02 17:40:03.653] [Bytes recibidos]: 163
[2026-10-02 17:40:03.653] [Bytes recibidos]: 128
[2026-10-02 17:40:03.653] [Bytes recibidos]: 128
[2026-10-02 17:40:03.653] [Bytes recibidos]: 215
[2026-10-02 17:40:03.653] [Bytes recibidos]: 169
[2026-10-02 17:40:03.653] [Bytes recibidos]: 142
[2026-10-02 17:40:03.653] [Bytes recibidos]: 148
[2026-10-02 17:40:03.654] [Bytes recibidos]: 163
[2026-10-02 17:40:03.654] [Bytes recibidos]: 128
[2026-10-02 17:40:03.654] [Bytes recibidos]: 128
[2026-10-02 17:40:03.654] [Bytes recibidos]: 215
[2026-10-02 17:40:03.654] [Bytes recibidos]: 182
[2026-10-02 17:40:03.654] [Bytes recibidos]: 142
[2026-10-02 17:40:03.654] [Bytes recibidos]: 149
[2026-10-02 17:40:03.654] [Bytes recibidos]: 163
[2026-10-02 17:40:03.654] [Bytes recibidos]: 128
[2026-10-02 17:40:03.654] [Bytes recibidos]: 128
[2026-10-02 17:40:03.654] [Bytes recibidos]: 215
[2026-10-02 17:40:03.654] [Bytes recibidos]: 132
[2026-10-02 17:40:03.654] [Bytes recibidos]: 143
[2026-10-02 17:40:03.654] [Bytes recibidos]: 150
[2026-10-02 17:40:03.654] [Bytes recibidos]: 163
[2026-10-02 17:40:03.654] [Bytes recibidos]: 128
[2026-10-02 17:40:03.654] [Bytes recibidos]: 128
[2026-10-02 17:40:03.655] [Bytes recibidos]: 215
[2026-10-02 17:40:03.655] [Bytes recibidos]: 151
[2026-10-02 17:40:03.655] [Bytes recibidos]: 143
[2026-10-02 17:40:03.655] [Bytes recibidos]: 152
[2026-10-02 17:40:03.655] [Bytes recibidos]: 163
[2026-10-02 17:40:03.655] [Bytes recibidos]: 128
[2026-10-02 17:40:03.655] [Bytes recibidos]: 128
[2026-10-02 17:40:03.655] [Bytes recibidos]: 215
[2026-10-02 17:40:03.655] [Bytes recibidos]: 164
[2026-10-02 17:40:03.655] [Bytes recibidos]: 143
[2026-10-02 17:40:03.655] [Bytes recibidos]: 153
[2026-10-02 17:40:03.655] [Bytes recibidos]: 163
[2026-10-02 17:40:03.655] [Bytes recibidos]: 128
[2026-10-02 17:40:03.655] [Bytes recibidos]: 128
[2026-10-02 17:40:03.655] [Bytes recibidos]: 215
[2026-10-02 17:40:03.656] [Bytes recibidos]: 176
[2026-10-02 17:40:03.656] [Bytes recibidos]: 143
[2026-10-02 17:40:03.656] [Bytes recibidos]: 155
[2026-10-02 17:40:03.656] [Bytes recibidos]: 163
[2026-10-02 17:40:03.656] [Bytes recibidos]: 128
[2026-10-02 17:40:03.656] [Bytes recibidos]: 128
[2026-10-02 17:40:03.656] [Bytes recibidos]: 215
[2026-10-02 17:40:03.656] [Bytes recibidos]: 182
[2026-10-02 17:40:03.656] [Bytes recibidos]: 143
[2026-10-02 17:40:03.656] [Bytes recibidos]: 156
[2026-10-02 17:40:03.656] [Bytes recibidos]: 163
[2026-10-02 17:40:03.656] [Bytes recibidos]: 128
[2026-10-02 17:40:03.656] [Bytes recibidos]: 128
[2026-10-02 17:40:03.656] [Bytes recibidos]: 215
[2026-10-02 17:40:03.656] [Bytes recibidos]: 129
[2026-10-02 17:40:03.656] [Bytes recibidos]: 144
[2026-10-02 17:40:03.656] [Bytes recibidos]: 158
[2026-10-02 17:40:03.657] [Bytes recibidos]: 163
[2026-10-02 17:40:03.657] [Bytes recibidos]: 128
[2026-10-02 17:40:03.657] [Bytes recibidos]: 128
[2026-10-02 17:40:03.657] [Bytes recibidos]: 215
[2026-10-02 17:40:03.657] [Bytes recibidos]: 145
[2026-10-02 17:40:03.657] [Bytes recibidos]: 144
[2026-10-02 17:40:03.657] [Bytes recibidos]: 162
[2026-10-02 17:40:03.657] [Bytes recibidos]: 163
[2026-10-02 17:40:03.657] [Bytes recibidos]: 128
[2026-10-02 17:40:03.657] [Bytes recibidos]: 128
[2026-10-02 17:40:03.657] [Bytes recibidos]: 215
[2026-10-02 17:40:03.657] [Bytes recibidos]: 154
[2026-10-02 17:40:03.657] [Bytes recibidos]: 144
[2026-10-02 17:40:03.657] [Bytes recibidos]: 165
[2026-10-02 17:40:03.657] [Bytes recibidos]: 163
[2026-10-02 17:40:03.657] [Bytes recibidos]: 128
[2026-10-02 17:40:03.657] [Bytes recibidos]: 128
[2026-10-02 17:40:03.658] [Bytes recibidos]: 215
[2026-10-02 17:40:03.658] [Bytes recibidos]: 162
[2026-10-02 17:40:03.658] [Bytes recibidos]: 144
[2026-10-02 17:40:03.658] [Bytes recibidos]: 168
[2026-10-02 17:40:03.658] [Bytes recibidos]: 163
[2026-10-02 17:40:03.658] [Bytes recibidos]: 128
[2026-10-02 17:40:03.658] [Bytes recibidos]: 128
[2026-10-02 17:40:03.658] [Bytes recibidos]: 215
[2026-10-02 17:40:03.658] [Bytes recibidos]: 165
[2026-10-02 17:40:03.658] [Bytes recibidos]: 144
[2026-10-02 17:40:03.658] [Bytes recibidos]: 170
[2026-10-02 17:40:03.658] [Bytes recibidos]: 163
[2026-10-02 17:40:03.658] [Bytes recibidos]: 128
[2026-10-02 17:40:03.658] [Bytes recibidos]: 128
[2026-10-02 17:40:03.658] [Bytes recibidos]: 215
[2026-10-02 17:40:03.658] [Bytes recibidos]: 172
[2026-10-02 17:40:03.658] [Bytes recibidos]: 144
[2026-10-02 17:40:03.659] [Bytes recibidos]: 173
[2026-10-02 17:40:03.659] [Bytes recibidos]: 163
[2026-10-02 17:40:03.659] [Bytes recibidos]: 128
[2026-10-02 17:40:03.659] [Bytes recibidos]: 128
[2026-10-02 17:40:03.659] [Bytes recibidos]: 215
[2026-10-02 17:40:03.659] [Bytes recibidos]: 182
[2026-10-02 17:40:03.659] [Bytes recibidos]: 144
[2026-10-02 17:40:03.659] [Bytes recibidos]: 177
[2026-10-02 17:40:03.659] [Bytes recibidos]: 163
[2026-10-02 17:40:03.659] [Bytes recibidos]: 128
[2026-10-02 17:40:03.659] [Bytes recibidos]: 128
[2026-10-02 17:40:03.659] [Bytes recibidos]: 215
[2026-10-02 17:40:03.659] [Bytes recibidos]: 188
[2026-10-02 17:40:03.659] [Bytes recibidos]: 144
[2026-10-02 17:40:03.659] [Bytes recibidos]: 180
[2026-10-02 17:40:03.660] [Bytes recibidos]: 163
[2026-10-02 17:40:03.660] [Bytes recibidos]: 128
[2026-10-02 17:40:03.660] [Bytes recibidos]: 128
[2026-10-02 17:40:03.660] [Bytes recibidos]: 215
[2026-10-02 17:40:03.660] [Bytes recibidos]: 191
[2026-10-02 17:40:03.660] [Bytes recibidos]: 144
[2026-10-02 17:40:03.660] [Bytes recibidos]: 181
[2026-10-02 17:40:03.660] [Bytes recibidos]: 163
[2026-10-02 17:40:03.660] [Bytes recibidos]: 128
[2026-10-02 17:40:03.660] [Bytes recibidos]: 128
[2026-10-02 17:40:03.660] [Bytes recibidos]: 215
[2026-10-02 17:40:03.660] [Bytes recibidos]: 132
[2026-10-02 17:40:03.660] [Bytes recibidos]: 145
[2026-10-02 17:40:03.660] [Bytes recibidos]: 182
[2026-10-02 17:40:03.660] [Bytes recibidos]: 163
[2026-10-02 17:40:03.660] [Bytes recibidos]: 128
[2026-10-02 17:40:03.660] [Bytes recibidos]: 128
[2026-10-02 17:40:03.661] [Bytes recibidos]: 215
[2026-10-02 17:40:03.661] [Bytes recibidos]: 138
[2026-10-02 17:40:03.661] [Bytes recibidos]: 145
[2026-10-02 17:40:03.661] [Bytes recibidos]: 184
[2026-10-02 17:40:03.661] [Bytes recibidos]: 163
[2026-10-02 17:40:03.661] [Bytes recibidos]: 128
[2026-10-02 17:40:03.661] [Bytes recibidos]: 128
[2026-10-02 17:40:03.661] [Bytes recibidos]: 215
[2026-10-02 17:40:03.661] [Bytes recibidos]: 147
[2026-10-02 17:40:03.661] [Bytes recibidos]: 145
[2026-10-02 17:40:03.661] [Bytes recibidos]: 186
[2026-10-02 17:40:03.661] [Bytes recibidos]: 163
[2026-10-02 17:40:03.661] [Bytes recibidos]: 128
[2026-10-02 17:40:03.661] [Bytes recibidos]: 128
[2026-10-02 17:40:03.661] [Bytes recibidos]: 215
[2026-10-02 17:40:03.661] [Bytes recibidos]: 153
[2026-10-02 17:40:03.661] [Bytes recibidos]: 145
[2026-10-02 17:40:03.661] [Bytes recibidos]: 187
[2026-10-02 17:40:03.662] [Bytes recibidos]: 163
[2026-10-02 17:40:03.662] [Bytes recibidos]: 128
[2026-10-02 17:40:03.662] [Bytes recibidos]: 128
[2026-10-02 17:40:03.662] [Bytes recibidos]: 215
[2026-10-02 17:40:03.662] [Bytes recibidos]: 158
[2026-10-02 17:40:03.662] [Bytes recibidos]: 145
[2026-10-02 17:40:03.662] [Bytes recibidos]: 187
[2026-10-02 17:40:03.662] [Bytes recibidos]: 163
[2026-10-02 17:40:03.662] [Bytes recibidos]: 128
[2026-10-02 17:40:03.662] [Bytes recibidos]: 128
[2026-10-02 17:40:03.662] [Bytes recibidos]: 215
[2026-10-02 17:40:03.662] [Bytes recibidos]: 161
[2026-10-02 17:40:03.662] [Bytes recibidos]: 145
[2026-10-02 17:40:03.662] [Bytes recibidos]: 187
[2026-10-02 17:40:03.662] [Bytes recibidos]: 163
[2026-10-02 17:40:03.662] [Bytes recibidos]: 128
[2026-10-02 17:40:03.662] [Bytes recibidos]: 128
[2026-10-02 17:40:03.662] [Bytes recibidos]: 215
[2026-10-02 17:40:03.663] [Bytes recibidos]: 167
[2026-10-02 17:40:03.663] [Bytes recibidos]: 145
[2026-10-02 17:40:03.663] [Bytes recibidos]: 188
[2026-10-02 17:40:03.663] [Bytes recibidos]: 163
[2026-10-02 17:40:03.663] [Bytes recibidos]: 128
[2026-10-02 17:40:03.663] [Bytes recibidos]: 128
[2026-10-02 17:40:03.663] [Bytes recibidos]: 215
[2026-10-02 17:40:03.663] [Bytes recibidos]: 176
[2026-10-02 17:40:03.663] [Bytes recibidos]: 145
[2026-10-02 17:40:03.663] [Bytes recibidos]: 188
[2026-10-02 17:40:03.663] [Bytes recibidos]: 163
[2026-10-02 17:40:03.663] [Bytes recibidos]: 128
[2026-10-02 17:40:03.663] [Bytes recibidos]: 128
[2026-10-02 17:40:03.663] [Bytes recibidos]: 215
[2026-10-02 17:40:03.663] [Bytes recibidos]: 182
[2026-10-02 17:40:03.663] [Bytes recibidos]: 145
[2026-10-02 17:40:03.663] [Bytes recibidos]: 189
[2026-10-02 17:40:03.664] [Bytes recibidos]: 163
[2026-10-02 17:40:03.664] [Bytes recibidos]: 128
[2026-10-02 17:40:03.664] [Bytes recibidos]: 128
[2026-10-02 17:40:03.664] [Bytes recibidos]: 215
[2026-10-02 17:40:03.664] [Bytes recibidos]: 188
[2026-10-02 17:40:03.664] [Bytes recibidos]: 145
[2026-10-02 17:40:03.664] [Bytes recibidos]: 189
[2026-10-02 17:40:03.664] [Bytes recibidos]: 163
[2026-10-02 17:40:03.664] [Bytes recibidos]: 128
[2026-10-02 17:40:03.664] [Bytes recibidos]: 128
[2026-10-02 17:40:03.664] [Bytes recibidos]: 215
[2026-10-02 17:40:03.664] [Bytes recibidos]: 191
[2026-10-02 17:40:03.664] [Bytes recibidos]: 145
[2026-10-02 17:40:03.664] [Bytes recibidos]: 189
[2026-10-02 17:40:03.664] [Bytes recibidos]: 163
[2026-10-02 17:40:03.664] [Bytes recibidos]: 128
[2026-10-02 17:40:03.664] [Bytes recibidos]: 128
[2026-10-02 17:40:03.665] [Bytes recibidos]: 215
[2026-10-02 17:40:03.665] [Bytes recibidos]: 133
[2026-10-02 17:40:03.665] [Bytes recibidos]: 146
[2026-10-02 17:40:03.665] [Bytes recibidos]: 189
[2026-10-02 17:40:03.665] [Bytes recibidos]: 163
[2026-10-02 17:40:03.665] [Bytes recibidos]: 128
[2026-10-02 17:40:03.665] [Bytes recibidos]: 128
[2026-10-02 17:40:03.665] [Bytes recibidos]: 215
[2026-10-02 17:40:03.665] [Bytes recibidos]: 142
[2026-10-02 17:40:03.665] [Bytes recibidos]: 146
[2026-10-02 17:40:03.665] [Bytes recibidos]: 190
[2026-10-02 17:40:03.665] [Bytes recibidos]: 163
[2026-10-02 17:40:03.665] [Bytes recibidos]: 128
[2026-10-02 17:40:03.665] [Bytes recibidos]: 128
[2026-10-02 17:40:03.665] [Bytes recibidos]: 215
[2026-10-02 17:40:03.665] [Bytes recibidos]: 148
[2026-10-02 17:40:03.665] [Bytes recibidos]: 146
[2026-10-02 17:40:03.666] [Bytes recibidos]: 190
[2026-10-02 17:40:03.666] [Bytes recibidos]: 163
[2026-10-02 17:40:03.666] [Bytes recibidos]: 128
[2026-10-02 17:40:03.666] [Bytes recibidos]: 128
[2026-10-02 17:40:03.666] [Bytes recibidos]: 215
[2026-10-02 17:40:03.666] [Bytes recibidos]: 154
[2026-10-02 17:40:03.666] [Bytes recibidos]: 146
[2026-10-02 17:40:03.666] [Bytes recibidos]: 190
[2026-10-02 17:40:03.666] [Bytes recibidos]: 163
[2026-10-02 17:40:03.666] [Bytes recibidos]: 128
[2026-10-02 17:40:03.666] [Bytes recibidos]: 128
[2026-10-02 17:40:03.666] [Bytes recibidos]: 215
[2026-10-02 17:40:03.666] [Bytes recibidos]: 157
[2026-10-02 17:40:03.666] [Bytes recibidos]: 146
[2026-10-02 17:40:03.666] [Bytes recibidos]: 190
[2026-10-02 17:40:03.666] [Bytes recibidos]: 163
[2026-10-02 17:40:03.666] [Bytes recibidos]: 128
[2026-10-02 17:40:03.666] [Bytes recibidos]: 128
[2026-10-02 17:40:03.667] [Bytes recibidos]: 215
[2026-10-02 17:40:03.667] [Bytes recibidos]: 164
[2026-10-02 17:40:03.667] [Bytes recibidos]: 146
[2026-10-02 17:40:03.667] [Bytes recibidos]: 190
[2026-10-02 17:40:03.667] [Bytes recibidos]: 163
[2026-10-02 17:40:03.667] [Bytes recibidos]: 128
[2026-10-02 17:40:03.667] [Bytes recibidos]: 128
[2026-10-02 17:40:03.667] [Bytes recibidos]: 215
[2026-10-02 17:40:03.667] [Bytes recibidos]: 173
[2026-10-02 17:40:03.667] [Bytes recibidos]: 146
[2026-10-02 17:40:03.667] [Bytes recibidos]: 190
[2026-10-02 17:40:03.667] [Bytes recibidos]: 163
[2026-10-02 17:40:03.667] [Bytes recibidos]: 128
[2026-10-02 17:40:03.667] [Bytes recibidos]: 128
[2026-10-02 17:40:03.667] [Bytes recibidos]: 215
[2026-10-02 17:40:03.668] [Bytes recibidos]: 179
[2026-10-02 17:40:03.668] [Bytes recibidos]: 146
[2026-10-02 17:40:03.668] [Bytes recibidos]: 190
[2026-10-02 17:40:03.668] [Bytes recibidos]: 163
[2026-10-02 17:40:03.668] [Bytes recibidos]: 128
[2026-10-02 17:40:03.668] [Bytes recibidos]: 128
[2026-10-02 17:40:03.668] [Bytes recibidos]: 215
[2026-10-02 17:40:03.668] [Bytes recibidos]: 185
[2026-10-02 17:40:03.668] [Bytes recibidos]: 146
[2026-10-02 17:40:03.668] [Bytes recibidos]: 191
[2026-10-02 17:40:03.668] [Bytes recibidos]: 163
[2026-10-02 17:40:03.668] [Bytes recibidos]: 128
[2026-10-02 17:40:03.668] [Bytes recibidos]: 128
[2026-10-02 17:40:03.668] [Bytes recibidos]: 215
[2026-10-02 17:40:03.668] [Bytes recibidos]: 188
[2026-10-02 17:40:03.668] [Bytes recibidos]: 146
[2026-10-02 17:40:03.668] [Bytes recibidos]: 191
[2026-10-02 17:40:03.669] [Bytes recibidos]: 163
[2026-10-02 17:40:03.669] [Bytes recibidos]: 128
[2026-10-02 17:40:03.669] [Bytes recibidos]: 128
[2026-10-02 17:40:03.669] [Bytes recibidos]: 215
[2026-10-02 17:40:03.669] [Bytes recibidos]: 130
[2026-10-02 17:40:03.669] [Bytes recibidos]: 147
[2026-10-02 17:40:03.669] [Bytes recibidos]: 191
[2026-10-02 17:40:03.669] [Bytes recibidos]: 163
[2026-10-02 17:40:03.669] [Bytes recibidos]: 128
[2026-10-02 17:40:03.669] [Bytes recibidos]: 128
[2026-10-02 17:40:03.669] [Bytes recibidos]: 215
[2026-10-02 17:40:03.669] [Bytes recibidos]: 138
[2026-10-02 17:40:03.669] [Bytes recibidos]: 147
[2026-10-02 17:40:03.669] [Bytes recibidos]: 128
[2026-10-02 17:40:03.669] [Bytes recibidos]: 164
[2026-10-02 17:40:03.669] [Bytes recibidos]: 128
[2026-10-02 17:40:03.669] [Bytes recibidos]: 128
[2026-10-02 17:40:03.670] [Bytes recibidos]: 215
[2026-10-02 17:40:03.670] [Bytes recibidos]: 143
[2026-10-02 17:40:03.670] [Bytes recibidos]: 147
[2026-10-02 17:40:03.670] [Bytes recibidos]: 129
[2026-10-02 17:40:03.670] [Bytes recibidos]: 164
[2026-10-02 17:40:03.670] [Bytes recibidos]: 128
[2026-10-02 17:40:03.670] [Bytes recibidos]: 128
[2026-10-02 17:40:03.670] [Bytes recibidos]: 215
[2026-10-02 17:40:03.670] [Bytes recibidos]: 146
[2026-10-02 17:40:03.670] [Bytes recibidos]: 147
[2026-10-02 17:40:03.670] [Bytes recibidos]: 129
[2026-10-02 17:40:03.670] [Bytes recibidos]: 164
[2026-10-02 17:40:03.670] [Bytes recibidos]: 128
[2026-10-02 17:40:03.670] [Bytes recibidos]: 128
[2026-10-02 17:40:03.670] [Bytes recibidos]: 215
[2026-10-02 17:40:03.671] [Bytes recibidos]: 151
[2026-10-02 17:40:03.671] [Bytes recibidos]: 147
[2026-10-02 17:40:03.671] [Bytes recibidos]: 130
[2026-10-02 17:40:03.671] [Bytes recibidos]: 164
[2026-10-02 17:40:03.671] [Bytes recibidos]: 128
[2026-10-02 17:40:03.671] [Bytes recibidos]: 128
[2026-10-02 17:40:03.671] [Bytes recibidos]: 215
[2026-10-02 17:40:03.671] [Bytes recibidos]: 156
[2026-10-02 17:40:03.671] [Bytes recibidos]: 147
[2026-10-02 17:40:03.671] [Bytes recibidos]: 131
[2026-10-02 17:40:03.671] [Bytes recibidos]: 164
[2026-10-02 17:40:03.671] [Bytes recibidos]: 128
[2026-10-02 17:40:03.671] [Bytes recibidos]: 128
[2026-10-02 17:40:03.671] [Bytes recibidos]: 215
[2026-10-02 17:40:03.671] [Bytes recibidos]: 162
[2026-10-02 17:40:03.671] [Bytes recibidos]: 147
[2026-10-02 17:40:03.671] [Bytes recibidos]: 132
[2026-10-02 17:40:03.671] [Bytes recibidos]: 164
[2026-10-02 17:40:03.672] [Bytes recibidos]: 128
[2026-10-02 17:40:03.672] [Bytes recibidos]: 128
[2026-10-02 17:40:03.672] [Bytes recibidos]: 215
[2026-10-02 17:40:03.672] [Bytes recibidos]: 165
[2026-10-02 17:40:03.672] [Bytes recibidos]: 147
[2026-10-02 17:40:03.672] [Bytes recibidos]: 134
[2026-10-02 17:40:03.672] [Bytes recibidos]: 164
[2026-10-02 17:40:03.672] [Bytes recibidos]: 128
[2026-10-02 17:40:03.672] [Bytes recibidos]: 128
[2026-10-02 17:40:03.672] [Bytes recibidos]: 215
[2026-10-02 17:40:03.672] [Bytes recibidos]: 167
[2026-10-02 17:40:03.672] [Bytes recibidos]: 147
[2026-10-02 17:40:03.672] [Bytes recibidos]: 137
[2026-10-02 17:40:03.672] [Bytes recibidos]: 164
[2026-10-02 17:40:03.672] [Bytes recibidos]: 128
[2026-10-02 17:40:03.672] [Bytes recibidos]: 128
[2026-10-02 17:40:03.672] [Bytes recibidos]: 215
[2026-10-02 17:40:03.673] [Bytes recibidos]: 167
[2026-10-02 17:40:03.673] [Bytes recibidos]: 147
[2026-10-02 17:40:03.673] [Bytes recibidos]: 138
[2026-10-02 17:40:03.673] [Bytes recibidos]: 164
[2026-10-02 17:40:03.673] [Bytes recibidos]: 128
[2026-10-02 17:40:03.673] [Bytes recibidos]: 128
[2026-10-02 17:40:03.673] [Bytes recibidos]: 215
[2026-10-02 17:40:03.673] [Bytes recibidos]: 166
[2026-10-02 17:40:03.673] [Bytes recibidos]: 147
[2026-10-02 17:40:03.673] [Bytes recibidos]: 141
[2026-10-02 17:40:03.673] [Bytes recibidos]: 164
[2026-10-02 17:40:03.673] [Bytes recibidos]: 128
[2026-10-02 17:40:03.673] [Bytes recibidos]: 128
[2026-10-02 17:40:03.673] [Bytes recibidos]: 215
[2026-10-02 17:40:03.673] [Bytes recibidos]: 163
[2026-10-02 17:40:03.673] [Bytes recibidos]: 147
[2026-10-02 17:40:03.674] [Bytes recibidos]: 137
[2026-10-02 17:40:03.674] [Bytes recibidos]: 164
[2026-10-02 17:40:03.674] [Bytes recibidos]: 128
[2026-10-02 17:40:03.674] [Bytes recibidos]: 128
[2026-10-02 17:40:03.674] [Bytes recibidos]: 215
[2026-10-02 17:40:03.674] [Bytes recibidos]: 158
[2026-10-02 17:40:03.674] [Bytes recibidos]: 147
[2026-10-02 17:40:03.674] [Bytes recibidos]: 180
[2026-10-02 17:40:03.674] [Bytes recibidos]: 163
[2026-10-02 17:40:03.674] [Bytes recibidos]: 128
[2026-10-02 17:40:03.674] [Bytes recibidos]: 128
[2026-10-02 17:40:03.674] [Bytes recibidos]: 215
[2026-10-02 17:40:03.674] [Bytes recibidos]: 155
[2026-10-02 17:40:03.674] [Bytes recibidos]: 147
[2026-10-02 17:40:03.674] [Bytes recibidos]: 163
[2026-10-02 17:40:03.674] [Bytes recibidos]: 163
[2026-10-02 17:40:03.674] [Bytes recibidos]: 128
[2026-10-02 17:40:03.675] [Bytes recibidos]: 128
[2026-10-02 17:40:03.675] [Bytes recibidos]: 215
[2026-10-02 17:40:03.675] [Bytes recibidos]: 145
[2026-10-02 17:40:03.675] [Bytes recibidos]: 147
[2026-10-02 17:40:03.675] [Bytes recibidos]: 185
[2026-10-02 17:40:03.675] [Bytes recibidos]: 162
[2026-10-02 17:40:03.675] [Bytes recibidos]: 128
[2026-10-02 17:40:03.675] [Bytes recibidos]: 128
[2026-10-02 17:40:03.675] [Bytes recibidos]: 215
[2026-10-02 17:40:03.675] [Bytes recibidos]: 135
[2026-10-02 17:40:03.675] [Bytes recibidos]: 147
[2026-10-02 17:40:03.675] [Bytes recibidos]: 138
[2026-10-02 17:40:03.675] [Bytes recibidos]: 162
[2026-10-02 17:40:03.675] [Bytes recibidos]: 128
[2026-10-02 17:40:03.675] [Bytes recibidos]: 128
[2026-10-02 17:40:03.675] [Bytes recibidos]: 215
[2026-10-02 17:40:03.675] [Bytes recibidos]: 185
[2026-10-02 17:40:03.676] [Bytes recibidos]: 146
[2026-10-02 17:40:03.676] [Bytes recibidos]: 138
[2026-10-02 17:40:03.676] [Bytes recibidos]: 161
[2026-10-02 17:40:03.676] [Bytes recibidos]: 128
[2026-10-02 17:40:03.676] [Bytes recibidos]: 128
[2026-10-02 17:40:03.676] [Bytes recibidos]: 215
[2026-10-02 17:40:03.676] [Bytes recibidos]: 177
[2026-10-02 17:40:03.676] [Bytes recibidos]: 146
[2026-10-02 17:40:03.676] [Bytes recibidos]: 170
[2026-10-02 17:40:03.676] [Bytes recibidos]: 160
[2026-10-02 17:40:03.676] [Bytes recibidos]: 128
[2026-10-02 17:40:03.676] [Bytes recibidos]: 128
[2026-10-02 17:40:03.676] [Bytes recibidos]: 27
[2026-10-02 17:40:03.676] [Bytes recibidos]: 81
[2026-10-02 17:40:03.676] [Bytes recibidos]: 54
[2026-10-02 17:40:03.676] [Bytes recibidos]: 67
[2026-10-02 17:40:03.676] [Bytes recibidos]: 13
[2026-10-02 17:40:03.677] [Data Recibida]: -21.0
[2026-10-02 17:40:03.677] [MIN]: -21
[2026-10-02 17:40:03.677] [MAX]: 121
[2026-10-02 17:40:03.677] [MAXBIN]: 4095
[2026-10-02 17:40:03.677] [Data Recibida]: -105.41758241758242
[2026-10-02 17:40:03.677] [MIN]: -181
[2026-10-02 17:40:03.677] [MAX]: 181
[2026-10-02 17:40:03.677] [MAXBIN]: 4095
[2026-10-02 17:40:03.677] [Data Recibida]: 84.66422466422466
[2026-10-02 17:40:03.677] [MIN]: 0
[2026-10-02 17:40:03.677] [MAX]: 100
[2026-10-02 17:40:03.677] [MAXBIN]: 4095
[2026-10-02 17:40:03.678] [Data Recibida]: 0.967032967032967
[2026-10-02 17:40:03.678] [MIN]: 0
[2026-10-02 17:40:03.678] [MAX]: 120
[2026-10-02 17:40:03.678] [MAXBIN]: 4095
[2026-10-02 17:40:03.678] [Data Recibida]: 7.1892551892551895
[2026-10-02 17:40:03.678] [MIN]: 0
[2026-10-02 17:40:03.678] [MAX]: 20
[2026-10-02 17:40:03.678] [MAXBIN]: 4095
[2026-10-02 17:40:03.678] [Data Recibida]: 17.8998778998779
[2026-10-02 17:40:03.678] [MIN]: 0
[2026-10-02 17:40:03.678] [MAX]: 100
[2026-10-02 17:40:03.678] [MAXBIN]: 4095
[2026-10-02 17:40:03.678] [Data Recibida]: 10.739926739926739
[2026-10-02 17:40:03.678] [MIN]: 0
[2026-10-02 17:40:03.678] [MAX]: 20
[2026-10-02 17:40:03.679] [MAXBIN]: 4095
[2026-10-02 17:40:03.679] [Data Recibida]: 0.0
[2026-10-02 17:40:03.679] [MIN]: 0
[2026-10-02 17:40:03.679] [MAX]: 20
[2026-10-02 17:40:03.679] [MAXBIN]: 4095
[2026-10-02 17:40:06.529] Datos recibidos (5 bytes): 1B 51 36 43 0D
[2026-10-02 17:40:08.550] Enviado:  | HEX: 01 15 31 36 0D
[2026-10-02 17:40:08.631] Recibido ASCII: <ESC>Q6C<CR>
[2026-10-02 17:40:08.631] Recibido HEX: 1B 51 36 43 0D
[2026-10-02 17:40:10.632] Enviado: Q | HEX: 1B 51 36 43 0D
[2026-10-02 17:40:10.733] Recibido ASCII: <SOH>Q52<CR>
[2026-10-02 17:40:10.734] Recibido HEX: 01 51 35 32 0D
[2026-10-02 17:40:11.734] Enviado: R | HEX: 1B 52 36 44 0D
[2026-10-02 17:40:11.735] Recibido ASCII: <ESC>R6D<CR>
[2026-10-02 17:40:11.735] Recibido HEX: 1B 52 36 44 0D
