[2026-10-02 11:53:52.551] Iniciando comunicación con Atlan A350 XL (8E1)...
[2026-10-02 11:53:52.555] Enviado: Q | HEX: 1B 51 36 43 0D
[2026-10-02 11:53:52.658] Recibido ASCII: <SOH>Q52<CR>
[2026-10-02 11:53:52.658] Recibido HEX: 01 51 35 32 0D
[2026-10-02 11:53:52.659] Enviado: R | HEX: 1B 52 36 44 0D
[2026-10-02 11:53:52.761] Recibido ASCII: <SOH>R5555'A3XX'02.11:0<ESC>R6D<CR>
[2026-10-02 11:53:52.762] Recibido HEX: 01 52 35 35 35 35 27 41 33 58 58 27 30 32 2E 31 31 3A 30 1B 52 36 44 0D
[2026-10-02 11:53:52.762] Enviado: S | HEX: 1B 53 36 45 0D
[2026-10-02 11:53:52.783] Recibido ASCII: 6.00B9<CR>
[2026-10-02 11:53:52.784] Recibido HEX: 36 2E 30 30 42 39 0D
[2026-10-02 11:53:52.784] Enviado:  | HEX: 01 15 31 36 0D
[2026-10-02 11:53:52.887] Recibido ASCII: <SOH>S00   20000-  21  121FFF01   20000- 1<ESC>R6D<CR>
[2026-10-02 11:53:52.888] Recibido HEX: 01 53 30 30 20 20 20 32 30 30 30 30 2D 20 20 32 31 20 20 31 32 31 46 46 46 30 31 20 20 20 32 30 30 30 30 2D 20 31 1B 52 36 44 0D
[2026-10-02 11:53:52.890] Enviado: T0001 | HEX: 1B 54 30 30 30 31 33 30 0D
[2026-10-02 11:53:52.975] Recibido ASCII: 81  181FFF05   20000    0  100FFF06   20000    0  120FFF07   20000    0   20FFF08   20000    0  100FFF0A   20000    0   20FFF2A   20000    0   20FFFF3<CR>
[2026-10-02 11:53:52.975] Recibido HEX: 38 31 20 20 31 38 31 46 46 46 30 35 20 20 20 32 30 30 30 30 20 20 20 20 30 20 20 31 30 30 46 46 46 30 36 20 20 20 32 30 30 30 30 20 20 20 20 30 20 20 31 32 30 46 46 46 30 37 20 20 20 32 30 30 30 30 20 20 20 20 30 20 20 20 32 30 46 46 46 30 38 20 20 20 32 30 30 30 30 20 20 20 20 30 20 20 31 30 30 46 46 46 30 41 20 20 20 32 30 30 30 30 20 20 20 20 30 20 20 20 32 30 46 46 46 32 41 20 20 20 32 30 30 30 30 20 20 20 20 30 20 20 20 32 30 46 46 46 46 33 0D
[2026-10-02 11:53:52.975] Enviado:  | HEX: 01 15 31 36 0D
[2026-10-02 11:53:52.976] Recibido ASCII: <SOH>T55<CR>
[2026-10-02 11:53:52.976] Recibido HEX: 01 54 35 35 0D
[2026-10-02 11:53:52.976] Error en el ciclo de polling: java.lang.NumberFormatException: For input string: "ÐC" under radix 32
[2026-10-02 11:53:54.977] Enviado: S | HEX: 1B 53 36 45 0D
[2026-10-02 11:53:54.978] Recibido ASCII: <ESC>R6D<CR>
[2026-10-02 11:53:54.978] Recibido HEX: 1B 52 36 44 0D
[2026-10-02 11:53:54.978] Sin registros de realtime configuration, se omite el paso <54H>
[2026-10-02 11:53:55.063] Datos recibidos (11 bytes): 01 53 30 30 20 20 20 32 30 30 30
[2026-10-02 11:53:57.063] Enviado: S | HEX: 1B 53 36 45 0D
[2026-10-02 11:53:57.067] Recibido ASCII: 0-  21  121FFF01   20000- 181  181FFF05   20000    0  100FFF06   20000    0  120FFF07   20000    0   20FFF08   20000    0  100FFF0A   20000    0   20FFF2A   20000    0   20FFFF3<CR>
[2026-10-02 11:53:57.067] Recibido HEX: 30 2D 20 20 32 31 20 20 31 32 31 46 46 46 30 31 20 20 20 32 30 30 30 30 2D 20 31 38 31 20 20 31 38 31 46 46 46 30 35 20 20 20 32 30 30 30 30 20 20 20 20 30 20 20 31 30 30 46 46 46 30 36 20 20 20 32 30 30 30 30 20 20 20 20 30 20 20 31 32 30 46 46 46 30 37 20 20 20 32 30 30 30 30 20 20 20 20 30 20 20 20 32 30 46 46 46 30 38 20 20 20 32 30 30 30 30 20 20 20 20 30 20 20 31 30 30 46 46 46 30 41 20 20 20 32 30 30 30 30 20 20 20 20 30 20 20 20 32 30 46 46 46 32 41 20 20 20 32 30 30 30 30 20 20 20 20 30 20 20 20 32 30 46 46 46 46 33 0D
[2026-10-02 11:53:57.068] Enviado:  | HEX: 01 15 31 36 0D
[2026-10-02 11:53:57.190] Recibido ASCII: <SOH>S00   20000-  21  121FFF01   20000- 1<ESC>Q6C<CR>
[2026-10-02 11:53:57.191] Recibido HEX: 01 53 30 30 20 20 20 32 30 30 30 30 2D 20 20 32 31 20 20 31 32 31 46 46 46 30 31 20 20 20 32 30 30 30 30 2D 20 31 1B 51 36 43 0D
[2026-10-02 11:53:57.191] Enviado: T0001 | HEX: 1B 54 30 30 30 31 33 30 0D
[2026-10-02 11:53:57.273] Recibido ASCII: <SOH>16<CR>
[2026-10-02 11:53:57.273] Recibido HEX: 01 15 31 36 0D
[2026-10-02 11:53:57.274] Error en el ciclo de polling: java.lang.NumberFormatException: For input string: "ÐC" under radix 32
