[2026-10-02 16:42:37.647] Iniciando comunicación con Atlan A350 XL (8E1)...
[2026-10-02 16:42:37.657] Enviado: Q | HEX: 1B 51 36 43 0D
[2026-10-02 16:42:37.679] Recibido ASCII: <SOH>Q52<CR>
[2026-10-02 16:42:37.680] Recibido HEX: 01 51 35 32 0D
[2026-10-02 16:42:37.682] Enviado: R | HEX: 1B 52 36 44 0D
[2026-10-02 16:42:37.806] Recibido ASCII: <ESC>Q6C<CR>
[2026-10-02 16:42:37.806] Recibido HEX: 1B 51 36 43 0D
[2026-10-02 16:42:37.811] Enviado: Q | HEX: 01 51 35 32 0D
[2026-10-02 16:42:37.873] Recibido ASCII: <ESC>R6D<CR>
[2026-10-02 16:42:37.874] Recibido HEX: 1B 52 36 44 0D
[2026-10-02 16:42:37.876] Enviado: 0161'OpenICE'02.11:06.00 | HEX: 01 30 31 36 31 27 4F 70 65 6E 49 43 45 27 30 32 2E 31 31 3A 30 36 2E 30 30 39 41 0D
[2026-10-02 16:42:37.979] Recibido ASCII: <ESC>R6D<CR>
[2026-10-02 16:42:37.980] Recibido HEX: 1B 52 36 44 0D
[2026-10-02 16:42:37.981] Enviado: S | HEX: 1B 53 36 45 0D
[2026-10-02 16:42:38.196] Recibido ASCII: <SOH>S00   20000-  21  121FFF01   20000- 181  181FFF05   20000    0  100FFF06   20000    0  120FFF07   20000    0   20FFF08   20000    0  100FFF0A   20000    0   20FFF2A   20000    0   20FFFF3<CR>
[2026-10-02 16:42:38.197] Recibido HEX: 01 53 30 30 20 20 20 32 30 30 30 30 2D 20 20 32 31 20 20 31 32 31 46 46 46 30 31 20 20 20 32 30 30 30 30 2D 20 31 38 31 20 20 31 38 31 46 46 46 30 35 20 20 20 32 30 30 30 30 20 20 20 20 30 20 20 31 30 30 46 46 46 30 36 20 20 20 32 30 30 30 30 20 20 20 20 30 20 20 31 32 30 46 46 46 30 37 20 20 20 32 30 30 30 30 20 20 20 20 30 20 20 20 32 30 46 46 46 30 38 20 20 20 32 30 30 30 30 20 20 20 20 30 20 20 31 30 30 46 46 46 30 41 20 20 20 32 30 30 30 30 20 20 20 20 30 20 20 20 32 30 46 46 46 32 41 20 20 20 32 30 30 30 30 20 20 20 20 30 20 20 20 32 30 46 46 46 46 33 0D
[2026-10-02 16:42:39.206] Enviado: T0001010105010601070108010A012A01 | HEX: 1B 54 30 30 30 31 30 31 30 31 30 35 30 31 30 36 30 31 30 37 30 31 30 38 30 31 30 41 30 31 32 41 30 31 42 36 0D
[2026-10-02 16:42:39.288] Recibido ASCII: <SOH>T55<CR>
[2026-10-02 16:42:39.288] Recibido HEX: 01 54 35 35 0D
[2026-10-02 16:42:44.077] Datos recibidos (5 bytes): 1B 51 36 43 0D
[2026-10-02 16:42:48.099] Respuesta ausente o incompleta, se reintenta en el siguiente ciclo
[2026-10-02 16:42:50.100] Respuesta ausente o incompleta, se reintenta en el siguiente ciclo
[2026-10-02 16:42:52.101] Respuesta ausente o incompleta, se reintenta en el siguiente ciclo
[2026-10-02 16:42:54.102] Respuesta ausente o incompleta, se reintenta en el siguiente ciclo
[2026-10-02 16:42:56.103] Respuesta ausente o incompleta, se reintenta en el siguiente ciclo
[2026-10-02 16:42:58.105] Respuesta ausente o incompleta, se reintenta en el siguiente ciclo
