[2026-10-02 16:41:27.660] Iniciando comunicación con Atlan A350 XL (8E1)...
[2026-10-02 16:41:27.669] Enviado: Q | HEX: 1B 51 36 43 0D
[2026-10-02 16:41:27.794] Recibido ASCII: <SOH>Q52<CR>
[2026-10-02 16:41:27.795] Recibido HEX: 01 51 35 32 0D
[2026-10-02 16:41:27.798] Enviado: R | HEX: 1B 52 36 44 0D
[2026-10-02 16:41:27.902] Recibido ASCII: <SOH>R5555'A3XX'02.11:0<ESC>R6D<CR>
[2026-10-02 16:41:27.903] Recibido HEX: 01 52 35 35 35 35 27 41 33 58 58 27 30 32 2E 31 31 3A 30 1B 52 36 44 0D
[2026-10-02 16:41:27.907] Enviado: S | HEX: 1B 53 36 45 0D
[2026-10-02 16:41:27.909] Recibido ASCII: 6.00B9<CR>
[2026-10-02 16:41:27.909] Recibido HEX: 36 2E 30 30 42 39 0D
[2026-10-02 16:41:28.910] Realtime configuration <53H> no valida, se omite el paso <54H>
[2026-10-02 16:41:28.928] Datos recibidos (189 bytes): 01 53 30 30 20 20 20 32 30 30 30 30 2D 20 20 32 31 20 20 31 32 31 46 46 46 30 31 20 20 20 32 30 30 30 30 2D 20 31 38 31 20 20 31 38 31 46 46 46 30 35 20 20 20 32 30 30 30 30 20 20 20 20 30 20 20 31 30 30 46 46 46 30 36 20 20 20 32 30 30 30 30 20 20 20 20 30 20 20 31 32 30 46 46 46 30 37 20 20 20 32 30 30 30 30 20 20 20 20 30 20 20 20 32 30 46 46 46 30 38 20 20 20 32 30 30 30 30 20 20 20 20 30 20 20 31 30 30 46 46 46 30 41 20 20 20 32 30 30 30 30 20 20 20 20 30 20 20 20 32 30 46 46 46 32 41 20 20 20 32 30 30 30 30 20 20 20 20 30 20 20 20 32 30 46 46 46 46 33 0D
[2026-10-02 16:41:28.930] [Bytes recibidos]: 1
[2026-10-02 16:41:28.930] [Bytes recibidos]: 83
[2026-10-02 16:41:28.931] [Bytes recibidos]: 48
[2026-10-02 16:41:28.931] [Bytes recibidos]: 48
[2026-10-02 16:41:28.931] [Bytes recibidos]: 32
[2026-10-02 16:41:28.932] [Bytes recibidos]: 32
[2026-10-02 16:41:28.932] [Bytes recibidos]: 32
[2026-10-02 16:41:28.933] [Bytes recibidos]: 50
[2026-10-02 16:41:28.933] [Bytes recibidos]: 48
[2026-10-02 16:41:28.934] [Bytes recibidos]: 48
[2026-10-02 16:41:28.934] [Bytes recibidos]: 48
[2026-10-02 16:41:28.935] [Bytes recibidos]: 48
[2026-10-02 16:41:28.935] [Bytes recibidos]: 45
[2026-10-02 16:41:28.936] [Bytes recibidos]: 32
[2026-10-02 16:41:28.936] [Bytes recibidos]: 32
[2026-10-02 16:41:28.937] [Bytes recibidos]: 50
[2026-10-02 16:41:28.937] [Bytes recibidos]: 49
[2026-10-02 16:41:28.938] [Bytes recibidos]: 32
[2026-10-02 16:41:28.939] [Bytes recibidos]: 32
[2026-10-02 16:41:28.939] [Bytes recibidos]: 49
[2026-10-02 16:41:28.940] [Bytes recibidos]: 50
[2026-10-02 16:41:28.940] [Bytes recibidos]: 49
[2026-10-02 16:41:28.941] [Bytes recibidos]: 70
[2026-10-02 16:41:28.941] [Bytes recibidos]: 70
[2026-10-02 16:41:28.941] [Bytes recibidos]: 70
[2026-10-02 16:41:28.942] [Bytes recibidos]: 48
[2026-10-02 16:41:28.942] [Bytes recibidos]: 49
[2026-10-02 16:41:28.943] [Bytes recibidos]: 32
[2026-10-02 16:41:28.943] [Bytes recibidos]: 32
[2026-10-02 16:41:28.944] [Bytes recibidos]: 32
[2026-10-02 16:41:28.944] [Bytes recibidos]: 50
[2026-10-02 16:41:28.945] [Bytes recibidos]: 48
[2026-10-02 16:41:28.945] [Bytes recibidos]: 48
[2026-10-02 16:41:28.946] [Bytes recibidos]: 48
[2026-10-02 16:41:28.946] [Bytes recibidos]: 48
[2026-10-02 16:41:28.947] [Bytes recibidos]: 45
[2026-10-02 16:41:28.947] [Bytes recibidos]: 32
[2026-10-02 16:41:28.947] [Bytes recibidos]: 49
[2026-10-02 16:41:28.948] [Bytes recibidos]: 56
[2026-10-02 16:41:28.948] [Bytes recibidos]: 49
[2026-10-02 16:41:28.949] [Bytes recibidos]: 32
[2026-10-02 16:41:28.949] [Bytes recibidos]: 32
[2026-10-02 16:41:28.949] [Bytes recibidos]: 49
[2026-10-02 16:41:28.950] [Bytes recibidos]: 56
[2026-10-02 16:41:28.950] [Bytes recibidos]: 49
[2026-10-02 16:41:28.951] [Bytes recibidos]: 70
[2026-10-02 16:41:28.951] [Bytes recibidos]: 70
[2026-10-02 16:41:28.952] [Bytes recibidos]: 70
[2026-10-02 16:41:28.952] [Bytes recibidos]: 48
[2026-10-02 16:41:28.952] [Bytes recibidos]: 53
[2026-10-02 16:41:28.953] [Bytes recibidos]: 32
[2026-10-02 16:41:28.955] [Bytes recibidos]: 32
[2026-10-02 16:41:28.956] [Bytes recibidos]: 32
[2026-10-02 16:41:28.956] [Bytes recibidos]: 50
[2026-10-02 16:41:28.957] [Bytes recibidos]: 48
[2026-10-02 16:41:28.957] [Bytes recibidos]: 48
[2026-10-02 16:41:28.958] [Bytes recibidos]: 48
[2026-10-02 16:41:28.958] [Bytes recibidos]: 48
[2026-10-02 16:41:28.959] [Bytes recibidos]: 32
[2026-10-02 16:41:28.959] [Bytes recibidos]: 32
[2026-10-02 16:41:28.959] [Bytes recibidos]: 32
[2026-10-02 16:41:28.960] [Bytes recibidos]: 32
[2026-10-02 16:41:28.960] [Bytes recibidos]: 48
[2026-10-02 16:41:28.960] [Bytes recibidos]: 32
[2026-10-02 16:41:28.961] [Bytes recibidos]: 32
[2026-10-02 16:41:28.961] [Bytes recibidos]: 49
[2026-10-02 16:41:28.962] [Bytes recibidos]: 48
[2026-10-02 16:41:28.962] [Bytes recibidos]: 48
[2026-10-02 16:41:28.962] [Bytes recibidos]: 70
[2026-10-02 16:41:28.963] [Bytes recibidos]: 70
[2026-10-02 16:41:28.963] [Bytes recibidos]: 70
[2026-10-02 16:41:28.964] [Bytes recibidos]: 48
[2026-10-02 16:41:28.964] [Bytes recibidos]: 54
[2026-10-02 16:41:28.965] [Bytes recibidos]: 32
[2026-10-02 16:41:28.965] [Bytes recibidos]: 32
[2026-10-02 16:41:28.965] [Bytes recibidos]: 32
[2026-10-02 16:41:28.966] [Bytes recibidos]: 50
[2026-10-02 16:41:28.966] [Bytes recibidos]: 48
[2026-10-02 16:41:28.966] [Bytes recibidos]: 48
[2026-10-02 16:41:28.967] [Bytes recibidos]: 48
[2026-10-02 16:41:28.967] [Bytes recibidos]: 48
[2026-10-02 16:41:28.968] [Bytes recibidos]: 32
[2026-10-02 16:41:28.968] [Bytes recibidos]: 32
[2026-10-02 16:41:28.969] [Bytes recibidos]: 32
[2026-10-02 16:41:28.969] [Bytes recibidos]: 32
[2026-10-02 16:41:28.970] [Bytes recibidos]: 48
[2026-10-02 16:41:28.970] [Bytes recibidos]: 32
[2026-10-02 16:41:28.971] [Bytes recibidos]: 32
[2026-10-02 16:41:28.971] [Bytes recibidos]: 49
[2026-10-02 16:41:28.972] [Bytes recibidos]: 50
[2026-10-02 16:41:28.972] [Bytes recibidos]: 48
[2026-10-02 16:41:28.973] [Bytes recibidos]: 70
[2026-10-02 16:41:28.973] [Bytes recibidos]: 70
[2026-10-02 16:41:28.974] [Bytes recibidos]: 70
[2026-10-02 16:41:28.974] [Bytes recibidos]: 48
[2026-10-02 16:41:28.974] [Bytes recibidos]: 55
[2026-10-02 16:41:28.975] [Bytes recibidos]: 32
[2026-10-02 16:41:28.975] [Bytes recibidos]: 32
[2026-10-02 16:41:28.975] [Bytes recibidos]: 32
[2026-10-02 16:41:28.976] [Bytes recibidos]: 50
[2026-10-02 16:41:28.976] [Bytes recibidos]: 48
[2026-10-02 16:41:28.977] [Bytes recibidos]: 48
[2026-10-02 16:41:28.977] [Bytes recibidos]: 48
[2026-10-02 16:41:28.977] [Bytes recibidos]: 48
[2026-10-02 16:41:28.978] [Bytes recibidos]: 32
[2026-10-02 16:41:28.978] [Bytes recibidos]: 32
[2026-10-02 16:41:28.979] [Bytes recibidos]: 32
[2026-10-02 16:41:28.979] [Bytes recibidos]: 32
[2026-10-02 16:41:28.979] [Bytes recibidos]: 48
[2026-10-02 16:41:28.980] [Bytes recibidos]: 32
[2026-10-02 16:41:28.980] [Bytes recibidos]: 32
[2026-10-02 16:41:28.981] [Bytes recibidos]: 32
[2026-10-02 16:41:28.981] [Bytes recibidos]: 50
[2026-10-02 16:41:28.981] [Bytes recibidos]: 48
[2026-10-02 16:41:28.982] [Bytes recibidos]: 70
[2026-10-02 16:41:28.982] [Bytes recibidos]: 70
[2026-10-02 16:41:28.983] [Bytes recibidos]: 70
[2026-10-02 16:41:28.983] [Bytes recibidos]: 48
[2026-10-02 16:41:28.984] [Bytes recibidos]: 56
[2026-10-02 16:41:28.984] [Bytes recibidos]: 32
[2026-10-02 16:41:28.985] [Bytes recibidos]: 32
[2026-10-02 16:41:28.985] [Bytes recibidos]: 32
[2026-10-02 16:41:28.985] [Bytes recibidos]: 50
[2026-10-02 16:41:28.985] [Bytes recibidos]: 48
[2026-10-02 16:41:28.986] [Bytes recibidos]: 48
[2026-10-02 16:41:28.986] [Bytes recibidos]: 48
[2026-10-02 16:41:28.986] [Bytes recibidos]: 48
[2026-10-02 16:41:28.987] [Bytes recibidos]: 32
[2026-10-02 16:41:28.987] [Bytes recibidos]: 32
[2026-10-02 16:41:28.988] [Bytes recibidos]: 32
[2026-10-02 16:41:28.989] [Bytes recibidos]: 32
[2026-10-02 16:41:28.989] [Bytes recibidos]: 48
[2026-10-02 16:41:28.990] [Bytes recibidos]: 32
[2026-10-02 16:41:28.990] [Bytes recibidos]: 32
[2026-10-02 16:41:28.990] [Bytes recibidos]: 49
[2026-10-02 16:41:28.991] [Bytes recibidos]: 48
[2026-10-02 16:41:28.991] [Bytes recibidos]: 48
[2026-10-02 16:41:28.991] [Bytes recibidos]: 70
[2026-10-02 16:41:28.992] [Bytes recibidos]: 70
[2026-10-02 16:41:28.992] [Bytes recibidos]: 70
[2026-10-02 16:41:28.992] [Bytes recibidos]: 48
[2026-10-02 16:41:28.993] [Bytes recibidos]: 65
[2026-10-02 16:41:28.993] [Bytes recibidos]: 32
[2026-10-02 16:41:28.993] [Bytes recibidos]: 32
[2026-10-02 16:41:28.993] [Bytes recibidos]: 32
[2026-10-02 16:41:28.994] [Bytes recibidos]: 50
[2026-10-02 16:41:28.994] [Bytes recibidos]: 48
[2026-10-02 16:41:28.995] [Bytes recibidos]: 48
[2026-10-02 16:41:28.995] [Bytes recibidos]: 48
[2026-10-02 16:41:28.995] [Bytes recibidos]: 48
[2026-10-02 16:41:28.996] [Bytes recibidos]: 32
[2026-10-02 16:41:28.996] [Bytes recibidos]: 32
[2026-10-02 16:41:28.996] [Bytes recibidos]: 32
[2026-10-02 16:41:28.996] [Bytes recibidos]: 32
[2026-10-02 16:41:28.997] [Bytes recibidos]: 48
[2026-10-02 16:41:28.997] [Bytes recibidos]: 32
[2026-10-02 16:41:28.997] [Bytes recibidos]: 32
[2026-10-02 16:41:28.998] [Bytes recibidos]: 32
[2026-10-02 16:41:28.998] [Bytes recibidos]: 50
[2026-10-02 16:41:28.999] [Bytes recibidos]: 48
[2026-10-02 16:41:28.999] [Bytes recibidos]: 70
[2026-10-02 16:41:28.999] [Bytes recibidos]: 70
[2026-10-02 16:41:28.999] [Bytes recibidos]: 70
[2026-10-02 16:41:29.000] [Bytes recibidos]: 50
[2026-10-02 16:41:29.000] [Bytes recibidos]: 65
[2026-10-02 16:41:29.001] [Bytes recibidos]: 32
[2026-10-02 16:41:29.001] [Bytes recibidos]: 32
[2026-10-02 16:41:29.001] [Bytes recibidos]: 32
[2026-10-02 16:41:29.002] [Bytes recibidos]: 50
[2026-10-02 16:41:29.002] [Bytes recibidos]: 48
[2026-10-02 16:41:29.002] [Bytes recibidos]: 48
[2026-10-02 16:41:29.003] [Bytes recibidos]: 48
[2026-10-02 16:41:29.003] [Bytes recibidos]: 48
[2026-10-02 16:41:29.003] [Bytes recibidos]: 32
[2026-10-02 16:41:29.004] [Bytes recibidos]: 32
[2026-10-02 16:41:29.004] [Bytes recibidos]: 32
[2026-10-02 16:41:29.005] [Bytes recibidos]: 32
[2026-10-02 16:41:29.005] [Bytes recibidos]: 48
[2026-10-02 16:41:29.005] [Bytes recibidos]: 32
[2026-10-02 16:41:29.006] [Bytes recibidos]: 32
[2026-10-02 16:41:29.006] [Bytes recibidos]: 32
[2026-10-02 16:41:29.006] [Bytes recibidos]: 50
[2026-10-02 16:41:29.007] [Bytes recibidos]: 48
[2026-10-02 16:41:29.007] [Bytes recibidos]: 70
[2026-10-02 16:41:29.007] [Bytes recibidos]: 70
[2026-10-02 16:41:29.008] [Bytes recibidos]: 70
[2026-10-02 16:41:29.008] [Bytes recibidos]: 70
[2026-10-02 16:41:29.008] [Bytes recibidos]: 51
[2026-10-02 16:41:29.009] [Bytes recibidos]: 13
[2026-10-02 16:41:31.010] Enviado: S | HEX: 1B 53 36 45 0D
[2026-10-02 16:41:31.202] Recibido ASCII: <SOH>S00   20000-  21  121FFF01   20000- 181  181FFF05   20000    0  100FFF06   20000    0  120FFF07   20000    0   20FFF08   20000    0  100FFF0A   20000    0   20FFF2A   20000    0   20FFFF3<CR>
[2026-10-02 16:41:31.202] Recibido HEX: 01 53 30 30 20 20 20 32 30 30 30 30 2D 20 20 32 31 20 20 31 32 31 46 46 46 30 31 20 20 20 32 30 30 30 30 2D 20 31 38 31 20 20 31 38 31 46 46 46 30 35 20 20 20 32 30 30 30 30 20 20 20 20 30 20 20 31 30 30 46 46 46 30 36 20 20 20 32 30 30 30 30 20 20 20 20 30 20 20 31 32 30 46 46 46 30 37 20 20 20 32 30 30 30 30 20 20 20 20 30 20 20 20 32 30 46 46 46 30 38 20 20 20 32 30 30 30 30 20 20 20 20 30 20 20 31 30 30 46 46 46 30 41 20 20 20 32 30 30 30 30 20 20 20 20 30 20 20 20 32 30 46 46 46 32 41 20 20 20 32 30 30 30 30 20 20 20 20 30 20 20 20 32 30 46 46 46 46 33 0D
[2026-10-02 16:41:32.209] Enviado: T0001010105010601070108010A012A01 | HEX: 1B 54 30 30 30 31 30 31 30 31 30 35 30 31 30 36 30 31 30 37 30 31 30 38 30 31 30 41 30 31 32 41 30 31 42 36 0D
[2026-10-02 16:41:32.291] Recibido ASCII: <SOH>T55<CR>
[2026-10-02 16:41:32.291] Recibido HEX: 01 54 35 35 0D
[2026-10-02 16:41:36.893] Datos recibidos (5 bytes): 1B 51 36 43 0D
