[2026-10-02 15:27:17.542] Iniciando comunicación con Atlan A350 XL (8E1)...
[2026-10-02 15:27:17.552] Enviado: Q | HEX: 1B 51 36 43 0D
[2026-10-02 15:27:17.636] Recibido ASCII: <SOH>Q52<CR>
[2026-10-02 15:27:17.637] Recibido HEX: 01 51 35 32 0D
[2026-10-02 15:27:17.642] Enviado: S | HEX: 1B 53 36 45 0D
[2026-10-02 15:27:17.748] Recibido ASCII: <SOH>S00   20000-  21  121FFF01   20000- 1<ESC>R6D<CR>
[2026-10-02 15:27:17.749] Recibido HEX: 01 53 30 30 20 20 20 32 30 30 30 30 2D 20 20 32 31 20 20 31 32 31 46 46 46 30 31 20 20 20 32 30 30 30 30 2D 20 31 1B 52 36 44 0D
[2026-10-02 15:27:17.757] Enviado: T0001010105010601070108010A012A01 | HEX: 1B 54 30 30 30 31 30 31 30 31 30 35 30 31 30 36 30 31 30 37 30 31 30 38 30 31 30 41 30 31 32 41 30 31 42 36 0D
[2026-10-02 15:27:17.809] Recibido ASCII: 81  181FFF05   20000    0  100FFF06   20000    0  120FFF07   20000    0   20FFF08   20000    0  100FFF0A   20000    0   20FFF2A   20000    0   20FFFF3<CR>
[2026-10-02 15:27:17.810] Recibido HEX: 38 31 20 20 31 38 31 46 46 46 30 35 20 20 20 32 30 30 30 30 20 20 20 20 30 20 20 31 30 30 46 46 46 30 36 20 20 20 32 30 30 30 30 20 20 20 20 30 20 20 31 32 30 46 46 46 30 37 20 20 20 32 30 30 30 30 20 20 20 20 30 20 20 20 32 30 46 46 46 30 38 20 20 20 32 30 30 30 30 20 20 20 20 30 20 20 31 30 30 46 46 46 30 41 20 20 20 32 30 30 30 30 20 20 20 20 30 20 20 20 32 30 46 46 46 32 41 20 20 20 32 30 30 30 30 20 20 20 20 30 20 20 20 32 30 46 46 46 46 33 0D
[2026-10-02 15:27:17.813] Enviado:  | HEX: 01 15 31 36 0D
[2026-10-02 15:27:17.855] Recibido ASCII: <SOH>T55<CR>
[2026-10-02 15:27:17.856] Recibido HEX: 01 54 35 35 0D
[2026-10-02 15:27:17.864] Datos recibidos (5 bytes): 1B 52 36 44 0D
[2026-10-02 15:27:17.865] [Bytes recibidos]: 27
[2026-10-02 15:27:17.866] [Bytes recibidos]: 82
[2026-10-02 15:27:17.866] [Bytes recibidos]: 54
[2026-10-02 15:27:17.867] [Bytes recibidos]: 68
[2026-10-02 15:27:17.867] [Bytes recibidos]: 13
[2026-10-02 15:27:17.871] [Data Recibida]: 19.88351648351648
[2026-10-02 15:27:17.873] [MIN]: -21
[2026-10-02 15:27:17.874] [MAX]: 121
[2026-10-02 15:27:17.874] [MAXBIN]: 4095
[2026-10-02 15:27:21.138] Datos recibidos (5 bytes): 1B 51 36 43 0D
[2026-10-02 15:27:21.139] [Bytes recibidos]: 27
[2026-10-02 15:27:21.139] [Bytes recibidos]: 81
[2026-10-02 15:27:21.139] [Bytes recibidos]: 54
[2026-10-02 15:27:21.140] [Bytes recibidos]: 67
[2026-10-02 15:27:21.140] [Bytes recibidos]: 13
[2026-10-02 15:27:21.141] [Data Recibida]: 17.664224664224662
[2026-10-02 15:27:21.141] [MIN]: -21
[2026-10-02 15:27:21.142] [MAX]: 121
[2026-10-02 15:27:21.142] [MAXBIN]: 4095
[2026-10-02 15:27:24.750] Datos recibidos (5 bytes): 1B 51 36 43 0D
[2026-10-02 15:27:24.751] [Bytes recibidos]: 27
[2026-10-02 15:27:24.751] [Bytes recibidos]: 81
[2026-10-02 15:27:24.752] [Bytes recibidos]: 54
[2026-10-02 15:27:24.752] [Bytes recibidos]: 67
[2026-10-02 15:27:24.753] [Bytes recibidos]: 13
[2026-10-02 15:27:24.753] [Data Recibida]: 17.664224664224662
[2026-10-02 15:27:24.754] [MIN]: -21
[2026-10-02 15:27:24.754] [MAX]: 121
[2026-10-02 15:27:24.754] [MAXBIN]: 4095
[2026-10-02 15:27:28.345] Datos recibidos (5 bytes): 1B 51 36 43 0D
[2026-10-02 15:27:28.345] [Bytes recibidos]: 27
[2026-10-02 15:27:28.346] [Bytes recibidos]: 81
[2026-10-02 15:27:28.346] [Bytes recibidos]: 54
[2026-10-02 15:27:28.347] [Bytes recibidos]: 67
[2026-10-02 15:27:28.347] [Bytes recibidos]: 13
[2026-10-02 15:27:28.347] [Data Recibida]: 17.664224664224662
[2026-10-02 15:27:28.348] [MIN]: -21
[2026-10-02 15:27:28.348] [MAX]: 121
[2026-10-02 15:27:28.349] [MAXBIN]: 4095
[2026-10-02 15:27:31.954] Datos recibidos (5 bytes): 1B 51 36 43 0D
[2026-10-02 15:27:31.955] [Bytes recibidos]: 27
[2026-10-02 15:27:31.955] [Bytes recibidos]: 81
[2026-10-02 15:27:31.956] [Bytes recibidos]: 54
[2026-10-02 15:27:31.956] [Bytes recibidos]: 67
[2026-10-02 15:27:31.956] [Bytes recibidos]: 13
[2026-10-02 15:27:31.957] [Data Recibida]: 17.664224664224662
[2026-10-02 15:27:31.957] [MIN]: -21
[2026-10-02 15:27:31.958] [MAX]: 121
[2026-10-02 15:27:31.958] [MAXBIN]: 4095
[2026-10-02 15:27:35.545] Datos recibidos (5 bytes): 1B 51 36 43 0D
[2026-10-02 15:27:35.546] [Bytes recibidos]: 27
[2026-10-02 15:27:35.547] [Bytes recibidos]: 81
[2026-10-02 15:27:35.547] [Bytes recibidos]: 54
[2026-10-02 15:27:35.547] [Bytes recibidos]: 67
[2026-10-02 15:27:35.548] [Bytes recibidos]: 13
[2026-10-02 15:27:35.548] [Data Recibida]: 17.664224664224662
[2026-10-02 15:27:35.549] [MIN]: -21
[2026-10-02 15:27:35.549] [MAX]: 121
[2026-10-02 15:27:35.549] [MAXBIN]: 4095
[2026-10-02 15:27:39.141] Datos recibidos (5 bytes): 1B 51 36 43 0D
[2026-10-02 15:27:39.142] [Bytes recibidos]: 27
[2026-10-02 15:27:39.142] [Bytes recibidos]: 81
[2026-10-02 15:27:39.142] [Bytes recibidos]: 54
[2026-10-02 15:27:39.143] [Bytes recibidos]: 67
[2026-10-02 15:27:39.143] [Bytes recibidos]: 13
[2026-10-02 15:27:39.143] [Data Recibida]: 17.664224664224662
[2026-10-02 15:27:39.144] [MIN]: -21
[2026-10-02 15:27:39.144] [MAX]: 121
[2026-10-02 15:27:39.145] [MAXBIN]: 4095
[2026-10-02 15:27:42.746] Datos recibidos (5 bytes): 1B 51 36 43 0D
[2026-10-02 15:27:42.747] [Bytes recibidos]: 27
[2026-10-02 15:27:42.747] [Bytes recibidos]: 81
[2026-10-02 15:27:42.748] [Bytes recibidos]: 54
[2026-10-02 15:27:42.748] [Bytes recibidos]: 67
[2026-10-02 15:27:42.748] [Bytes recibidos]: 13
[2026-10-02 15:27:42.749] [Data Recibida]: 17.664224664224662
[2026-10-02 15:27:42.750] [MIN]: -21
[2026-10-02 15:27:42.750] [MAX]: 121
[2026-10-02 15:27:42.750] [MAXBIN]: 4095
[2026-10-02 15:27:46.339] Datos recibidos (5 bytes): 1B 51 36 43 0D
[2026-10-02 15:27:46.340] [Bytes recibidos]: 27
[2026-10-02 15:27:46.340] [Bytes recibidos]: 81
[2026-10-02 15:27:46.340] [Bytes recibidos]: 54
[2026-10-02 15:27:46.341] [Bytes recibidos]: 67
[2026-10-02 15:27:46.341] [Bytes recibidos]: 13
[2026-10-02 15:27:46.341] [Data Recibida]: 17.664224664224662
[2026-10-02 15:27:46.342] [MIN]: -21
[2026-10-02 15:27:46.342] [MAX]: 121
[2026-10-02 15:27:46.342] [MAXBIN]: 4095
