[2026-10-02 12:02:10.518] Iniciando comunicación con Atlan A350 XL (8E1)...
[2026-10-02 12:02:10.523] Enviado: Q | HEX: 1B 51 36 43 0D
[2026-10-02 12:02:10.524] Recibido ASCII: <CR>
[2026-10-02 12:02:10.524] Recibido HEX: 0D
[2026-10-02 12:02:10.525] Enviado: R | HEX: 1B 52 36 44 0D
[2026-10-02 12:02:10.587] Recibido ASCII: <SOH>Q52<CR>
[2026-10-02 12:02:10.587] Recibido HEX: 01 51 35 32 0D
[2026-10-02 12:02:10.588] Enviado: S | HEX: 1B 53 36 45 0D
[2026-10-02 12:02:10.610] Recibido ASCII: <SOH>R5555'A3XX'02.11:0<ESC>R6D<CR>
[2026-10-02 12:02:10.610] Recibido HEX: 01 52 35 35 35 35 27 41 33 58 58 27 30 32 2E 31 31 3A 30 1B 52 36 44 0D
[2026-10-02 12:02:10.611] Sin registros de realtime configuration, se omite el paso <54H>
[2026-10-02 12:02:10.613] Datos recibidos (7 bytes): 36 2E 30 30 42 39 0D
[2026-10-02 12:02:12.614] Enviado: S | HEX: 1B 53 36 45 0D
[2026-10-02 12:02:12.619] Recibido ASCII: <SOH>S00   20000-  21  121FFF01   20000- 181  181FFF05   20000    0  100FFF06   20000    0  120FFF07   20000    0   20FFF08   20000    0  100FFF0A   20000    0   20FFF2A   20000    0   20FFFF3<CR>
[2026-10-02 12:02:12.620] Recibido HEX: 01 53 30 30 20 20 20 32 30 30 30 30 2D 20 20 32 31 20 20 31 32 31 46 46 46 30 31 20 20 20 32 30 30 30 30 2D 20 31 38 31 20 20 31 38 31 46 46 46 30 35 20 20 20 32 30 30 30 30 20 20 20 20 30 20 20 31 30 30 46 46 46 30 36 20 20 20 32 30 30 30 30 20 20 20 20 30 20 20 31 32 30 46 46 46 30 37 20 20 20 32 30 30 30 30 20 20 20 20 30 20 20 20 32 30 46 46 46 30 38 20 20 20 32 30 30 30 30 20 20 20 20 30 20 20 31 30 30 46 46 46 30 41 20 20 20 32 30 30 30 30 20 20 20 20 30 20 20 20 32 30 46 46 46 32 41 20 20 20 32 30 30 30 30 20 20 20 20 30 20 20 20 32 30 46 46 46 46 33 0D
[2026-10-02 12:02:12.623] Enviado: T0001010105010601070108010A012A01 | HEX: 1B 54 30 30 30 31 30 31 30 31 30 35 30 31 30 36 30 31 30 37 30 31 30 38 30 31 30 41 30 31 32 41 30 31 42 36 0D
[2026-10-02 12:02:12.706] Recibido ASCII: <SOH>S00   20000-  21  121FFF01   20000- 1<SOH>T55<CR>
[2026-10-02 12:02:12.706] Recibido HEX: 01 53 30 30 20 20 20 32 30 30 30 30 2D 20 20 32 31 20 20 31 32 31 46 46 46 30 31 20 20 20 32 30 30 30 30 2D 20 31 01 54 35 35 0D
[2026-10-02 12:02:12.707] Error en el ciclo de polling: java.lang.NumberFormatException: For input string: "ÐC1CFC2CFÀÀ" under radix 16
[2026-10-02 12:02:14.708] Enviado: S | HEX: 1B 53 36 45 0D
[2026-10-02 12:02:14.894] Recibido ASCII: <SOH>S00   20000-  21  121FFF01   20000- 181  181FFF05   20000    0  100FFF06   20000    0  120FFF07   20000    0   20FFF08   20000    0  100FFF0A   20000    0   20FFF2A   20000    0   20FFFF3<CR>
[2026-10-02 12:02:14.894] Recibido HEX: 01 53 30 30 20 20 20 32 30 30 30 30 2D 20 20 32 31 20 20 31 32 31 46 46 46 30 31 20 20 20 32 30 30 30 30 2D 20 31 38 31 20 20 31 38 31 46 46 46 30 35 20 20 20 32 30 30 30 30 20 20 20 20 30 20 20 31 30 30 46 46 46 30 36 20 20 20 32 30 30 30 30 20 20 20 20 30 20 20 31 32 30 46 46 46 30 37 20 20 20 32 30 30 30 30 20 20 20 20 30 20 20 20 32 30 46 46 46 30 38 20 20 20 32 30 30 30 30 20 20 20 20 30 20 20 31 30 30 46 46 46 30 41 20 20 20 32 30 30 30 30 20 20 20 20 30 20 20 20 32 30 46 46 46 32 41 20 20 20 32 30 30 30 30 20 20 20 20 30 20 20 20 32 30 46 46 46 46 33 0D
[2026-10-02 12:02:14.895] Enviado: T0001010105010601070108010A012A01 | HEX: 1B 54 30 30 30 31 30 31 30 31 30 35 30 31 30 36 30 31 30 37 30 31 30 38 30 31 30 41 30 31 32 41 30 31 42 36 0D
[2026-10-02 12:02:14.977] Recibido ASCII: <SOH>T55<CR>
[2026-10-02 12:02:14.977] Recibido HEX: 01 54 35 35 0D
[2026-10-02 12:02:14.978] Error en el ciclo de polling: java.lang.NumberFormatException: For input string: "ÐC1CFC2CFÀÀ" under radix 16
