[2026-10-02 13:02:38.484] Iniciando comunicación con Atlan A350 XL (8E1)...
[2026-10-02 13:02:38.488] Enviado: Q | HEX: 1B 51 36 43 0D
[2026-10-02 13:02:38.551] Recibido ASCII: <SOH>Q52<CR>
[2026-10-02 13:02:38.551] Recibido HEX: 01 51 35 32 0D
[2026-10-02 13:02:38.552] Enviado: R | HEX: 1B 52 36 44 0D
[2026-10-02 13:02:38.675] Recibido ASCII: <SOH>R5555'A3XX'02.11:0<ESC>R6D<CR>
[2026-10-02 13:02:38.675] Recibido HEX: 01 52 35 35 35 35 27 41 33 58 58 27 30 32 2E 31 31 3A 30 1B 52 36 44 0D
[2026-10-02 13:02:38.676] Enviado: S | HEX: 1B 53 36 45 0D
[2026-10-02 13:02:38.676] Recibido ASCII: 6.00B9<CR>
[2026-10-02 13:02:38.676] Recibido HEX: 36 2E 30 30 42 39 0D
[2026-10-02 13:02:38.677] Enviado:  | HEX: 01 15 31 36 0D
[2026-10-02 13:02:38.780] Recibido ASCII: <SOH>S00   20000-  21  121FFF01   20000- 1<ESC>R6D<CR>
[2026-10-02 13:02:38.780] Recibido HEX: 01 53 30 30 20 20 20 32 30 30 30 30 2D 20 20 32 31 20 20 31 32 31 46 46 46 30 31 20 20 20 32 30 30 30 30 2D 20 31 1B 52 36 44 0D
[2026-10-02 13:02:38.781] Enviado: T0001 | HEX: 1B 54 30 30 30 31 33 30 0D
[2026-10-02 13:02:38.887] Recibido ASCII: 81  181FFF05   20000    0  100FFF06   20000    0  120FFF07   20000    0   20FFF08   20000    0  100FFF0A   20000    0   20FFF2A   20000    0   20FFFF3<CR>
[2026-10-02 13:02:38.888] Recibido HEX: 38 31 20 20 31 38 31 46 46 46 30 35 20 20 20 32 30 30 30 30 20 20 20 20 30 20 20 31 30 30 46 46 46 30 36 20 20 20 32 30 30 30 30 20 20 20 20 30 20 20 31 32 30 46 46 46 30 37 20 20 20 32 30 30 30 30 20 20 20 20 30 20 20 20 32 30 46 46 46 30 38 20 20 20 32 30 30 30 30 20 20 20 20 30 20 20 31 30 30 46 46 46 30 41 20 20 20 32 30 30 30 30 20 20 20 20 30 20 20 20 32 30 46 46 46 32 41 20 20 20 32 30 30 30 30 20 20 20 20 30 20 20 20 32 30 46 46 46 46 33 0D
[2026-10-02 13:02:38.888] Enviado:  | HEX: 01 15 31 36 0D
[2026-10-02 13:02:38.888] Recibido ASCII: <SOH>T55<CR>
[2026-10-02 13:02:38.889] Recibido HEX: 01 54 35 35 0D
[2026-10-02 13:02:38.952] Datos recibidos (5 bytes): 1B 52 36 44 0D
[2026-10-02 13:02:38.953] [Bytes recibidos]: 27
[2026-10-02 13:02:38.954] [Bytes recibidos]: 82
[2026-10-02 13:02:38.954] [Bytes recibidos]: 54
[2026-10-02 13:02:38.954] [Bytes recibidos]: 68
[2026-10-02 13:02:38.954] [Bytes recibidos]: 13
[2026-10-02 13:02:38.956] [Data Recibida]: 19.88351648351648
[2026-10-02 13:02:42.470] Datos recibidos (5 bytes): 1B 51 36 43 0D
[2026-10-02 13:02:42.471] [Bytes recibidos]: 27
[2026-10-02 13:02:42.471] [Bytes recibidos]: 81
[2026-10-02 13:02:42.471] [Bytes recibidos]: 54
[2026-10-02 13:02:42.472] [Bytes recibidos]: 67
[2026-10-02 13:02:42.472] [Bytes recibidos]: 13
[2026-10-02 13:02:42.472] [Data Recibida]: 17.664224664224662
[2026-10-02 13:02:46.045] Datos recibidos (5 bytes): 1B 51 36 43 0D
[2026-10-02 13:02:46.046] [Bytes recibidos]: 27
[2026-10-02 13:02:46.046] [Bytes recibidos]: 81
[2026-10-02 13:02:46.046] [Bytes recibidos]: 54
[2026-10-02 13:02:46.046] [Bytes recibidos]: 67
[2026-10-02 13:02:46.047] [Bytes recibidos]: 13
[2026-10-02 13:02:46.047] [Data Recibida]: 17.664224664224662
