[2026-10-02 13:51:07.872] Iniciando comunicación con Atlan A350 XL (8E1)...
[2026-10-02 13:51:07.876] Enviado: Q | HEX: 1B 51 36 43 0D
[2026-10-02 13:51:07.898] Recibido ASCII: <SOH>Q52<CR>
[2026-10-02 13:51:07.898] Recibido HEX: 01 51 35 32 0D
[2026-10-02 13:51:07.900] Enviado: S | HEX: 1B 53 36 45 0D
[2026-10-02 13:51:08.002] Recibido ASCII: <SOH>S00   20000-  21  <ESC>R6D<CR>
[2026-10-02 13:51:08.003] Recibido HEX: 01 53 30 30 20 20 20 32 30 30 30 30 2D 20 20 32 31 20 20 1B 52 36 44 0D
[2026-10-02 13:51:08.004] Sin registros de realtime configuration, se omite el paso <54H>
[2026-10-02 13:51:08.006] Datos recibidos (3 bytes): 31 32 31
[2026-10-02 13:51:08.007] [Bytes recibidos]: 49
[2026-10-02 13:51:08.008] [Bytes recibidos]: 50
[2026-10-02 13:51:08.008] [Bytes recibidos]: 49
[2026-10-02 13:51:10.009] Enviado: S | HEX: 1B 53 36 45 0D
[2026-10-02 13:51:10.014] Recibido ASCII: FFF01   20000- 181  181FFF05   20000    0  100FFF06   20000    0  120FFF07   20000    0   20FFF08   20000    0  100FFF0A   20000    0   20FFF2A   20000    0   20FFFF3<CR>
[2026-10-02 13:51:10.014] Recibido HEX: 46 46 46 30 31 20 20 20 32 30 30 30 30 2D 20 31 38 31 20 20 31 38 31 46 46 46 30 35 20 20 20 32 30 30 30 30 20 20 20 20 30 20 20 31 30 30 46 46 46 30 36 20 20 20 32 30 30 30 30 20 20 20 20 30 20 20 31 32 30 46 46 46 30 37 20 20 20 32 30 30 30 30 20 20 20 20 30 20 20 20 32 30 46 46 46 30 38 20 20 20 32 30 30 30 30 20 20 20 20 30 20 20 31 30 30 46 46 46 30 41 20 20 20 32 30 30 30 30 20 20 20 20 30 20 20 20 32 30 46 46 46 32 41 20 20 20 32 30 30 30 30 20 20 20 20 30 20 20 20 32 30 46 46 46 46 33 0D
[2026-10-02 13:51:10.014] Enviado:  | HEX: 01 15 31 36 0D
[2026-10-02 13:51:10.118] Recibido ASCII: <SOH>S00   20000-  21  121FFF01   20000- 1<ESC>R6D<CR>
[2026-10-02 13:51:10.118] Recibido HEX: 01 53 30 30 20 20 20 32 30 30 30 30 2D 20 20 32 31 20 20 31 32 31 46 46 46 30 31 20 20 20 32 30 30 30 30 2D 20 31 1B 52 36 44 0D
[2026-10-02 13:51:10.120] Enviado: T0001 | HEX: 1B 54 30 30 30 31 33 30 0D
[2026-10-02 13:51:10.226] Recibido ASCII: 81  181FFF05   20000    0  100FFF06   20000    0  120FFF07   20000    0   20FFF08   20000    0  100FFF0A   20000    0   20FFF2A   20000    0   20FFFF3<CR>
[2026-10-02 13:51:10.226] Recibido HEX: 38 31 20 20 31 38 31 46 46 46 30 35 20 20 20 32 30 30 30 30 20 20 20 20 30 20 20 31 30 30 46 46 46 30 36 20 20 20 32 30 30 30 30 20 20 20 20 30 20 20 31 32 30 46 46 46 30 37 20 20 20 32 30 30 30 30 20 20 20 20 30 20 20 20 32 30 46 46 46 30 38 20 20 20 32 30 30 30 30 20 20 20 20 30 20 20 31 30 30 46 46 46 30 41 20 20 20 32 30 30 30 30 20 20 20 20 30 20 20 20 32 30 46 46 46 32 41 20 20 20 32 30 30 30 30 20 20 20 20 30 20 20 20 32 30 46 46 46 46 33 0D
[2026-10-02 13:51:10.227] Enviado:  | HEX: 01 15 31 36 0D
[2026-10-02 13:51:10.227] Recibido ASCII: <SOH>T55<CR>
[2026-10-02 13:51:10.227] Recibido HEX: 01 54 35 35 0D
[2026-10-02 13:51:10.288] Datos recibidos (5 bytes): 1B 52 36 44 0D
[2026-10-02 13:51:10.289] [Bytes recibidos]: 27
[2026-10-02 13:51:10.289] [Bytes recibidos]: 82
[2026-10-02 13:51:10.289] [Bytes recibidos]: 54
[2026-10-02 13:51:10.289] [Bytes recibidos]: 68
[2026-10-02 13:51:10.290] [Bytes recibidos]: 13
[2026-10-02 13:51:10.291] [Data Recibida]: 19.88351648351648
[2026-10-02 13:51:10.292] [MIN]: -21
[2026-10-02 13:51:10.292] [MAX]: 121
[2026-10-02 13:51:10.292] [MAXBIN]: 4095
[2026-10-02 13:51:13.808] Datos recibidos (5 bytes): 1B 51 36 43 0D
[2026-10-02 13:51:13.809] [Bytes recibidos]: 27
[2026-10-02 13:51:13.809] [Bytes recibidos]: 81
[2026-10-02 13:51:13.809] [Bytes recibidos]: 54
[2026-10-02 13:51:13.810] [Bytes recibidos]: 67
[2026-10-02 13:51:13.810] [Bytes recibidos]: 13
[2026-10-02 13:51:13.810] [Data Recibida]: 17.664224664224662
[2026-10-02 13:51:13.810] [MIN]: -21
[2026-10-02 13:51:13.811] [MAX]: 121
[2026-10-02 13:51:13.811] [MAXBIN]: 4095
[2026-10-02 13:51:17.405] Datos recibidos (5 bytes): 1B 51 36 43 0D
[2026-10-02 13:51:17.405] [Bytes recibidos]: 27
[2026-10-02 13:51:17.407] [Bytes recibidos]: 81
[2026-10-02 13:51:17.407] [Bytes recibidos]: 54
[2026-10-02 13:51:17.407] [Bytes recibidos]: 67
[2026-10-02 13:51:17.407] [Bytes recibidos]: 13
[2026-10-02 13:51:17.407] [Data Recibida]: 17.664224664224662
[2026-10-02 13:51:17.408] [MIN]: -21
[2026-10-02 13:51:17.408] [MAX]: 121
[2026-10-02 13:51:17.408] [MAXBIN]: 4095
[2026-10-02 13:51:20.994] Datos recibidos (5 bytes): 1B 51 36 43 0D
[2026-10-02 13:51:20.994] [Bytes recibidos]: 27
[2026-10-02 13:51:20.994] [Bytes recibidos]: 81
[2026-10-02 13:51:20.994] [Bytes recibidos]: 54
[2026-10-02 13:51:20.994] [Bytes recibidos]: 67
[2026-10-02 13:51:20.995] [Bytes recibidos]: 13
[2026-10-02 13:51:20.995] [Data Recibida]: 17.664224664224662
[2026-10-02 13:51:20.995] [MIN]: -21
[2026-10-02 13:51:20.995] [MAX]: 121
[2026-10-02 13:51:20.995] [MAXBIN]: 4095
[2026-10-02 13:51:24.603] Datos recibidos (5 bytes): 1B 51 36 43 0D
[2026-10-02 13:51:24.604] [Bytes recibidos]: 27
[2026-10-02 13:51:24.604] [Bytes recibidos]: 81
[2026-10-02 13:51:24.604] [Bytes recibidos]: 54
[2026-10-02 13:51:24.605] [Bytes recibidos]: 67
[2026-10-02 13:51:24.605] [Bytes recibidos]: 13
[2026-10-02 13:51:24.605] [Data Recibida]: 17.664224664224662
[2026-10-02 13:51:24.605] [MIN]: -21
[2026-10-02 13:51:24.606] [MAX]: 121
[2026-10-02 13:51:24.606] [MAXBIN]: 4095
[2026-10-02 13:51:28.190] Datos recibidos (5 bytes): 1B 51 36 43 0D
[2026-10-02 13:51:28.190] [Bytes recibidos]: 27
[2026-10-02 13:51:28.191] [Bytes recibidos]: 81
[2026-10-02 13:51:28.191] [Bytes recibidos]: 54
[2026-10-02 13:51:28.191] [Bytes recibidos]: 67
[2026-10-02 13:51:28.192] [Bytes recibidos]: 13
[2026-10-02 13:51:28.192] [Data Recibida]: 17.664224664224662
[2026-10-02 13:51:28.192] [MIN]: -21
[2026-10-02 13:51:28.192] [MAX]: 121
[2026-10-02 13:51:28.192] [MAXBIN]: 4095
[2026-10-02 13:51:31.798] Datos recibidos (5 bytes): 1B 51 36 43 0D
[2026-10-02 13:51:31.799] [Bytes recibidos]: 27
[2026-10-02 13:51:31.799] [Bytes recibidos]: 81
[2026-10-02 13:51:31.799] [Bytes recibidos]: 54
[2026-10-02 13:51:31.800] [Bytes recibidos]: 67
[2026-10-02 13:51:31.800] [Bytes recibidos]: 13
[2026-10-02 13:51:31.800] [Data Recibida]: 17.664224664224662
[2026-10-02 13:51:31.800] [MIN]: -21
[2026-10-02 13:51:31.800] [MAX]: 121
[2026-10-02 13:51:31.800] [MAXBIN]: 4095
