[2026-10-02 12:10:53.391] Iniciando comunicación con Atlan A350 XL (8E1)...
[2026-10-02 12:10:53.395] Enviado: Q | HEX: 1B 51 36 43 0D
[2026-10-02 12:10:53.396] Recibido ASCII: <CR>
[2026-10-02 12:10:53.396] Recibido HEX: 0D
[2026-10-02 12:10:53.397] Enviado: R | HEX: 1B 52 36 44 0D
[2026-10-02 12:10:53.499] Recibido ASCII: <SOH>Q52<CR>
[2026-10-02 12:10:53.499] Recibido HEX: 01 51 35 32 0D
[2026-10-02 12:10:53.500] Enviado: S | HEX: 1B 53 36 45 0D
[2026-10-02 12:10:53.522] Recibido ASCII: <SOH>R5555'A3XX'02.11:0<ESC>R6D<CR>
[2026-10-02 12:10:53.522] Recibido HEX: 01 52 35 35 35 35 27 41 33 58 58 27 30 32 2E 31 31 3A 30 1B 52 36 44 0D
[2026-10-02 12:10:53.523] Sin registros de realtime configuration, se omite el paso <54H>
[2026-10-02 12:10:53.526] Datos recibidos (7 bytes): 36 2E 30 30 42 39 0D
[2026-10-02 12:10:55.527] Enviado: S | HEX: 1B 53 36 45 0D
[2026-10-02 12:10:55.533] Recibido ASCII: <SOH>S00   20000-  21  121FFF01   20000- 181  181FFF05   20000    0  100FFF06   20000    0  120FFF07   20000    0   20FFF08   20000    0  100FFF0A   20000    0   20FFF2A   20000    0   20FFFF3<CR>
[2026-10-02 12:10:55.533] Recibido HEX: 01 53 30 30 20 20 20 32 30 30 30 30 2D 20 20 32 31 20 20 31 32 31 46 46 46 30 31 20 20 20 32 30 30 30 30 2D 20 31 38 31 20 20 31 38 31 46 46 46 30 35 20 20 20 32 30 30 30 30 20 20 20 20 30 20 20 31 30 30 46 46 46 30 36 20 20 20 32 30 30 30 30 20 20 20 20 30 20 20 31 32 30 46 46 46 30 37 20 20 20 32 30 30 30 30 20 20 20 20 30 20 20 20 32 30 46 46 46 30 38 20 20 20 32 30 30 30 30 20 20 20 20 30 20 20 31 30 30 46 46 46 30 41 20 20 20 32 30 30 30 30 20 20 20 20 30 20 20 20 32 30 46 46 46 32 41 20 20 20 32 30 30 30 30 20 20 20 20 30 20 20 20 32 30 46 46 46 46 33 0D
[2026-10-02 12:10:55.535] Enviado: T0001010105010601070108010A012A01 | HEX: 1B 54 30 30 30 31 30 31 30 31 30 35 30 31 30 36 30 31 30 37 30 31 30 38 30 31 30 41 30 31 32 41 30 31 42 36 0D
[2026-10-02 12:10:55.638] Recibido ASCII: <SOH>S00   20000-  21  121FFF01   20000- 1<SOH>T55<CR>
[2026-10-02 12:10:55.638] Recibido HEX: 01 53 30 30 20 20 20 32 30 30 30 30 2D 20 20 32 31 20 20 31 32 31 46 46 46 30 31 20 20 20 32 30 30 30 30 2D 20 31 01 54 35 35 0D
[2026-10-02 12:10:58.649] Sin datos recibidos en 3000 ms
[2026-10-02 12:11:00.650] Enviado: S | HEX: 1B 53 36 45 0D
[2026-10-02 12:11:00.650] Recibido ASCII: <ESC>Q6C<CR>
[2026-10-02 12:11:00.650] Recibido HEX: 1B 51 36 43 0D
[2026-10-02 12:11:00.651] Sin registros de realtime configuration, se omite el paso <54H>
[2026-10-02 12:11:00.712] Datos recibidos (5 bytes): 01 15 31 36 0D
[2026-10-02 12:11:02.713] Enviado: S | HEX: 1B 53 36 45 0D
[2026-10-02 12:11:02.815] Recibido ASCII: <SOH>16<CR>
[2026-10-02 12:11:02.815] Recibido HEX: 01 15 31 36 0D
[2026-10-02 12:11:02.815] Sin registros de realtime configuration, se omite el paso <54H>
[2026-10-02 12:11:05.824] Sin datos recibidos en 3000 ms
[2026-10-02 12:11:07.825] Enviado: S | HEX: 1B 53 36 45 0D
[2026-10-02 12:11:07.825] Recibido ASCII: <ESC>Q6C<CR>
[2026-10-02 12:11:07.826] Recibido HEX: 1B 51 36 43 0D
[2026-10-02 12:11:07.826] Sin registros de realtime configuration, se omite el paso <54H>
[2026-10-02 12:11:07.907] Datos recibidos (5 bytes): 01 15 31 36 0D
[2026-10-02 12:11:09.908] Enviado: S | HEX: 1B 53 36 45 0D
[2026-10-02 12:11:10.010] Recibido ASCII: <SOH>16<CR>
[2026-10-02 12:11:10.010] Recibido HEX: 01 15 31 36 0D
[2026-10-02 12:11:10.010] Sin registros de realtime configuration, se omite el paso <54H>
[2026-10-02 12:11:13.021] Sin datos recibidos en 3000 ms
[2026-10-02 12:11:15.022] Enviado: S | HEX: 1B 53 36 45 0D
[2026-10-02 12:11:15.023] Recibido ASCII: <ESC>Q6C<CR>
[2026-10-02 12:11:15.023] Recibido HEX: 1B 51 36 43 0D
[2026-10-02 12:11:15.023] Sin registros de realtime configuration, se omite el paso <54H>
[2026-10-02 12:11:15.104] Datos recibidos (5 bytes): 01 15 31 36 0D
[2026-10-02 12:11:17.105] Enviado: S | HEX: 1B 53 36 45 0D
[2026-10-02 12:11:17.207] Recibido ASCII: <SOH>16<CR>
[2026-10-02 12:11:17.207] Recibido HEX: 01 15 31 36 0D
[2026-10-02 12:11:17.208] Sin registros de realtime configuration, se omite el paso <54H>
[2026-10-02 12:11:20.215] Sin datos recibidos en 3000 ms
[2026-10-02 12:11:22.216] Enviado: S | HEX: 1B 53 36 45 0D
[2026-10-02 12:11:22.216] Recibido ASCII: <ESC>Q6C<CR>
[2026-10-02 12:11:22.216] Recibido HEX: 1B 51 36 43 0D
[2026-10-02 12:11:22.217] Sin registros de realtime configuration, se omite el paso <54H>
[2026-10-02 12:11:22.298] Datos recibidos (5 bytes): 01 15 31 36 0D
[2026-10-02 12:11:24.299] Enviado: S | HEX: 1B 53 36 45 0D
[2026-10-02 12:11:24.421] Recibido ASCII: <SOH>16<CR>
[2026-10-02 12:11:24.421] Recibido HEX: 01 15 31 36 0D
[2026-10-02 12:11:24.421] Sin registros de realtime configuration, se omite el paso <54H>
[2026-10-02 12:11:27.429] Sin datos recibidos en 3000 ms
[2026-10-02 12:11:29.430] Enviado: S | HEX: 1B 53 36 45 0D
[2026-10-02 12:11:29.430] Recibido ASCII: <ESC>Q6C<CR>
[2026-10-02 12:11:29.431] Recibido HEX: 1B 51 36 43 0D
[2026-10-02 12:11:29.431] Sin registros de realtime configuration, se omite el paso <54H>
[2026-10-02 12:11:29.512] Datos recibidos (5 bytes): 01 15 31 36 0D
[2026-10-02 12:11:31.513] Enviado: S | HEX: 1B 53 36 45 0D
[2026-10-02 12:11:31.614] Recibido ASCII: <SOH>16<CR>
[2026-10-02 12:11:31.615] Recibido HEX: 01 15 31 36 0D
[2026-10-02 12:11:31.615] Sin registros de realtime configuration, se omite el paso <54H>
[2026-10-02 12:11:31.858] Error en el ciclo de polling: java.io.IOException: Stream Closed
