[2026-10-02 15:24:27.404] Iniciando comunicación con Atlan A350 XL (8E1)...
[2026-10-02 15:24:27.414] Enviado: Q | HEX: 1B 51 36 43 0D
[2026-10-02 15:24:27.436] Recibido ASCII: <SOH>Q52<CR>
[2026-10-02 15:24:27.437] Recibido HEX: 01 51 35 32 0D
[2026-10-02 15:24:27.441] Enviado: Q | HEX: 01 51 35 32 0D
[2026-10-02 15:24:27.544] Recibido ASCII: <ESC>R6D<CR>
[2026-10-02 15:24:27.544] Recibido HEX: 1B 52 36 44 0D
[2026-10-02 15:24:27.546] Enviado: 0161'OpenICE'02.10:06.00 | HEX: 01 30 31 36 31 27 4F 70 65 6E 49 43 45 27 30 32 2E 31 30 3A 30 36 2E 30 30 39 39 0D
[2026-10-02 15:24:27.629] Recibido ASCII: <ESC>R6D<CR>
[2026-10-02 15:24:27.630] Recibido HEX: 1B 52 36 44 0D
[2026-10-02 15:24:27.631] Enviado: S | HEX: 1B 53 36 45 0D
[2026-10-02 15:24:27.805] Recibido ASCII: <SOH>S00   20000-  21  121FFF01   20000- 181  181FFF05   20000    0  100FFF06   20000    0  120FFF07   20000    0   20FFF08   20000    0  100FFF0A   20000    0   20FFF2A   20000    0   20FFFF3<CR>
[2026-10-02 15:24:27.806] Recibido HEX: 01 53 30 30 20 20 20 32 30 30 30 30 2D 20 20 32 31 20 20 31 32 31 46 46 46 30 31 20 20 20 32 30 30 30 30 2D 20 31 38 31 20 20 31 38 31 46 46 46 30 35 20 20 20 32 30 30 30 30 20 20 20 20 30 20 20 31 30 30 46 46 46 30 36 20 20 20 32 30 30 30 30 20 20 20 20 30 20 20 31 32 30 46 46 46 30 37 20 20 20 32 30 30 30 30 20 20 20 20 30 20 20 20 32 30 46 46 46 30 38 20 20 20 32 30 30 30 30 20 20 20 20 30 20 20 31 30 30 46 46 46 30 41 20 20 20 32 30 30 30 30 20 20 20 20 30 20 20 20 32 30 46 46 46 32 41 20 20 20 32 30 30 30 30 20 20 20 20 30 20 20 20 32 30 46 46 46 46 33 0D
[2026-10-02 15:24:27.813] Enviado: T0001010105010601070108010A012A01 | HEX: 1B 54 30 30 30 31 30 31 30 31 30 35 30 31 30 36 30 31 30 37 30 31 30 38 30 31 30 41 30 31 32 41 30 31 42 36 0D
[2026-10-02 15:24:27.935] Recibido ASCII: <SOH>T55<CR>
[2026-10-02 15:24:27.936] Recibido HEX: 01 54 35 35 0D
[2026-10-02 15:24:30.943] Sin datos recibidos en 3000 ms
[2026-10-02 15:24:32.950] Datos recibidos (5 bytes): 1B 51 36 43 0D
[2026-10-02 15:24:32.951] [Bytes recibidos]: 27
[2026-10-02 15:24:32.952] [Bytes recibidos]: 81
[2026-10-02 15:24:32.953] [Bytes recibidos]: 54
[2026-10-02 15:24:32.953] [Bytes recibidos]: 67
[2026-10-02 15:24:32.954] [Bytes recibidos]: 13
[2026-10-02 15:24:34.956] Datos recibidos (5 bytes): 1B 51 36 43 0D
[2026-10-02 15:24:34.956] [Bytes recibidos]: 27
[2026-10-02 15:24:34.957] [Bytes recibidos]: 81
[2026-10-02 15:24:34.957] [Bytes recibidos]: 54
[2026-10-02 15:24:34.958] [Bytes recibidos]: 67
[2026-10-02 15:24:34.958] [Bytes recibidos]: 13
[2026-10-02 15:24:38.527] Datos recibidos (5 bytes): 1B 51 36 43 0D
[2026-10-02 15:24:38.528] [Bytes recibidos]: 27
[2026-10-02 15:24:38.528] [Bytes recibidos]: 81
[2026-10-02 15:24:38.529] [Bytes recibidos]: 54
[2026-10-02 15:24:38.529] [Bytes recibidos]: 67
[2026-10-02 15:24:38.530] [Bytes recibidos]: 13
