[2026-10-02 13:52:15.024] Iniciando comunicación con Atlan A350 XL (8E1)...
[2026-10-02 13:52:15.029] Enviado: Q | HEX: 1B 51 36 43 0D
[2026-10-02 13:52:15.111] Recibido ASCII: <SOH>Q52<CR>
[2026-10-02 13:52:15.112] Recibido HEX: 01 51 35 32 0D
[2026-10-02 13:52:15.112] Enviado: S | HEX: 1B 53 36 45 0D
[2026-10-02 13:52:15.216] Recibido ASCII: <SOH>S00   20000-  21  <ESC>R6D<CR>
[2026-10-02 13:52:15.216] Recibido HEX: 01 53 30 30 20 20 20 32 30 30 30 30 2D 20 20 32 31 20 20 1B 52 36 44 0D
[2026-10-02 13:52:15.217] Sin registros de realtime configuration, se omite el paso <54H>
[2026-10-02 13:52:15.221] Datos recibidos (23 bytes): 31 32 31 46 46 46 30 31 20 20 20 32 30 30 30 30 2D 20 31 38 31 20 20
[2026-10-02 13:52:15.223] [Bytes recibidos]: 49
[2026-10-02 13:52:15.223] [Bytes recibidos]: 50
[2026-10-02 13:52:15.223] [Bytes recibidos]: 49
[2026-10-02 13:52:15.223] [Bytes recibidos]: 70
[2026-10-02 13:52:15.224] [Bytes recibidos]: 70
[2026-10-02 13:52:15.224] [Bytes recibidos]: 70
[2026-10-02 13:52:15.224] [Bytes recibidos]: 48
[2026-10-02 13:52:15.224] [Bytes recibidos]: 49
[2026-10-02 13:52:15.224] [Bytes recibidos]: 32
[2026-10-02 13:52:15.224] [Bytes recibidos]: 32
[2026-10-02 13:52:15.225] [Bytes recibidos]: 32
[2026-10-02 13:52:15.225] [Bytes recibidos]: 50
[2026-10-02 13:52:15.225] [Bytes recibidos]: 48
[2026-10-02 13:52:15.225] [Bytes recibidos]: 48
[2026-10-02 13:52:15.225] [Bytes recibidos]: 48
[2026-10-02 13:52:15.225] [Bytes recibidos]: 48
[2026-10-02 13:52:15.226] [Bytes recibidos]: 45
[2026-10-02 13:52:15.226] [Bytes recibidos]: 32
[2026-10-02 13:52:15.226] [Bytes recibidos]: 49
[2026-10-02 13:52:15.226] [Bytes recibidos]: 56
[2026-10-02 13:52:15.226] [Bytes recibidos]: 49
[2026-10-02 13:52:15.226] [Bytes recibidos]: 32
[2026-10-02 13:52:15.226] [Bytes recibidos]: 32
[2026-10-02 13:52:17.227] Enviado: S | HEX: 1B 53 36 45 0D
[2026-10-02 13:52:17.231] Recibido ASCII: 181FFF05   20000    0  100FFF06   20000    0  120FFF07   20000    0   20FFF08   20000    0  100FFF0A   20000    0   20FFF2A   20000    0   20FFFF3<CR>
[2026-10-02 13:52:17.231] Recibido HEX: 31 38 31 46 46 46 30 35 20 20 20 32 30 30 30 30 20 20 20 20 30 20 20 31 30 30 46 46 46 30 36 20 20 20 32 30 30 30 30 20 20 20 20 30 20 20 31 32 30 46 46 46 30 37 20 20 20 32 30 30 30 30 20 20 20 20 30 20 20 20 32 30 46 46 46 30 38 20 20 20 32 30 30 30 30 20 20 20 20 30 20 20 31 30 30 46 46 46 30 41 20 20 20 32 30 30 30 30 20 20 20 20 30 20 20 20 32 30 46 46 46 32 41 20 20 20 32 30 30 30 30 20 20 20 20 30 20 20 20 32 30 46 46 46 46 33 0D
[2026-10-02 13:52:17.231] Enviado:  | HEX: 01 15 31 36 0D
[2026-10-02 13:52:17.314] Recibido ASCII: <SOH>S00   20000-  21  121FFF01   20000- 1<ESC>R6D<CR>
[2026-10-02 13:52:17.314] Recibido HEX: 01 53 30 30 20 20 20 32 30 30 30 30 2D 20 20 32 31 20 20 31 32 31 46 46 46 30 31 20 20 20 32 30 30 30 30 2D 20 31 1B 52 36 44 0D
[2026-10-02 13:52:17.316] Enviado: T0001 | HEX: 1B 54 30 30 30 31 33 30 0D
[2026-10-02 13:52:17.421] Recibido ASCII: 81  181FFF05   20000    0  100FFF06   20000    0  120FFF07   20000    0   20FFF08   20000    0  100FFF0A   20000    0   20FFF2A   20000    0   20FFFF3<CR>
[2026-10-02 13:52:17.421] Recibido HEX: 38 31 20 20 31 38 31 46 46 46 30 35 20 20 20 32 30 30 30 30 20 20 20 20 30 20 20 31 30 30 46 46 46 30 36 20 20 20 32 30 30 30 30 20 20 20 20 30 20 20 31 32 30 46 46 46 30 37 20 20 20 32 30 30 30 30 20 20 20 20 30 20 20 20 32 30 46 46 46 30 38 20 20 20 32 30 30 30 30 20 20 20 20 30 20 20 31 30 30 46 46 46 30 41 20 20 20 32 30 30 30 30 20 20 20 20 30 20 20 20 32 30 46 46 46 32 41 20 20 20 32 30 30 30 30 20 20 20 20 30 20 20 20 32 30 46 46 46 46 33 0D
[2026-10-02 13:52:17.421] Enviado:  | HEX: 01 15 31 36 0D
[2026-10-02 13:52:17.422] Recibido ASCII: <SOH>T55<CR>
[2026-10-02 13:52:17.422] Recibido HEX: 01 54 35 35 0D
[2026-10-02 13:52:17.503] Datos recibidos (5 bytes): 1B 52 36 44 0D
[2026-10-02 13:52:17.503] [Bytes recibidos]: 27
[2026-10-02 13:52:17.504] [Bytes recibidos]: 82
[2026-10-02 13:52:17.504] [Bytes recibidos]: 54
[2026-10-02 13:52:17.504] [Bytes recibidos]: 68
[2026-10-02 13:52:17.505] [Bytes recibidos]: 13
[2026-10-02 13:52:17.506] [Data Recibida]: 19.88351648351648
[2026-10-02 13:52:17.507] [MIN]: -21
[2026-10-02 13:52:17.507] [MAX]: 121
[2026-10-02 13:52:17.507] [MAXBIN]: 4095
[2026-10-02 13:52:21.000] Datos recibidos (5 bytes): 1B 51 36 43 0D
[2026-10-02 13:52:21.000] [Bytes recibidos]: 27
[2026-10-02 13:52:21.000] [Bytes recibidos]: 81
[2026-10-02 13:52:21.000] [Bytes recibidos]: 54
[2026-10-02 13:52:21.000] [Bytes recibidos]: 67
[2026-10-02 13:52:21.001] [Bytes recibidos]: 13
[2026-10-02 13:52:21.001] [Data Recibida]: 17.664224664224662
[2026-10-02 13:52:21.001] [MIN]: -21
[2026-10-02 13:52:21.001] [MAX]: 121
[2026-10-02 13:52:21.001] [MAXBIN]: 4095
[2026-10-02 13:52:24.594] Datos recibidos (3 bytes): 1B 51 36
[2026-10-02 13:52:24.595] [Bytes recibidos]: 27
[2026-10-02 13:52:24.595] [Bytes recibidos]: 81
[2026-10-02 13:52:24.595] [Bytes recibidos]: 54
[2026-10-02 13:52:24.595] [Data Recibida]: 17.664224664224662
[2026-10-02 13:52:24.595] [MIN]: -21
[2026-10-02 13:52:24.595] [MAX]: 121
[2026-10-02 13:52:24.595] [MAXBIN]: 4095
[2026-10-02 13:52:26.596] Datos recibidos (2 bytes): 43 0D
[2026-10-02 13:52:26.597] [Bytes recibidos]: 67
[2026-10-02 13:52:26.598] [Bytes recibidos]: 13
[2026-10-02 13:52:26.598] [Data Recibida]: 7.954822954822955
[2026-10-02 13:52:26.598] [MIN]: -21
[2026-10-02 13:52:26.598] [MAX]: 121
[2026-10-02 13:52:26.598] [MAXBIN]: 4095
